09-17 20:46:30.421   587   748 D InetDiagMessage: Destroyed 0 sockets, proto=IPPROTO_TCP, family=AF_INET6, states=14
09-17 20:46:30.421   587   748 D InetDiagMessage: Destroyed live tcp sockets for uids={10143} in 2ms
09-17 20:46:30.422   587   748 D InetDiagMessage: Destroyed 0 sockets, proto=IPPROTO_TCP, family=AF_INET, states=14
09-17 20:46:30.423   587   748 D InetDiagMessage: Destroyed 0 sockets, proto=IPPROTO_TCP, family=AF_INET6, states=14
09-17 20:46:30.423   587   748 D InetDiagMessage: Destroyed live tcp sockets for uids={20143} in 1ms
09-17 20:46:30.775 17542 17582 D EGL_emulation: app_time_stats: avg=8.43ms min=4.41ms max=41.99ms count=60
09-17 20:46:31.123 17542 17582 I Chess   : Click on [38;5;208m[D4][0m -> [38;5;200m|27|
09-17 20:46:31.123 17542 17582 I Chess   : [0m
09-17 20:46:31.183 17542 17582 I Chess   : Click on [38;5;208m[D4][0m -> [38;5;200m|27|
09-17 20:46:31.183 17542 17582 I Chess   : [0m
09-17 20:46:31.779 17542 17582 D EGL_emulation: app_time_stats: avg=9.46ms min=5.80ms max=89.25ms count=56
09-17 20:46:32.793 17542 17582 D EGL_emulation: app_time_stats: avg=8.96ms min=5.69ms max=17.27ms count=61
09-17 20:46:33.272 16987 16993 W .apps.wellbeing: Missing inline cache for boolean gzv.handleMessage(android.os.Message)
09-17 20:46:33.801 17542 17582 I Chess   : Click on [38;5;208m[E3][0m -> [38;5;200m|20|
09-17 20:46:33.801 17542 17582 I Chess   : [0m
09-17 20:46:33.817 17542 17582 D EGL_emulation: app_time_stats: avg=8.72ms min=5.16ms max=17.07ms count=61
09-17 20:46:33.853  1508  1508 D BoundBrokerSvc: onUnbind: Intent { act=com.google.android.gms.feedback.internal.IFeedbackService dat=chimera-action:/... cmp=com.google.android.gms/.chimera.GmsBoundBrokerService }
09-17 20:46:33.989  1508  1515 W gle.android.gms: ApkAssets: Deleting an ApkAssets object '<empty> and /data/app/~~F4xvG5y7ALqT-_3W-p8Ncg==/org.libsdl.app-ITTRfSyPnbLkcP2CmsCp_w==/base.apk' with 1 weak references
09-17 20:46:34.084 17542 17582 I Chess   : Click on [38;5;208m[E2][0m -> [38;5;200m|12|
09-17 20:46:34.084 17542 17582 I Chess   : [0m
09-17 20:46:34.234 17542 17582 I Chess   : Click on [38;5;208m[E4][0m -> [38;5;200m|28|
09-17 20:46:34.234 17542 17582 I Chess   : [0m
09-17 20:46:34.751 17542 17582 I Chess   : Click on [38;5;208m[E7][0m -> [38;5;200m|52|
09-17 20:46:34.751 17542 17582 I Chess   : [0m
09-17 20:46:34.831 17542 17582 D EGL_emulation: app_time_stats: avg=8.94ms min=6.11ms max=16.88ms count=61
09-17 20:46:34.950 17542 17582 I Chess   : Click on [38;5;208m[E5][0m -> [38;5;200m|36|
09-17 20:46:34.950 17542 17582 I Chess   : [0m
09-17 20:46:35.467 17542 17582 I Chess   : Click on [38;5;208m[D2][0m -> [38;5;200m|11|
09-17 20:46:35.467 17542 17582 I Chess   : [0m
09-17 20:46:35.584   587   741 D WifiConfigStore: Writing to stores completed in 5 ms.
09-17 20:46:35.700 17542 17582 I Chess   : Click on [38;5;208m[D4][0m -> [38;5;200m|27|
09-17 20:46:35.700 17542 17582 I Chess   : [0m
09-17 20:46:35.841 17542 17582 D EGL_emulation: app_time_stats: avg=8.27ms min=5.78ms max=11.97ms count=61
09-17 20:46:36.098   587   672 W AppOps  : Noting op not finished: uid 10145 pkg com.google.android.gms code 79 startTime of in progress event=1726594927124
09-17 20:46:36.102   587   672 W AppOps  : Noting op not finished: uid 10145 pkg com.google.android.gms code 113 startTime of in progress event=1726594270764
09-17 20:46:36.107   587   672 W AppOps  : Noting op not finished: uid 10145 pkg com.google.android.gms code 113 startTime of in progress event=1726594270764
09-17 20:46:36.111  1026  2402 I ActivityScheduler: nextTriggerTime: 11772807, in 238099ms, detectorType: 39, FULL_TYPE alarmWindowMillis: 80000
09-17 20:46:36.150 17542 17582 I Chess   : Click on [38;5;208m[D4][0m -> [38;5;200m|27|
09-17 20:46:36.150 17542 17582 I Chess   : [0m
09-17 20:46:36.250 17542 17582 I Chess   : Click on [38;5;208m[E5][0m -> [38;5;200m|36|
09-17 20:46:36.250 17542 17582 I Chess   : [0m
09-17 20:46:36.844 17542 17582 D EGL_emulation: app_time_stats: avg=10.78ms min=6.20ms max=70.63ms count=56
09-17 20:46:37.052 17542 17582 I Chess   : Click on [38;5;208m[E5][0m -> [38;5;200m|36|
09-17 20:46:37.052 17542 17582 I Chess   : [0m
09-17 20:46:37.185 17542 17582 I Chess   : Click on [38;5;208m[E6][0m -> [38;5;200m|44|
09-17 20:46:37.185 17542 17582 I Chess   : [0m
09-17 20:46:37.268   587   686 D CompatChangeReporter: Compat change id reported: 262645982; UID 10260; state: ENABLED
09-17 20:46:37.417 17542 17582 I Chess   : Click on [38;5;208m[E6][0m -> [38;5;200m|44|
09-17 20:46:37.417 17542 17582 I Chess   : [0m
09-17 20:46:37.638 17542 17582 I Chess   : Click on [38;5;208m[D7][0m -> [38;5;200m|51|
09-17 20:46:37.638 17542 17582 I Chess   : [0m
09-17 20:46:37.800 17542 17582 I Chess   : Click on [38;5;208m[D7][0m -> [38;5;200m|51|
09-17 20:46:37.800 17542 17582 I Chess   : [0m
09-17 20:46:37.844 17542 17582 D EGL_emulation: app_time_stats: avg=9.18ms min=5.49ms max=33.95ms count=58
09-17 20:46:38.134 17542 17582 I Chess   : Click on [38;5;208m[C8][0m -> [38;5;200m|58|
09-17 20:46:38.134 17542 17582 I Chess   : [0m
09-17 20:46:38.299   828   828 I wpa_supplicant: wlan0: CTRL-EVENT-BEACON-LOSS 
09-17 20:46:38.734 17542 17582 I Chess   : Click on [38;5;208m[F7][0m -> [38;5;200m|53|
09-17 20:46:38.734 17542 17582 I Chess   : [0m
09-17 20:46:38.734 17542 17582 I Chess   : Tile clicked: F7
09-17 20:46:38.844 17542 17582 D EGL_emulation: app_time_stats: avg=9.28ms min=5.48ms max=22.53ms count=60
09-17 20:46:39.168 17542 17582 I Chess   : Click on [38;5;208m[C8][0m -> [38;5;200m|58|
09-17 20:46:39.168 17542 17582 I Chess   : [0m
09-17 20:46:39.267 17542 17582 I Chess   : Click on [38;5;208m[C7][0m -> [38;5;200m|50|
09-17 20:46:39.267 17542 17582 I Chess   : [0m
09-17 20:46:39.385 17542 17582 I Chess   : Click on [38;5;208m[C7][0m -> [38;5;200m|50|
09-17 20:46:39.385 17542 17582 I Chess   : [0m
09-17 20:46:39.534 17542 17582 I Chess   : Click on [38;5;208m[B7][0m -> [38;5;200m|49|
09-17 20:46:39.534 17542 17582 I Chess   : [0m
09-17 20:46:39.693   587   695 D ActivityManager: freezing 13973 com.google.android.permissioncontroller
09-17 20:46:39.694   587   748 D InetDiagMessage: Destroyed 0 sockets, proto=IPPROTO_TCP, family=AF_INET, states=14
09-17 20:46:39.694   587   748 D InetDiagMessage: Destroyed 0 sockets, proto=IPPROTO_TCP, family=AF_INET6, states=14
09-17 20:46:39.694   587   748 D InetDiagMessage: Destroyed live tcp sockets for uids={10201} in 1ms
09-17 20:46:39.701 17542 17582 I Chess   : Click on [38;5;208m[B7][0m -> [38;5;200m|49|
09-17 20:46:39.701 17542 17582 I Chess   : [0m
09-17 20:46:39.848 17542 17582 D EGL_emulation: app_time_stats: avg=10.13ms min=4.92ms max=23.36ms count=60
09-17 20:46:39.918 17542 17582 I Chess   : Click on [38;5;208m[B8][0m -> [38;5;200m|57|
09-17 20:46:39.918 17542 17582 I Chess   : [0m
09-17 20:46:40.068 17542 17582 I Chess   : Click on [38;5;208m[B8][0m -> [38;5;200m|57|
09-17 20:46:40.068 17542 17582 I Chess   : [0m
09-17 20:46:40.159   841  1006 D EGL_emulation: app_time_stats: avg=20001.82ms min=20001.82ms max=20001.82ms count=1
09-17 20:46:40.234 17542 17582 I Chess   : Click on [38;5;208m[A8][0m -> [38;5;200m|56|
09-17 20:46:40.234 17542 17582 I Chess   : [0m
09-17 20:46:40.433 17542 17582 I Chess   : Click on [38;5;208m[A8][0m -> [38;5;200m|56|
09-17 20:46:40.433 17542 17582 I Chess   : [0m
09-17 20:46:40.601 17542 17582 I Chess   : Click on [38;5;208m[A7][0m -> [38;5;200m|48|
09-17 20:46:40.601 17542 17582 I Chess   : [0m
09-17 20:46:40.766   587  1580 D CoreBackPreview: startBackNavigation currentTask=Task{3840ec7 #70 type=standard A=10260:org.libsdl.app}, topRunningActivity=ActivityRecord{8f12806 u0 org.libsdl.app/.SDLActivity t70}, callbackInfo=OnBackInvokedCallbackInfo{mCallback=android.window.IOnBackInvokedCallback$Stub$Proxy@7cb462d, mPriority=0, mIsAnimationCallback=false}, currentFocus=Window{cdca61b u0 org.libsdl.app/org.libsdl.app.SDLActivity}
09-17 20:46:40.768   841   891 D ShellBackPreview: Received backNavigationInfo:BackNavigationInfo{mType=TYPE_CALLBACK (4), mOnBackNavigationDone=android.os.RemoteCallback@8703f69, mOnBackInvokedCallback=android.window.IOnBackInvokedCallback$Stub$Proxy@f532dee, mPrepareRemoteAnimation=false, mAnimationCallback=false, mCustomizeAnimationInfo=null}
09-17 20:46:40.768 17542 17582 I Chess   : Click on [38;5;208m[A7][0m -> [38;5;200m|48|
09-17 20:46:40.768 17542 17582 I Chess   : [0m
09-17 20:46:40.818   587  1580 I InputDispatcher: Channel [Gesture Monitor] edge-swipe (server) is stealing input gesture for device 12 from [cdca61b org.libsdl.app/org.libsdl.app.SDLActivity, [Gesture Monitor] swipe-up]
09-17 20:46:40.821 17542 17582 I Chess   : Click on [38;5;208m[A7][0m -> [38;5;200m|48|
09-17 20:46:40.821 17542 17582 I Chess   : [0m
09-17 20:46:40.907 17542 17582 D EGL_emulation: app_time_stats: avg=10.79ms min=5.90ms max=73.22ms count=60
09-17 20:46:41.671   841   891 D ShellBackPreview: Finishing gesture with event action: 1
09-17 20:46:41.671   841   891 D ShellBackPreview: onGestureFinished() mTriggerBack == true
09-17 20:46:41.671   841   891 D ShellBackPreview: Trigger back without dispatching to animator.
09-17 20:46:41.671   841   891 D ShellBackPreview: BackAnimationController: finishBackNavigation()
09-17 20:46:41.672   587  1580 D CoreBackPreview: onBackNavigationDone backType=4, triggerBack=true
09-17 20:46:41.673  1250  1250 I StylusModule: StylusModule.onUpdateToolType():770 Update tool type = 0
09-17 20:46:41.914 17542 17582 D EGL_emulation: app_time_stats: avg=12.75ms min=5.46ms max=118.50ms count=51
09-17 20:46:41.950   841  1006 D EGL_emulation: app_time_stats: avg=14.14ms min=1.56ms max=216.14ms count=45
09-17 20:46:42.750 17542 17582 I Chess   : Button 0 clicked close menu
09-17 20:46:42.923 17542 17582 D EGL_emulation: app_time_stats: avg=8.62ms min=5.16ms max=18.57ms count=61
09-17 20:46:43.302 17542 17582 I Chess   : Click on [38;5;208m[A7][0m -> [38;5;200m|48|
09-17 20:46:43.302 17542 17582 I Chess   : [0m
09-17 20:46:43.751 17542 17582 I Chess   : Click on [38;5;208m[F7][0m -> [38;5;200m|53|
09-17 20:46:43.751 17542 17582 I Chess   : [0m
09-17 20:46:43.868 17542 17582 I Chess   : Click on [38;5;208m[F7][0m -> [38;5;200m|53|
09-17 20:46:43.868 17542 17582 I Chess   : [0m
09-17 20:46:43.928 17542 17582 D EGL_emulation: app_time_stats: avg=9.17ms min=5.30ms max=16.03ms count=60
09-17 20:46:44.134 17542 17582 I Chess   : Click on [38;5;208m[G7][0m -> [38;5;200m|54|
09-17 20:46:44.134 17542 17582 I Chess   : [0m
09-17 20:46:44.284 17542 17582 I Chess   : Click on [38;5;208m[G7][0m -> [38;5;200m|54|
09-17 20:46:44.284 17542 17582 I Chess   : [0m
09-17 20:46:44.470   587   695 D ActivityManager: freezing 1508 com.google.android.gms
09-17 20:46:44.471   587   695 D ActivityManager: freezing 12064 com.google.android.gms.unstable
09-17 20:46:44.567 17542 17582 I Chess   : Click on [38;5;208m[G8][0m -> [38;5;200m|62|
09-17 20:46:44.567 17542 17582 I Chess   : [0m
09-17 20:46:44.734 17542 17582 I Chess   : Click on [38;5;208m[G8][0m -> [38;5;200m|62|
09-17 20:46:44.734 17542 17582 I Chess   : [0m
09-17 20:46:44.942 17542 17582 D EGL_emulation: app_time_stats: avg=10.78ms min=6.94ms max=19.04ms count=61
09-17 20:46:45.018 17542 17582 I Chess   : Click on [38;5;208m[H8][0m -> [38;5;200m|63|
09-17 20:46:45.018 17542 17582 I Chess   : [0m
09-17 20:46:45.250 17542 17582 I Chess   : Click on [38;5;208m[H8][0m -> [38;5;200m|63|
09-17 20:46:45.250 17542 17582 I Chess   : [0m
09-17 20:46:45.485 17542 17582 I Chess   : Click on [38;5;208m[H7][0m -> [38;5;200m|55|
09-17 20:46:45.485 17542 17582 I Chess   : [0m
09-17 20:46:45.960 17542 17582 D EGL_emulation: app_time_stats: avg=9.17ms min=5.06ms max=15.84ms count=61
09-17 20:46:46.152 17542 17582 I Chess   : Click on [38;5;208m[H7][0m -> [38;5;200m|55|
09-17 20:46:46.152 17542 17582 I Chess   : [0m
09-17 20:46:46.235   828   828 I wpa_supplicant: wlan0: CTRL-EVENT-BEACON-LOSS 
09-17 20:46:46.401 17542 17582 I Chess   : Click on [38;5;208m[E7][0m -> [38;5;200m|52|
09-17 20:46:46.401 17542 17582 I Chess   : [0m
09-17 20:46:46.785 17542 17582 I Chess   : Click on [38;5;208m[E7][0m -> [38;5;200m|52|
09-17 20:46:46.785 17542 17582 I Chess   : [0m
09-17 20:46:46.967 17542 17582 I Chess   : Click on [38;5;208m[E6][0m -> [38;5;200m|44|
09-17 20:46:46.967 17542 17582 I Chess   : [0m
09-17 20:46:46.974 17542 17582 D EGL_emulation: app_time_stats: avg=9.42ms min=5.04ms max=18.09ms count=59
09-17 20:46:47.019   587  1580 D WifiNl80211Manager: Scan result ready event
09-17 20:46:47.019   587  1580 D WifiNative: Scan result ready event
09-17 20:46:47.022   587   741 I HalDevMgr: bestIfaceCreationProposal is null, requestIface=STA, existingIface=[name=wlan0 type=STA]
09-17 20:46:47.250 17542 17582 I Chess   : Click on [38;5;208m[E6][0m -> [38;5;200m|44|
09-17 20:46:47.250 17542 17582 I Chess   : [0m
09-17 20:46:47.433 17542 17582 I Chess   : Click on [38;5;208m[F6][0m -> [38;5;200m|45|
09-17 20:46:47.433 17542 17582 I Chess   : [0m
09-17 20:46:47.700 17542 17582 I Chess   : Click on [38;5;208m[F6][0m -> [38;5;200m|45|
09-17 20:46:47.700 17542 17582 I Chess   : [0m
09-17 20:46:47.900 17542 17582 I Chess   : Click on [38;5;208m[F5][0m -> [38;5;200m|37|
09-17 20:46:47.900 17542 17582 I Chess   : [0m
09-17 20:46:47.977 17542 17582 D EGL_emulation: app_time_stats: avg=9.30ms min=5.81ms max=19.35ms count=60
09-17 20:46:48.334 17542 17582 I Chess   : Click on [38;5;208m[F5][0m -> [38;5;200m|37|
09-17 20:46:48.334 17542 17582 I Chess   : [0m
09-17 20:46:48.468 17542 17582 I Chess   : Click on [38;5;208m[F4][0m -> [38;5;200m|29|
09-17 20:46:48.468 17542 17582 I Chess   : [0m
09-17 20:46:48.584 17542 17582 I Chess   : Click on [38;5;208m[F4][0m -> [38;5;200m|29|
09-17 20:46:48.584 17542 17582 I Chess   : [0m
09-17 20:46:48.755 17542 17582 I Chess   : Click on [38;5;208m[F3][0m -> [38;5;200m|21|
09-17 20:46:48.755 17542 17582 I Chess   : [0m
09-17 20:46:48.917 17542 17582 I Chess   : Click on [38;5;208m[F3][0m -> [38;5;200m|21|
09-17 20:46:48.917 17542 17582 I Chess   : [0m
09-17 20:46:48.978 17542 17582 D EGL_emulation: app_time_stats: avg=8.80ms min=4.68ms max=21.22ms count=60
09-17 20:46:49.084 17542 17582 I Chess   : Click on [38;5;208m[G2][0m -> [38;5;200m|14|
09-17 20:46:49.084 17542 17582 I Chess   : [0m
09-17 20:46:49.518 17542 17582 I Chess   : Click on [38;5;208m[F3][0m -> [38;5;200m|21|
09-17 20:46:49.518 17542 17582 I Chess   : [0m
09-17 20:46:49.685 17542 17582 I Chess   : Click on [38;5;208m[G3][0m -> [38;5;200m|22|
09-17 20:46:49.685 17542 17582 I Chess   : [0m
09-17 20:46:49.818 17542 17582 I Chess   : Click on [38;5;208m[G3][0m -> [38;5;200m|22|
09-17 20:46:49.818 17542 17582 I Chess   : [0m
09-17 20:46:49.984 17542 17582 I Chess   : Click on [38;5;208m[G4][0m -> [38;5;200m|30|
09-17 20:46:49.984 17542 17582 I Chess   : [0m
09-17 20:46:49.990 17542 17582 D EGL_emulation: app_time_stats: avg=8.75ms min=4.94ms max=16.68ms count=61
09-17 20:46:50.119 17542 17582 I Chess   : Click on [38;5;208m[G4][0m -> [38;5;200m|30|
09-17 20:46:50.119 17542 17582 I Chess   : [0m
09-17 20:46:50.268 17542 17582 I Chess   : Click on [38;5;208m[G5][0m -> [38;5;200m|38|
09-17 20:46:50.268 17542 17582 I Chess   : [0m
09-17 20:46:50.284   587  1524 D IntervalStats: Unable to parse usage stats packages: [228, 229, 230, 232, 233, 236, 237, 238]
09-17 20:46:50.284   587  1524 D IntervalStats: Unable to parse event packages: [238]
09-17 20:46:50.585 17542 17582 I Chess   : Click on [38;5;208m[G5][0m -> [38;5;200m|38|
09-17 20:46:50.585 17542 17582 I Chess   : [0m
09-17 20:46:50.624  1371  1481 I BistoHotwordHelper: (REDACTED) getHotwordActive::active query: %s, watch: %s, devices connected: %s
09-17 20:46:50.784 17542 17582 I Chess   : Click on [38;5;208m[D5][0m -> [38;5;200m|35|
09-17 20:46:50.784 17542 17582 I Chess   : [0m
09-17 20:46:50.992 17542 17582 D EGL_emulation: app_time_stats: avg=8.76ms min=5.49ms max=13.49ms count=60
09-17 20:46:51.535 17542 17582 I Chess   : Click on [38;5;208m[D5][0m -> [38;5;200m|35|
09-17 20:46:51.535 17542 17582 I Chess   : [0m
09-17 20:46:51.650 17542 17582 I Chess   : Click on [38;5;208m[B5][0m -> [38;5;200m|33|
09-17 20:46:51.650 17542 17582 I Chess   : [0m
09-17 20:46:51.993 17542 17582 D EGL_emulation: app_time_stats: avg=8.91ms min=5.02ms max=73.41ms count=57
09-17 20:46:52.167 17542 17582 I Chess   : Click on [38;5;208m[D8][0m -> [38;5;200m|59|
09-17 20:46:52.167 17542 17582 I Chess   : [0m
09-17 20:46:52.950 17542 17582 I Chess   : Click on [38;5;208m[D1][0m -> [38;5;200m|3|
09-17 20:46:52.950 17542 17582 I Chess   : [0m
09-17 20:46:53.008 17542 17582 D EGL_emulation: app_time_stats: avg=7.67ms min=5.39ms max=11.34ms count=61
09-17 20:46:53.917 17542 17582 I Chess   : Click on [38;5;208m[B5][0m -> [38;5;200m|33|
09-17 20:46:53.917 17542 17582 I Chess   : [0m
09-17 20:46:54.021 17542 17582 D EGL_emulation: app_time_stats: avg=8.37ms min=5.43ms max=21.89ms count=60
09-17 20:46:54.267 17542 17582 I Chess   : Click on [38;5;208m[A6][0m -> [38;5;200m|40|
09-17 20:46:54.267 17542 17582 I Chess   : [0m
09-17 20:46:54.427   828   828 I wpa_supplicant: wlan0: CTRL-EVENT-BEACON-LOSS 
09-17 20:46:54.718 17542 17582 I Chess   : Click on [38;5;208m[D8][0m -> [38;5;200m|59|
09-17 20:46:54.718 17542 17582 I Chess   : [0m
09-17 20:46:55.029 17542 17582 D EGL_emulation: app_time_stats: avg=9.09ms min=5.23ms max=14.74ms count=61
09-17 20:46:55.451 17542 17582 I Chess   : Click on [38;5;208m[D1][0m -> [38;5;200m|3|
09-17 20:46:55.451 17542 17582 I Chess   : [0m
09-17 20:46:55.601 17542 17582 I Chess   : Click on [38;5;208m[D1][0m -> [38;5;200m|3|
09-17 20:46:55.601 17542 17582 I Chess   : [0m
09-17 20:46:56.107 17542 17582 D EGL_emulation: app_time_stats: avg=10.70ms min=5.70ms max=89.53ms count=60
09-17 20:46:56.167 17542 17582 I Chess   : Click on [38;5;208m[C1][0m -> [38;5;200m|2|
09-17 20:46:56.167 17542 17582 I Chess   : [0m
09-17 20:46:56.217 17542 17582 I Chess   : Click on [38;5;208m[C1][0m -> [38;5;200m|2|
09-17 20:46:56.217 17542 17582 I Chess   : [0m
09-17 20:46:56.484 17542 17582 I Chess   : Click on [38;5;208m[C2][0m -> [38;5;200m|10|
09-17 20:46:56.484 17542 17582 I Chess   : [0m
09-17 20:46:56.785 17542 17582 I Chess   : Click on [38;5;208m[C2][0m -> [38;5;200m|10|
09-17 20:46:56.785 17542 17582 I Chess   : [0m
09-17 20:46:56.967 17542 17582 I Chess   : Click on [38;5;208m[B2][0m -> [38;5;200m|9|
09-17 20:46:56.967 17542 17582 I Chess   : [0m
09-17 20:46:57.110 17542 17582 D EGL_emulation: app_time_stats: avg=9.02ms min=5.13ms max=19.43ms count=61
09-17 20:46:57.234 17542 17582 I Chess   : Click on [38;5;208m[B2][0m -> [38;5;200m|9|
09-17 20:46:57.234 17542 17582 I Chess   : [0m
09-17 20:46:57.484 17542 17582 I Chess   : Click on [38;5;208m[A2][0m -> [38;5;200m|8|
09-17 20:46:57.484 17542 17582 I Chess   : [0m
09-17 20:46:57.634 17542 17582 I Chess   : Click on [38;5;208m[A2][0m -> [38;5;200m|8|
09-17 20:46:57.634 17542 17582 I Chess   : [0m
09-17 20:46:57.640   587  1580 D CoreBackPreview: startBackNavigation currentTask=Task{3840ec7 #70 type=standard A=10260:org.libsdl.app}, topRunningActivity=ActivityRecord{8f12806 u0 org.libsdl.app/.SDLActivity t70}, callbackInfo=OnBackInvokedCallbackInfo{mCallback=android.window.IOnBackInvokedCallback$Stub$Proxy@7cb462d, mPriority=0, mIsAnimationCallback=false}, currentFocus=Window{cdca61b u0 org.libsdl.app/org.libsdl.app.SDLActivity}
09-17 20:46:57.640   841   891 D ShellBackPreview: Received backNavigationInfo:BackNavigationInfo{mType=TYPE_CALLBACK (4), mOnBackNavigationDone=android.os.RemoteCallback@6483afa, mOnBackInvokedCallback=android.window.IOnBackInvokedCallback$Stub$Proxy@61578ab, mPrepareRemoteAnimation=false, mAnimationCallback=false, mCustomizeAnimationInfo=null}
09-17 20:46:57.695   841   891 D ShellBackPreview: Finishing gesture with event action: 3
09-17 20:46:57.695   841   891 D ShellBackPreview: onGestureFinished() mTriggerBack == false
09-17 20:46:57.696   841   891 D ShellBackPreview: Trigger back without dispatching to animator.
09-17 20:46:57.696   841   891 D ShellBackPreview: Skipping dispatching onBackCancelled. Start was never dispatched.
09-17 20:46:57.696   841   891 D ShellBackPreview: BackAnimationController: finishBackNavigation()
09-17 20:46:57.696   587  1580 D CoreBackPreview: onBackNavigationDone backType=4, triggerBack=false
09-17 20:46:58.051 17542 17582 I Chess   : Click on [38;5;208m[A1][0m -> [38;5;200m|0|
09-17 20:46:58.051 17542 17582 I Chess   : [0m
09-17 20:46:58.124 17542 17582 D EGL_emulation: app_time_stats: avg=10.22ms min=5.57ms max=21.99ms count=61
09-17 20:46:58.153   587   695 D ActivityManager: freezing 15972 com.android.keychain
09-17 20:46:58.184 17542 17582 I Chess   : Click on [38;5;208m[A1][0m -> [38;5;200m|0|
09-17 20:46:58.184 17542 17582 I Chess   : [0m
09-17 20:46:58.401 17542 17582 I Chess   : Click on [38;5;208m[B1][0m -> [38;5;200m|1|
09-17 20:46:58.401 17542 17582 I Chess   : [0m
09-17 20:46:58.535 17542 17582 I Chess   : Click on [38;5;208m[B1][0m -> [38;5;200m|1|
09-17 20:46:58.535 17542 17582 I Chess   : [0m
09-17 20:46:58.784 17542 17582 I Chess   : Click on [38;5;208m[B2][0m -> [38;5;200m|9|
09-17 20:46:58.784 17542 17582 I Chess   : [0m
09-17 20:46:58.917 17542 17582 I Chess   : Click on [38;5;208m[B2][0m -> [38;5;200m|9|
09-17 20:46:58.917 17542 17582 I Chess   : [0m
09-17 20:46:59.126 17542 17582 D EGL_emulation: app_time_stats: avg=9.92ms min=6.51ms max=20.54ms count=60
09-17 20:46:59.833 17542 17582 I Chess   : Click on [38;5;208m[F2][0m -> [38;5;200m|13|
09-17 20:46:59.833 17542 17582 I Chess   : [0m
09-17 20:46:59.934 17542 17582 I Chess   : Click on [38;5;208m[F2][0m -> [38;5;200m|13|
09-17 20:46:59.934 17542 17582 I Chess   : [0m
09-17 20:47:00.004  1352  1474 I AiAiEcho: Predicting[0]:  [CONTEXT sampling_count=5 ]
09-17 20:47:00.004  1352  1474 I AiAiEcho: EchoTargets: 
09-17 20:47:00.004  1352  1474 I AiAiEcho: Filtered by AiAi flag check: 
09-17 20:47:00.004  1352  1474 I AiAiEcho: [CONTEXT ratelimit_period="10 SECONDS" ]
09-17 20:47:00.004  1352  1474 I AiAiEcho: Ranked targets strategy: SORT, count: 0, ranking metadata:  [CONTEXT ratelimit_period="10 SECONDS" ]
09-17 20:47:00.005  1352  1474 I AiAiEcho: #remoteViewsTwiddler: feature disabled.
09-17 20:47:00.005  1352  1474 I AiAiEcho: Predicting[0]:  [CONTEXT sampling_count=5 ]
09-17 20:47:00.005  1352  1474 I AiAiEcho: EchoTargets: 
09-17 20:47:00.005  1352  1474 I AiAiEcho: Filtered by AiAi flag check: 
09-17 20:47:00.005  1352  1474 I AiAiEcho: [CONTEXT ratelimit_period="10 SECONDS" ]
09-17 20:47:00.005  1352  1474 I AiAiEcho: Ranked targets strategy: SORT, count: 0, ranking metadata:  [CONTEXT ratelimit_period="10 SECONDS" ]
09-17 20:47:00.005  1352  1474 I AiAiEcho: #remoteViewsTwiddler: feature disabled.
09-17 20:47:00.006  1352  1474 I AiAiEcho: #postPredictionTargets: Sending updates to UISurface lockscreen with targets# 0 (types=[])
09-17 20:47:00.006  1352  1474 I AiAiEcho: #postPredictionTargets: Sending updates to UISurface home with targets# 0 (types=[])
09-17 20:47:00.007  1086  1086 D SsBaseTemplateCard: No text view can be set up
09-17 20:47:00.007  1086  1086 D SsBaseTemplateCard: Passed-in item info is null
09-17 20:47:00.007  1086  1086 D SsBaseTemplateCard: Passed-in item info is null
09-17 20:47:00.007  1086  1086 D SsBaseTemplateCard: Passed-in item info is null
09-17 20:47:00.007  1086  1086 I SsBaseTemplateCard: Secondary card pane is null
09-17 20:47:00.021   841   841 W PageIndicator: Total number of pages invalid: 0. Assuming 1 page.
09-17 20:47:00.028   841  1006 D EGL_emulation: app_time_stats: avg=19868.09ms min=19868.09ms max=19868.09ms count=1
09-17 20:47:00.145 17542 17582 D EGL_emulation: app_time_stats: avg=9.79ms min=5.63ms max=15.63ms count=61
09-17 20:47:00.166 17542 17582 I Chess   : Click on [38;5;208m[G2][0m -> [38;5;200m|14|
09-17 20:47:00.166 17542 17582 I Chess   : [0m
09-17 20:47:00.402 17542 17582 I Chess   : Click on [38;5;208m[G2][0m -> [38;5;200m|14|
09-17 20:47:00.402 17542 17582 I Chess   : [0m
09-17 20:47:01.133 17542 17582 I Chess   : Click on [38;5;208m[H2][0m -> [38;5;200m|15|
09-17 20:47:01.133 17542 17582 I Chess   : [0m
09-17 20:47:01.157 17542 17582 D EGL_emulation: app_time_stats: avg=11.30ms min=5.41ms max=67.09ms count=58
09-17 20:47:01.184 17542 17582 I Chess   : Click on [38;5;208m[H2][0m -> [38;5;200m|15|
09-17 20:47:01.184 17542 17582 I Chess   : [0m
09-17 20:47:01.434 17542 17582 I Chess   : Click on [38;5;208m[H1][0m -> [38;5;200m|7|
09-17 20:47:01.434 17542 17582 I Chess   : [0m
09-17 20:47:01.684 17542 17582 I Chess   : Click on [38;5;208m[H1][0m -> [38;5;200m|7|
09-17 20:47:01.684 17542 17582 I Chess   : [0m
09-17 20:47:01.867 17542 17582 I Chess   : Click on [38;5;208m[G1][0m -> [38;5;200m|6|
09-17 20:47:01.867 17542 17582 I Chess   : [0m
09-17 20:47:02.158 17542 17582 D EGL_emulation: app_time_stats: avg=9.18ms min=5.63ms max=16.31ms count=60
09-17 20:47:02.363   828   828 I wpa_supplicant: wlan0: CTRL-EVENT-BEACON-LOSS 
09-17 20:47:02.601 17542 17582 I Chess   : Click on [38;5;208m[G1][0m -> [38;5;200m|6|
09-17 20:47:02.601 17542 17582 I Chess   : [0m
09-17 20:47:02.967 17542 17582 I Chess   : Click on [38;5;208m[F1][0m -> [38;5;200m|5|
09-17 20:47:02.967 17542 17582 I Chess   : [0m
09-17 20:47:03.151 17542 17582 I Chess   : Click on [38;5;208m[F1][0m -> [38;5;200m|5|
09-17 20:47:03.151 17542 17582 I Chess   : [0m
09-17 20:47:03.163 17542 17582 D EGL_emulation: app_time_stats: avg=7.92ms min=4.51ms max=22.71ms count=60
09-17 20:47:03.583 17542 17582 I Chess   : Click on [38;5;208m[F4][0m -> [38;5;200m|29|
09-17 20:47:03.583 17542 17582 I Chess   : [0m
09-17 20:47:03.868 17542 17582 I Chess   : Click on [38;5;208m[F4][0m -> [38;5;200m|29|
09-17 20:47:03.868 17542 17582 I Chess   : [0m
09-17 20:47:04.016 17542 17582 I Chess   : Click on [38;5;208m[E4][0m -> [38;5;200m|28|
09-17 20:47:04.016 17542 17582 I Chess   : [0m
09-17 20:47:04.175 17542 17582 D EGL_emulation: app_time_stats: avg=9.17ms min=4.61ms max=15.76ms count=61
09-17 20:47:04.602 17542 17582 I Chess   : Click on [38;5;208m[E4][0m -> [38;5;200m|28|
09-17 20:47:04.602 17542 17582 I Chess   : [0m
09-17 20:47:04.967 17542 17582 I Chess   : Click on [38;5;208m[E2][0m -> [38;5;200m|12|
09-17 20:47:04.967 17542 17582 I Chess   : [0m
09-17 20:47:05.190 17542 17582 D EGL_emulation: app_time_stats: avg=8.07ms min=4.96ms max=19.08ms count=61
09-17 20:47:06.168 17542 17582 I Chess   : Click on [38;5;208m[F8][0m -> [38;5;200m|61|
09-17 20:47:06.168 17542 17582 I Chess   : [0m
09-17 20:47:06.194 17542 17582 D EGL_emulation: app_time_stats: avg=8.03ms min=4.34ms max=54.61ms count=58
09-17 20:47:06.401 17542 17582 I Chess   : Click on [38;5;208m[D5][0m -> [38;5;200m|35|
09-17 20:47:06.401 17542 17582 I Chess   : [0m
09-17 20:47:07.206 17542 17582 D EGL_emulation: app_time_stats: avg=6.84ms min=4.98ms max=11.53ms count=61
09-17 20:47:07.251 17542 17582 I Chess   : Click on [38;5;208m[F8][0m -> [38;5;200m|61|
09-17 20:47:07.251 17542 17582 I Chess   : [0m
09-17 20:47:08.210 17542 17582 D EGL_emulation: app_time_stats: avg=8.24ms min=5.84ms max=10.47ms count=60
09-17 20:47:08.551 17542 17582 I Chess   : Click on [38;5;208m[B4][0m -> [38;5;200m|25|
09-17 20:47:08.551 17542 17582 I Chess   : [0m
09-17 20:47:09.051 17542 17582 I Chess   : Click on [38;5;208m[E2][0m -> [38;5;200m|12|
09-17 20:47:09.051 17542 17582 I Chess   : [0m
09-17 20:47:09.212 17542 17582 D EGL_emulation: app_time_stats: avg=8.39ms min=5.71ms max=13.22ms count=60
09-17 20:47:09.267 17542 17582 I Chess   : Click on [38;5;208m[D2][0m -> [38;5;200m|11|
09-17 20:47:09.267 17542 17582 I Chess   : [0m
09-17 20:47:09.951 17542 17582 I Chess   : Click on [38;5;208m[E1][0m -> [38;5;200m|4|
09-17 20:47:09.951 17542 17582 I Chess   : [0m
09-17 20:47:10.224 17542 17582 D EGL_emulation: app_time_stats: avg=7.68ms min=5.63ms max=12.33ms count=61
09-17 20:47:10.299   828   828 I wpa_supplicant: wlan0: CTRL-EVENT-BEACON-LOSS 
09-17 20:47:10.567 17542 17582 I Chess   : Click on [38;5;208m[F1][0m -> [38;5;200m|5|
09-17 20:47:10.567 17542 17582 I Chess   : [0m
09-17 20:47:11.226 17542 17582 D EGL_emulation: app_time_stats: avg=8.62ms min=4.85ms max=67.43ms count=57
09-17 20:47:12.243 17542 17582 D EGL_emulation: app_time_stats: avg=6.98ms min=5.08ms max=10.85ms count=61
09-17 20:47:12.301 17542 17582 I Chess   : Click on [38;5;208m[B4][0m -> [38;5;200m|25|
09-17 20:47:12.301 17542 17582 I Chess   : [0m
09-17 20:47:12.634 17542 17582 I Chess   : Click on [38;5;208m[C5][0m -> [38;5;200m|34|
09-17 20:47:12.634 17542 17582 I Chess   : [0m
09-17 20:47:13.184 17542 17582 I Chess   : Click on [38;5;208m[D2][0m -> [38;5;200m|11|
09-17 20:47:13.184 17542 17582 I Chess   : [0m
09-17 20:47:13.245 17542 17582 D EGL_emulation: app_time_stats: avg=8.76ms min=6.23ms max=15.13ms count=60
09-17 20:47:13.567 17542 17582 I Chess   : Click on [38;5;208m[F2][0m -> [38;5;200m|13|
09-17 20:47:13.567 17542 17582 I Chess   : [0m
09-17 20:47:14.259 17542 17582 D EGL_emulation: app_time_stats: avg=14.22ms min=6.01ms max=241.66ms count=48
09-17 20:47:14.768 17542 17582 I Chess   : Replay game
09-17 20:47:15.273 17542 17582 D EGL_emulation: app_time_stats: avg=8.16ms min=5.42ms max=11.88ms count=61
09-17 20:47:16.275 17542 17582 D EGL_emulation: app_time_stats: avg=8.60ms min=5.26ms max=61.20ms count=58
09-17 20:47:16.379  1250  1250 I StylusModule: StylusModule.onUpdateToolType():770 Update tool type = 0
09-17 20:47:16.380 17542 17542 V hidapi  : initialize(true, false)
09-17 20:47:16.384   587  1580 D CompatChangeReporter: Compat change id reported: 161145287; UID 10260; state: ENABLED
09-17 20:47:16.389 17542 17542 E hidapi  : hid_init threw an exception: org.libsdl.app: One of RECEIVER_EXPORTED or RECEIVER_NOT_EXPORTED should be specified when a receiver isn't being registered exclusively for system broadcasts
09-17 20:47:17.234 17542 17582 I Chess   : Quit game
09-17 20:47:17.235 17542 17582 I Chess   : [31mDestroy chess game[0m
09-17 20:47:17.235 17542 17582 I Chess   : [38;5;208mInternal storage path: /data/user/0/org.libsdl.app/files/C_chess_data.txt
09-17 20:47:17.235 17542 17582 I Chess   : [0m
09-17 20:47:17.235 17542 17582 I Chess   : [38;5;208mInternal storage path: /data/user/0/org.libsdl.app/files/C_chess_data.txt
09-17 20:47:17.235 17542 17582 I Chess   : [0m
09-17 20:47:17.236 17542 17582 I Chess   : Registering data: Nickname:Default
09-17 20:47:17.236 17542 17582 I Chess   : [38;5;208mInternal storage path: /data/user/0/org.libsdl.app/files/C_chess_data.txt
09-17 20:47:17.236 17542 17582 I Chess   : [0m
09-17 20:47:17.236 17542 17582 I Chess   : Registering data: 
09-17 20:47:17.236 17542 17582 I Chess   : Server:127.0.0.1
09-17 20:47:17.236 17542 17582 I Chess   : [38;5;208mInternal storage path: /data/user/0/org.libsdl.app/files/C_chess_data.txt
09-17 20:47:17.236 17542 17582 I Chess   : [0m
09-17 20:47:17.236 17542 17582 I Chess   : Registering data: 
09-17 20:47:17.236 17542 17582 I Chess   : NetworkPause:0
--------- beginning of crash
09-17 20:47:17.247 17542 17585 F libc    : FORTIFY: pthread_mutex_lock called on a destroyed mutex (0x7ef184202ab8)
09-17 20:47:17.247 17542 17584 F libc    : FORTIFY: pthread_mutex_lock called on a destroyed mutex (0x7ef184202ab8)
09-17 20:47:17.247 17542 17584 F libc    : Fatal signal 6 (SIGABRT), code -1 (SI_QUEUE) in tid 17584 (hwuiTask0), pid 17542 (SDLActivity)
09-17 20:47:17.269 17598 17598 E crash_dump64: failed to get the guest state header for thread 17542: Bad address
09-17 20:47:17.270 17598 17598 E crash_dump64: failed to get the guest state header for thread 17545: Bad address
09-17 20:47:17.270 17598 17598 E crash_dump64: failed to get the guest state header for thread 17546: Bad address
09-17 20:47:17.270 17598 17598 E crash_dump64: failed to get the guest state header for thread 17547: Bad address
09-17 20:47:17.270 17598 17598 E crash_dump64: failed to get the guest state header for thread 17548: Bad address
09-17 20:47:17.270 17598 17598 E crash_dump64: failed to get the guest state header for thread 17549: Bad address
09-17 20:47:17.270 17598 17598 E crash_dump64: failed to get the guest state header for thread 17550: Bad address
09-17 20:47:17.270 17598 17598 E crash_dump64: failed to get the guest state header for thread 17551: Bad address
09-17 20:47:17.270 17598 17598 E crash_dump64: failed to get the guest state header for thread 17552: Bad address
09-17 20:47:17.271 17598 17598 E crash_dump64: failed to get the guest state header for thread 17553: Bad address
09-17 20:47:17.271 17598 17598 E crash_dump64: failed to get the guest state header for thread 17554: Bad address
09-17 20:47:17.271 17598 17598 E crash_dump64: failed to get the guest state header for thread 17560: Bad address
09-17 20:47:17.272 17598 17598 E crash_dump64: failed to get the guest state header for thread 17562: Bad address
09-17 20:47:17.272 17598 17598 E crash_dump64: failed to get the guest state header for thread 17564: Bad address
09-17 20:47:17.272 17598 17598 E crash_dump64: failed to get the guest state header for thread 17573: Bad address
09-17 20:47:17.272 17598 17598 E crash_dump64: failed to get the guest state header for thread 17581: Bad address
09-17 20:47:17.273 17598 17598 E crash_dump64: failed to get the guest state header for thread 17582: Bad address
09-17 20:47:17.273 17598 17598 E crash_dump64: failed to get the guest state header for thread 17583: Bad address
09-17 20:47:17.274 17598 17598 E crash_dump64: failed to get the guest state header for thread 17584: Bad address
09-17 20:47:17.274 17598 17598 E crash_dump64: failed to get the guest state header for thread 17585: Bad address
09-17 20:47:17.274 17598 17598 E crash_dump64: failed to get the guest state header for thread 17586: Bad address
09-17 20:47:17.274 17598 17598 E crash_dump64: failed to get the guest state header for thread 17597: Bad address
09-17 20:47:17.284 17598 17598 I crash_dump64: obtaining output fd from tombstoned, type: kDebuggerdTombstoneProto
09-17 20:47:17.284   218   218 I tombstoned: received crash request for pid 17584
09-17 20:47:17.285 17598 17598 I crash_dump64: performing dump of process 17542 (target tid = 17584)
09-17 20:47:17.304   428   428 I adbd    : Remote process closed the socket (on MSG_PEEK)
09-17 20:47:17.311   587  1400 I ActivityManager: Process org.libsdl.app (pid 17542) has died: fg  TOP 
09-17 20:47:17.312   587   888 I ImeTracker: org.libsdl.app:338c2a78: onRequestHide at ORIGIN_SERVER reason HIDE_REMOVE_CLIENT fromUser false
09-17 20:47:17.312   587   888 I ImeTracker: org.libsdl.app:338c2a78: onCancelled at PHASE_SERVER_SHOULD_HIDE
09-17 20:47:17.312   587  4503 I WindowManager: WIN DEATH: Window{cdca61b u0 org.libsdl.app/org.libsdl.app.SDLActivity}
09-17 20:47:17.312   587  4503 W InputManager-JNI: Input channel object 'cdca61b org.libsdl.app/org.libsdl.app.SDLActivity (client)' was disposed without first being removed with the input manager!
09-17 20:47:17.312   376   376 I Zygote  : Process 17542 exited cleanly (0)
09-17 20:47:17.314   587  4503 D LocalDisplayAdapter: Unable to set ALLM because the connected display does not support ALLM.
09-17 20:47:17.315   218   218 W tombstoned: crash socket received short read of length 0 (expected 12)
09-17 20:47:17.318   587  1400 W ActivityTaskManager: Force removing ActivityRecord{8f12806 u0 org.libsdl.app/.SDLActivity t70}: app died, no saved state
09-17 20:47:17.319   587   616 D DisplayManagerService: Drop pending events for gone uid 10260
09-17 20:47:17.320   841   891 V WindowManagerShell: Transition requested (#115): android.os.BinderProxy@83ed581 TransitionRequestInfo { type = CLOSE, triggerTask = TaskInfo{userId=0 taskId=70 displayId=0 isRunning=true baseIntent=Intent { act=android.intent.action.MAIN cat=[android.intent.category.LAUNCHER] flg=0x10200000 cmp=org.libsdl.app/.SDLActivity } baseActivity=ComponentInfo{org.libsdl.app/org.libsdl.app.SDLActivity} topActivity=ComponentInfo{org.libsdl.app/org.libsdl.app.SDLActivity} origActivity=null realActivity=ComponentInfo{org.libsdl.app/org.libsdl.app.SDLActivity} numActivities=1 lastActiveTime=11517834 supportsMultiWindow=true resizeMode=1 isResizeable=true minWidth=-1 minHeight=-1 defaultMinSize=220 token=WCT{android.window.IWindowContainerToken$Stub$Proxy@a946626} topActivityType=1 pictureInPictureParams=null shouldDockBigOverlays=false launchIntoPipHostTaskId=-1 lastParentTaskIdBeforePip=-1 displayCutoutSafeInsets=null topActivityInfo=ActivityInfo{fb34267 org.libsdl.app.SDLActivity} launchCookies=[] positionInParent=Point(0, 0) parentTaskId=-1 isFocused=true isVisible=true isVisibleRequested=true isSleeping=false locusId=null displayAreaFeatureId=1 isTopActivityTransparent=false appCompatTaskInfo=AppCompatTaskInfo { topActivityInSizeCompat=false topActivityEligibleForLetterboxEducation= falseisLetterboxEducationEnabled= true isLetterboxDoubleTapEnabled= false topActivityEligibleForUserAspectRatioButton= false topActivityBoundsLetterboxed= false isFromLetterboxDoubleTap= false topActivityLetterboxVerticalPosition= -1 topActivityLetterboxHorizontalPosition= -1 topActivityLetterboxWidth=1080 topActivityLetterboxHeight=2400 isUserFullscreenOverrideEnabled=false isSystemFullscreenOverrideEnabled=false cameraCompatTaskInfo=CameraCompatTaskInfo { cameraCompatControlState=hidden freeformCameraCompatMode=inactive}}}, pipTask = null, remoteTransition = null, displayChange = null, flags = 0, debugId = 115 }
09-17 20:47:17.322   587   633 I libprocessgroup: Removed cgroup /sys/fs/cgroup/uid_10260/pid_17542
09-17 20:47:17.323   587   748 D InetDiagMessage: Destroyed 0 sockets, proto=IPPROTO_TCP, family=AF_INET, states=14
09-17 20:47:17.324   587   748 D InetDiagMessage: Destroyed 0 sockets, proto=IPPROTO_TCP, family=AF_INET6, states=14
09-17 20:47:17.324   587   748 D InetDiagMessage: Destroyed live tcp sockets for uids={10260} in 1ms
09-17 20:47:17.324   587   748 D InetDiagMessage: Destroyed 0 sockets, proto=IPPROTO_TCP, family=AF_INET, states=14
09-17 20:47:17.324   587   748 D InetDiagMessage: Destroyed 0 sockets, proto=IPPROTO_TCP, family=AF_INET6, states=14
09-17 20:47:17.324   587   748 D InetDiagMessage: Destroyed live tcp sockets for uids={20260} in 1ms
09-17 20:47:17.328   587   618 W ActivityManager: setHasOverlayUi called on unknown pid: 17542
09-17 20:47:17.330   587   618 V WindowManager: Unknown focus tokens, dropping reportFocusChanged
09-17 20:47:17.331   418   418 I BpBinder: onLastStrongRef automatically unlinking death recipients: 
09-17 20:47:17.332  1086  1086 D NexusLauncherModelDelegate: notifySmartspaceEvent: SmartspaceTargetEvent{mSmartspaceTarget=null, mSmartspaceActionId='null', mEventType=6}
09-17 20:47:17.333   841   891 D WindowManagerShell: setLauncherKeepClearAreaHeight: visible=true, height=527
09-17 20:47:17.336  1086  1086 D BaseDepthController: setSurface:
09-17 20:47:17.336  1086  1086 D BaseDepthController: 	mWaitingOnSurfaceValidity: false
09-17 20:47:17.336  1086  1086 D BaseDepthController: 	mSurface: Surface(name=com.google.android.apps.nexuslauncher/com.google.android.apps.nexuslauncher.NexusLauncherActivity)/@0x856f82d
09-17 20:47:17.386   418   418 E BpTransactionCompletedListener: Failed to transact (-32)
09-17 20:47:17.387   418   418 E BpTransactionCompletedListener: Failed to transact (-32)
09-17 20:47:17.406  1086  1086 I TopTaskTracker: onTaskRemoved: taskId=70
09-17 20:47:17.406  1086  1086 I TopTaskTracker: onTaskRemoved: taskId=70
09-17 20:47:17.407  1086  1086 D StatsLog: LAUNCHER_ONRESUME
09-17 20:47:17.410   587  1411 W AppSearchIcing: icing-search-engine.cc:321: Error: 5, Message: Document (com.google.android.googlequicksearchbox$OneSearchZeroStateGoogleSuggestions/default, zp) not found.
09-17 20:47:17.411  1352  1474 I AiAiEcho: Predicting[0]:  [CONTEXT sampling_count=5 ]
09-17 20:47:17.411  1352  1474 I AiAiEcho: EchoTargets: 
09-17 20:47:17.411  1352  1474 I AiAiEcho: Filtered by AiAi flag check: 
09-17 20:47:17.411  1352  1474 I AiAiEcho: [CONTEXT ratelimit_period="10 SECONDS" ]
09-17 20:47:17.411  1352  1474 I AiAiEcho: Ranked targets strategy: SORT, count: 0, ranking metadata:  [CONTEXT ratelimit_period="10 SECONDS" ]
09-17 20:47:17.411  1352  1474 I AiAiEcho: #remoteViewsTwiddler: feature disabled.
09-17 20:47:17.412  1086  1147 D QuickstepModelDelegate: notifyAppTargetEvent action=1 launchLocation=workspace/0/[-1,-1]/[1,1]
09-17 20:47:17.413  1086  1742 D OneSearchSuggestProvider: AppSearch 0-state cache not available, fallback to AGA
09-17 20:47:17.413  1086  1742 D OneSearchSuggestProvider: java.util.concurrent.CompletionException: java.util.NoSuchElementException: No value present
09-17 20:47:17.413  1086  1742 D OneSearchSuggestProvider: 	at java.util.concurrent.CompletableFuture.encodeThrowable(CompletableFuture.java:308)
09-17 20:47:17.413  1086  1742 D OneSearchSuggestProvider: 	at java.util.concurrent.CompletableFuture.completeThrowable(CompletableFuture.java:323)
09-17 20:47:17.413  1086  1742 D OneSearchSuggestProvider: 	at java.util.concurrent.CompletableFuture$UniAccept.tryFire(CompletableFuture.java:684)
09-17 20:47:17.413  1086  1742 D OneSearchSuggestProvider: 	at java.util.concurrent.CompletableFuture.postComplete(CompletableFuture.java:486)
09-17 20:47:17.413  1086  1742 D OneSearchSuggestProvider: 	at java.util.concurrent.CompletableFuture.completeExceptionally(CompletableFuture.java:2138)
09-17 20:47:17.413  1086  1742 D OneSearchSuggestProvider: 	at com.google.android.apps.nexuslauncher.allapps.E0.onResult(go/retraceme 2855a437b73635ce9cad76b9289087e631bbb67fc90008a0da13d343a00e5041:67)
09-17 20:47:17.413  1086  1742 D OneSearchSuggestProvider: 	at android.app.appsearch.SearchSessionUtil$1.lambda$onResult$0(go/retraceme 64eee9e9f568ff45978879ad2ff83146f2618ee8a88278736fbdf5fae931976e:144)
09-17 20:47:17.413  1086  1742 D OneSearchSuggestProvider: 	at android.app.appsearch.SearchSessionUtil$1.$r8$lambda$CEk3q8sDAQVhU3rQwVueB8FAj_M(go/retraceme 64eee9e9f568ff45978879ad2ff83146f2618ee8a88278736fbdf5fae931976e:1)
09-17 20:47:17.413  1086  1742 D OneSearchSuggestProvider: 	at android.app.appsearch.SearchSessionUtil$1$$ExternalSyntheticLambda0.run(go/retraceme 64eee9e9f568ff45978879ad2ff83146f2618ee8a88278736fbdf5fae931976e:22)
09-17 20:47:17.413  1086  1742 D OneSearchSuggestProvider: 	at android.os.Handler.handleCallback(Handler.java:959)
09-17 20:47:17.413  1086  1742 D OneSearchSuggestProvider: 	at android.os.Handler.dispatchMessage(Handler.java:100)
09-17 20:47:17.413  1086  1742 D OneSearchSuggestProvider: 	at android.os.Looper.loopOnce(Looper.java:232)
09-17 20:47:17.413  1086  1742 D OneSearchSuggestProvider: 	at android.os.Looper.loop(Looper.java:317)
09-17 20:47:17.413  1086  1742 D OneSearchSuggestProvider: 	at android.os.HandlerThread.run(HandlerThread.java:85)
09-17 20:47:17.413  1086  1742 D OneSearchSuggestProvider: Caused by: java.util.NoSuchElementException: No value present
09-17 20:47:17.413  1086  1742 D OneSearchSuggestProvider: 	at java.util.Optional.get(Optional.java:143)
09-17 20:47:17.413  1086  1742 D OneSearchSuggestProvider: 	at com.google.android.apps.nexuslauncher.allapps.E0.onResult(go/retraceme 2855a437b73635ce9cad76b9289087e631bbb67fc90008a0da13d343a00e5041:28)
09-17 20:47:17.413  1086  1742 D OneSearchSuggestProvider: 	... 8 more
09-17 20:47:17.413   587   615 V WindowManager: Sent Transition (#115) createdAt=09-17 20:47:17.318 via request=TransitionRequestInfo { type = CLOSE, triggerTask = TaskInfo{userId=0 taskId=70 displayId=0 isRunning=true baseIntent=Intent { act=android.intent.action.MAIN cat=[android.intent.category.LAUNCHER] flg=0x10200000 cmp=org.libsdl.app/.SDLActivity } baseActivity=ComponentInfo{org.libsdl.app/org.libsdl.app.SDLActivity} topActivity=ComponentInfo{org.libsdl.app/org.libsdl.app.SDLActivity} origActivity=null realActivity=ComponentInfo{org.libsdl.app/org.libsdl.app.SDLActivity} numActivities=1 lastActiveTime=11517834 supportsMultiWindow=true resizeMode=1 isResizeable=true minWidth=-1 minHeight=-1 defaultMinSize=220 token=WCT{RemoteToken{f67d15d Task{3840ec7 #70 type=standard A=10260:org.libsdl.app}}} topActivityType=1 pictureInPictureParams=null shouldDockBigOverlays=false launchIntoPipHostTaskId=-1 lastParentTaskIdBeforePip=-1 displayCutoutSafeInsets=null topActivityInfo=ActivityInfo{becaad2 org.libsdl.app.SDLActivity} launchCookies=[] positionInParent=Point(0, 0) parentTaskId=-1 isFocused=true isVisible=true isVisibleRequested=true isSleeping=false locusId=null displayAreaFeatureId=1 isTopActivityTransparent=false appCompatTaskInfo=AppCompatTaskInfo { topActivityInSizeCompat=false topActivityEligibleForLetterboxEducation= falseisLetterboxEducationEnabled= true isLetterboxDoubleTapEnabled= false topActivityEligibleForUserAspectRatioButton= false topActivityBoundsLetterboxed= false isFromLetterboxDoubleTap= false topActivityLetterboxVerticalPosition= -1 topActivityLetterboxHorizontalPosition= -1 topActivityLetterboxWidth=1080 topActivityLetterboxHeight=2400 isUserFullscreenOverrideEnabled=false isSystemFullscreenOverrideEnabled=false cameraCompatTaskInfo=CameraCompatTaskInfo { cameraCompatControlState=hidden freeformCameraCompatMode=inactive}}}, pipTask = null, remoteTransition = null, displayChange = null, flags = 0, debugId = 115 }
09-17 20:47:17.413   587   615 V WindowManager:     startWCT=WindowContainerTransaction { changes = {} hops = [] errorCallbackToken=null taskFragmentOrganizer=null }
09-17 20:47:17.414   587   615 V WindowManager:     info={id=115 t=CLOSE f=0x0 trk=0 r=[0@Point(0, 0)] c=[
09-17 20:47:17.414   587   615 V WindowManager:         {WCT{RemoteToken{e4c4bef Task{685db1f #1 type=home}}} m=TO_FRONT f=SHOW_WALLPAPER|MOVE_TO_TOP leash=Surface(name=Task=1)/@0x91f7f64 sb=Rect(0, 0 - 1080, 2400) eb=Rect(0, 0 - 1080, 2400) d=0 taskParent=-1},
09-17 20:47:17.414   587   615 V WindowManager:         {null m=TO_FRONT f=IS_WALLPAPER leash=Surface(name=WallpaperWindowToken{46f137a token=android.os.Binder@25553a5})/@0xe1835ae sb=Rect(0, 0 - 1080, 2400) eb=Rect(0, 0 - 1080, 2400) d=0}
09-17 20:47:17.414   587   615 V WindowManager:     ]}
09-17 20:47:17.416  1352  1474 I AiAiEcho: #postPredictionTargets: Sending updates to UISurface home with targets# 0 (types=[])
09-17 20:47:17.417  1086  1742 D OneSearchSuggestProvider: Created the binder channel successfully for end point service =com.google.android.apps.search.googleapp.search.suggest.plugins.onesearch.server.OneSearchSuggestService , mChannel=i1{delegate=f{logId=201, target=directaddress:///AndroidComponentAddress%5BIntent%20%7B%20act=grpc.io.action.BIND%20cmp=com.google.android.googlequicksearchbox/com.google.android.apps.search.googleapp.search.suggest.plugins.onesearch.server.OneSearchSuggestService%20%7D%5D}} , mOneSearchConnection=l2.Z@d9873bd
09-17 20:47:17.418  1086  1086 D SsBaseTemplateCard: No text view can be set up
09-17 20:47:17.419  1086  1086 D SsBaseTemplateCard: Passed-in item info is null
09-17 20:47:17.419  1086  1086 D SsBaseTemplateCard: Passed-in item info is null
09-17 20:47:17.419  1086  1086 D SsBaseTemplateCard: Passed-in item info is null
09-17 20:47:17.419  1086  1086 I SsBaseTemplateCard: Secondary card pane is null
09-17 20:47:17.420   587   673 W UserManagerService: Requested status bar icon for non-badged user 0
09-17 20:47:17.421   841  1240 V WindowManagerShell: onTransitionReady(transaction=2521145807393)
09-17 20:47:17.423   841   891 V WindowManagerShell: onTransitionReady (#115) android.os.BinderProxy@83ed581: {id=115 t=CLOSE f=0x0 trk=0 r=[0@Point(0, 0)] c=[{WCT{android.window.IWindowContainerToken$Stub$Proxy@fa79e03} m=TO_FRONT f=SHOW_WALLPAPER|MOVE_TO_TOP leash=Surface(name=Task=1)/@0x38d814 sb=Rect(0, 0 - 1080, 2400) eb=Rect(0, 0 - 1080, 2400) d=0 taskParent=-1},{null m=TO_FRONT f=IS_WALLPAPER leash=Surface(name=WallpaperWindowToken{46f137a token=android.os.Binder@25553a5})/@0xd8248bd sb=Rect(0, 0 - 1080, 2400) eb=Rect(0, 0 - 1080, 2400) d=0}]}
09-17 20:47:17.423   841   891 V WindowManagerShell: Playing animation for (#115) android.os.BinderProxy@83ed581@0
09-17 20:47:17.424   841   891 V WindowManagerShell:  try handler com.android.wm.shell.transition.DefaultMixedHandler@bfd0077
09-17 20:47:17.424   841   891 V WindowManagerShell:  try handler com.android.wm.shell.keyguard.KeyguardTransitionHandler@3e7a4e4
09-17 20:47:17.424   841   891 V WindowManagerShell:  try handler com.android.wm.shell.pip.PipTransition@a36dd4d
09-17 20:47:17.424   841   891 V WindowManagerShell:  try handler com.android.wm.shell.activityembedding.ActivityEmbeddingController@757e002
09-17 20:47:17.424   841   891 V WindowManagerShell:  try handler com.android.wm.shell.recents.RecentsTransitionHandler@a372d13
09-17 20:47:17.424 13834 13834 I A       : (REDACTED) Created gRPC endpoint for service %s
09-17 20:47:17.424   841   891 V ShellRecents: RecentsTransitionHandler.startAnimation: no controller found
09-17 20:47:17.424   841   891 V WindowManagerShell:  try handler com.android.wm.shell.splitscreen.StageCoordinator@8ec2b50
09-17 20:47:17.425   841   891 V WindowManagerShell:  try handler com.android.wm.shell.transition.RemoteTransitionHandler@1a10149
