09-17 13:34:14.117  1086  1086 I TopTaskTracker: onTaskMovedToFront: (moved taskInfo to front) taskId=77, baseIntent=Intent { act=android.intent.action.MAIN cat=[android.intent.category.LAUNCHER] flg=0x10200000 cmp=org.libsdl.app/.SDLActivity }
09-17 13:34:14.121   412   911 D audioserver: logFgsApiBegin: FGS Logger Transaction failed, -129
09-17 13:34:14.125   587  1597 D CoreBackPreview: Window{66c1758 u0 Splash Screen org.libsdl.app}: Setting back callback OnBackInvokedCallbackInfo{mCallback=android.window.IOnBackInvokedCallback$Stub$Proxy@f375104, mPriority=0, mIsAnimationCallback=false}
09-17 13:34:14.128   587   878 W AS.PlaybackActivityMon: No piid assigned for invalid/internal port id 15
09-17 13:34:14.129   376   376 D Zygote  : Forked child process 18599
09-17 13:34:14.131   587   632 I ActivityManager: Start proc 18599:org.libsdl.app/u0a257 for next-top-activity {org.libsdl.app/org.libsdl.app.SDLActivity}
09-17 13:34:14.136 18599 18599 I org.libsdl.app: Late-enabling -Xcheck:jni
09-17 13:34:14.154 18599 18599 I org.libsdl.app: Using CollectorTypeCMC GC.
09-17 13:34:14.155 18599 18599 W org.libsdl.app: Unexpected CPU variant for x86: x86_64.
09-17 13:34:14.155 18599 18599 W org.libsdl.app: Known variants: atom, sandybridge, silvermont, goldmont, goldmont-plus, goldmont-without-sha-xsaves, tremont, kabylake, default
09-17 13:34:14.160   428   491 I adbd    : jdwp connection from 18599
09-17 13:34:14.166 18599 18599 D nativeloader: Load libframework-connectivity-tiramisu-jni.so using APEX ns com_android_tethering for caller /apex/com.android.tethering/javalib/framework-connectivity-t.jar: ok
09-17 13:34:14.213 18599 18599 D CompatChangeReporter: Compat change id reported: 242716250; UID 10257; state: ENABLED
09-17 13:34:14.228 18599 18599 W ziparchive: Unable to open '/data/app/~~WEAZ8ewl_UIvCZkiGQKAjA==/org.libsdl.app-4TJZ67-b7n_avn1mno14vQ==/base.dm': No such file or directory
09-17 13:34:14.228 18599 18599 W ziparchive: Unable to open '/data/app/~~WEAZ8ewl_UIvCZkiGQKAjA==/org.libsdl.app-4TJZ67-b7n_avn1mno14vQ==/base.dm': No such file or directory
09-17 13:34:14.232 18599 18599 D nativeloader: Configuring clns-7 for other apk /data/app/~~WEAZ8ewl_UIvCZkiGQKAjA==/org.libsdl.app-4TJZ67-b7n_avn1mno14vQ==/base.apk. target_sdk_version=34, uses_libraries=, library_path=/data/app/~~WEAZ8ewl_UIvCZkiGQKAjA==/org.libsdl.app-4TJZ67-b7n_avn1mno14vQ==/lib/x86_64:/data/app/~~WEAZ8ewl_UIvCZkiGQKAjA==/org.libsdl.app-4TJZ67-b7n_avn1mno14vQ==/base.apk!/lib/x86_64, permitted_path=/data:/mnt/expand:/data/user/0/org.libsdl.app
09-17 13:34:14.240  1086  1601 D EGL_emulation: app_time_stats: avg=14.00ms min=1.94ms max=224.05ms count=45
09-17 13:34:14.240   587   615 V WindowManager: Sent Transition (#151) createdAt=09-17 13:34:14.094 via request=TransitionRequestInfo { type = OPEN, triggerTask = TaskInfo{userId=0 taskId=77 displayId=0 isRunning=true baseIntent=Intent { act=android.intent.action.MAIN cat=[android.intent.category.LAUNCHER] flg=0x10200000 cmp=org.libsdl.app/.SDLActivity } baseActivity=ComponentInfo{org.libsdl.app/org.libsdl.app.SDLActivity} topActivity=ComponentInfo{org.libsdl.app/org.libsdl.app.SDLActivity} origActivity=null realActivity=ComponentInfo{org.libsdl.app/org.libsdl.app.SDLActivity} numActivities=1 lastActiveTime=11056670 supportsMultiWindow=true resizeMode=1 isResizeable=true minWidth=-1 minHeight=-1 defaultMinSize=220 token=WCT{RemoteToken{c2604e9 Task{173606c #77 type=standard A=10257:org.libsdl.app}}} topActivityType=1 pictureInPictureParams=null shouldDockBigOverlays=false launchIntoPipHostTaskId=-1 lastParentTaskIdBeforePip=-1 displayCutoutSafeInsets=null topActivityInfo=ActivityInfo{6e5456e org.libsdl.app.SDLActivity} launchCookies=[android.os.BinderProxy@bda440f] positionInParent=Point(0, 0) parentTaskId=-1 isFocused=false isVisible=false isVisibleRequested=false isSleeping=false locusId=null displayAreaFeatureId=1 isTopActivityTransparent=false appCompatTaskInfo=AppCompatTaskInfo { topActivityInSizeCompat=false topActivityEligibleForLetterboxEducation= falseisLetterboxEducationEnabled= true isLetterboxDoubleTapEnabled= false topActivityEligibleForUserAspectRatioButton= false topActivityBoundsLetterboxed= false isFromLetterboxDoubleTap= false topActivityLetterboxVerticalPosition= -1 topActivityLetterboxHorizontalPosition= -1 topActivityLetterboxWidth=1080 topActivityLetterboxHeight=2400 isUserFullscreenOverrideEnabled=false isSystemFullscreenOverrideEnabled=false cameraCompatTaskInfo=CameraCompatTaskInfo { cameraCompatControlState=hidden freeformCameraCompatMode=inactive}}}, pipTask = null, remoteTransition = RemoteTransition { remoteTransition = android.window.IRemoteTransition$Stub$Proxy@f45bc9c, appThread = android.app.IApplicationThread$Stub$Proxy@cd106a5, debugName = QuickstepLaunch }, displayChange = null, flags = 0, debugId = 151 }
09-17 13:34:14.240   587   615 V WindowManager:     startWCT=WindowContainerTransaction { changes = {} hops = [] errorCallbackToken=null taskFragmentOrganizer=null }
09-17 13:34:14.240   587   615 V WindowManager:     info={id=151 t=OPEN f=0x0 trk=0 r=[0@Point(0, 0)] c=[
09-17 13:34:14.240   587   615 V WindowManager:         {WCT{RemoteToken{c2604e9 Task{173606c #77 type=standard A=10257:org.libsdl.app}}} m=OPEN f=NONE leash=Surface(name=Task=77)/@0x7935fb3 sb=Rect(0, 0 - 1080, 2400) eb=Rect(0, 0 - 1080, 2400) d=0 taskParent=-1},
09-17 13:34:14.240   587   615 V WindowManager:         {WCT{RemoteToken{e4c4bef Task{685db1f #1 type=home}}} m=TO_BACK f=SHOW_WALLPAPER leash=Surface(name=Task=1)/@0x91f7f64 sb=Rect(0, 0 - 1080, 2400) eb=Rect(0, 0 - 1080, 2400) d=0 taskParent=-1}
09-17 13:34:14.240   587   615 V WindowManager:     ]}
09-17 13:34:14.241   841  1349 V WindowManagerShell: onTransitionReady(transaction=2521145808912)
09-17 13:34:14.243   841   891 V WindowManagerShell: onTransitionReady (#151) android.os.BinderProxy@371695e: {id=151 t=OPEN f=0x0 trk=0 r=[0@Point(0, 0)] c=[{WCT{android.window.IWindowContainerToken$Stub$Proxy@48d7a7d} m=OPEN f=NONE leash=Surface(name=Task=77)/@0xd066b41 sb=Rect(0, 0 - 1080, 2400) eb=Rect(0, 0 - 1080, 2400) d=0 taskParent=-1},{WCT{android.window.IWindowContainerToken$Stub$Proxy@53d6d72} m=TO_BACK f=SHOW_WALLPAPER leash=Surface(name=Task=1)/@0x5afa8e6 sb=Rect(0, 0 - 1080, 2400) eb=Rect(0, 0 - 1080, 2400) d=0 taskParent=-1}]}
09-17 13:34:14.244 18599 18599 V GraphicsEnvironment: Currently set values for:
09-17 13:34:14.245 18599 18599 V GraphicsEnvironment:   angle_gl_driver_selection_pkgs=[]
09-17 13:34:14.245 18599 18599 V GraphicsEnvironment:   angle_gl_driver_selection_values=[]
09-17 13:34:14.245 18599 18599 V GraphicsEnvironment: Global.Settings values are invalid: number of packages: 0, number of values: 0
09-17 13:34:14.245 18599 18599 V GraphicsEnvironment: Neither updatable production driver nor prerelease driver is supported.
09-17 13:34:14.245   841   891 V WindowManagerShell: Playing animation for (#151) android.os.BinderProxy@371695e@0
09-17 13:34:14.246   841   891 V WindowManagerShell:  try firstHandler com.android.wm.shell.transition.DefaultMixedHandler@bfd0077
09-17 13:34:14.246   841   891 V WindowManagerShell: Mixed transition for opening an intent with a remote transition and PIP #151
09-17 13:34:14.246   841   891 V WindowManagerShell:  Delegate animation for (#151) to RemoteTransition { remoteTransition = android.window.IRemoteTransition$Stub$Proxy@371225b, appThread = android.app.IApplicationThread$Stub$Proxy@d058af8, debugName = QuickstepLaunch }
09-17 13:34:14.249   841   891 V WindowManagerShell:  animated by firstHandler
09-17 13:34:14.251   587   878 W UserManagerService: Requested status bar icon for non-badged user 0
09-17 13:34:14.253  1086  1086 D BaseDepthController: mSurface is null and mCurrentBlur is: 0
09-17 13:34:14.253   587   878 I AppsFilter: interaction: PackageSetting{5821bc4 org.libsdl.app/10257} -> PackageSetting{77ca607 com.google.android.apps.nexuslauncher/10176} BLOCKED
09-17 13:34:14.254  1086  1086 D BaseDepthController: mSurface is null and mCurrentBlur is: 0
09-17 13:34:14.254   587   878 W OptProp : Cannot read opt property android.window.PROPERTY_COMPAT_ENABLE_FAKE_FOCUS
09-17 13:34:14.260   587   685 D IntervalStats: Unable to parse usage stats packages: [228, 229, 230, 232, 233, 236, 237, 238]
09-17 13:34:14.261   587   685 D IntervalStats: Unable to parse event packages: [238]
09-17 13:34:14.267  1086  1086 D BaseDepthController: mSurface is null and mCurrentBlur is: 0
09-17 13:34:14.275   412   497 D AudioFlinger: mixer(0x715dfd76a8e0) throttle end: throttle time(30)
09-17 13:34:14.282 18599 18599 V SDL     : Device: emu64xa
09-17 13:34:14.282 18599 18599 V SDL     : Model: sdk_gphone64_x86_64
09-17 13:34:14.282 18599 18599 V SDL     : onCreate()
09-17 13:34:14.285 18599 18599 D nativeloader: Load /data/app/~~WEAZ8ewl_UIvCZkiGQKAjA==/org.libsdl.app-4TJZ67-b7n_avn1mno14vQ==/lib/x86_64/libSDL2.so using ns clns-7 from class loader (caller=/data/app/~~WEAZ8ewl_UIvCZkiGQKAjA==/org.libsdl.app-4TJZ67-b7n_avn1mno14vQ==/base.apk): ok
09-17 13:34:14.288 18599 18599 D nativeloader: Load /data/app/~~WEAZ8ewl_UIvCZkiGQKAjA==/org.libsdl.app-4TJZ67-b7n_avn1mno14vQ==/lib/x86_64/libSDL2_ttf.so using ns clns-7 from class loader (caller=/data/app/~~WEAZ8ewl_UIvCZkiGQKAjA==/org.libsdl.app-4TJZ67-b7n_avn1mno14vQ==/base.apk): ok
09-17 13:34:14.289 18599 18599 D nativeloader: Load /data/app/~~WEAZ8ewl_UIvCZkiGQKAjA==/org.libsdl.app-4TJZ67-b7n_avn1mno14vQ==/lib/x86_64/libmain.so using ns clns-7 from class loader (caller=/data/app/~~WEAZ8ewl_UIvCZkiGQKAjA==/org.libsdl.app-4TJZ67-b7n_avn1mno14vQ==/base.apk): ok
09-17 13:34:14.291 18599 18599 V SDL     : nativeInit() Begin
09-17 13:34:14.291 18599 18599 V SDL     : nativeInit() Asset Manager done
09-17 13:34:14.292 18599 18599 V SDL     : nativeSetupJNI()
09-17 13:34:14.292 18599 18599 V SDL     : AUDIO nativeSetupJNI()
09-17 13:34:14.293 18599 18599 V SDL     : CONTROLLER nativeSetupJNI()
09-17 13:34:14.301  1086  1601 D EGL_emulation: app_time_stats: avg=54.79ms min=9.55ms max=650.85ms count=19
09-17 13:34:14.311   399   399 I RanchuHwc: logCompositionFallbackIfChanged: layer 448 CompositionType fallback from 2 to 1
09-17 13:34:14.311   399   399 I RanchuHwc: logCompositionFallbackIfChanged: layer 450 CompositionType fallback from 2 to 1
09-17 13:34:14.320  1086  1086 D BaseDepthController: mSurface is null and mCurrentBlur is: 0
09-17 13:34:14.328 18599 18599 V SDL     : onStart()
09-17 13:34:14.330   828   828 I wpa_supplicant: wlan0: CTRL-EVENT-BEACON-LOSS 
09-17 13:34:14.330 18599 18599 V SDL     : onResume()
09-17 13:34:14.338  1086  1086 D BaseDepthController: mSurface is null and mCurrentBlur is: 0
09-17 13:34:14.339 18599 18599 W HWUI    : Unknown dataspace 0
09-17 13:34:14.342   587   605 W WindowManager: Failed looking up window session=Session{949e315 18599:u0a10257} callers=com.android.server.wm.WindowManagerService.windowForClientLocked:6311 com.android.server.wm.Session.updateRequestedVisibleTypes:755 android.view.IWindowSession$Stub.onTransact:1078 
09-17 13:34:14.350  1086  1086 D BaseDepthController: mSurface is null and mCurrentBlur is: 0
09-17 13:34:14.354   587   878 D CoreBackPreview: Window{c4621b8 u0 org.libsdl.app/org.libsdl.app.SDLActivity}: Setting back callback OnBackInvokedCallbackInfo{mCallback=android.window.IOnBackInvokedCallback$Stub$Proxy@3589af6, mPriority=0, mIsAnimationCallback=false}
09-17 13:34:14.363 18599 18614 I EGL_emulation: Opening libGLESv1_CM_emulation.so
09-17 13:34:14.365 18599 18614 I EGL_emulation: Opening libGLESv2_emulation.so
09-17 13:34:14.368  1086  1086 D BaseDepthController: mSurface is null and mCurrentBlur is: 0
09-17 13:34:14.369 18599 18599 V SDL     : surfaceCreated()
09-17 13:34:14.369 18599 18599 V SDL     : surfaceChanged()
09-17 13:34:14.369 18599 18599 V SDL     : Window size: 1080x2274
09-17 13:34:14.369 18599 18599 V SDL     : Device size: 1080x2400
09-17 13:34:14.371 18599 18614 W HWUI    : Failed to choose config with EGL_SWAP_BEHAVIOR_PRESERVED, retrying without...
09-17 13:34:14.372 18599 18614 W HWUI    : Failed to initialize 101010-2 format, error = EGL_SUCCESS
09-17 13:34:14.374 18599 18619 V SDL     : Running main function SDL_main from library /data/app/~~WEAZ8ewl_UIvCZkiGQKAjA==/org.libsdl.app-4TJZ67-b7n_avn1mno14vQ==/lib/x86_64/libmain.so
09-17 13:34:14.374 18599 18619 V SDL     : nativeRunMain()
09-17 13:34:14.386 18599 18619 I Chess   : Width: 1080, Height: 2400, tile_size 135
09-17 13:34:14.386 18599 18619 I Chess   : Band height: 1320, Band width: 0
09-17 13:34:14.386 18599 18619 I Chess   : Top: 660, Bot: 660, Left: 0, Right: 0
09-17 13:34:14.387   412   497 D audioserver: logFgsApiEnd: FGS Logger Transaction failed, -129
09-17 13:34:14.496  1086  1086 D BaseDepthController: mSurface is null and mCurrentBlur is: 0
09-17 13:34:14.505   164   164 I hwservicemanager: getTransport: Cannot find entry android.hardware.graphics.mapper@4.0::IMapper/default in either framework or device VINTF manifest.
09-17 13:34:14.505 18599 18614 I Gralloc4: mapper 4.x is not supported
09-17 13:34:14.560  1086  1086 D BaseDepthController: mSurface is null and mCurrentBlur is: 0
09-17 13:34:14.588   379 18611 W android.hardware.audio@7.1-impl.ranchu: pcmWrite:259 pcm_writei failed with 'cannot read/write stream data: I/O error' (-1)
09-17 13:34:14.589   379 18611 E android.hardware.audio@7.1-impl.ranchu: pcmWrite:260 failure: -1
09-17 13:34:14.589  1086  1086 D BaseDepthController: mSurface is null and mCurrentBlur is: 0
09-17 13:34:14.636   587   615 W ziparchive: Unable to open '/data/app/~~WEAZ8ewl_UIvCZkiGQKAjA==/org.libsdl.app-4TJZ67-b7n_avn1mno14vQ==/base.dm': No such file or directory
09-17 13:34:14.636  1086  1086 D BaseDepthController: mSurface is null and mCurrentBlur is: 0
09-17 13:34:14.636   587   619 D LocalDisplayAdapter: Unable to set ALLM because the connected display does not support ALLM.
09-17 13:34:14.636   418   418 E HwcComposer: setContentType failed Status(-8, EX_SERVICE_SPECIFIC): '8: '
09-17 13:34:14.636   418   418 E HWComposer: setContentType: setContentType failed for display 4619827259835644672: Unsupported (8)
09-17 13:34:14.637   587   615 I ActivityTaskManager: Displayed org.libsdl.app/.SDLActivity for user 0: +545ms
09-17 13:34:14.658  1086  1086 D BaseDepthController: mSurface is null and mCurrentBlur is: 0
09-17 13:34:14.670 18599 18599 V SDL     : onWindowFocusChanged(): true
09-17 13:34:14.672   587   713 I ImeTracker: org.libsdl.app:7083b8cd: onRequestHide at ORIGIN_SERVER reason HIDE_UNSPECIFIED_WINDOW fromUser false
09-17 13:34:14.672   587   713 I ImeTracker: org.libsdl.app:7083b8cd: onCancelled at PHASE_SERVER_SHOULD_HIDE
09-17 13:34:14.674  1086  1086 D BaseDepthController: mSurface is null and mCurrentBlur is: 0
09-17 13:34:14.675  1250  1250 I GoogleInputMethodService: GoogleInputMethodService.onFinishInput():3157 
09-17 13:34:14.676  1250  1250 I GoogleInputMethodService: GoogleInputMethodService.updateDeviceLockedStatus():2248 repeatCheckTimes = 0, locked = false
09-17 13:34:14.677  1250  1250 I GoogleInputMethodService: GoogleInputMethodService.onStartInput():1986 onStartInput(EditorInfo{EditorInfo{packageName=org.libsdl.app, inputType=0, inputTypeString=NULL, enableLearning=false, autoCorrection=false, autoComplete=false, imeOptions=0, privateImeOptions=null, actionName=UNSPECIFIED, actionLabel=null, initialSelStart=-1, initialSelEnd=-1, initialCapsMode=0, label=null, fieldId=0, fieldName=null, extras=null, hintText=null, hintLocales=[]}}, false)
09-17 13:34:14.678  1250  1250 I GoogleInputMethodService: GoogleInputMethodService.updateDeviceLockedStatus():2248 repeatCheckTimes = 1, locked = false
09-17 13:34:14.679  1250  1250 I AndroidIME: InputBundleManager.loadActiveInputBundleId():450 loadActiveInputBundleId: und-Latn-x-password, password
09-17 13:34:14.681   587   605 W PackageConfigPersister: App-specific configuration not found for packageName: org.libsdl.app and userId: 0
09-17 13:34:14.689  1086  1086 D BaseDepthController: mSurface is null and mCurrentBlur is: 0
09-17 13:34:14.696   379 18611 W android.hardware.audio@7.1-impl.ranchu: pcmWrite:259 pcm_writei failed with 'cannot read/write stream data: I/O error' (-1)
09-17 13:34:14.696   379 18611 E android.hardware.audio@7.1-impl.ranchu: pcmWrite:260 failure: -1
09-17 13:34:14.709  1086  1086 D BaseDepthController: mSurface is null and mCurrentBlur is: 0
09-17 13:34:14.711  1086  1086 D BaseDepthController: mSurface is null and mCurrentBlur is: 0
09-17 13:34:14.727  1026  1985 I ChimeraSrvcProxy: NullBinder for android.net.action.RECOMMEND_NETWORKS triggering remote TransactionTooLargeException due to Service without Chimera impl
09-17 13:34:14.727  1026  1985 W .gms.persistent: Large reply transaction of 1056768 bytes, interface descriptor , code 1
09-17 13:34:14.728   587   748 W IPCThreadState: Sending oneway calls to frozen process.
09-17 13:34:14.728   587   748 W IPCThreadState: Sending oneway calls to frozen process.
09-17 13:34:14.728   587   748 W IPCThreadState: Sending oneway calls to frozen process.
09-17 13:34:14.728   587   748 W IPCThreadState: Sending oneway calls to frozen process.
09-17 13:34:14.731  1086  1086 D BaseDepthController: mSurface is null and mCurrentBlur is: 0
09-17 13:34:14.733  1412  2221 I BugleRcsEngine: handleMessage processing message:[NOTIFY_UPTIME_IGNORE_STATE_CHANGED] with [non-null]:RcsEngineImpl reference [CONTEXT log_prefix="RcsEngineImpl[DUAL_REG]:[a2772750-f276]>Handler" thread_id=62 ]
09-17 13:34:14.735  1412  2043 I BugleRcsEngine: Connected state: [1], networkType: [WIFI] [CONTEXT thread_id=56 ]
09-17 13:34:14.742  1412  2221 I BugleRcsEngine: No RCS Configuration was found in Bugle for simID: redacted-pii:sim_id[chars:20,last3:897] [CONTEXT log_prefix="ProvisioningEngineDataRetriever" thread_id=62 ]
09-17 13:34:14.744  1086  1086 D BaseDepthController: mSurface is null and mCurrentBlur is: 0
09-17 13:34:14.747   587   695 D ActivityManager: freezing 18563 com.google.android.webview:webview_service
09-17 13:34:14.755   587   748 D InetDiagMessage: Destroyed 0 sockets, proto=IPPROTO_TCP, family=AF_INET, states=14
09-17 13:34:14.758   587   748 D InetDiagMessage: Destroyed 0 sockets, proto=IPPROTO_TCP, family=AF_INET6, states=14
09-17 13:34:14.758   587   748 D InetDiagMessage: Destroyed live tcp sockets for uids={10163} in 3ms
09-17 13:34:14.761  1086  1086 D BaseDepthController: mSurface is null and mCurrentBlur is: 0
09-17 13:34:14.778  1086  1086 D BaseDepthController: mSurface is null and mCurrentBlur is: 0
09-17 13:34:14.779  1086  1086 D BaseDepthController: mSurface is null and mCurrentBlur is: 0
09-17 13:34:14.781   841   891 V WindowManagerShell: Transition animation finished (aborted=false), notifying core (#151) android.os.BinderProxy@371695e@0
09-17 13:34:14.784   587   615 V WindowManager: Finish Transition (#151): created at 09-17 13:34:14.094 collect-started=0.093ms request-sent=8.952ms started=14.136ms ready=143.595ms sent=145.286ms finished=687.324ms
09-17 13:34:14.789   587   605 W UserManagerService: Requested status bar icon for non-badged user 0
09-17 13:34:14.790   587   605 W UserManagerService: Requested status bar icon for non-badged user 0
09-17 13:34:14.791  1086  1086 D VRI[NexusLauncherActivity]: visibilityChanged oldVisibility=true newVisibility=false
09-17 13:34:14.792   889  1772 D ApfFilter: (wlan0): Adding RA fe80::2 -> ff02::1 1800s fec0::/64 86400s/14400s 
09-17 13:34:14.795  1086  1086 D NexusLauncherModelDelegate: notifySmartspaceEvent: SmartspaceTargetEvent{mSmartspaceTarget=null, mSmartspaceActionId='null', mEventType=7}
09-17 13:34:14.795   841   891 V WindowManagerShell: Track 0 became idle
09-17 13:34:14.795   841   891 V WindowManagerShell: All active transition animations finished
09-17 13:34:14.801   379 18611 W android.hardware.audio@7.1-impl.ranchu: pcmWrite:259 pcm_writei failed with 'cannot read/write stream data: I/O error' (-1)
09-17 13:34:14.801   379 18611 E android.hardware.audio@7.1-impl.ranchu: pcmWrite:260 failure: -1
09-17 13:34:14.809  1086  1086 D BaseDepthController: setSurface:
09-17 13:34:14.809  1086  1086 D BaseDepthController: 	mWaitingOnSurfaceValidity: false
09-17 13:34:14.809  1086  1086 D BaseDepthController: 	mSurface: null
09-17 13:34:14.809  1086  1086 D BaseDepthController: mSurface is null and mCurrentBlur is: 0
09-17 13:34:14.809  1086  1086 D StateManager: goToState - fromState: Normal, toState: Normal, partial trace:
09-17 13:34:14.809  1086  1086 D StateManager: 	at com.android.launcher3.statemanager.StateManager.moveToRestState(go/retraceme 2855a437b73635ce9cad76b9289087e631bbb67fc90008a0da13d343a00e5041:4)
09-17 13:34:14.809  1086  1086 D StateManager: 	at com.android.launcher3.statemanager.StateManager.moveToRestState(go/retraceme 2855a437b73635ce9cad76b9289087e631bbb67fc90008a0da13d343a00e5041:1)
09-17 13:34:14.809  1086  1086 D StateManager: 	at com.android.launcher3.statemanager.StatefulActivity.onStop(go/retraceme 2855a437b73635ce9cad76b9289087e631bbb67fc90008a0da13d343a00e5041:34)
09-17 13:34:14.809  1086  1086 D StatsLog: LAUNCHER_ONSTOP
09-17 13:34:14.810  1086  1086 D StatsLog: LAUNCHER_GOOGLE_SEARCH_RESTORE_LIST_SIZE_AFTER_ACTIVITY_RESTART
09-17 13:34:14.810  1086  1742 D OneSearchSuggestProvider: Shut down the binder channel
09-17 13:34:14.821  1086  5028 I IPCThreadState: oneway function results for code 2 on binder at 0x7eef30d2ec00 will be dropped but finished with status UNKNOWN_TRANSACTION
09-17 13:34:14.842   587   605 W OptProp : Cannot read opt property android.window.PROPERTY_COMPAT_IGNORE_REQUESTED_ORIENTATION
09-17 13:34:14.842   587   605 W OptProp : Cannot read opt property android.window.PROPERTY_COMPAT_ALLOW_IGNORING_ORIENTATION_REQUEST_WHEN_LOOP_DETECTED
09-17 13:34:14.904   379 18611 W android.hardware.audio@7.1-impl.ranchu: pcmWrite:259 pcm_writei failed with 'cannot read/write stream data: I/O error' (-1)
09-17 13:34:14.904   379 18611 E android.hardware.audio@7.1-impl.ranchu: pcmWrite:260 failure: -1
09-17 13:34:14.906 18599 18619 I SDL/APP : pixel format wanted SDL_PIXELFORMAT_RGBX8888 (2), got SDL_PIXELFORMAT_RGBX8888 (2)
09-17 13:34:15.005 18599 18619 I Chess   : Load asset: |rsc/texture/piece/black_king.bmp|
09-17 13:34:15.009   379 18611 W android.hardware.audio@7.1-impl.ranchu: pcmWrite:259 pcm_writei failed with 'cannot read/write stream data: I/O error' (-1)
09-17 13:34:15.009   379 18611 E android.hardware.audio@7.1-impl.ranchu: pcmWrite:260 failure: -1
09-17 13:34:15.016 18599 18619 I Chess   : Load asset: |rsc/texture/piece/black_queen.bmp|
09-17 13:34:15.022   841   947 W WindowOnBackDispatcher: sendCancelIfRunning: isInProgress=false callback=android.view.ViewRootImpl$$ExternalSyntheticLambda11@132de3c
09-17 13:34:15.023   587  4241 W InputManager-JNI: Input channel object '66c1758 Splash Screen org.libsdl.app (client)' was disposed without first being removed with the input manager!
09-17 13:34:15.024   587   605 D CoreBackPreview: Window{66c1758 u0 Splash Screen org.libsdl.app EXITING}: Setting back callback null
09-17 13:34:15.031 18599 18619 I Chess   : Load asset: |rsc/texture/piece/black_rook.bmp|
09-17 13:34:15.042 18599 18619 I Chess   : Load asset: |rsc/texture/piece/black_bishop.bmp|
09-17 13:34:15.052 18599 18619 I Chess   : Load asset: |rsc/texture/piece/black_knight.bmp|
09-17 13:34:15.061 18599 18619 I Chess   : Load asset: |rsc/texture/piece/black_pawn.bmp|
09-17 13:34:15.073 18599 18619 I Chess   : Load asset: |rsc/texture/piece/white_king.bmp|
09-17 13:34:15.084 18599 18619 I Chess   : Load asset: |rsc/texture/piece/white_queen.bmp|
09-17 13:34:15.095 18599 18619 I Chess   : Load asset: |rsc/texture/piece/white_rook.bmp|
09-17 13:34:15.105 18599 18619 I Chess   : Load asset: |rsc/texture/piece/white_bishop.bmp|
09-17 13:34:15.113   379 18611 W android.hardware.audio@7.1-impl.ranchu: pcmWrite:259 pcm_writei failed with 'cannot read/write stream data: I/O error' (-1)
09-17 13:34:15.113   379 18611 E android.hardware.audio@7.1-impl.ranchu: pcmWrite:260 failure: -1
09-17 13:34:15.117 18599 18619 I Chess   : Load asset: |rsc/texture/piece/white_knight.bmp|
09-17 13:34:15.127 18599 18619 I Chess   : Load asset: |rsc/texture/piece/white_pawn.bmp|
09-17 13:34:15.162 18599 18619 I Chess   : Timer rect start: 743, height: 135, width: 270
09-17 13:34:15.162 18599 18619 I Chess   : Timer rect start: 67, height: 135, width: 270
09-17 13:34:15.187 18599 18619 I Chess   : Name rect start: 743, height: 67, width: 270
09-17 13:34:15.187 18599 18619 I Chess   : Name rect start: 67, height: 67, width: 270
09-17 13:34:15.204 18599 18603 I org.libsdl.app: Compiler allocated 5174KB to compile void android.view.ViewRootImpl.performTraversals()
09-17 13:34:15.216   379 18611 W android.hardware.audio@7.1-impl.ranchu: pcmWrite:259 pcm_writei failed with 'cannot read/write stream data: I/O error' (-1)
09-17 13:34:15.217   379 18611 E android.hardware.audio@7.1-impl.ranchu: pcmWrite:260 failure: -1
09-17 13:34:15.238 18599 18619 I Chess   : [38;5;208mInternal storage path: /data/user/0/org.libsdl.app/files/C_chess_data.txt
09-17 13:34:15.238 18599 18619 I Chess   : [0m
09-17 13:34:15.238 18599 18619 I Chess   : [38;5;208mInternal storage path: /data/user/0/org.libsdl.app/files/C_chess_data.txt
09-17 13:34:15.238 18599 18619 I Chess   : [0m
09-17 13:34:15.238 18599 18619 I Chess   : data_file line[0]: Nickname:Default
09-17 13:34:15.238 18599 18619 I Chess   : Nickname: |Default|
09-17 13:34:15.238 18599 18619 I Chess   : [38;5;208mInternal storage path: /data/user/0/org.libsdl.app/files/C_chess_data.txt
09-17 13:34:15.238 18599 18619 I Chess   : [0m
09-17 13:34:15.238 18599 18619 I Chess   : [38;5;208mInternal storage path: /data/user/0/org.libsdl.app/files/C_chess_data.txt
09-17 13:34:15.238 18599 18619 I Chess   : [0m
09-17 13:34:15.238 18599 18619 I Chess   : data_file line[1]: Nickname:Default
09-17 13:34:15.238 18599 18619 I Chess   : Nickname: |86.209.1.28|
09-17 13:34:15.238 18599 18619 I Chess   : Get In File Server IP: 86.209.1.28
09-17 13:34:15.238 18599 18619 I Chess   : [38;5;208mInternal storage path: /data/user/0/org.libsdl.app/files/C_chess_data.txt
09-17 13:34:15.238 18599 18619 I Chess   : [0m
09-17 13:34:15.238 18599 18619 I Chess   : [38;5;208mInternal storage path: /data/user/0/org.libsdl.app/files/C_chess_data.txt
09-17 13:34:15.238 18599 18619 I Chess   : [0m
09-17 13:34:15.238 18599 18619 I Chess   : data_file line[2]: Nickname:Default
09-17 13:34:15.238 18599 18619 I Chess   : Nickname: |0|
09-17 13:34:15.321   379 18611 W android.hardware.audio@7.1-impl.ranchu: pcmWrite:259 pcm_writei failed with 'cannot read/write stream data: I/O error' (-1)
09-17 13:34:15.321   379 18611 E android.hardware.audio@7.1-impl.ranchu: pcmWrite:260 failure: -1
09-17 13:34:15.425   379 18611 W android.hardware.audio@7.1-impl.ranchu: pcmWrite:259 pcm_writei failed with 'cannot read/write stream data: I/O error' (-1)
09-17 13:34:15.425   379 18611 E android.hardware.audio@7.1-impl.ranchu: pcmWrite:260 failure: -1
09-17 13:34:15.528   379 18611 W android.hardware.audio@7.1-impl.ranchu: pcmWrite:259 pcm_writei failed with 'cannot read/write stream data: I/O error' (-1)
09-17 13:34:15.528   379 18611 E android.hardware.audio@7.1-impl.ranchu: pcmWrite:260 failure: -1
09-17 13:34:15.633   379 18611 W android.hardware.audio@7.1-impl.ranchu: pcmWrite:259 pcm_writei failed with 'cannot read/write stream data: I/O error' (-1)
09-17 13:34:15.633   379 18611 E android.hardware.audio@7.1-impl.ranchu: pcmWrite:260 failure: -1
09-17 13:34:15.737   379 18611 W android.hardware.audio@7.1-impl.ranchu: pcmWrite:259 pcm_writei failed with 'cannot read/write stream data: I/O error' (-1)
09-17 13:34:15.737   379 18611 E android.hardware.audio@7.1-impl.ranchu: pcmWrite:260 failure: -1
09-17 13:34:15.841   379 18611 W android.hardware.audio@7.1-impl.ranchu: pcmWrite:259 pcm_writei failed with 'cannot read/write stream data: I/O error' (-1)
09-17 13:34:15.841   379 18611 E android.hardware.audio@7.1-impl.ranchu: pcmWrite:260 failure: -1
09-17 13:34:15.945   379 18611 W android.hardware.audio@7.1-impl.ranchu: pcmWrite:259 pcm_writei failed with 'cannot read/write stream data: I/O error' (-1)
09-17 13:34:15.945   379 18611 E android.hardware.audio@7.1-impl.ranchu: pcmWrite:260 failure: -1
09-17 13:34:16.053   379 18611 W android.hardware.audio@7.1-impl.ranchu: pcmWrite:259 pcm_writei failed with 'cannot read/write stream data: I/O error' (-1)
09-17 13:34:16.053   379 18611 E android.hardware.audio@7.1-impl.ranchu: pcmWrite:260 failure: -1
09-17 13:34:16.160   379 18611 W android.hardware.audio@7.1-impl.ranchu: pcmWrite:259 pcm_writei failed with 'cannot read/write stream data: I/O error' (-1)
09-17 13:34:16.161   379 18611 E android.hardware.audio@7.1-impl.ranchu: pcmWrite:260 failure: -1
09-17 13:34:16.269   379 18611 W android.hardware.audio@7.1-impl.ranchu: pcmWrite:259 pcm_writei failed with 'cannot read/write stream data: I/O error' (-1)
09-17 13:34:16.269   379 18611 E android.hardware.audio@7.1-impl.ranchu: pcmWrite:260 failure: -1
09-17 13:34:16.360  1250  1250 I StylusModule: StylusModule.onUpdateToolType():770 Update tool type = 0
09-17 13:34:16.362 18599 18599 V hidapi  : initialize(true, false)
09-17 13:34:16.364 18599 18599 E hidapi  : hid_init threw an exception: org.libsdl.app: One of RECEIVER_EXPORTED or RECEIVER_NOT_EXPORTED should be specified when a receiver isn't being registered exclusively for system broadcasts
09-17 13:34:16.376   379 18611 W android.hardware.audio@7.1-impl.ranchu: pcmWrite:259 pcm_writei failed with 'cannot read/write stream data: I/O error' (-1)
09-17 13:34:16.376   379 18611 E android.hardware.audio@7.1-impl.ranchu: pcmWrite:260 failure: -1
09-17 13:34:16.379 18599 18619 I Chess   : ESCAPE KEY
09-17 13:34:16.480   379 18611 W android.hardware.audio@7.1-impl.ranchu: pcmWrite:259 pcm_writei failed with 'cannot read/write stream data: I/O error' (-1)
09-17 13:34:16.480   379 18611 E android.hardware.audio@7.1-impl.ranchu: pcmWrite:260 failure: -1
09-17 13:34:16.584   379 18611 W android.hardware.audio@7.1-impl.ranchu: pcmWrite:259 pcm_writei failed with 'cannot read/write stream data: I/O error' (-1)
09-17 13:34:16.584   379 18611 E android.hardware.audio@7.1-impl.ranchu: pcmWrite:260 failure: -1
09-17 13:34:16.671 18599 18619 D EGL_emulation: app_time_stats: avg=12.83ms min=5.83ms max=140.00ms count=53
09-17 13:34:16.688   379 18611 W android.hardware.audio@7.1-impl.ranchu: pcmWrite:259 pcm_writei failed with 'cannot read/write stream data: I/O error' (-1)
09-17 13:34:16.689   379 18611 E android.hardware.audio@7.1-impl.ranchu: pcmWrite:260 failure: -1
09-17 13:34:16.792   379 18611 W android.hardware.audio@7.1-impl.ranchu: pcmWrite:259 pcm_writei failed with 'cannot read/write stream data: I/O error' (-1)
09-17 13:34:16.793   379 18611 E android.hardware.audio@7.1-impl.ranchu: pcmWrite:260 failure: -1
09-17 13:34:16.897   379 18611 W android.hardware.audio@7.1-impl.ranchu: pcmWrite:259 pcm_writei failed with 'cannot read/write stream data: I/O error' (-1)
09-17 13:34:16.897   379 18611 E android.hardware.audio@7.1-impl.ranchu: pcmWrite:260 failure: -1
09-17 13:34:17.000   379 18611 W android.hardware.audio@7.1-impl.ranchu: pcmWrite:259 pcm_writei failed with 'cannot read/write stream data: I/O error' (-1)
09-17 13:34:17.000   379 18611 E android.hardware.audio@7.1-impl.ranchu: pcmWrite:260 failure: -1
09-17 13:34:17.104   379 18611 W android.hardware.audio@7.1-impl.ranchu: pcmWrite:259 pcm_writei failed with 'cannot read/write stream data: I/O error' (-1)
09-17 13:34:17.105   379 18611 E android.hardware.audio@7.1-impl.ranchu: pcmWrite:260 failure: -1
09-17 13:34:17.213   379 18611 W android.hardware.audio@7.1-impl.ranchu: pcmWrite:259 pcm_writei failed with 'cannot read/write stream data: I/O error' (-1)
09-17 13:34:17.213   379 18611 E android.hardware.audio@7.1-impl.ranchu: pcmWrite:260 failure: -1
09-17 13:34:17.272   379 11876 D android.hardware.audio@7.1-impl.ranchu: threadLoop: entering standby, frames: 3653504
09-17 13:34:17.316   379 18611 W android.hardware.audio@7.1-impl.ranchu: pcmWrite:259 pcm_writei failed with 'cannot read/write stream data: I/O error' (-1)
09-17 13:34:17.316   379 18611 E android.hardware.audio@7.1-impl.ranchu: pcmWrite:260 failure: -1
09-17 13:34:17.398 18599 18619 I Chess   : Server IP: 86.209.1.28, server port 24242, Local port : 34918
09-17 13:34:17.400 18599 18619 I Chess   : Client state: CLIENT_STATE_WAIT_COLOR: Peer Nickname : bb
09-17 13:34:17.400 18599 18619 I Chess   : After wait player: CLIENT_STATE_WAIT_COLOR
09-17 13:34:17.400 18599 18619 I Chess   : Wait for message reconnect receive
09-17 13:34:17.731  1412  2221 I BugleRcsEngine: handleMessage processing message:[NOTIFY_UPTIME_IGNORE_STATE_CHANGED] with [non-null]:RcsEngineImpl reference [CONTEXT log_prefix="RcsEngineImpl[DUAL_REG]:[a2772750-f276]>Handler" thread_id=62 ]
09-17 13:34:17.732   587   748 W IPCThreadState: Sending oneway calls to frozen process.
09-17 13:34:17.732   587   748 W IPCThreadState: Sending oneway calls to frozen process.
09-17 13:34:17.732   587   748 W IPCThreadState: Sending oneway calls to frozen process.
09-17 13:34:17.732   587   748 W IPCThreadState: Sending oneway calls to frozen process.
09-17 13:34:17.733  1412  2043 I BugleRcsEngine: Connected state: [1], networkType: [WIFI] [CONTEXT thread_id=56 ]
09-17 13:34:17.735  1026  2447 I ChimeraSrvcProxy: NullBinder for android.net.action.RECOMMEND_NETWORKS triggering remote TransactionTooLargeException due to Service without Chimera impl
09-17 13:34:17.735  1026  2447 W .gms.persistent: Large reply transaction of 1056768 bytes, interface descriptor , code 1
09-17 13:34:17.736  1412  2221 I BugleRcsEngine: No RCS Configuration was found in Bugle for simID: redacted-pii:sim_id[chars:20,last3:897] [CONTEXT log_prefix="ProvisioningEngineDataRetriever" thread_id=62 ]
09-17 13:34:17.816   587  1421 E TaskPersister: File error accessing recents directory (directory doesn't exist?).
09-17 13:34:18.438 18599 18619 I Chess   : Wait for message reconnect receive
09-17 13:34:18.438 18599 18619 I Chess   : [32mReceive msg |MSG_TYPE_COLOR| ID: [0]
09-17 13:34:18.438 18599 18619 I Chess   : [0m
09-17 13:34:18.474 18599 18619 D EGL_emulation: app_time_stats: avg=45.39ms min=7.10ms max=1036.26ms count=35
09-17 13:34:18.692  3645  3649 I artd    : Dex parent of /data/app/~~F6FUD1ZnMGbTjJkj3UJt_w==/com.google.android.gms-v1onozUYKPoHoTyMDNpjTg==/base.apk is not writable: Permission denied
09-17 13:34:18.692  3645  3649 I artd    : GetBestInfo checking odex in dalvik-cache (/data/dalvik-cache/x86_64/data@app@~~F6FUD1ZnMGbTjJkj3UJt_w==@com.google.android.gms-v1onozUYKPoHoTyMDNpjTg==@base.apk@classes.dex)
09-17 13:34:18.692  3645  3649 I artd    : Loading /data/dalvik-cache/x86_64/data@app@~~F6FUD1ZnMGbTjJkj3UJt_w==@com.google.android.gms-v1onozUYKPoHoTyMDNpjTg==@base.apk@classes.dex with executable: 0
09-17 13:34:18.692  3645  3649 I artd    : OatFileAssistant test for existing oat file /data/dalvik-cache/x86_64/data@app@~~F6FUD1ZnMGbTjJkj3UJt_w==@com.google.android.gms-v1onozUYKPoHoTyMDNpjTg==@base.apk@classes.dex: File /data/dalvik-cache/x86_64/data@app@~~F6FUD1ZnMGbTjJkj3UJt_w==@com.google.android.gms-v1onozUYKPoHoTyMDNpjTg==@base.apk@classes.vdex does not exist.
09-17 13:34:18.692  3645  3649 I artd    : GetBestInfo checking odex next to the dex file (/data/app/~~F6FUD1ZnMGbTjJkj3UJt_w==/com.google.android.gms-v1onozUYKPoHoTyMDNpjTg==/oat/x86_64/base.odex)
09-17 13:34:18.692  3645  3649 I artd    : Loading /data/app/~~F6FUD1ZnMGbTjJkj3UJt_w==/com.google.android.gms-v1onozUYKPoHoTyMDNpjTg==/oat/x86_64/base.odex with executable: 0
09-17 13:34:18.693  3645  3649 I artd    : Successfully loaded /data/app/~~F6FUD1ZnMGbTjJkj3UJt_w==/com.google.android.gms-v1onozUYKPoHoTyMDNpjTg==/oat/x86_64/base.odex with executable: 0
09-17 13:34:18.694  3645  3649 I artd    : /data/app/~~F6FUD1ZnMGbTjJkj3UJt_w==/com.google.android.gms-v1onozUYKPoHoTyMDNpjTg==/oat/x86_64/base.odex is kOatUpToDate with filter speed-profile
09-17 13:34:18.695  3645  3649 I artd    : Dex parent of /data/app/~~F6FUD1ZnMGbTjJkj3UJt_w==/com.google.android.gms-v1onozUYKPoHoTyMDNpjTg==/split_CronetDynamite_installtime.apk is not writable: Permission denied
09-17 13:34:18.695  3645  3649 I artd    : GetBestInfo checking odex in dalvik-cache (/data/dalvik-cache/x86_64/data@app@~~F6FUD1ZnMGbTjJkj3UJt_w==@com.google.android.gms-v1onozUYKPoHoTyMDNpjTg==@split_CronetDynamite_installtime.apk@classes.dex)
09-17 13:34:18.695  3645  3649 I artd    : Loading /data/dalvik-cache/x86_64/data@app@~~F6FUD1ZnMGbTjJkj3UJt_w==@com.google.android.gms-v1onozUYKPoHoTyMDNpjTg==@split_CronetDynamite_installtime.apk@classes.dex with executable: 0
09-17 13:34:18.695  3645  3649 I artd    : OatFileAssistant test for existing oat file /data/dalvik-cache/x86_64/data@app@~~F6FUD1ZnMGbTjJkj3UJt_w==@com.google.android.gms-v1onozUYKPoHoTyMDNpjTg==@split_CronetDynamite_installtime.apk@classes.dex: File /data/dalvik-cache/x86_64/data@app@~~F6FUD1ZnMGbTjJkj3UJt_w==@com.google.android.gms-v1onozUYKPoHoTyMDNpjTg==@split_CronetDynamite_installtime.apk@classes.vdex does not exist.
09-17 13:34:18.695  3645  3649 I artd    : GetBestInfo checking odex next to the dex file (/data/app/~~F6FUD1ZnMGbTjJkj3UJt_w==/com.google.android.gms-v1onozUYKPoHoTyMDNpjTg==/oat/x86_64/split_CronetDynamite_installtime.odex)
09-17 13:34:18.695  3645  3649 I artd    : Loading /data/app/~~F6FUD1ZnMGbTjJkj3UJt_w==/com.google.android.gms-v1onozUYKPoHoTyMDNpjTg==/oat/x86_64/split_CronetDynamite_installtime.odex with executable: 0
09-17 13:34:18.695  3645  3649 I artd    : Successfully loaded /data/app/~~F6FUD1ZnMGbTjJkj3UJt_w==/com.google.android.gms-v1onozUYKPoHoTyMDNpjTg==/oat/x86_64/split_CronetDynamite_installtime.odex with executable: 0
09-17 13:34:18.695  3645  3649 I artd    : /data/app/~~F6FUD1ZnMGbTjJkj3UJt_w==/com.google.android.gms-v1onozUYKPoHoTyMDNpjTg==/oat/x86_64/split_CronetDynamite_installtime.odex is kOatUpToDate with filter speed
09-17 13:34:18.697  3645  3649 I artd    : Dex parent of /data/app/~~F6FUD1ZnMGbTjJkj3UJt_w==/com.google.android.gms-v1onozUYKPoHoTyMDNpjTg==/split_DynamiteModulesA_installtime.apk is not writable: Permission denied
09-17 13:34:18.697  3645  3649 I artd    : GetBestInfo checking odex in dalvik-cache (/data/dalvik-cache/x86_64/data@app@~~F6FUD1ZnMGbTjJkj3UJt_w==@com.google.android.gms-v1onozUYKPoHoTyMDNpjTg==@split_DynamiteModulesA_installtime.apk@classes.dex)
09-17 13:34:18.697  3645  3649 I artd    : Loading /data/dalvik-cache/x86_64/data@app@~~F6FUD1ZnMGbTjJkj3UJt_w==@com.google.android.gms-v1onozUYKPoHoTyMDNpjTg==@split_DynamiteModulesA_installtime.apk@classes.dex with executable: 0
09-17 13:34:18.697  3645  3649 I artd    : OatFileAssistant test for existing oat file /data/dalvik-cache/x86_64/data@app@~~F6FUD1ZnMGbTjJkj3UJt_w==@com.google.android.gms-v1onozUYKPoHoTyMDNpjTg==@split_DynamiteModulesA_installtime.apk@classes.dex: File /data/dalvik-cache/x86_64/data@app@~~F6FUD1ZnMGbTjJkj3UJt_w==@com.google.android.gms-v1onozUYKPoHoTyMDNpjTg==@split_DynamiteModulesA_installtime.apk@classes.vdex does not exist.
09-17 13:34:18.697  3645  3649 I artd    : GetBestInfo checking odex next to the dex file (/data/app/~~F6FUD1ZnMGbTjJkj3UJt_w==/com.google.android.gms-v1onozUYKPoHoTyMDNpjTg==/oat/x86_64/split_DynamiteModulesA_installtime.odex)
09-17 13:34:18.697  3645  3649 I artd    : Loading /data/app/~~F6FUD1ZnMGbTjJkj3UJt_w==/com.google.android.gms-v1onozUYKPoHoTyMDNpjTg==/oat/x86_64/split_DynamiteModulesA_installtime.odex with executable: 0
09-17 13:34:18.697  3645  3649 I artd    : Successfully loaded /data/app/~~F6FUD1ZnMGbTjJkj3UJt_w==/com.google.android.gms-v1onozUYKPoHoTyMDNpjTg==/oat/x86_64/split_DynamiteModulesA_installtime.odex with executable: 0
09-17 13:34:18.697  3645  3649 I artd    : /data/app/~~F6FUD1ZnMGbTjJkj3UJt_w==/com.google.android.gms-v1onozUYKPoHoTyMDNpjTg==/oat/x86_64/split_DynamiteModulesA_installtime.odex is kOatUpToDate with filter speed
09-17 13:34:18.698  3645  3785 I artd    : Dex parent of /data/app/~~F6FUD1ZnMGbTjJkj3UJt_w==/com.google.android.gms-v1onozUYKPoHoTyMDNpjTg==/split_DynamiteModulesC_installtime.apk is not writable: Permission denied
09-17 13:34:18.698  3645  3785 I artd    : GetBestInfo checking odex in dalvik-cache (/data/dalvik-cache/x86_64/data@app@~~F6FUD1ZnMGbTjJkj3UJt_w==@com.google.android.gms-v1onozUYKPoHoTyMDNpjTg==@split_DynamiteModulesC_installtime.apk@classes.dex)
09-17 13:34:18.698  3645  3785 I artd    : Loading /data/dalvik-cache/x86_64/data@app@~~F6FUD1ZnMGbTjJkj3UJt_w==@com.google.android.gms-v1onozUYKPoHoTyMDNpjTg==@split_DynamiteModulesC_installtime.apk@classes.dex with executable: 0
09-17 13:34:18.698  3645  3785 I artd    : OatFileAssistant test for existing oat file /data/dalvik-cache/x86_64/data@app@~~F6FUD1ZnMGbTjJkj3UJt_w==@com.google.android.gms-v1onozUYKPoHoTyMDNpjTg==@split_DynamiteModulesC_installtime.apk@classes.dex: File /data/dalvik-cache/x86_64/data@app@~~F6FUD1ZnMGbTjJkj3UJt_w==@com.google.android.gms-v1onozUYKPoHoTyMDNpjTg==@split_DynamiteModulesC_installtime.apk@classes.vdex does not exist.
09-17 13:34:18.698  3645  3785 I artd    : GetBestInfo checking odex next to the dex file (/data/app/~~F6FUD1ZnMGbTjJkj3UJt_w==/com.google.android.gms-v1onozUYKPoHoTyMDNpjTg==/oat/x86_64/split_DynamiteModulesC_installtime.odex)
09-17 13:34:18.698  3645  3785 I artd    : Loading /data/app/~~F6FUD1ZnMGbTjJkj3UJt_w==/com.google.android.gms-v1onozUYKPoHoTyMDNpjTg==/oat/x86_64/split_DynamiteModulesC_installtime.odex with executable: 0
09-17 13:34:18.699  3645  3785 I artd    : Successfully loaded /data/app/~~F6FUD1ZnMGbTjJkj3UJt_w==/com.google.android.gms-v1onozUYKPoHoTyMDNpjTg==/oat/x86_64/split_DynamiteModulesC_installtime.odex with executable: 0
09-17 13:34:18.699  3645  3785 I artd    : /data/app/~~F6FUD1ZnMGbTjJkj3UJt_w==/com.google.android.gms-v1onozUYKPoHoTyMDNpjTg==/oat/x86_64/split_DynamiteModulesC_installtime.odex is kOatUpToDate with filter speed
09-17 13:34:18.700  3645  3649 I artd    : Dex parent of /data/app/~~F6FUD1ZnMGbTjJkj3UJt_w==/com.google.android.gms-v1onozUYKPoHoTyMDNpjTg==/split_GoogleCertificates_installtime.apk is not writable: Permission denied
09-17 13:34:18.700  3645  3649 I artd    : GetBestInfo checking odex in dalvik-cache (/data/dalvik-cache/x86_64/data@app@~~F6FUD1ZnMGbTjJkj3UJt_w==@com.google.android.gms-v1onozUYKPoHoTyMDNpjTg==@split_GoogleCertificates_installtime.apk@classes.dex)
09-17 13:34:18.700  3645  3649 I artd    : Loading /data/dalvik-cache/x86_64/data@app@~~F6FUD1ZnMGbTjJkj3UJt_w==@com.google.android.gms-v1onozUYKPoHoTyMDNpjTg==@split_GoogleCertificates_installtime.apk@classes.dex with executable: 0
09-17 13:34:18.700  3645  3649 I artd    : OatFileAssistant test for existing oat file /data/dalvik-cache/x86_64/data@app@~~F6FUD1ZnMGbTjJkj3UJt_w==@com.google.android.gms-v1onozUYKPoHoTyMDNpjTg==@split_GoogleCertificates_installtime.apk@classes.dex: File /data/dalvik-cache/x86_64/data@app@~~F6FUD1ZnMGbTjJkj3UJt_w==@com.google.android.gms-v1onozUYKPoHoTyMDNpjTg==@split_GoogleCertificates_installtime.apk@classes.vdex does not exist.
09-17 13:34:18.700  3645  3649 I artd    : GetBestInfo checking odex next to the dex file (/data/app/~~F6FUD1ZnMGbTjJkj3UJt_w==/com.google.android.gms-v1onozUYKPoHoTyMDNpjTg==/oat/x86_64/split_GoogleCertificates_installtime.odex)
09-17 13:34:18.700  3645  3649 I artd    : Loading /data/app/~~F6FUD1ZnMGbTjJkj3UJt_w==/com.google.android.gms-v1onozUYKPoHoTyMDNpjTg==/oat/x86_64/split_GoogleCertificates_installtime.odex with executable: 0
09-17 13:34:18.700  3645  3649 I artd    : Successfully loaded /data/app/~~F6FUD1ZnMGbTjJkj3UJt_w==/com.google.android.gms-v1onozUYKPoHoTyMDNpjTg==/oat/x86_64/split_GoogleCertificates_installtime.odex with executable: 0
09-17 13:34:18.701  3645  3649 I artd    : /data/app/~~F6FUD1ZnMGbTjJkj3UJt_w==/com.google.android.gms-v1onozUYKPoHoTyMDNpjTg==/oat/x86_64/split_GoogleCertificates_installtime.odex is kOatUpToDate with filter speed
09-17 13:34:18.702  3645  3649 I artd    : Dex parent of /data/app/~~F6FUD1ZnMGbTjJkj3UJt_w==/com.google.android.gms-v1onozUYKPoHoTyMDNpjTg==/split_MapsDynamite_installtime.apk is not writable: Permission denied
09-17 13:34:18.702  3645  3649 I artd    : GetBestInfo checking odex in dalvik-cache (/data/dalvik-cache/x86_64/data@app@~~F6FUD1ZnMGbTjJkj3UJt_w==@com.google.android.gms-v1onozUYKPoHoTyMDNpjTg==@split_MapsDynamite_installtime.apk@classes.dex)
09-17 13:34:18.702  3645  3649 I artd    : Loading /data/dalvik-cache/x86_64/data@app@~~F6FUD1ZnMGbTjJkj3UJt_w==@com.google.android.gms-v1onozUYKPoHoTyMDNpjTg==@split_MapsDynamite_installtime.apk@classes.dex with executable: 0
09-17 13:34:18.702  3645  3649 I artd    : OatFileAssistant test for existing oat file /data/dalvik-cache/x86_64/data@app@~~F6FUD1ZnMGbTjJkj3UJt_w==@com.google.android.gms-v1onozUYKPoHoTyMDNpjTg==@split_MapsDynamite_installtime.apk@classes.dex: File /data/dalvik-cache/x86_64/data@app@~~F6FUD1ZnMGbTjJkj3UJt_w==@com.google.android.gms-v1onozUYKPoHoTyMDNpjTg==@split_MapsDynamite_installtime.apk@classes.vdex does not exist.
09-17 13:34:18.702  3645  3649 I artd    : GetBestInfo checking odex next to the dex file (/data/app/~~F6FUD1ZnMGbTjJkj3UJt_w==/com.google.android.gms-v1onozUYKPoHoTyMDNpjTg==/oat/x86_64/split_MapsDynamite_installtime.odex)
09-17 13:34:18.702  3645  3649 I artd    : Loading /data/app/~~F6FUD1ZnMGbTjJkj3UJt_w==/com.google.android.gms-v1onozUYKPoHoTyMDNpjTg==/oat/x86_64/split_MapsDynamite_installtime.odex with executable: 0
09-17 13:34:18.702  3645  3649 I artd    : Successfully loaded /data/app/~~F6FUD1ZnMGbTjJkj3UJt_w==/com.google.android.gms-v1onozUYKPoHoTyMDNpjTg==/oat/x86_64/split_MapsDynamite_installtime.odex with executable: 0
09-17 13:34:18.702  3645  3649 I artd    : /data/app/~~F6FUD1ZnMGbTjJkj3UJt_w==/com.google.android.gms-v1onozUYKPoHoTyMDNpjTg==/oat/x86_64/split_MapsDynamite_installtime.odex is kOatUpToDate with filter speed
09-17 13:34:18.703  3645  3649 I artd    : Dex parent of /data/app/~~F6FUD1ZnMGbTjJkj3UJt_w==/com.google.android.gms-v1onozUYKPoHoTyMDNpjTg==/split_MeasurementDynamite_installtime.apk is not writable: Permission denied
09-17 13:34:18.703  3645  3649 I artd    : GetBestInfo checking odex in dalvik-cache (/data/dalvik-cache/x86_64/data@app@~~F6FUD1ZnMGbTjJkj3UJt_w==@com.google.android.gms-v1onozUYKPoHoTyMDNpjTg==@split_MeasurementDynamite_installtime.apk@classes.dex)
09-17 13:34:18.703  3645  3649 I artd    : Loading /data/dalvik-cache/x86_64/data@app@~~F6FUD1ZnMGbTjJkj3UJt_w==@com.google.android.gms-v1onozUYKPoHoTyMDNpjTg==@split_MeasurementDynamite_installtime.apk@classes.dex with executable: 0
09-17 13:34:18.703  3645  3649 I artd    : OatFileAssistant test for existing oat file /data/dalvik-cache/x86_64/data@app@~~F6FUD1ZnMGbTjJkj3UJt_w==@com.google.android.gms-v1onozUYKPoHoTyMDNpjTg==@split_MeasurementDynamite_installtime.apk@classes.dex: File /data/dalvik-cache/x86_64/data@app@~~F6FUD1ZnMGbTjJkj3UJt_w==@com.google.android.gms-v1onozUYKPoHoTyMDNpjTg==@split_MeasurementDynamite_installtime.apk@classes.vdex does not exist.
09-17 13:34:18.703  3645  3649 I artd    : GetBestInfo checking odex next to the dex file (/data/app/~~F6FUD1ZnMGbTjJkj3UJt_w==/com.google.android.gms-v1onozUYKPoHoTyMDNpjTg==/oat/x86_64/split_MeasurementDynamite_installtime.odex)
09-17 13:34:18.703  3645  3649 I artd    : Loading /data/app/~~F6FUD1ZnMGbTjJkj3UJt_w==/com.google.android.gms-v1onozUYKPoHoTyMDNpjTg==/oat/x86_64/split_MeasurementDynamite_installtime.odex with executable: 0
09-17 13:34:18.704  3645  3649 I artd    : Successfully loaded /data/app/~~F6FUD1ZnMGbTjJkj3UJt_w==/com.google.android.gms-v1onozUYKPoHoTyMDNpjTg==/oat/x86_64/split_MeasurementDynamite_installtime.odex with executable: 0
09-17 13:34:18.704  3645  3649 I artd    : /data/app/~~F6FUD1ZnMGbTjJkj3UJt_w==/com.google.android.gms-v1onozUYKPoHoTyMDNpjTg==/oat/x86_64/split_MeasurementDynamite_installtime.odex is kOatUpToDate with filter speed
09-17 13:34:18.705  3645  3649 I artd    : Dex parent of /data/app/~~F6FUD1ZnMGbTjJkj3UJt_w==/com.google.android.gms-v1onozUYKPoHoTyMDNpjTg==/split_all_locale_splits.apk is not writable: Permission denied
09-17 13:34:18.705  3645  3649 I artd    : GetBestInfo checking odex in dalvik-cache (/data/dalvik-cache/x86_64/data@app@~~F6FUD1ZnMGbTjJkj3UJt_w==@com.google.android.gms-v1onozUYKPoHoTyMDNpjTg==@split_all_locale_splits.apk@classes.dex)
09-17 13:34:18.705  3645  3649 I artd    : Loading /data/dalvik-cache/x86_64/data@app@~~F6FUD1ZnMGbTjJkj3UJt_w==@com.google.android.gms-v1onozUYKPoHoTyMDNpjTg==@split_all_locale_splits.apk@classes.dex with executable: 0
09-17 13:34:18.705  3645  3649 I artd    : OatFileAssistant test for existing oat file /data/dalvik-cache/x86_64/data@app@~~F6FUD1ZnMGbTjJkj3UJt_w==@com.google.android.gms-v1onozUYKPoHoTyMDNpjTg==@split_all_locale_splits.apk@classes.dex: File /data/dalvik-cache/x86_64/data@app@~~F6FUD1ZnMGbTjJkj3UJt_w==@com.google.android.gms-v1onozUYKPoHoTyMDNpjTg==@split_all_locale_splits.apk@classes.vdex does not exist.
09-17 13:34:18.705  3645  3649 I artd    : GetBestInfo checking odex next to the dex file (/data/app/~~F6FUD1ZnMGbTjJkj3UJt_w==/com.google.android.gms-v1onozUYKPoHoTyMDNpjTg==/oat/x86_64/split_all_locale_splits.odex)
09-17 13:34:18.705  3645  3649 I artd    : Loading /data/app/~~F6FUD1ZnMGbTjJkj3UJt_w==/com.google.android.gms-v1onozUYKPoHoTyMDNpjTg==/oat/x86_64/split_all_locale_splits.odex with executable: 0
09-17 13:34:18.705  3645  3649 I artd    : Successfully loaded /data/app/~~F6FUD1ZnMGbTjJkj3UJt_w==/com.google.android.gms-v1onozUYKPoHoTyMDNpjTg==/oat/x86_64/split_all_locale_splits.odex with executable: 0
09-17 13:34:18.706  3645  3649 I artd    : /data/app/~~F6FUD1ZnMGbTjJkj3UJt_w==/com.google.android.gms-v1onozUYKPoHoTyMDNpjTg==/oat/x86_64/split_all_locale_splits.odex is kOatUpToDate with filter speed
