09-17 13:34:24.071  1086  1742 D OneSearchSuggestProvider: 	at java.util.concurrent.CompletableFuture.completeThrowable(CompletableFuture.java:323)
09-17 13:34:24.071  1086  1742 D OneSearchSuggestProvider: 	at java.util.concurrent.CompletableFuture$UniAccept.tryFire(CompletableFuture.java:684)
09-17 13:34:24.071  1086  1742 D OneSearchSuggestProvider: 	at java.util.concurrent.CompletableFuture.postComplete(CompletableFuture.java:486)
09-17 13:34:24.071  1086  1742 D OneSearchSuggestProvider: 	at java.util.concurrent.CompletableFuture.completeExceptionally(CompletableFuture.java:2138)
09-17 13:34:24.071  1086  1742 D OneSearchSuggestProvider: 	at com.google.android.apps.nexuslauncher.allapps.E0.onResult(go/retraceme 2855a437b73635ce9cad76b9289087e631bbb67fc90008a0da13d343a00e5041:67)
09-17 13:34:24.071  1086  1742 D OneSearchSuggestProvider: 	at android.app.appsearch.SearchSessionUtil$1.lambda$onResult$0(go/retraceme 64eee9e9f568ff45978879ad2ff83146f2618ee8a88278736fbdf5fae931976e:144)
09-17 13:34:24.071  1086  1742 D OneSearchSuggestProvider: 	at android.app.appsearch.SearchSessionUtil$1.$r8$lambda$CEk3q8sDAQVhU3rQwVueB8FAj_M(go/retraceme 64eee9e9f568ff45978879ad2ff83146f2618ee8a88278736fbdf5fae931976e:1)
09-17 13:34:24.071  1086  1742 D OneSearchSuggestProvider: 	at android.app.appsearch.SearchSessionUtil$1$$ExternalSyntheticLambda0.run(go/retraceme 64eee9e9f568ff45978879ad2ff83146f2618ee8a88278736fbdf5fae931976e:22)
09-17 13:34:24.071  1086  1742 D OneSearchSuggestProvider: 	at android.os.Handler.handleCallback(Handler.java:959)
09-17 13:34:24.071  1086  1742 D OneSearchSuggestProvider: 	at android.os.Handler.dispatchMessage(Handler.java:100)
09-17 13:34:24.071  1086  1742 D OneSearchSuggestProvider: 	at android.os.Looper.loopOnce(Looper.java:232)
09-17 13:34:24.071  1086  1742 D OneSearchSuggestProvider: 	at android.os.Looper.loop(Looper.java:317)
09-17 13:34:24.071  1086  1742 D OneSearchSuggestProvider: 	at android.os.HandlerThread.run(HandlerThread.java:85)
09-17 13:34:24.071  1086  1742 D OneSearchSuggestProvider: Caused by: java.util.NoSuchElementException: No value present
09-17 13:34:24.071  1086  1742 D OneSearchSuggestProvider: 	at java.util.Optional.get(Optional.java:143)
09-17 13:34:24.071  1086  1742 D OneSearchSuggestProvider: 	at com.google.android.apps.nexuslauncher.allapps.E0.onResult(go/retraceme 2855a437b73635ce9cad76b9289087e631bbb67fc90008a0da13d343a00e5041:28)
09-17 13:34:24.071  1086  1742 D OneSearchSuggestProvider: 	... 8 more
09-17 13:34:24.072  5125  5133 W .apps.wellbeing: ApkAssets: Deleting an ApkAssets object '<empty> and /apex/com.android.adservices/priv-app/AdServicesApkGoogle@350820260/AdServicesApkGoogle.apk' with 1 weak references
09-17 13:34:24.072  1086  1742 D OneSearchSuggestProvider: Created the binder channel successfully for end point service =com.google.android.apps.search.googleapp.search.suggest.plugins.onesearch.server.OneSearchSuggestService , mChannel=i1{delegate=f{logId=257, target=directaddress:///AndroidComponentAddress%5BIntent%20%7B%20act=grpc.io.action.BIND%20cmp=com.google.android.googlequicksearchbox/com.google.android.apps.search.googleapp.search.suggest.plugins.onesearch.server.OneSearchSuggestService%20%7D%5D}} , mOneSearchConnection=l2.Z@fb0bc47
09-17 13:34:24.072 18633 18633 E crash_dump64: failed to get the guest state header for thread 18602: Bad address
09-17 13:34:24.073 18633 18633 E crash_dump64: failed to get the guest state header for thread 18603: Bad address
09-17 13:34:24.073  5125  5133 W .apps.wellbeing: ApkAssets: Deleting an ApkAssets object '<empty> and /product/overlay/DisplayCutoutEmulationHole/DisplayCutoutEmulationHoleOverlay.apk' with 1 weak references
09-17 13:34:24.073  5125  5133 W .apps.wellbeing: ApkAssets: Deleting an ApkAssets object '<empty> and /product/overlay/DisplayCutoutEmulationTall/DisplayCutoutEmulationTallOverlay.apk' with 1 weak references
09-17 13:34:24.073  5125  5133 W .apps.wellbeing: ApkAssets: Deleting an ApkAssets object '<empty> and /system/app/CertInstaller/CertInstaller.apk' with 1 weak references
09-17 13:34:24.073  5125  5133 W .apps.wellbeing: ApkAssets: Deleting an ApkAssets object '<empty> and /product/app/talkback/talkback.apk' with 1 weak references
09-17 13:34:24.073  5125  5133 W .apps.wellbeing: ApkAssets: Deleting an ApkAssets object '/vendor/overlay/EmulatorTalkBackOverlay/EmulatorTalkBackOverlay.apk' with 1 weak references
09-17 13:34:24.073  5125  5133 W .apps.wellbeing: ApkAssets: Deleting an ApkAssets object '<empty> and /product/overlay/NavigationBarMode3Button/NavigationBarMode3ButtonOverlay.apk' with 1 weak references
09-17 13:34:24.074  5125  5133 W .apps.wellbeing: ApkAssets: Deleting an ApkAssets object '<empty> and /product/app/Camera2/Camera2.apk' with 1 weak references
09-17 13:34:24.074  5125  5133 W .apps.wellbeing: ApkAssets: Deleting an ApkAssets object '<empty> and /system/app/EasterEgg/EasterEgg.apk' with 1 weak references
09-17 13:34:24.075  5125  5133 W .apps.wellbeing: ApkAssets: Deleting an ApkAssets object '<empty> and /system/priv-app/MtpService/MtpService.apk' with 1 weak references
09-17 13:34:24.075  5125  5133 W .apps.wellbeing: ApkAssets: Deleting an ApkAssets object '<empty> and /apex/com.android.nfcservices/priv-app/NfcNciApexGoogle@AE3A.240806.005/NfcNciApexGoogle.apk' with 1 weak references
09-17 13:34:24.075  5125  5133 W .apps.wellbeing: ApkAssets: Deleting an ApkAssets object '<empty> and /system/app/Stk/Stk.apk' with 1 weak references
09-17 13:34:24.075  5125  5133 W .apps.wellbeing: ApkAssets: Deleting an ApkAssets object '<empty> and /product/app/PrebuiltDeskClockGoogle/PrebuiltDeskClockGoogle.apk' with 1 weak references
09-17 13:34:24.075  5125  5133 W .apps.wellbeing: ApkAssets: Deleting an ApkAssets object '<empty> and /product/overlay/NavigationBarMode2Button/NavigationBarMode2ButtonOverlay.apk' with 1 weak references
09-17 13:34:24.075  5125  5133 W .apps.wellbeing: ApkAssets: Deleting an ApkAssets object '<empty> and /product/priv-app/DevicePersonalizationPrebuiltPixel2021-aiai_20240329.00_RC16/DevicePersonalizationPrebuiltPixel2021-aiai_20240329.00_RC16.apk' with 1 weak references
09-17 13:34:24.075  5125  5133 W .apps.wellbeing: ApkAssets: Deleting an ApkAssets object '<empty> and /product/app/PrebuiltGmail/PrebuiltGmail.apk' with 1 weak references
09-17 13:34:24.076   428   428 I adbd    : Remote process closed the socket (on MSG_PEEK)
09-17 13:34:24.076  5125  5133 W .apps.wellbeing: ApkAssets: Deleting an ApkAssets object '<empty> and /apex/com.android.permission/priv-app/GooglePermissionController@350820360/GooglePermissionController.apk' with 1 weak references
09-17 13:34:24.076  5125  5133 W .apps.wellbeing: ApkAssets: Deleting an ApkAssets object '/product/overlay/GooglePermissionControllerOverlay.apk' with 1 weak references
09-17 13:34:24.076  5125  5133 W .apps.wellbeing: ApkAssets: Deleting an ApkAssets object '<empty> and /apex/com.android.btservices/app/BluetoothGoogle@342010060/BluetoothGoogle.apk' with 1 weak references
09-17 13:34:24.078  5125  5133 W .apps.wellbeing: ApkAssets: Deleting an ApkAssets object '<empty> and /system/priv-app/SettingsProvider/SettingsProvider.apk' with 1 weak references
09-17 13:34:24.078  5125  5133 W .apps.wellbeing: ApkAssets: Deleting an ApkAssets object '/product/overlay/LargeScreenSettingsProviderOverlay.apk' with 1 weak references
09-17 13:34:24.078  5125  5133 W .apps.wellbeing: ApkAssets: Deleting an ApkAssets object '/product/overlay/SettingsProvider__sdk_gphone64_x86_64__auto_generated_rro_product.apk' with 1 weak references
09-17 13:34:24.078  5125  5133 W .apps.wellbeing: ApkAssets: Deleting an ApkAssets object '<empty> and /system/app/PrintSpooler/PrintSpooler.apk' with 1 weak references
09-17 13:34:24.078  5125  5133 W .apps.wellbeing: ApkAssets: Deleting an ApkAssets object '<empty> and /system/app/BasicDreams/BasicDreams.apk' with 1 weak references
09-17 13:34:24.078  5125  5133 W .apps.wellbeing: ApkAssets: Deleting an ApkAssets object '<empty> and /product/priv-app/DeviceIntelligenceNetworkPrebuilt-astrea_20240329.00_RC02/DeviceIntelligenceNetworkPrebuilt-astrea_20240329.00_RC02.apk' with 1 weak references
09-17 13:34:24.078  5125  5133 W .apps.wellbeing: ApkAssets: Deleting an ApkAssets object '<empty> and /system/priv-app/InputDevices/InputDevices.apk' with 1 weak references
09-17 13:34:24.078  5125  5133 W .apps.wellbeing: ApkAssets: Deleting an ApkAssets object '<empty> and /apex/com.android.devicelock/priv-app/DeviceLockControllerGoogle@AE3A.240806.005/DeviceLockControllerGoogle.apk' with 1 weak references
09-17 13:34:24.078  5125  5133 W .apps.wellbeing: ApkAssets: Deleting an ApkAssets object '<empty> and /product/priv-app/GoogleDialer/GoogleDialer.apk' with 1 weak references
09-17 13:34:24.078  5125  5133 W .apps.wellbeing: ApkAssets: Deleting an ApkAssets object '<empty> and /system/priv-app/BuiltInPrintService/BuiltInPrintService.apk' with 1 weak references
09-17 13:34:24.078  5125  5133 W .apps.wellbeing: ApkAssets: Deleting an ApkAssets object '/product/overlay/BuiltInPrintService__sdk_gphone64_x86_64__auto_generated_rro_product.apk' with 1 weak references
09-17 13:34:24.078  5125  5133 W .apps.wellbeing: ApkAssets: Deleting an ApkAssets object '<empty> and /system/app/CaptivePortalLoginGoogle/CaptivePortalLoginGoogle.apk' with 1 weak references
09-17 13:34:24.078  5125  5133 W .apps.wellbeing: ApkAssets: Deleting an ApkAssets object '<empty> and /system/priv-app/MusicFX/MusicFX.apk' with 1 weak references
09-17 13:34:24.079  5125  5133 W .apps.wellbeing: ApkAssets: Deleting an ApkAssets object '<empty> and /product/app/Drive/Drive.apk' with 1 weak references
09-17 13:34:24.079  5125  5133 W .apps.wellbeing: ApkAssets: Deleting an ApkAssets object '<empty> and /product/app/Maps/Maps.apk' with 1 weak references
09-17 13:34:24.079  5125  5133 W .apps.wellbeing: ApkAssets: Deleting an ApkAssets object '<empty> and /product/app/ModuleMetadataGoogle/ModuleMetadataGoogle.apk' with 1 weak references
09-17 13:34:24.079  5125  5133 W .apps.wellbeing: ApkAssets: Deleting an ApkAssets object '<empty> and /product/overlay/DisplayCutoutEmulationEmu01/DisplayCutoutEmulationEmu01Overlay.apk' with 1 weak references
09-17 13:34:24.079  5125  5133 W .apps.wellbeing: ApkAssets: Deleting an ApkAssets object '<empty> and /system_ext/priv-app/AvatarPickerGoogle/AvatarPickerGoogle.apk' with 1 weak references
09-17 13:34:24.079  5125  5133 W .apps.wellbeing: ApkAssets: Deleting an ApkAssets object '<empty> and /product/app/MarkupGoogle_v2/MarkupGoogle_v2.apk' with 1 weak references
09-17 13:34:24.080  5125  5133 W .apps.wellbeing: ApkAssets: Deleting an ApkAssets object '<empty> and /system/priv-app/NetworkStackGoogle/NetworkStackGoogle.apk' with 1 weak references
09-17 13:34:24.080 18633 18633 E crash_dump64: failed to get the guest state header for thread 18604: Bad address
09-17 13:34:24.080  5125  5133 W .apps.wellbeing: ApkAssets: Deleting an ApkAssets object '<empty> and /apex/com.android.rkpd/priv-app/rkpdapp.google@350820300/rkpdapp.google.apk' with 1 weak references
09-17 13:34:24.080  5125  5133 W .apps.wellbeing: ApkAssets: Deleting an ApkAssets object '<empty> and /product/app/GoogleContacts/GoogleContacts.apk' with 1 weak references
09-17 13:34:24.080 13839 13839 I A       : (REDACTED) Created gRPC endpoint for service %s
09-17 13:34:24.082  5125  5133 W .apps.wellbeing: ApkAssets: Deleting an ApkAssets object '<empty> and /system/priv-app/Telecom/Telecom.apk' with 1 weak references
09-17 13:34:24.083  5125  5133 W .apps.wellbeing: ApkAssets: Deleting an ApkAssets object '/product/overlay/Telecom__sdk_gphone64_x86_64__auto_generated_rro_product.apk' with 1 weak references
09-17 13:34:24.083  5125  5133 W .apps.wellbeing: ApkAssets: Deleting an ApkAssets object '<empty> and /system/app/KeyChain/KeyChain.apk' with 1 weak references
09-17 13:34:24.083  5125  5133 W .apps.wellbeing: ApkAssets: Deleting an ApkAssets object '<empty> and /data/app/~~Iv91qSvaAliTH8OgixTHhw==/com.android.chrome-yPFqMbW6xTdBJX1FjNbL_g==/Chrome.apk' with 1 weak references
09-17 13:34:24.083  5125  5133 W .apps.wellbeing: ApkAssets: Deleting an ApkAssets object '<empty> and /data/app/~~anxw8c0JgL-xmWAF_ojINw==/com.google.android.trichromelibrary_636771938-ZqIvTUuJl25dVZ-KmAZfsg==/TrichromeLibrary.apk' with 1 weak references
09-17 13:34:24.083  5125  5133 W .apps.wellbeing: ApkAssets: Deleting an ApkAssets object '<empty> and /system/priv-app/GooglePackageInstaller/GooglePackageInstaller.apk' with 1 weak references
09-17 13:34:24.083  5125  5133 W .apps.wellbeing: ApkAssets: Deleting an ApkAssets object '<empty> and /product/app/PixelThemesStub/PixelThemesStub.apk' with 1 weak references
09-17 13:34:24.083  5125  5133 W .apps.wellbeing: ApkAssets: Deleting an ApkAssets object '<empty> and /system_ext/priv-app/GoogleServicesFramework/GoogleServicesFramework.apk' with 1 weak references
09-17 13:34:24.083  5125  5133 W .apps.wellbeing: ApkAssets: Deleting an ApkAssets object '<empty> and /system/priv-app/TagGoogle/TagGoogle.apk' with 1 weak references
09-17 13:34:24.083  5125  5133 W .apps.wellbeing: ApkAssets: Deleting an ApkAssets object '<empty> and /product/app/GoogleTTS/GoogleTTS.apk' with 1 weak references
09-17 13:34:24.084  5125  5133 W .apps.wellbeing: ApkAssets: Deleting an ApkAssets object '<empty> and /system/priv-app/CallLogBackup/CallLogBackup.apk' with 1 weak references
09-17 13:34:24.084  5125  5133 W .apps.wellbeing: ApkAssets: Deleting an ApkAssets object '<empty> and /product/priv-app/PartnerSetupPrebuilt/PartnerSetupPrebuilt.apk' with 1 weak references
09-17 13:34:24.084  5125  5133 W .apps.wellbeing: ApkAssets: Deleting an ApkAssets object '<empty> and /system/app/CameraExtensionsProxy/CameraExtensionsProxy.apk' with 1 weak references
09-17 13:34:24.084  5125  5133 W .apps.wellbeing: ApkAssets: Deleting an ApkAssets object '<empty> and /product/app/NexusWallpapersStubPrebuilt2018/NexusWallpapersStubPrebuilt2018.apk' with 1 weak references
09-17 13:34:24.084  5125  5133 W .apps.wellbeing: ApkAssets: Deleting an ApkAssets object '<empty> and /system_ext/priv-app/NexusLauncherRelease/NexusLauncherRelease.apk' with 1 weak references
09-17 13:34:24.084  5125  5133 W .apps.wellbeing: ApkAssets: Deleting an ApkAssets object '<empty> and /system/app/CarrierDefaultApp/CarrierDefaultApp.apk' with 1 weak references
09-17 13:34:24.084  5125  5133 W .apps.wellbeing: ApkAssets: Deleting an ApkAssets object '<empty> and /system/priv-app/CredentialManager/CredentialManager.apk' with 1 weak references
09-17 13:34:24.084  5125  5133 W .apps.wellbeing: ApkAssets: Deleting an ApkAssets object '<empty> and /product/overlay/FontNotoSerifSource/FontNotoSerifSourceOverlay.apk' with 1 weak references
09-17 13:34:24.084  5125  5133 W .apps.wellbeing: ApkAssets: Deleting an ApkAssets object '<empty> and /system/priv-app/DeviceAsWebcam/DeviceAsWebcam.apk' with 1 weak references
09-17 13:34:24.084  5125  5133 W .apps.wellbeing: ApkAssets: Deleting an ApkAssets object '<empty> and /system/priv-app/ProxyHandler/ProxyHandler.apk' with 1 weak references
09-17 13:34:24.084  5125  5133 W .apps.wellbeing: ApkAssets: Deleting an ApkAssets object '<empty> and /apex/com.android.permission/priv-app/GoogleSafetyCenterResources@350820360/GoogleSafetyCenterResources.apk' with 1 weak references
09-17 13:34:24.084  5125  5133 W .apps.wellbeing: ApkAssets: Deleting an ApkAssets object '<empty> and /product/overlay/DisplayCutoutEmulationWaterfall/DisplayCutoutEmulationWaterfallOverlay.apk' with 1 weak references
09-17 13:34:24.084  5125  5133 W .apps.wellbeing: ApkAssets: Deleting an ApkAssets object '<empty> and /system/priv-app/IntentResolver/IntentResolver.apk' with 1 weak references
09-17 13:34:24.084  5125  5133 W .apps.wellbeing: ApkAssets: Deleting an ApkAssets object '<empty> and /product/overlay/TransparentNavigationBar/TransparentNavigationBarOverlay.apk' with 1 weak references
09-17 13:34:24.084  5125  5133 W .apps.wellbeing: ApkAssets: Deleting an ApkAssets object '<empty> and /system/priv-app/E2eeContactKeysProvider/E2eeContactKeysProvider.apk' with 1 weak references
09-17 13:34:24.084  5125  5133 W .apps.wellbeing: ApkAssets: Deleting an ApkAssets object '<empty> and /apex/com.android.tethering/priv-app/ServiceConnectivityResourcesGoogle@350820300/ServiceConnectivityResourcesGoogle.apk' with 1 weak references
09-17 13:34:24.084  5125  5133 W .apps.wellbeing: ApkAssets: Deleting an ApkAssets object '/vendor/overlay/goldfish_overlay_connectivity_google.apk' with 1 weak references
09-17 13:34:24.085  5125  5133 W .apps.wellbeing: ApkAssets: Deleting an ApkAssets object '<empty> and /system_ext/priv-app/GoogleFeedback/GoogleFeedback.apk' with 1 weak references
09-17 13:34:24.086  5125  5133 W .apps.wellbeing: ApkAssets: Deleting an ApkAssets object '<empty> and /system/app/GooglePrintRecommendationService/GooglePrintRecommendationService.apk' with 1 weak references
09-17 13:34:24.086  5125  5133 W .apps.wellbeing: ApkAssets: Deleting an ApkAssets object '<empty> and /product/app/Photos/Photos.apk' with 1 weak references
09-17 13:34:24.087  5125  5133 W .apps.wellbeing: ApkAssets: Deleting an ApkAssets object '<empty> and /product/app/CalendarGooglePrebuilt/CalendarGooglePrebuilt.apk' with 1 weak references
09-17 13:34:24.088  5125  5133 W .apps.wellbeing: ApkAssets: Deleting an ApkAssets object '<empty> and /system/priv-app/ManagedProvisioning/ManagedProvisioning.apk' with 1 weak references
09-17 13:34:24.088  5125  5133 W .apps.wellbeing: ApkAssets: Deleting an ApkAssets object '<empty> and /system/priv-app/SoundPicker/SoundPicker.apk' with 1 weak references
09-17 13:34:24.088  5125  5133 W .apps.wellbeing: ApkAssets: Deleting an ApkAssets object '<empty> and /system/priv-app/DocumentsUIGoogle/DocumentsUIGoogle.apk' with 1 weak references
09-17 13:34:24.088  5125  5133 W .apps.wellbeing: ApkAssets: Deleting an ApkAssets object '<empty> and /product/app/PrebuiltGoogleTelemetryTvp/PrebuiltGoogleTelemetryTvp.apk' with 1 weak references
09-17 13:34:24.089  5125  5133 W .apps.wellbeing: ApkAssets: Deleting an ApkAssets object '<empty> and /system_ext/priv-app/MultiDisplayProvider/MultiDisplayProvider.apk' with 1 weak references
09-17 13:34:24.089  5125  5133 W .apps.wellbeing: ApkAssets: Deleting an ApkAssets object '<empty> and /system/priv-app/DeviceDiagnostics/DeviceDiagnostics.apk' with 1 weak references
09-17 13:34:24.090  5125  5133 W .apps.wellbeing: ApkAssets: Deleting an ApkAssets object '/product/overlay/DeviceDiagnostics__sdk_gphone64_x86_64__auto_generated_rro_product.apk' with 1 weak references
09-17 13:34:24.090  5125  5133 W .apps.wellbeing: ApkAssets: Deleting an ApkAssets object '<empty> and /product/overlay/NotesRoleEnabled/NotesRoleEnabledOverlay.apk' with 1 weak references
09-17 13:34:24.090  5125  5133 W .apps.wellbeing: ApkAssets: Deleting an ApkAssets object '<empty> and /system/priv-app/LiveWallpapersPicker/LiveWallpapersPicker.apk' with 1 weak references
09-17 13:34:24.090  5125  5133 W .apps.wellbeing: ApkAssets: Deleting an ApkAssets object '<empty> and /product/app/PrebuiltGoogleAdservicesTvp/PrebuiltGoogleAdservicesTvp.apk' with 1 weak references
09-17 13:34:24.090  5125  5133 W .apps.wellbeing: ApkAssets: Deleting an ApkAssets object '<empty> and /apex/com.android.healthfitness/priv-app/HealthConnectControllerGoogle@350820300/HealthConnectControllerGoogle.apk' with 1 weak references
09-17 13:34:24.090  5125  5133 W .apps.wellbeing: ApkAssets: Deleting an ApkAssets object '<empty> and /product/priv-app/KidsSupervisionStub/KidsSupervisionStub.apk' with 1 weak references
09-17 13:34:24.090  5125  5133 W .apps.wellbeing: ApkAssets: Deleting an ApkAssets object '<empty> and /system_ext/priv-app/StorageManager/StorageManager.apk' with 1 weak references
09-17 13:34:24.090  5125  5133 W .apps.wellbeing: ApkAssets: Deleting an ApkAssets object '/product/overlay/StorageManager__sdk_gphone64_x86_64__auto_generated_rro_product.apk' with 1 weak references
09-17 13:34:24.090  5125  5133 W .apps.wellbeing: ApkAssets: Deleting an ApkAssets object '<empty> and /system/app/BookmarkProvider/BookmarkProvider.apk' with 1 weak references
09-17 13:34:24.090  5125  5133 W .apps.wellbeing: ApkAssets: Deleting an ApkAssets object '<empty> and /system_ext/priv-app/SettingsGoogle/SettingsGoogle.apk' with 1 weak references
09-17 13:34:24.094  5125  5133 W .apps.wellbeing: ApkAssets: Deleting an ApkAssets object '/product/overlay/SettingsGoogle__sdk_gphone64_x86_64__auto_generated_rro_product.apk' with 1 weak references
09-17 13:34:24.094  5125  5133 W .apps.wellbeing: ApkAssets: Deleting an ApkAssets object '<empty> and /product/priv-app/SettingsIntelligenceGooglePrebuilt/SettingsIntelligenceGooglePrebuilt.apk' with 1 weak references
09-17 13:34:24.095  5125  5133 W .apps.wellbeing: ApkAssets: Deleting an ApkAssets object '<empty> and /apex/com.android.uwb/priv-app/ServiceUwbResourcesGoogle@350820300/ServiceUwbResourcesGoogle.apk' with 1 weak references
09-17 13:34:24.095  5125  5133 W .apps.wellbeing: ApkAssets: Deleting an ApkAssets object '<empty> and /apex/com.android.wifi/priv-app/ServiceWifiResourcesGoogle@350820300/ServiceWifiResourcesGoogle.apk' with 1 weak references
09-17 13:34:24.095  5125  5133 W .apps.wellbeing: ApkAssets: Deleting an ApkAssets object '<empty> and /system_ext/priv-app/ThemePicker/ThemePicker.apk' with 1 weak references
09-17 13:34:24.096  5125  5133 W .apps.wellbeing: ApkAssets: Deleting an ApkAssets object '<empty> and /system_ext/priv-app/WallpaperPickerGoogleRelease/WallpaperPickerGoogleRelease.apk' with 1 weak references
09-17 13:34:24.096  5125  5133 W .apps.wellbeing: ApkAssets: Deleting an ApkAssets object '<empty> and /product/priv-app/OdadPrebuilt/OdadPrebuilt.apk' with 1 weak references
09-17 13:34:24.097  5125  5133 W .apps.wellbeing: ApkAssets: Deleting an ApkAssets object '<empty> and /system/priv-app/TeleService/TeleService.apk' with 1 weak references
09-17 13:34:24.097  5125  5133 W .apps.wellbeing: ApkAssets: Deleting an ApkAssets object '/vendor/overlay/TeleService__sdk_gphone64_x86_64__auto_generated_rro_vendor.apk' with 1 weak references
09-17 13:34:24.098  5125  5133 W .apps.wellbeing: ApkAssets: Deleting an ApkAssets object '/product/overlay/TeleService__sdk_gphone64_x86_64__auto_generated_rro_product.apk' with 1 weak references
09-17 13:34:24.098  5125  5133 W .apps.wellbeing: ApkAssets: Deleting an ApkAssets object '<empty> and /system/priv-app/Shell/Shell.apk' with 1 weak references
09-17 13:34:24.098  5125  5133 W .apps.wellbeing: ApkAssets: Deleting an ApkAssets object '<empty> and /system/priv-app/BlockedNumberProvider/BlockedNumberProvider.apk' with 1 weak references
09-17 13:34:24.098  5125  5133 W .apps.wellbeing: ApkAssets: Deleting an ApkAssets object '<empty> and /system/priv-app/UserDictionaryProvider/UserDictionaryProvider.apk' with 1 weak references
09-17 13:34:24.098  5125  5133 W .apps.wellbeing: ApkAssets: Deleting an ApkAssets object '<empty> and /product/overlay/NavigationBarModeGestural/NavigationBarModeGesturalOverlay.apk' with 1 weak references
09-17 13:34:24.098  5125  5133 W .apps.wellbeing: ApkAssets: Deleting an ApkAssets object '<empty> and /system/priv-app/FusedLocation/FusedLocation.apk' with 1 weak references
09-17 13:34:24.098  5125  5133 W .apps.wellbeing: ApkAssets: Deleting an ApkAssets object '<empty> and /system_ext/priv-app/SystemUIGoogle/SystemUIGoogle.apk' with 1 weak references
09-17 13:34:24.098  5125  5133 W .apps.wellbeing: ApkAssets: Deleting an ApkAssets object '/vendor/overlay/SystemUIGoogle__sdk_gphone64_x86_64__auto_generated_rro_vendor.apk' with 1 weak references
09-17 13:34:24.098  5125  5133 W .apps.wellbeing: ApkAssets: Deleting an ApkAssets object '/product/overlay/SystemUIGoogle__sdk_gphone64_x86_64__auto_generated_rro_product.apk' with 1 weak references
09-17 13:34:24.098  5125  5133 W .apps.wellbeing: ApkAssets: Deleting an ApkAssets object '<empty> and /product/app/YouTubeMusicPrebuilt/YouTubeMusicPrebuilt.apk' with 1 weak references
09-17 13:34:24.098  5125  5133 W .apps.wellbeing: ApkAssets: Deleting an ApkAssets object '<empty> and /system/app/BluetoothMidiService/BluetoothMidiService.apk' with 1 weak references
09-17 13:34:24.098  5125  5133 W .apps.wellbeing: ApkAssets: Deleting an ApkAssets object '<empty> and /system/app/Traceur/Traceur.apk' with 1 weak references
09-17 13:34:24.098  5125  5133 W .apps.wellbeing: ApkAssets: Deleting an ApkAssets object '<empty> and /apex/com.android.cellbroadcast/priv-app/GoogleCellBroadcastApp@350820300/GoogleCellBroadcastApp.apk' with 1 weak references
09-17 13:34:24.099  5125  5133 W .apps.wellbeing: ApkAssets: Deleting an ApkAssets object '<empty> and /system/priv-app/ContactsProvider/ContactsProvider.apk' with 1 weak references
09-17 13:34:24.099  5125  5133 W .apps.wellbeing: ApkAssets: Deleting an ApkAssets object '/product/overlay/ContactsProvider__sdk_gphone64_x86_64__auto_generated_rro_product.apk' with 1 weak references
09-17 13:34:24.099  5125  5133 W .apps.wellbeing: ApkAssets: Deleting an ApkAssets object '<empty> and /product/app/LatinIMEGooglePrebuilt/LatinIMEGooglePrebuilt.apk' with 1 weak references
09-17 13:34:24.099  5125  5133 W .apps.wellbeing: ApkAssets: Deleting an ApkAssets object '<empty> and /product/priv-app/GoogleRestorePrebuilt-v526684/GoogleRestorePrebuilt-v526684.apk' with 1 weak references
09-17 13:34:24.100  5125  5133 W .apps.wellbeing: ApkAssets: Deleting an ApkAssets object '<empty> and /data/app/~~WEAZ8ewl_UIvCZkiGQKAjA==/org.libsdl.app-4TJZ67-b7n_avn1mno14vQ==/base.apk' with 1 weak references
09-17 13:34:24.103   376   376 I Zygote  : Process 18093 exited due to signal 9 (Killed)
09-17 13:34:24.107 18633 18633 E crash_dump64: failed to get the guest state header for thread 18605: Bad address
09-17 13:34:24.108 18633 18633 E crash_dump64: failed to get the guest state header for thread 18606: Bad address
09-17 13:34:24.108 18633 18633 E crash_dump64: failed to get the guest state header for thread 18607: Bad address
09-17 13:34:24.108 18633 18633 E crash_dump64: failed to get the guest state header for thread 18608: Bad address
09-17 13:34:24.108 18633 18633 E crash_dump64: failed to get the guest state header for thread 18609: Bad address
09-17 13:34:24.108 18633 18633 E crash_dump64: failed to get the guest state header for thread 18612: Bad address
09-17 13:34:24.108 18633 18633 E crash_dump64: failed to get the guest state header for thread 18613: Bad address
09-17 13:34:24.108 18633 18633 E crash_dump64: failed to get the guest state header for thread 18614: Bad address
09-17 13:34:24.108 18633 18633 E crash_dump64: failed to get the guest state header for thread 18617: Bad address
09-17 13:34:24.108 18633 18633 E crash_dump64: failed to get the guest state header for thread 18618: Bad address
09-17 13:34:24.109 18633 18633 E crash_dump64: failed to get the guest state header for thread 18619: Bad address
09-17 13:34:24.109 18633 18633 E crash_dump64: failed to get the guest state header for thread 18620: Bad address
09-17 13:34:24.109 18633 18633 E crash_dump64: failed to get the guest state header for thread 18621: Bad address
09-17 13:34:24.109 18633 18633 E crash_dump64: failed to get the guest state header for thread 18623: Bad address
09-17 13:34:24.109 18633 18633 E crash_dump64: failed to get the guest state header for thread 18625: Bad address
09-17 13:34:24.109 18633 18633 E crash_dump64: failed to get the guest state header for thread 18626: Bad address
09-17 13:34:24.120 18633 18633 I crash_dump64: obtaining output fd from tombstoned, type: kDebuggerdTombstoneProto
09-17 13:34:24.125   428   491 I adbd    : jdwp connection from 18599
09-17 13:34:24.127   218   218 I tombstoned: received crash request for pid 18619
09-17 13:34:24.128 18633 18633 I crash_dump64: performing dump of process 18599 (target tid = 18619)
09-17 13:34:24.132   587  3353 D CountryDetector: No listener is left
09-17 13:34:24.138   587   616 D DisplayManagerService: Drop pending events for gone uid 10091
09-17 13:34:24.139  1086  1086 I TopTaskTracker: onTaskMovedToFront: (moved taskInfo to front) taskId=26, baseIntent=Intent { act=android.intent.action.MAIN cat=[android.intent.category.HOME] flg=0x10000100 cmp=com.google.android.apps.nexuslauncher/.NexusLauncherActivity }
09-17 13:34:24.141  1086  1086 D SsBaseTemplateCard: No text view can be set up
09-17 13:34:24.141  1086  1086 D SsBaseTemplateCard: Passed-in item info is null
09-17 13:34:24.141  1086  1086 D SsBaseTemplateCard: Passed-in item info is null
09-17 13:34:24.141  1086  1086 D SsBaseTemplateCard: Passed-in item info is null
09-17 13:34:24.141  1086  1086 I SsBaseTemplateCard: Secondary card pane is null
09-17 13:34:24.156   587  4270 I ImeTracker: org.libsdl.app:94188f30: onRequestHide at ORIGIN_SERVER reason HIDE_REMOVE_CLIENT fromUser false
09-17 13:34:24.157   587  4270 I ImeTracker: org.libsdl.app:94188f30: onCancelled at PHASE_SERVER_SHOULD_HIDE
09-17 13:34:24.157   587  1402 I ActivityManager: Process org.libsdl.app (pid 18599) has died: prcp TOP 
09-17 13:34:24.157   428   428 I adbd    : Remote process closed the socket (on MSG_PEEK)
09-17 13:34:24.159   841  1240 V WindowManagerShell: onTransitionReady(transaction=2521145808971)
09-17 13:34:24.160   841   891 V WindowManagerShell: onTransitionReady (#152) android.os.BinderProxy@361e558: {id=152 t=OPEN f=0x0 trk=0 r=[0@Point(0, 0)] c=[{WCT{android.window.IWindowContainerToken$Stub$Proxy@2a65b3} m=TO_FRONT f=SHOW_WALLPAPER|MOVE_TO_TOP leash=Surface(name=Task=1)/@0xb9fef17 sb=Rect(0, 0 - 1080, 2400) eb=Rect(0, 0 - 1080, 2400) d=0 taskParent=-1},{WCT{android.window.IWindowContainerToken$Stub$Proxy@87c0770} m=TO_BACK f=NONE leash=Surface(name=Task=77)/@0xbbff04 sb=Rect(0, 0 - 1080, 2400) eb=Rect(0, 0 - 1080, 2400) d=0 taskParent=-1},{null m=TO_FRONT f=IS_WALLPAPER leash=Surface(name=WallpaperWindowToken{46f137a token=android.os.Binder@25553a5})/@0x8d6fced sb=Rect(0, 0 - 1080, 2400) eb=Rect(0, 0 - 1080, 2400) d=0}]}
09-17 13:34:24.161   218   218 W tombstoned: crash socket received short read of length 0 (expected 12)
09-17 13:34:24.161   418   537 I BpBinder: onLastStrongRef automatically unlinking death recipients: 
09-17 13:34:24.164   376   376 I Zygote  : Process 18599 exited cleanly (0)
09-17 13:34:24.165   841   891 V WindowManagerShell: Playing animation for (#152) android.os.BinderProxy@361e558@0
09-17 13:34:24.165   841   891 V WindowManagerShell:  try handler com.android.wm.shell.transition.DefaultMixedHandler@bfd0077
09-17 13:34:24.165   841   891 V WindowManagerShell:  try handler com.android.wm.shell.keyguard.KeyguardTransitionHandler@3e7a4e4
09-17 13:34:24.165   841   891 V WindowManagerShell:  try handler com.android.wm.shell.pip.PipTransition@a36dd4d
09-17 13:34:24.165   841   891 V WindowManagerShell:  try handler com.android.wm.shell.activityembedding.ActivityEmbeddingController@757e002
09-17 13:34:24.165   841   891 V WindowManagerShell:  try handler com.android.wm.shell.recents.RecentsTransitionHandler@a372d13
09-17 13:34:24.165   841   891 V ShellRecents: RecentsTransitionHandler.startAnimation: no controller found
09-17 13:34:24.166   841   891 V WindowManagerShell:  try handler com.android.wm.shell.splitscreen.StageCoordinator@8ec2b50
09-17 13:34:24.166   841   891 V WindowManagerShell:  try handler com.android.wm.shell.transition.RemoteTransitionHandler@1a10149
09-17 13:34:24.167   841   891 V WindowManagerShell: Transition doesn't have explicit remote, search filters for match for {id=152 t=OPEN f=0x0 trk=0 r=[0@Point(0, 0)] c=[{WCT{android.window.IWindowContainerToken$Stub$Proxy@2a65b3} m=TO_FRONT f=SHOW_WALLPAPER|MOVE_TO_TOP leash=Surface(name=Task=1)/@0xb9fef17 sb=Rect(0, 0 - 1080, 2400) eb=Rect(0, 0 - 1080, 2400) d=0 taskParent=-1},{WCT{android.window.IWindowContainerToken$Stub$Proxy@87c0770} m=TO_BACK f=NONE leash=Surface(name=Task=77)/@0xbbff04 sb=Rect(0, 0 - 1080, 2400) eb=Rect(0, 0 - 1080, 2400) d=0 taskParent=-1},{null m=TO_FRONT f=IS_WALLPAPER leash=Surface(name=WallpaperWindowToken{46f137a token=android.os.Binder@25553a5})/@0x8d6fced sb=Rect(0, 0 - 1080, 2400) eb=Rect(0, 0 - 1080, 2400) d=0}]}
09-17 13:34:24.167   841   891 V WindowManagerShell:  Checking filter Pair{{types=[] flags=0x0] notFlags=0x0 checks=[{atype=undefined independent=true modes=[OPEN,TO_FRONT] flags=IN_TASK_WITH_EMBEDDED_ACTIVITY mustBeTask=false order=ANY topActivity=ComponentInfo{com.google.android.apps.nexuslauncher/com.google.android.apps.nexuslauncher.NexusLauncherActivity} launchCookie=null},{atype=undefined independent=true modes=[CLOSE,TO_BACK] flags=IN_TASK_WITH_EMBEDDED_ACTIVITY mustBeTask=false order=ANY topActivity=null launchCookie=null}]} RemoteTransition { remoteTransition = android.window.IRemoteTransition$Stub$Proxy@b8e6dc7, appThread = android.app.IApplicationThread$Stub$Proxy@18ff4, debugName = OverlaySwipeBack }}
09-17 13:34:24.167   841   891 V WindowManagerShell:  Checking filter Pair{{types=[] flags=0x0] notFlags=0x0 checks=[{atype=dream independent=true modes=[OPEN,TO_FRONT] flags=NONE mustBeTask=false order=ANY topActivity=null launchCookie=null},{atype=home independent=true modes=[CLOSE,TO_BACK] flags=NONE mustBeTask=false order=ANY topActivity=null launchCookie=null}]} RemoteTransition { remoteTransition = android.window.IRemoteTransition$Stub$Proxy@53ed31d, appThread = android.app.IApplicationThread$Stub$Proxy@580e992, debugName = LauncherToDream }}
09-17 13:34:24.167   841   891 V WindowManagerShell:  Checking filter Pair{{types=[] flags=0x0] notFlags=0x100 checks=[{atype=home independent=true modes=[OPEN,TO_FRONT] flags=NONE mustBeTask=false order=TOP topActivity=ComponentInfo{com.google.android.apps.nexuslauncher/com.google.android.apps.nexuslauncher.NexusLauncherActivity} launchCookie=null},{atype=standard independent=true modes=[CLOSE,TO_BACK] flags=NONE mustBeTask=false order=ANY topActivity=null launchCookie=null}]} RemoteTransition { remoteTransition = android.window.IRemoteTransition$Stub$Proxy@7fa1f63, appThread = android.app.IApplicationThread$Stub$Proxy@4a1b760, debugName = QuickstepLaunchHome }}
09-17 13:34:24.167   841   891 D RemoteTransitionHandler: Found filterPair{{types=[] flags=0x0] notFlags=0x100 checks=[{atype=home independent=true modes=[OPEN,TO_FRONT] flags=NONE mustBeTask=false order=TOP topActivity=ComponentInfo{com.google.android.apps.nexuslauncher/com.google.android.apps.nexuslauncher.NexusLauncherActivity} launchCookie=null},{atype=standard independent=true modes=[CLOSE,TO_BACK] flags=NONE mustBeTask=false order=ANY topActivity=null launchCookie=null}]} RemoteTransition { remoteTransition = android.window.IRemoteTransition$Stub$Proxy@7fa1f63, appThread = android.app.IApplicationThread$Stub$Proxy@4a1b760, debugName = QuickstepLaunchHome }}
09-17 13:34:24.167   841   891 V WindowManagerShell:  Delegate animation for (#152) to RemoteTransition { remoteTransition = android.window.IRemoteTransition$Stub$Proxy@7fa1f63, appThread = android.app.IApplicationThread$Stub$Proxy@4a1b760, debugName = QuickstepLaunchHome }
09-17 13:34:24.169  1086  1086 D StateManager: createAtomicAnimation - fromState: Background, toState: Normal, partial trace:
09-17 13:34:24.169  1086  1086 D StateManager: 	at com.android.quickstep.util.StaggeredWorkspaceAnim.prepareToAnimate(go/retraceme 2855a437b73635ce9cad76b9289087e631bbb67fc90008a0da13d343a00e5041:22)
09-17 13:34:24.169  1086  1086 D StateManager: 	at com.android.quickstep.util.StaggeredWorkspaceAnim.<init>(go/retraceme 2855a437b73635ce9cad76b9289087e631bbb67fc90008a0da13d343a00e5041:4)
09-17 13:34:24.169  1086  1086 D StateManager: 	at com.android.quickstep.util.StaggeredWorkspaceAnim.<init>(go/retraceme 2855a437b73635ce9cad76b9289087e631bbb67fc90008a0da13d343a00e5041:1)
09-17 13:34:24.175   587   633 I libprocessgroup: Removed cgroup /sys/fs/cgroup/uid_10257/pid_18599
09-17 13:34:24.295   587   615 V WindowManager: Sent Transition (#152) createdAt=09-17 13:34:23.992 via request=TransitionRequestInfo { type = OPEN, triggerTask = TaskInfo{userId=0 taskId=26 displayId=0 isRunning=true baseIntent=Intent { act=android.intent.action.MAIN cat=[android.intent.category.HOME] flg=0x10000100 cmp=com.google.android.apps.nexuslauncher/.NexusLauncherActivity } baseActivity=ComponentInfo{com.google.android.apps.nexuslauncher/com.google.android.apps.nexuslauncher.NexusLauncherActivity} topActivity=ComponentInfo{com.google.android.apps.nexuslauncher/com.google.android.apps.nexuslauncher.NexusLauncherActivity} origActivity=null realActivity=ComponentInfo{com.google.android.apps.nexuslauncher/com.google.android.apps.nexuslauncher.NexusLauncherActivity} numActivities=1 lastActiveTime=11066563 supportsMultiWindow=true resizeMode=2 isResizeable=true minWidth=-1 minHeight=-1 defaultMinSize=220 token=WCT{RemoteToken{a2cb681 Task{7703b4e #26 type=home I=com.google.android.apps.nexuslauncher/.NexusLauncherActivity}}} topActivityType=2 pictureInPictureParams=null shouldDockBigOverlays=false launchIntoPipHostTaskId=-1 lastParentTaskIdBeforePip=-1 displayCutoutSafeInsets=null topActivityInfo=ActivityInfo{65b6390 com.google.android.apps.nexuslauncher.NexusLauncherActivity} launchCookies=[] positionInParent=Point(0, 0) parentTaskId=-1 isFocused=true isVisible=false isVisibleRequested=true isSleeping=false locusId=LocusId[17_chars] displayAreaFeatureId=1 isTopActivityTransparent=false appCompatTaskInfo=AppCompatTaskInfo { topActivityInSizeCompat=false topActivityEligibleForLetterboxEducation= falseisLetterboxEducationEnabled= true isLetterboxDoubleTapEnabled= false topActivityEligibleForUserAspectRatioButton= false topActivityBoundsLetterboxed= false isFromLetterboxDoubleTap= false topActivityLetterboxVerticalPosition= -1 topActivityLetterboxHorizontalPosition= -1 topActivityLetterboxWidth=1080 topActivityLetterboxHeight=2400 isUserFullscreenOverrideEnabled=false isSystemFullscreenOverrideEnabled=false cameraCompatTaskInfo=CameraCompatTaskInfo { cameraCompatControlState=hidden freeformCameraCompatMode=inactive}}}, pipTask = null, remoteTransition = null, displayChange = null, flags = 0, debugId = 152 }
09-17 13:34:24.295   587   615 V WindowManager:     startWCT=WindowContainerTransaction { changes = {} hops = [] errorCallbackToken=null taskFragmentOrganizer=null }
09-17 13:34:24.295   587   615 V WindowManager:     info={id=152 t=OPEN f=0x0 trk=0 r=[0@Point(0, 0)] c=[
09-17 13:34:24.295   587   615 V WindowManager:         {WCT{RemoteToken{e4c4bef Task{685db1f #1 type=home}}} m=TO_FRONT f=SHOW_WALLPAPER|MOVE_TO_TOP leash=Surface(name=Task=1)/@0x91f7f64 sb=Rect(0, 0 - 1080, 2400) eb=Rect(0, 0 - 1080, 2400) d=0 taskParent=-1},
09-17 13:34:24.295   587   615 V WindowManager:         {WCT{RemoteToken{c2604e9 Task{173606c #77 type=standard A=10257:org.libsdl.app}}} m=TO_BACK f=NONE leash=Surface(name=Task=77)/@0x7935fb3 sb=Rect(0, 0 - 1080, 2400) eb=Rect(0, 0 - 1080, 2400) d=0 taskParent=-1},
09-17 13:34:24.295   587   615 V WindowManager:         {null m=TO_FRONT f=IS_WALLPAPER leash=Surface(name=WallpaperWindowToken{46f137a token=android.os.Binder@25553a5})/@0xe1835ae sb=Rect(0, 0 - 1080, 2400) eb=Rect(0, 0 - 1080, 2400) d=0}
09-17 13:34:24.295   587   615 V WindowManager:     ]}
09-17 13:34:24.302   587  1590 I WindowManager: WIN DEATH: Window{c4621b8 u0 org.libsdl.app/org.libsdl.app.SDLActivity}
09-17 13:34:24.302   587  1590 W InputManager-JNI: Input channel object 'c4621b8 org.libsdl.app/org.libsdl.app.SDLActivity (client)' was disposed without first being removed with the input manager!
09-17 13:34:24.304   841   891 V WindowManagerShell:  animated by com.android.wm.shell.transition.RemoteTransitionHandler@1a10149
09-17 13:34:24.306   587  1402 W ActivityTaskManager: Force removing ActivityRecord{e8bd51f u0 org.libsdl.app/.SDLActivity t77}: app died, no saved state
09-17 13:34:24.306  1086  1601 D EGL_emulation: app_time_stats: avg=769.37ms min=12.36ms max=9597.12ms count=13
09-17 13:34:24.306   587  1590 W UserManagerService: Requested status bar icon for non-badged user 0
09-17 13:34:24.307   587   616 D DisplayManagerService: Drop pending events for gone uid 10257
09-17 13:34:24.307   587   748 D InetDiagMessage: Destroyed 0 sockets, proto=IPPROTO_TCP, family=AF_INET, states=14
09-17 13:34:24.308   587   748 D InetDiagMessage: Destroyed 0 sockets, proto=IPPROTO_TCP, family=AF_INET6, states=14
09-17 13:34:24.308   587   748 D InetDiagMessage: Destroyed live tcp sockets for uids={10257} in 1ms
09-17 13:34:24.309   587   748 D InetDiagMessage: Destroyed 0 sockets, proto=IPPROTO_TCP, family=AF_INET, states=14
09-17 13:34:24.309   587   748 D InetDiagMessage: Destroyed 0 sockets, proto=IPPROTO_TCP, family=AF_INET6, states=14
09-17 13:34:24.309   587   748 D InetDiagMessage: Destroyed live tcp sockets for uids={20257} in 2ms
09-17 13:34:24.311   587   618 W ActivityManager: setHasOverlayUi called on unknown pid: 18599
09-17 13:34:24.325  1086  1086 D SearchTargetUtil: queryLength=0 size=15
09-17 13:34:24.325  1086  1086 D SearchTargetUtil: layoutType=short_icon_row resultType=131072 packageName=com.google.android.googlequicksearchbox extras=Bundle{suggestion_type=33,suggest_truncate_start=false,is_answer=false,is_entity=false,is_personal=false,suggest_raw_text=iphone iphone 16 pro max,input_query=android.app.search.Query@f229da3,group_id=web11066577,response_id=4ad4b9df-1eb8-47b9-8e2f-f98855556e1d,support_query_builder=false,} searchAction=iphone iphone 16 pro max searchActionExtras=Bundle{learn_more_url=https://support.google.com/websearch/answer/106230?hl=106230,suggestion_action_text=Report this,should_start_for_result=true,allow_pinning=true,skip_logging_in_target_handler=true,suggestion_action_rpc=2,}ParentID: null targetID: 09c17044-5cb9-4281-9c19-4dadbbce923a
09-17 13:34:24.325  1086  1086 D SearchTargetUtil: layoutType=short_icon_row resultType=131072 packageName=com.google.android.googlequicksearchbox extras=Bundle{suggestion_type=33,suggest_truncate_start=false,is_answer=false,is_entity=false,is_personal=false,suggest_raw_text=openai o1 preview,input_query=android.app.search.Query@f229da3,group_id=web11066577,response_id=4ad4b9df-1eb8-47b9-8e2f-f98855556e1d,support_query_builder=false,} searchAction=openai o1 preview searchActionExtras=Bundle{learn_more_url=https://support.google.com/websearch/answer/106230?hl=106230,suggestion_action_text=Report this,should_start_for_result=true,allow_pinning=true,skip_logging_in_target_handler=true,suggestion_action_rpc=2,}ParentID: null targetID: b66c52d8-1c45-4c5f-9fff-a97fa9dad8b9
09-17 13:34:24.325  1086  1086 D SearchTargetUtil: layoutType=short_icon_row resultType=131072 packageName=com.google.android.googlequicksearchbox extras=Bundle{suggestion_type=33,suggest_truncate_start=false,is_answer=false,is_entity=false,is_personal=false,suggest_raw_text=derek bender tipping pitches,input_query=android.app.search.Query@f229da3,group_id=web11066577,response_id=4ad4b9df-1eb8-47b9-8e2f-f98855556e1d,support_query_builder=false,} searchAction=derek bender tipping pitches searchActionExtras=Bundle{learn_more_url=https://support.google.com/websearch/answer/106230?hl=106230,suggestion_action_text=Report this,should_start_for_result=true,allow_pinning=true,skip_logging_in_target_handler=true,suggestion_action_rpc=2,}ParentID: null targetID: 46a4e61e-7bd8-4416-a585-e36b1eab423e
09-17 13:34:24.325  1086  1086 D SearchTargetUtil: layoutType=short_icon_row resultType=131072 packageName=com.google.android.googlequicksearchbox extras=Bundle{suggestion_type=33,suggest_truncate_start=false,is_answer=false,is_entity=false,is_personal=false,suggest_raw_text=big lots closing stores,input_query=android.app.search.Query@f229da3,group_id=web11066577,response_id=4ad4b9df-1eb8-47b9-8e2f-f98855556e1d,support_query_builder=false,} searchAction=big lots closing stores searchActionExtras=Bundle{learn_more_url=https://support.google.com/websearch/answer/106230?hl=106230,suggestion_action_text=Report this,should_start_for_result=true,allow_pinning=true,skip_logging_in_target_handler=true,suggestion_action_rpc=2,}ParentID: null targetID: 3fabb4e3-3e85-4912-8170-2a6d3a63188b
09-17 13:34:24.325  1086  1086 D SearchTargetUtil: layoutType=short_icon_row resultType=131072 packageName=com.google.android.googlequicksearchbox extras=Bundle{suggestion_type=33,suggest_truncate_start=false,is_answer=false,is_entity=false,is_personal=false,suggest_raw_text=roblox anime vanguards codes,input_query=android.app.search.Query@f229da3,group_id=web11066577,response_id=4ad4b9df-1eb8-47b9-8e2f-f98855556e1d,support_query_builder=false,} searchAction=roblox anime vanguards codes searchActionExtras=Bundle{learn_more_url=https://support.google.com/websearch/answer/106230?hl=106230,suggestion_action_text=Report this,should_start_for_result=true,allow_pinning=true,skip_logging_in_target_handler=true,suggestion_action_rpc=2,}ParentID: null targetID: 9f45beda-0db6-4973-af1f-e2d512b202f6
09-17 13:34:24.325  1086  1086 D SearchTargetUtil: layoutType=short_icon_row resultType=131072 packageName=com.google.android.googlequicksearchbox extras=Bundle{suggestion_type=33,suggest_truncate_start=false,is_answer=false,is_entity=false,is_personal=false,suggest_raw_text=watch series 10,input_query=android.app.search.Query@f229da3,group_id=web11066577,response_id=4ad4b9df-1eb8-47b9-8e2f-f98855556e1d,support_query_builder=false,} searchAction=watch series 10 searchActionExtras=Bundle{learn_more_url=https://support.google.com/websearch/answer/106230?hl=106230,suggestion_action_text=Report this,should_start_for_result=true,allow_pinning=true,skip_logging_in_target_handler=true,suggestion_action_rpc=2,}ParentID: null targetID: 4c35291d-cbe7-437c-bca6-8690a3bcffad
09-17 13:34:24.325  1086  1086 D SearchTargetUtil: layoutType=short_icon_row resultType=131072 packageName=com.google.android.googlequicksearchbox extras=Bundle{suggestion_type=33,suggest_truncate_start=false,is_answer=false,is_entity=false,is_personal=false,suggest_raw_text=baby pygmy hippo thailand,input_query=android.app.search.Query@f229da3,group_id=web11066577,response_id=4ad4b9df-1eb8-47b9-8e2f-f98855556e1d,support_query_builder=false,} searchAction=baby pygmy hippo thailand searchActionExtras=Bundle{learn_more_url=https://support.google.com/websearch/answer/106230?hl=106230,suggestion_action_text=Report this,should_start_for_result=true,allow_pinning=true,skip_logging_in_target_handler=true,suggestion_action_rpc=2,}ParentID: null targetID: 5f11cf92-d0b0-4eb8-ba02-498af469b195
09-17 13:34:24.325  1086  1086 D SearchTargetUtil: layoutType=short_icon_row resultType=131072 packageName=com.google.android.googlequicksearchbox extras=Bundle{suggestion_type=33,suggest_truncate_start=false,is_answer=false,is_entity=false,is_personal=false,suggest_raw_text=mountain dew voodew 2024 flavor,input_query=android.app.search.Query@f229da3,group_id=web11066577,response_id=4ad4b9df-1eb8-47b9-8e2f-f98855556e1d,support_query_builder=false,} searchAction=mountain dew voodew 2024 flavor searchActionExtras=Bundle{learn_more_url=https://support.google.com/websearch/answer/106230?hl=106230,suggestion_action_text=Report this,should_start_for_result=true,allow_pinning=true,skip_logging_in_target_handler=true,suggestion_action_rpc=2,}ParentID: null targetID: b148840a-55af-40ef-a833-54f4d3d4139f
