09-19 12:42:19.322 13935 14325 W RegistrationCommon: 	at apao.b(PG:1051)
09-19 12:42:19.322 13935 14325 W RegistrationCommon: 	at aozw.a(PG:97)
09-19 12:42:19.322 13935 14325 W RegistrationCommon: 	at arvf.call(PG:223)
09-19 12:42:19.322 13935 14325 W RegistrationCommon: 	at avsf.a(PG:3)
09-19 12:42:19.322 13935 14325 W RegistrationCommon: 	at avrl.run(PG:19)
09-19 12:42:19.322 13935 14325 W RegistrationCommon: 	at avsg.run(PG:5)
09-19 12:42:19.322 13935 14325 W RegistrationCommon: 	at java.util.concurrent.ThreadPoolExecutor.runWorker(ThreadPoolExecutor.java:1145)
09-19 12:42:19.322 13935 14325 W RegistrationCommon: 	at java.util.concurrent.ThreadPoolExecutor$Worker.run(ThreadPoolExecutor.java:644)
09-19 12:42:19.322 13935 14325 W RegistrationCommon: 	at qdy.run(PG:775)
09-19 12:42:19.322 13935 14325 W RegistrationCommon: 	at java.lang.Thread.run(Thread.java:1012)
09-19 12:42:19.323   587  4241 W InputManager-JNI: Input channel object '851a1a2 Splash Screen org.libsdl.app (client)' was disposed without first being removed with the input manager!
09-19 12:42:19.327  1086  1086 D StatsLog: LAUNCHER_GOOGLE_SEARCH_RESTORE_LIST_SIZE_AFTER_ACTIVITY_RESTART
09-19 12:42:19.393  1086  1742 D OneSearchSuggestProvider: Shut down the binder channel
09-19 12:42:19.529   841   947 I Choreographer: Skipped 31 frames!  The application may be doing too much work on its main thread.
09-19 12:42:19.530 14291 14291 V SDL     : onWindowFocusChanged(): true
09-19 12:42:19.530 14291 14291 V SDL     : nativeFocusChanged()
09-19 12:42:19.557   587   713 I ImeTracker: org.libsdl.app:d4ae3aad: onRequestHide at ORIGIN_SERVER reason HIDE_UNSPECIFIED_WINDOW fromUser false
09-19 12:42:19.852 13935 14073 I Finsky  : [91] ablq.bE(61): Writing flags config, size 1.
09-19 12:42:19.852 13935 14073 I Finsky  : [91] ablq.bE(74): Started writing experiment flags into file [8uKij9Tp4PZyjSvh8NyLyFvuCv94NONrKvkkdzEKIoQ].
09-19 12:42:19.860 13935 14073 I Finsky  : [91] ablq.bE(403): Finished writing experiment flags into file [8uKij9Tp4PZyjSvh8NyLyFvuCv94NONrKvkkdzEKIoQ], numFlags=1873.
09-19 12:42:19.869 13935 14073 I Finsky  : [91] zxa.g(63): Successfully applied new configurations for package com.google.android.finsky.stable.
09-19 12:42:19.869 13935 14073 I Finsky  : [91] zxa.g(135): [EExp] Exporting experiments for package com.google.android.finsky.stable.
09-19 12:42:19.869 13935 14073 I Finsky  : [91] ajfx.v(25): [EExp] Exporting experiments for namespace com.google.android.finsky.stable.
09-19 12:42:19.881 13935 14073 I Finsky  : [91] zxa.g(189): [EExp] Successfully exported experiments for package com.google.android.finsky.stable.
09-19 12:42:19.881 13935 14073 I Finsky  : [91] zxa.h(12): Triggered update for experiment package com.google.android.finsky.regular.
09-19 12:42:19.885 13935 14325 W RegistrationCommon: Failed to create storageInfo for com.google.android.finsky.regular.
09-19 12:42:19.885 13935 14325 W RegistrationCommon: com.google.android.gms.phenotype.core.common.PhenotypeException: 29514: Storage info not created for Play Store.
09-19 12:42:19.885 13935 14325 W RegistrationCommon: 	at apao.b(PG:1051)
09-19 12:42:19.885 13935 14325 W RegistrationCommon: 	at aozw.a(PG:97)
09-19 12:42:19.885 13935 14325 W RegistrationCommon: 	at arvf.call(PG:223)
09-19 12:42:19.885 13935 14325 W RegistrationCommon: 	at avsf.a(PG:3)
09-19 12:42:19.885 13935 14325 W RegistrationCommon: 	at avrl.run(PG:19)
09-19 12:42:19.885 13935 14325 W RegistrationCommon: 	at avsg.run(PG:5)
09-19 12:42:19.885 13935 14325 W RegistrationCommon: 	at java.util.concurrent.ThreadPoolExecutor.runWorker(ThreadPoolExecutor.java:1145)
09-19 12:42:19.885 13935 14325 W RegistrationCommon: 	at java.util.concurrent.ThreadPoolExecutor$Worker.run(ThreadPoolExecutor.java:644)
09-19 12:42:19.885 13935 14325 W RegistrationCommon: 	at qdy.run(PG:775)
09-19 12:42:19.885 13935 14325 W RegistrationCommon: 	at java.lang.Thread.run(Thread.java:1012)
09-19 12:42:19.886   587   713 I ImeTracker: org.libsdl.app:d4ae3aad: onCancelled at PHASE_SERVER_SHOULD_HIDE
09-19 12:42:19.904 14165 14338 I eehz.a  : Unable to retrieve flag snapshot for com.google.android.gms.providerinstaller#com.google.android.gms, using defaults.
09-19 12:42:19.918 12064 13963 I DynamiteModule: Considering local module com.google.android.gms.cronet_dynamite:0 and remote module com.google.android.gms.cronet_dynamite:3311
09-19 12:42:19.944 12064 13963 I DynamiteModule: Selected remote version of com.google.android.gms.cronet_dynamite, version >= 3311
09-19 12:42:19.945 12064 13963 W System  : ClassLoader referenced unknown path: 
09-19 12:42:19.946 12064 13963 D nativeloader: Configuring clns-11 for other apk . target_sdk_version=35, uses_libraries=, library_path=/data/app/~~F6FUD1ZnMGbTjJkj3UJt_w==/com.google.android.gms-v1onozUYKPoHoTyMDNpjTg==/lib/x86_64:/data/app/~~F6FUD1ZnMGbTjJkj3UJt_w==/com.google.android.gms-v1onozUYKPoHoTyMDNpjTg==/base.apk!/lib/x86_64, permitted_path=/data:/mnt/expand:/data/user/0/com.google.android.gms
09-19 12:42:20.115   587   695 D ActivityManager: freezing 14167 android.process.media
09-19 12:42:20.117   587   748 D InetDiagMessage: Destroyed 0 sockets, proto=IPPROTO_TCP, family=AF_INET, states=14
09-19 12:42:20.117   587   748 D InetDiagMessage: Destroyed 0 sockets, proto=IPPROTO_TCP, family=AF_INET6, states=14
09-19 12:42:20.117   587   748 D InetDiagMessage: Destroyed live tcp sockets for uids={10097} in 1ms
09-19 12:42:20.154 14165 14270 I ProviderInstaller: Installed default security provider GmsCore_OpenSSL
09-19 12:42:20.164   587   600 I system_server: Background concurrent mark compact GC freed 25MB AllocSpace bytes, 40(1092KB) LOS objects, 44% free, 29MB/53MB, paused 1.842ms,2.853ms total 2.731s
09-19 12:42:20.166   587   603 W system_server: ApkAssets: Deleting an ApkAssets object '<empty> and /data/app/~~F6FUD1ZnMGbTjJkj3UJt_w==/com.google.android.gms-v1onozUYKPoHoTyMDNpjTg==/base.apk' with 1 weak references
09-19 12:42:20.167   587   603 W system_server: ApkAssets: Deleting an ApkAssets object '<empty> and /data/app/~~F6FUD1ZnMGbTjJkj3UJt_w==/com.google.android.gms-v1onozUYKPoHoTyMDNpjTg==/split_CronetDynamite_installtime.apk' with 1 weak references
09-19 12:42:20.167   587   603 W system_server: ApkAssets: Deleting an ApkAssets object '<empty> and /data/app/~~F6FUD1ZnMGbTjJkj3UJt_w==/com.google.android.gms-v1onozUYKPoHoTyMDNpjTg==/split_DynamiteModulesA_installtime.apk' with 1 weak references
09-19 12:42:20.167   587   603 W system_server: ApkAssets: Deleting an ApkAssets object '<empty> and /data/app/~~F6FUD1ZnMGbTjJkj3UJt_w==/com.google.android.gms-v1onozUYKPoHoTyMDNpjTg==/split_DynamiteModulesC_installtime.apk' with 1 weak references
09-19 12:42:20.167   587   603 W system_server: ApkAssets: Deleting an ApkAssets object '<empty> and /data/app/~~F6FUD1ZnMGbTjJkj3UJt_w==/com.google.android.gms-v1onozUYKPoHoTyMDNpjTg==/split_GoogleCertificates_installtime.apk' with 1 weak references
09-19 12:42:20.167   587   603 W system_server: ApkAssets: Deleting an ApkAssets object '<empty> and /data/app/~~F6FUD1ZnMGbTjJkj3UJt_w==/com.google.android.gms-v1onozUYKPoHoTyMDNpjTg==/split_MapsDynamite_installtime.apk' with 1 weak references
09-19 12:42:20.167   587   603 W system_server: ApkAssets: Deleting an ApkAssets object '<empty> and /data/app/~~F6FUD1ZnMGbTjJkj3UJt_w==/com.google.android.gms-v1onozUYKPoHoTyMDNpjTg==/split_MeasurementDynamite_installtime.apk' with 1 weak references
09-19 12:42:20.167   587   603 W system_server: ApkAssets: Deleting an ApkAssets object '<empty> and /data/app/~~F6FUD1ZnMGbTjJkj3UJt_w==/com.google.android.gms-v1onozUYKPoHoTyMDNpjTg==/split_all_locale_splits.apk' with 1 weak references
09-19 12:42:20.167   587   603 W system_server: ApkAssets: Deleting an ApkAssets object '<empty> and /data/app/~~F6FUD1ZnMGbTjJkj3UJt_w==/com.google.android.gms-v1onozUYKPoHoTyMDNpjTg==/split_config.en.apk' with 1 weak references
09-19 12:42:20.167   587   603 W system_server: ApkAssets: Deleting an ApkAssets object '<empty> and /data/app/~~F6FUD1ZnMGbTjJkj3UJt_w==/com.google.android.gms-v1onozUYKPoHoTyMDNpjTg==/split_config.xxhdpi.apk' with 1 weak references
09-19 12:42:20.167   587   603 W system_server: ApkAssets: Deleting an ApkAssets object '<empty> and /product/app/PrebuiltGmail/PrebuiltGmail.apk' with 1 weak references
09-19 12:42:20.168   587   603 W system_server: ApkAssets: Deleting an ApkAssets object '<empty> and /product/app/Drive/Drive.apk' with 1 weak references
09-19 12:42:20.169   587   603 W system_server: ApkAssets: Deleting an ApkAssets object '<empty> and /product/app/CalendarGooglePrebuilt/CalendarGooglePrebuilt.apk' with 1 weak references
09-19 12:42:20.169   587   603 W system_server: ApkAssets: Deleting an ApkAssets object '<empty> and /system_ext/app/AccessibilityMenu/AccessibilityMenu.apk' with 1 weak references
09-19 12:42:20.169   587   603 W system_server: ApkAssets: Deleting an ApkAssets object '/product/overlay/AccessibilityMenu__sdk_gphone64_x86_64__auto_generated_rro_product.apk' with 1 weak references
09-19 12:42:20.169   587   603 W system_server: ApkAssets: Deleting an ApkAssets object '<empty> and /product/app/talkback/talkback.apk' with 1 weak references
09-19 12:42:20.170   587   603 W system_server: ApkAssets: Deleting an ApkAssets object '/vendor/overlay/EmulatorTalkBackOverlay/EmulatorTalkBackOverlay.apk' with 1 weak references
09-19 12:42:20.170   587   603 W system_server: ApkAssets: Deleting an ApkAssets object '<empty> and /product/app/LatinIMEGooglePrebuilt/LatinIMEGooglePrebuilt.apk' with 1 weak references
09-19 12:42:20.170   587   603 W system_server: ApkAssets: Deleting an ApkAssets object '<empty> and /product/app/GoogleTTS/GoogleTTS.apk' with 1 weak references
09-19 12:42:20.171   587   603 W system_server: ApkAssets: Deleting an ApkAssets object '<empty> and /system/priv-app/InputDevices/InputDevices.apk' with 1 weak references
09-19 12:42:20.171   587   603 W System  : A resource failed to call release. 
09-19 12:42:20.221 13935 14073 I Finsky  : [91] zxi.c(16): Regular flags synced
09-19 12:42:20.222 13935 14073 I Finsky  : [91] ablq.bE(61): Writing flags config, size 1.
09-19 12:42:20.222 13935 14073 I Finsky  : [91] ablq.bE(74): Started writing experiment flags into file [4dEVOh7DlClE42ly_19Hs7FqnnFOj9O0dm-zzWqGxeo].
09-19 12:42:20.225 13935 14073 I Finsky  : [91] ablq.bE(403): Finished writing experiment flags into file [4dEVOh7DlClE42ly_19Hs7FqnnFOj9O0dm-zzWqGxeo], numFlags=2172.
09-19 12:42:20.227 13935 14073 I Finsky  : [91] zxa.g(63): Successfully applied new configurations for package com.google.android.finsky.regular.
09-19 12:42:20.227 13935 14073 I Finsky  : [91] zxa.g(135): [EExp] Exporting experiments for package com.google.android.finsky.regular.
09-19 12:42:20.227 13935 14073 I Finsky  : [91] ajfx.v(25): [EExp] Exporting experiments for namespace com.google.android.finsky.regular.
09-19 12:42:20.257   587   695 D ActivityManager: freezing 14238 com.google.android.packageinstaller
09-19 12:42:20.258   587   748 D InetDiagMessage: Destroyed 0 sockets, proto=IPPROTO_TCP, family=AF_INET, states=14
09-19 12:42:20.259   587   748 D InetDiagMessage: Destroyed 0 sockets, proto=IPPROTO_TCP, family=AF_INET6, states=14
09-19 12:42:20.259   587   748 D InetDiagMessage: Destroyed live tcp sockets for uids={10100} in 1ms
09-19 12:42:20.270  1250  1250 I GoogleInputMethodService: GoogleInputMethodService.onFinishInput():3157 
09-19 12:42:20.287 12064 13963 D nativeloader: Configuring clns-12 for other apk . target_sdk_version=35, uses_libraries=ALL, library_path=/data/app/~~F6FUD1ZnMGbTjJkj3UJt_w==/com.google.android.gms-v1onozUYKPoHoTyMDNpjTg==/split_CronetDynamite_installtime.apk!/lib/x86_64:/data/app/~~F6FUD1ZnMGbTjJkj3UJt_w==/com.google.android.gms-v1onozUYKPoHoTyMDNpjTg==/split_CronetDynamite_installtime.apk!/lib/arm64-v8a, permitted_path=/data:/mnt/expand
09-19 12:42:20.296   587  1591 D ConnectivityService: requestNetwork for uid/pid:10145/12064 activeRequest: null callbackRequest: 229 [NetworkRequest [ REQUEST id=230, [ Capabilities: INTERNET&NOT_RESTRICTED&TRUSTED&NOT_VCN_MANAGED&NOT_BANDWIDTH_CONSTRAINED Uid: 10145 RequestorUid: 10145 RequestorPkg: com.google.android.gms UnderlyingNetworks: Null] ]] callback flags: 0 order: 2147483647 isUidTracked: false
09-19 12:42:20.298   587   748 D ConnectivityService: NetReassign [230 : null → 100] [c 0] [a 1] [i 0]
09-19 12:42:20.299   587  1591 D CompatChangeReporter: Compat change id reported: 319212206; UID 10145; state: ENABLED
09-19 12:42:20.299   587   741 D WifiNetworkFactory: got request NetworkRequest [ REQUEST id=230, [ Capabilities: INTERNET&NOT_RESTRICTED&TRUSTED&NOT_VCN_MANAGED&NOT_BANDWIDTH_CONSTRAINED Uid: 10145 RequestorUid: 10145 RequestorPkg: com.google.android.gms UnderlyingNetworks: Null] ]
09-19 12:42:20.299   587   741 D UntrustedWifiNetworkFactory: got request NetworkRequest [ REQUEST id=230, [ Capabilities: INTERNET&NOT_RESTRICTED&TRUSTED&NOT_VCN_MANAGED&NOT_BANDWIDTH_CONSTRAINED Uid: 10145 RequestorUid: 10145 RequestorPkg: com.google.android.gms UnderlyingNetworks: Null] ]
09-19 12:42:20.299   587   741 D OemPaidWifiNetworkFactory: got request NetworkRequest [ REQUEST id=230, [ Capabilities: INTERNET&NOT_RESTRICTED&TRUSTED&NOT_VCN_MANAGED&NOT_BANDWIDTH_CONSTRAINED Uid: 10145 RequestorUid: 10145 RequestorPkg: com.google.android.gms UnderlyingNetworks: Null] ]
09-19 12:42:20.299   587   741 D MultiInternetWifiNetworkFactory: got request NetworkRequest [ REQUEST id=230, [ Capabilities: INTERNET&NOT_RESTRICTED&TRUSTED&NOT_VCN_MANAGED&NOT_BANDWIDTH_CONSTRAINED Uid: 10145 RequestorUid: 10145 RequestorPkg: com.google.android.gms UnderlyingNetworks: Null] ]
09-19 12:42:20.301   587   748 D ConnectivityService: NetReassign [no changes] [c 0] [a 1] [i 1]
09-19 12:42:20.384 13935 14073 I Finsky  : [91] zxa.g(189): [EExp] Successfully exported experiments for package com.google.android.finsky.regular.
09-19 12:42:20.384 13935 14073 I Finsky  : [91] svf.b(6): HC: beginRecoverGmscoreIfApplicable
09-19 12:42:20.385 13935 14073 I Finsky  : [91] svf.b(36): HC: No target version, skip Gmscore recovery.
09-19 12:42:20.387 13935 14104 I Finsky  : [110] aert.b(11): SUH: Syncing device attributes was successful in self update.
09-19 12:42:20.407  1250  1250 I GoogleInputMethodService: GoogleInputMethodService.updateDeviceLockedStatus():2248 repeatCheckTimes = 0, locked = false
09-19 12:42:20.408  1250  1250 I GoogleInputMethodService: GoogleInputMethodService.onStartInput():1986 onStartInput(EditorInfo{EditorInfo{packageName=org.libsdl.app, inputType=0, inputTypeString=NULL, enableLearning=false, autoCorrection=false, autoComplete=false, imeOptions=0, privateImeOptions=null, actionName=UNSPECIFIED, actionLabel=null, initialSelStart=-1, initialSelEnd=-1, initialCapsMode=0, label=null, fieldId=0, fieldName=null, extras=null, hintText=null, hintLocales=[]}}, false)
09-19 12:42:20.408  1250  1250 I GoogleInputMethodService: GoogleInputMethodService.updateDeviceLockedStatus():2248 repeatCheckTimes = 1, locked = false
09-19 12:42:20.417  1250  1250 I AndroidIME: InputBundleManager.loadActiveInputBundleId():450 loadActiveInputBundleId: und-Latn-x-password, password
09-19 12:42:20.459 14291 14329 I Chess   : Click on [38;5;208m[D4][0m -> [38;5;200m|27|
09-19 12:42:20.459 14291 14329 I Chess   : [0m
09-19 12:42:20.475 13935 14214 I Finsky  : [141] asxb.e(7): registerListener
09-19 12:42:20.475 13935 14214 I Finsky  : [141] awov.t(6): getDownloads()
09-19 12:42:20.479   587   886 D ActivityManager: sync unfroze 14088 com.android.vending:background for 6
09-19 12:42:20.479   587   886 W ProcessStats: Tracking association SourceState{4baf685 com.android.vending/10140 ImpBg #10783} whose proc state 6 is better than process ProcessState{ccdb4cf com.android.vending:background/10140 pkg=com.android.vending} proc state 14 (0 skipped)
09-19 12:42:20.482 13935 14214 I Finsky  : [141] pu.run(51): Initialized AssetModuleDownloader.
09-19 12:42:20.492 14291 14329 I Chess   : Click on [38;5;208m[D4][0m -> [38;5;200m|27|
09-19 12:42:20.492 14291 14329 I Chess   : [0m
09-19 12:42:20.496 14088 14088 I Endpoint: Created gRPC endpoint for service class com.google.frameworks.client.data.android.server.play.BackgroundProcessEndpointService
09-19 12:42:20.504 13935 14154 I Finsky  : [130] prv.accept(82): Wrote row to frosting DB: 390
09-19 12:42:20.509 14088 14344 D CompatChangeReporter: Compat change id reported: 270674727; UID 10140; state: ENABLED
09-19 12:42:20.511 14088 14344 I Finsky:background: [99] prw.j(6): DS: getDownloads()
09-19 12:42:20.519 13935 14133 D TrafficStats: tagSocket(165) with statsTag=0x4be64f9b, statsUid=-1
09-19 12:42:20.534 13935 14133 D TrafficStats: tagSocket(166) with statsTag=0x4be64f9b, statsUid=-1
09-19 12:42:20.552  1250  1250 W NotificationCenter: NotificationCenter$ListenerData.notifyOnExecutor():672 Heavy notify work detected on UI thread: |kga->ipx| takes 104ms
09-19 12:42:20.552   587  1591 W PackageConfigPersister: App-specific configuration not found for packageName: org.libsdl.app and userId: 0
09-19 12:42:20.572 12064 13963 D nativeloader: Load /data/app/~~F6FUD1ZnMGbTjJkj3UJt_w==/com.google.android.gms-v1onozUYKPoHoTyMDNpjTg==/split_CronetDynamite_installtime.apk!/lib/x86_64/libcronet.129.0.6614.4.so using isolated ns clns-12 (caller=/data/app/~~F6FUD1ZnMGbTjJkj3UJt_w==/com.google.android.gms-v1onozUYKPoHoTyMDNpjTg==/split_CronetDynamite_installtime.apk): ok
09-19 12:42:20.601 14291 14329 D EGL_emulation: app_time_stats: avg=10.40ms min=5.13ms max=118.48ms count=59
09-19 12:42:20.619   587   886 D ConnectivityService: requestNetwork for uid/pid:10140/14088 activeRequest: null callbackRequest: 232 [NetworkRequest [ REQUEST id=233, [ Capabilities: INTERNET&NOT_RESTRICTED&TRUSTED&NOT_VCN_MANAGED&NOT_BANDWIDTH_CONSTRAINED Uid: 10140 RequestorUid: 10140 RequestorPkg: com.android.vending UnderlyingNetworks: Null] ]] callback flags: 0 order: 2147483647 isUidTracked: false
09-19 12:42:20.621   587   748 D ConnectivityService: NetReassign [233 : null → 100] [c 0] [a 0] [i 1]
09-19 12:42:20.621   587   741 D WifiNetworkFactory: got request NetworkRequest [ REQUEST id=233, [ Capabilities: INTERNET&NOT_RESTRICTED&TRUSTED&NOT_VCN_MANAGED&NOT_BANDWIDTH_CONSTRAINED Uid: 10140 RequestorUid: 10140 RequestorPkg: com.android.vending UnderlyingNetworks: Null] ]
09-19 12:42:20.621   587   741 D UntrustedWifiNetworkFactory: got request NetworkRequest [ REQUEST id=233, [ Capabilities: INTERNET&NOT_RESTRICTED&TRUSTED&NOT_VCN_MANAGED&NOT_BANDWIDTH_CONSTRAINED Uid: 10140 RequestorUid: 10140 RequestorPkg: com.android.vending UnderlyingNetworks: Null] ]
09-19 12:42:20.621   587   741 D OemPaidWifiNetworkFactory: got request NetworkRequest [ REQUEST id=233, [ Capabilities: INTERNET&NOT_RESTRICTED&TRUSTED&NOT_VCN_MANAGED&NOT_BANDWIDTH_CONSTRAINED Uid: 10140 RequestorUid: 10140 RequestorPkg: com.android.vending UnderlyingNetworks: Null] ]
09-19 12:42:20.621   587   741 D MultiInternetWifiNetworkFactory: got request NetworkRequest [ REQUEST id=233, [ Capabilities: INTERNET&NOT_RESTRICTED&TRUSTED&NOT_VCN_MANAGED&NOT_BANDWIDTH_CONSTRAINED Uid: 10140 RequestorUid: 10140 RequestorPkg: com.android.vending UnderlyingNetworks: Null] ]
09-19 12:42:20.656 12064 13963 I cr_CronetLibraryLoader: Cronet version: 129.0.6614.4, arch: x86_64
09-19 12:42:20.771 13935 14137 I Finsky  : [117] psd.accept(146): [EExp] Exporting release experiments.
09-19 12:42:20.781 13935 13935 I Finsky  : [2] aerv.e(24): SUH: [self-update] Got DFE self-update. Local Version [version=84262230,derivedid=2,splits=[config.en, config.x86_64, phonesky_data_loader, phonesky_data_loader.config.x86_64]] < Server Version [version=84271930,derivedid=2,splits=[config.en, config.x86_64, phonesky_data_loader, phonesky_data_loader.config.x86_64, base.dm]]
09-19 12:42:20.782 13935 13935 I Finsky  : [2] aerc.g(741): SU: Bulk scheduling self-update with policies: SelfUpdateSchedulerData{bd=# aepd@29c9527d,i=false,t=1726742562,c=[{ L: 0, D: 86400000, C: CHARGING_REQUIRED, I: IDLE_REQUIRED, N: NET_UNMETERED }],ir=19,dtok=AB-xQnpVu_AtdJVhkgWNAf_MVrxQjmQwp2O4lsB1WIwGRbmJiVdPmAIOHqRYf_vWgbSPIcCq4M5ptY9z2Yp8-faS27GZjzHHcNuI3a80tIxtZAErqTTyHKYmc3uHUBXD_kKTgUwsbIBbfWMGHbcSLy7IE9d3gJ2DHvQDuCutqr09MKPoNGySszI}
09-19 12:42:20.786   587   886 D CompatChangeReporter: Compat change id reported: 151861875; UID 10140; state: ENABLED
09-19 12:42:20.797   376   376 D Zygote  : Forked child process 14359
09-19 12:42:20.798   587   632 I ActivityManager: Start proc 14359:com.android.vending:quick_launch/u0a140 for service {com.android.vending/com.google.frameworks.client.data.android.server.play.QuickLaunchProcessEndpointService}
09-19 12:42:20.811 13935 14154 I Finsky  : [130] prv.accept(82): Wrote row to frosting DB: 391
09-19 12:42:20.823 13935 13960 I Finsky  : [83] prv.accept(108): [EExp] Successfully exported release experiments.
09-19 12:42:20.835 14359 14359 I ng:quick_launch: Using CollectorTypeCMC GC.
09-19 12:42:20.836 14359 14359 W ng:quick_launch: Unexpected CPU variant for x86: x86_64.
09-19 12:42:20.836 14359 14359 W ng:quick_launch: Known variants: atom, sandybridge, silvermont, goldmont, goldmont-plus, goldmont-without-sha-xsaves, tremont, kabylake, default
09-19 12:42:20.837 14359 14359 E ng:quick_launch: Not starting debugger since process cannot load the jdwp agent.
09-19 12:42:20.840 14359 14359 D nativeloader: Load libframework-connectivity-tiramisu-jni.so using APEX ns com_android_tethering for caller /apex/com.android.tethering/javalib/framework-connectivity-t.jar: ok
09-19 12:42:20.849 14359 14359 D ApplicationLoaders: Returning zygote-cached class loader: /system/framework/org.apache.http.legacy.jar
09-19 12:42:20.849 14359 14359 D ApplicationLoaders: Returning zygote-cached class loader: /system_ext/framework/androidx.window.extensions.jar
09-19 12:42:20.849 14359 14359 D ApplicationLoaders: Returning zygote-cached class loader: /system_ext/framework/androidx.window.sidecar.jar
09-19 12:42:20.855 14359 14359 W ziparchive: Unable to open '/data/app/~~FX-Y9qyjuS-6OI-4D5bSUw==/com.android.vending-2LDTkCzUNQAIxCrzuwOzPA==/split_config.en.dm': No such file or directory
09-19 12:42:20.855 14359 14359 W ziparchive: Unable to open '/data/app/~~FX-Y9qyjuS-6OI-4D5bSUw==/com.android.vending-2LDTkCzUNQAIxCrzuwOzPA==/split_config.en.dm': No such file or directory
09-19 12:42:20.855 14359 14359 W ng:quick_launch: Entry not found
09-19 12:42:20.855 14359 14359 W ziparchive: Unable to open '/data/app/~~FX-Y9qyjuS-6OI-4D5bSUw==/com.android.vending-2LDTkCzUNQAIxCrzuwOzPA==/split_config.x86_64.dm': No such file or directory
09-19 12:42:20.855 14359 14359 W ziparchive: Unable to open '/data/app/~~FX-Y9qyjuS-6OI-4D5bSUw==/com.android.vending-2LDTkCzUNQAIxCrzuwOzPA==/split_config.x86_64.dm': No such file or directory
09-19 12:42:20.855 14359 14359 W ng:quick_launch: Entry not found
09-19 12:42:20.855 14359 14359 W ziparchive: Unable to open '/data/app/~~FX-Y9qyjuS-6OI-4D5bSUw==/com.android.vending-2LDTkCzUNQAIxCrzuwOzPA==/split_phonesky_data_loader.dm': No such file or directory
09-19 12:42:20.855 14359 14359 W ziparchive: Unable to open '/data/app/~~FX-Y9qyjuS-6OI-4D5bSUw==/com.android.vending-2LDTkCzUNQAIxCrzuwOzPA==/split_phonesky_data_loader.dm': No such file or directory
09-19 12:42:20.855 14359 14359 W ng:quick_launch: Entry not found
09-19 12:42:20.855 14359 14359 W ziparchive: Unable to open '/data/app/~~FX-Y9qyjuS-6OI-4D5bSUw==/com.android.vending-2LDTkCzUNQAIxCrzuwOzPA==/split_phonesky_data_loader.config.x86_64.dm': No such file or directory
09-19 12:42:20.855 14359 14359 W ziparchive: Unable to open '/data/app/~~FX-Y9qyjuS-6OI-4D5bSUw==/com.android.vending-2LDTkCzUNQAIxCrzuwOzPA==/split_phonesky_data_loader.config.x86_64.dm': No such file or directory
09-19 12:42:20.856 14359 14359 W ng:quick_launch: Entry not found
09-19 12:42:20.856 14359 14359 D nativeloader: Configuring clns-7 for other apk /data/app/~~FX-Y9qyjuS-6OI-4D5bSUw==/com.android.vending-2LDTkCzUNQAIxCrzuwOzPA==/base.apk:/data/app/~~FX-Y9qyjuS-6OI-4D5bSUw==/com.android.vending-2LDTkCzUNQAIxCrzuwOzPA==/split_config.en.apk:/data/app/~~FX-Y9qyjuS-6OI-4D5bSUw==/com.android.vending-2LDTkCzUNQAIxCrzuwOzPA==/split_config.x86_64.apk:/data/app/~~FX-Y9qyjuS-6OI-4D5bSUw==/com.android.vending-2LDTkCzUNQAIxCrzuwOzPA==/split_phonesky_data_loader.apk:/data/app/~~FX-Y9qyjuS-6OI-4D5bSUw==/com.android.vending-2LDTkCzUNQAIxCrzuwOzPA==/split_phonesky_data_loader.config.x86_64.apk. target_sdk_version=35, uses_libraries=, library_path=/data/app/~~FX-Y9qyjuS-6OI-4D5bSUw==/com.android.vending-2LDTkCzUNQAIxCrzuwOzPA==/lib/x86_64:/data/app/~~FX-Y9qyjuS-6OI-4D5bSUw==/com.android.vending-2LDTkCzUNQAIxCrzuwOzPA==/base.apk!/lib/x86_64:/data/app/~~FX-Y9qyjuS-6OI-4D5bSUw==/com.android.vending-2LDTkCzUNQAIxCrzuwOzPA==/split_config.en.apk!/lib/x86_64:/data/app/~~FX-Y9qyjuS-6OI-4D5bSUw==/com.android.vending-2LDTkCzUNQAIxCrzuwOzPA==/split
09-19 12:42:20.857 14359 14359 D CompatChangeReporter: Compat change id reported: 202956589; UID 10140; state: ENABLED
09-19 12:42:20.862 14359 14359 V GraphicsEnvironment: Currently set values for:
09-19 12:42:20.862 14359 14359 V GraphicsEnvironment:   angle_gl_driver_selection_pkgs=[]
09-19 12:42:20.862 14359 14359 V GraphicsEnvironment:   angle_gl_driver_selection_values=[]
09-19 12:42:20.862 14359 14359 V GraphicsEnvironment: Global.Settings values are invalid: number of packages: 0, number of values: 0
09-19 12:42:20.862 14359 14359 V GraphicsEnvironment: Neither updatable production driver nor prerelease driver is supported.
09-19 12:42:20.864 14359 14359 I Finsky:quick_launch: [2] lye.j(82): Process created at version: 42.6.22-31 [0] [PR] 670642294
09-19 12:42:20.876 14359 14359 I Finsky:quick_launch: [2] ablq.bA(186): Finished reading experiment flags from file [0tGUNCGIkbk4o6-fQ335kUYSKwVj4lusnHT-A5Dsy08] numFlags=1873.
09-19 12:42:20.880 14359 14373 D CompatChangeReporter: Compat change id reported: 312399441; UID 10140; state: ENABLED
09-19 12:42:20.884 14359 14375 D nativeloader: Load /data/app/~~FX-Y9qyjuS-6OI-4D5bSUw==/com.android.vending-2LDTkCzUNQAIxCrzuwOzPA==/split_config.x86_64.apk!/lib/x86_64/libmappedcountercacheversionjni.so using ns clns-7 from class loader (caller=/data/app/~~FX-Y9qyjuS-6OI-4D5bSUw==/com.android.vending-2LDTkCzUNQAIxCrzuwOzPA==/base.apk): ok
09-19 12:42:20.987 14088 14351 I Finsky:background: [103] adzt.<init>(47): Resetting scheduler db
09-19 12:42:21.002 14088 14379 I Finsky:background: [106] qen.accept(68): SCH: Scheduling phonesky job Id: 47-15, CT: 1726238274237, Constraints: [{ L: 21600000, D: 21600000, C: CHARGING_NONE, I: IDLE_NONE, N: NET_NONE }]
09-19 12:42:21.005 14359 14359 I Finsky:quick_launch: [2] ablq.bA(186): Finished reading experiment flags from file [Se-xCc4LzNyh3UrKMIU2sUf-PUKz4oQEbpKZDMuaFno] numFlags=2172.
09-19 12:42:21.012 14359 14359 I Endpoint: Created gRPC endpoint for service class com.google.frameworks.client.data.android.server.play.QuickLaunchProcessEndpointService
09-19 12:42:21.016 14359 14359 I Finsky:quick_launch: [2] leo.m(306): This process start was not selected for Play memory metrics collection.
09-19 12:42:21.021 14359 14381 D CompatChangeReporter: Compat change id reported: 270674727; UID 10140; state: ENABLED
09-19 12:42:21.029 13935 14097 I Finsky  : [106] qen.accept(68): SCH: Scheduling phonesky job Id: 2-48879, CT: 1726742540782, Constraints: [{ L: 0, D: 86400000, C: CHARGING_REQUIRED, I: IDLE_REQUIRED, N: NET_UNMETERED }]
09-19 12:42:21.055 12064 14355 D TrafficStats: tagSocket(128) with statsTag=0x1803, statsUid=10145
09-19 12:42:21.076 13935 14083 I Finsky  : [101] lvz.apply(388): SCH: Scheduling 0 system job(s)
09-19 12:42:21.080 14088 14156 I Finsky:background: [97] lvz.apply(388): SCH: Scheduling 0 system job(s)
09-19 12:42:21.080 14359 14382 I Finsky:quick_launch: [94] adzt.<init>(47): Resetting scheduler db
09-19 12:42:21.087 14088 14387 D TrafficStats: tagSocket(101) with statsTag=0xffffffff, statsUid=-1
09-19 12:42:21.103 14359 14392 I Finsky:quick_launch: [96] adzi.a(15): SCH: no pending jobs to schedule.
09-19 12:42:21.106 13935 14097 I Finsky  : [106] qen.accept(68): SCH: Scheduling phonesky job Id: 10-1, CT: 1726742540796, Constraints: [{ L: 0, D: 86400000, C: CHARGING_NONE, I: IDLE_NONE, N: NET_NONE }, { L: 0, D: 0, C: CHARGING_NONE, I: IDLE_NONE, N: NET_NONE }]
09-19 12:42:21.106 13935 14097 I Finsky  : [106] qen.accept(68): SCH: Scheduling phonesky job Id: 10-4, CT: 1726742540796, Constraints: [{ L: 1200000, D: 86400000, C: CHARGING_NONE, I: IDLE_NONE, N: NET_NONE }]
09-19 12:42:21.106 13935 14097 I Finsky  : [106] qen.accept(68): SCH: Scheduling phonesky job Id: 10-11, CT: 1726742540796, Constraints: [{ L: 600000, D: 86400000, C: CHARGING_NONE, I: IDLE_NONE, N: NET_NONE }]
09-19 12:42:21.106 13935 14097 I Finsky  : [106] qen.accept(68): SCH: Scheduling phonesky job Id: 10-18, CT: 1726742540796, Constraints: [{ L: 0, D: 86400000, C: CHARGING_NONE, I: IDLE_NONE, N: NET_NONE }, { L: 0, D: 0, C: CHARGING_NONE, I: IDLE_NONE, N: NET_NONE }]
09-19 12:42:21.106 13935 14097 I Finsky  : [106] qen.accept(68): SCH: Scheduling phonesky job Id: 10-22, CT: 1726742540796, Constraints: [{ L: 0, D: 86400000, C: CHARGING_NONE, I: IDLE_NONE, N: NET_NONE }, { L: 0, D: 0, C: CHARGING_NONE, I: IDLE_NONE, N: NET_NONE }]
09-19 12:42:21.106 13935 14097 I Finsky  : [106] qen.accept(68): SCH: Scheduling phonesky job Id: 10-39, CT: 1726742540796, Constraints: [{ L: 0, D: 86400000, C: CHARGING_NONE, I: IDLE_NONE, N: NET_NONE }, { L: 0, D: 0, C: CHARGING_NONE, I: IDLE_NONE, N: NET_NONE }]
09-19 12:42:21.106 13935 14097 I Finsky  : [106] qen.accept(68): SCH: Scheduling phonesky job Id: 10-50, CT: 1726742540796, Constraints: [{ L: 0, D: 86400000, C: CHARGING_NONE, I: IDLE_NONE, N: NET_NONE }, { L: 0, D: 0, C: CHARGING_NONE, I: IDLE_NONE, N: NET_NONE }]
09-19 12:42:21.106 13935 14097 I Finsky  : [106] qen.accept(68): SCH: Scheduling phonesky job Id: 10-12, CT: 1726742540796, Constraints: [{ L: 0, D: 43200000, C: CHARGING_NONE, I: IDLE_NONE, N: NET_NONE }, { L: 0, D: 0, C: CHARGING_NONE, I: IDLE_NONE, N: NET_NONE }]
09-19 12:42:21.106 13935 14097 I Finsky  : [106] qen.accept(68): SCH: Scheduling phonesky job Id: 10-47, CT: 1726742540796, Constraints: [{ L: 0, D: 86400000, C: CHARGING_NONE, I: IDLE_NONE, N: NET_NONE }, { L: 0, D: 0, C: CHARGING_NONE, I: IDLE_NONE, N: NET_NONE }]
09-19 12:42:21.106 13935 14097 I Finsky  : [106] qen.accept(68): SCH: Scheduling phonesky job Id: 10-33, CT: 1726742540796, Constraints: [{ L: 0, D: 86400000, C: CHARGING_NONE, I: IDLE_NONE, N: NET_NONE }, { L: 0, D: 0, C: CHARGING_NONE, I: IDLE_NONE, N: NET_NONE }]
09-19 12:42:21.106 13935 14097 I Finsky  : [106] qen.accept(68): SCH: Scheduling phonesky job Id: 10-26, CT: 1726742540796, Constraints: [{ L: 600000, D: 86400000, C: CHARGING_NONE, I: IDLE_NONE, N: NET_ANY }]
09-19 12:42:21.106 13935 14097 I Finsky  : [106] qen.accept(68): SCH: Scheduling phonesky job Id: 10-62, CT: 1726742540797, Constraints: [{ L: 0, D: 86400000, C: CHARGING_NONE, I: IDLE_NONE, N: NET_NONE }, { L: 0, D: 0, C: CHARGING_NONE, I: IDLE_NONE, N: NET_NONE }]
09-19 12:42:21.107 13935 14097 I Finsky  : [106] qen.accept(68): SCH: Scheduling phonesky job Id: 10-8, CT: 1726742540797, Constraints: [{ L: 0, D: 86400000, C: CHARGING_NONE, I: IDLE_NONE, N: NET_NONE }, { L: 0, D: 0, C: CHARGING_NONE, I: IDLE_NONE, N: NET_NONE }]
09-19 12:42:21.107 13935 14097 I Finsky  : [106] qen.accept(68): SCH: Scheduling phonesky job Id: 10-3, CT: 1726742540797, Constraints: [{ L: 0, D: 86400000, C: CHARGING_NONE, I: IDLE_NONE, N: NET_NONE }, { L: 0, D: 0, C: CHARGING_NONE, I: IDLE_NONE, N: NET_NONE }]
09-19 12:42:21.107 13935 14097 I Finsky  : [106] qen.accept(68): SCH: Scheduling phonesky job Id: 10-30, CT: 1726742540799, Constraints: [{ L: 0, D: 86400000, C: CHARGING_NONE, I: IDLE_NONE, N: NET_NONE }, { L: 0, D: 0, C: CHARGING_NONE, I: IDLE_NONE, N: NET_NONE }]
09-19 12:42:21.107 13935 14097 I Finsky  : [106] qen.accept(68): SCH: Scheduling phonesky job Id: 10-14, CT: 1726742540799, Constraints: [{ L: 0, D: 86400000, C: CHARGING_NONE, I: IDLE_NONE, N: NET_NONE }, { L: 0, D: 0, C: CHARGING_NONE, I: IDLE_NONE, N: NET_NONE }]
09-19 12:42:21.107 13935 14097 I Finsky  : [106] qen.accept(68): SCH: Scheduling phonesky job Id: 10-15, CT: 1726742540799, Constraints: [{ L: 0, D: 86400000, C: CHARGING_NONE, I: IDLE_NONE, N: NET_NONE }, { L: 0, D: 0, C: CHARGING_NONE, I: IDLE_NONE, N: NET_NONE }]
09-19 12:42:21.107 13935 14097 I Finsky  : [106] qen.accept(68): SCH: Scheduling phonesky job Id: 10-20, CT: 1726742540799, Constraints: [{ L: 0, D: 86400000, C: CHARGING_NONE, I: IDLE_NONE, N: NET_NONE }, { L: 0, D: 0, C: CHARGING_NONE, I: IDLE_NONE, N: NET_NONE }]
09-19 12:42:21.107 13935 14097 I Finsky  : [106] qen.accept(68): SCH: Scheduling phonesky job Id: 10-42, CT: 1726742540799, Constraints: [{ L: 0, D: 86400000, C: CHARGING_NONE, I: IDLE_NONE, N: NET_NONE }, { L: 0, D: 0, C: CHARGING_NONE, I: IDLE_NONE, N: NET_NONE }]
09-19 12:42:21.107 13935 14097 I Finsky  : [106] qen.accept(68): SCH: Scheduling phonesky job Id: 10-55, CT: 1726742540799, Constraints: [{ L: 0, D: 86400000, C: CHARGING_NONE, I: IDLE_NONE, N: NET_NONE }, { L: 0, D: 0, C: CHARGING_NONE, I: IDLE_NONE, N: NET_NONE }]
09-19 12:42:21.107 13935 14097 I Finsky  : [106] qen.accept(68): SCH: Scheduling phonesky job Id: 10-48, CT: 1726742540799, Constraints: [{ L: 0, D: 86400000, C: CHARGING_NONE, I: IDLE_NONE, N: NET_NONE }, { L: 0, D: 0, C: CHARGING_NONE, I: IDLE_NONE, N: NET_NONE }]
09-19 12:42:21.107 13935 14097 I Finsky  : [106] qen.accept(68): SCH: Scheduling phonesky job Id: 10-98, CT: 1726742540799, Constraints: [{ L: 0, D: 86400000, C: CHARGING_NONE, I: IDLE_NONE, N: NET_NONE }, { L: 0, D: 0, C: CHARGING_NONE, I: IDLE_NONE, N: NET_NONE }]
09-19 12:42:21.107 13935 14097 I Finsky  : [106] qen.accept(68): SCH: Scheduling phonesky job Id: 10-117, CT: 1726742540799, Constraints: [{ L: 0, D: 604800000, C: CHARGING_NONE, I: IDLE_NONE, N: NET_NONE }, { L: 0, D: 0, C: CHARGING_NONE, I: IDLE_NONE, N: NET_NONE }]
09-19 12:42:21.108 13935 14097 I Finsky  : [106] qen.accept(68): SCH: Scheduling phonesky job Id: 10-9, CT: 1726742540799, Constraints: [{ L: 0, D: 86400000, C: CHARGING_NONE, I: IDLE_NONE, N: NET_NONE }, { L: 0, D: 0, C: CHARGING_NONE, I: IDLE_NONE, N: NET_NONE }]
09-19 12:42:21.108 13935 14097 I Finsky  : [106] qen.accept(68): SCH: Scheduling phonesky job Id: 10-113, CT: 1726742540799, Constraints: [{ L: 0, D: 86400000, C: CHARGING_NONE, I: IDLE_NONE, N: NET_NONE }, { L: 0, D: 0, C: CHARGING_NONE, I: IDLE_NONE, N: NET_NONE }]
09-19 12:42:21.108 13935 14097 I Finsky  : [106] qen.accept(68): SCH: Scheduling phonesky job Id: 10-82, CT: 1726742540799, Constraints: [{ L: 0, D: 86400000, C: CHARGING_NONE, I: IDLE_NONE, N: NET_NONE }, { L: 0, D: 0, C: CHARGING_NONE, I: IDLE_NONE, N: NET_NONE }]
09-19 12:42:21.108 13935 14097 I Finsky  : [106] qen.accept(68): SCH: Scheduling phonesky job Id: 10-46, CT: 1726742540799, Constraints: [{ L: 0, D: 86400000, C: CHARGING_NONE, I: IDLE_NONE, N: NET_NONE }, { L: 0, D: 0, C: CHARGING_NONE, I: IDLE_NONE, N: NET_NONE }]
09-19 12:42:21.108 13935 14097 I Finsky  : [106] qen.accept(68): SCH: Scheduling phonesky job Id: 10-53, CT: 1726742540799, Constraints: [{ L: 0, D: 86400000, C: CHARGING_NONE, I: IDLE_NONE, N: NET_NONE }, { L: 0, D: 0, C: CHARGING_NONE, I: IDLE_NONE, N: NET_NONE }]
09-19 12:42:21.108 13935 14097 I Finsky  : [106] qen.accept(68): SCH: Scheduling phonesky job Id: 10-41, CT: 1726742540799, Constraints: [{ L: 0, D: 86400000, C: CHARGING_NONE, I: IDLE_NONE, N: NET_NONE }, { L: 0, D: 0, C: CHARGING_NONE, I: IDLE_NONE, N: NET_NONE }]
09-19 12:42:21.108 13935 14097 I Finsky  : [106] qen.accept(68): SCH: Scheduling phonesky job Id: 10-51, CT: 1726742540799, Constraints: [{ L: 0, D: 86400000, C: CHARGING_NONE, I: IDLE_NONE, N: NET_NONE }, { L: 0, D: 0, C: CHARGING_NONE, I: IDLE_NONE, N: NET_NONE }]
09-19 12:42:21.108 13935 14097 I Finsky  : [106] qen.accept(68): SCH: Scheduling phonesky job Id: 10-66, CT: 1726742540799, Constraints: [{ L: 0, D: 86400000, C: CHARGING_NONE, I: IDLE_NONE, N: NET_NONE }, { L: 0, D: 0, C: CHARGING_NONE, I: IDLE_NONE, N: NET_NONE }]
09-19 12:42:21.108 13935 14097 I Finsky  : [106] qen.accept(68): SCH: Scheduling phonesky job Id: 10-71, CT: 1726742540802, Constraints: [{ L: 0, D: 86400000, C: CHARGING_NONE, I: IDLE_NONE, N: NET_NONE }, { L: 0, D: 0, C: CHARGING_NONE, I: IDLE_NONE, N: NET_NONE }]
09-19 12:42:21.108 13935 14097 I Finsky  : [106] qen.accept(68): SCH: Scheduling phonesky job Id: 10-73, CT: 1726742540803, Constraints: [{ L: 0, D: 86400000, C: CHARGING_NONE, I: IDLE_NONE, N: NET_NONE }, { L: 0, D: 0, C: CHARGING_NONE, I: IDLE_NONE, N: NET_NONE }]
09-19 12:42:21.109 13935 14097 I Finsky  : [106] qen.accept(68): SCH: Scheduling phonesky job Id: 10-76, CT: 1726742540803, Constraints: [{ L: 0, D: 604800000, C: CHARGING_NONE, I: IDLE_NONE, N: NET_NONE }, { L: 0, D: 0, C: CHARGING_NONE, I: IDLE_NONE, N: NET_NONE }]
09-19 12:42:21.109 13935 14097 I Finsky  : [106] qen.accept(68): SCH: Scheduling phonesky job Id: 10-79, CT: 1726742540803, Constraints: [{ L: 0, D: 86400000, C: CHARGING_NONE, I: IDLE_REQUIRED, N: NET_NONE }]
09-19 12:42:21.109 13935 14097 I Finsky  : [106] qen.accept(68): SCH: Scheduling phonesky job Id: 10-83, CT: 1726742540803, Constraints: [{ L: 0, D: 86400000, C: CHARGING_NONE, I: IDLE_NONE, N: NET_NONE }, { L: 0, D: 0, C: CHARGING_NONE, I: IDLE_NONE, N: NET_NONE }]
09-19 12:42:21.109 13935 14097 I Finsky  : [106] qen.accept(68): SCH: Scheduling phonesky job Id: 10-87, CT: 1726742540803, Constraints: [{ L: 0, D: 86400000, C: CHARGING_NONE, I: IDLE_NONE, N: NET_NONE }, { L: 0, D: 0, C: CHARGING_NONE, I: IDLE_NONE, N: NET_NONE }]
09-19 12:42:21.109 13935 14097 I Finsky  : [106] qen.accept(68): SCH: Scheduling phonesky job Id: 10-89, CT: 1726742540803, Constraints: [{ L: 0, D: 86400000, C: CHARGING_NONE, I: IDLE_NONE, N: NET_NONE }, { L: 0, D: 0, C: CHARGING_NONE, I: IDLE_NONE, N: NET_NONE }]
09-19 12:42:21.109 13935 14097 I Finsky  : [106] qen.accept(68): SCH: Scheduling phonesky job Id: 10-91, CT: 1726742540803, Constraints: [{ L: 0, D: 86400000, C: CHARGING_NONE, I: IDLE_NONE, N: NET_NONE }, { L: 0, D: 0, C: CHARGING_NONE, I: IDLE_NONE, N: NET_NONE }]
09-19 12:42:21.109 13935 14097 I Finsky  : [106] qen.accept(68): SCH: Scheduling phonesky job Id: 10-107, CT: 1726742540803, Constraints: [{ L: 0, D: 43200000, C: CHARGING_NONE, I: IDLE_NONE, N: NET_NONE }, { L: 0, D: 0, C: CHARGING_NONE, I: IDLE_NONE, N: NET_NONE }]
09-19 12:42:21.109 14359 14393 D TrafficStats: tagSocket(93) with statsTag=0xffffffff, statsUid=-1
09-19 12:42:21.109 13935 14097 I Finsky  : [106] qen.accept(68): SCH: Scheduling phonesky job Id: 10-122, CT: 1726742540803, Constraints: [{ L: 0, D: 43200000, C: CHARGING_NONE, I: IDLE_NONE, N: NET_NONE }, { L: 0, D: 0, C: CHARGING_NONE, I: IDLE_NONE, N: NET_NONE }]
09-19 12:42:21.109 13935 14097 I Finsky  : [106] qen.accept(68): SCH: Scheduling phonesky job Id: 10-96, CT: 1726742540803, Constraints: [{ L: 0, D: 86400000, C: CHARGING_NONE, I: IDLE_NONE, N: NET_ANY }, { L: 0, D: 0, C: CHARGING_NONE, I: IDLE_NONE, N: NET_NONE }]
09-19 12:42:21.109 13935 14097 I Finsky  : [106] qen.accept(68): SCH: Scheduling phonesky job Id: 10-101, CT: 1726742540803, Constraints: [{ L: 60000, D: 86400000, C: CHARGING_NONE, I: IDLE_NONE, N: NET_NONE }]
09-19 12:42:21.110 13935 14097 I Finsky  : [106] qen.accept(68): SCH: Scheduling phonesky job Id: 10-105, CT: 1726742540803, Constraints: [{ L: 0, D: 86400000, C: CHARGING_NONE, I: IDLE_NONE, N: NET_ANY }, { L: 0, D: 0, C: CHARGING_NONE, I: IDLE_NONE, N: NET_NONE }]
09-19 12:42:21.110 13935 14097 I Finsky  : [106] qen.accept(68): SCH: Scheduling phonesky job Id: 10-115, CT: 1726742540803, Constraints: [{ L: 0, D: 86400000, C: CHARGING_NONE, I: IDLE_NONE, N: NET_NONE }, { L: 0, D: 0, C: CHARGING_NONE, I: IDLE_NONE, N: NET_NONE }]
09-19 12:42:21.110 13935 14097 I Finsky  : [106] qen.accept(68): SCH: Scheduling phonesky job Id: 10-116, CT: 1726742540803, Constraints: [{ L: 0, D: 86400000, C: CHARGING_NONE, I: IDLE_NONE, N: NET_NONE }, { L: 0, D: 0, C: CHARGING_NONE, I: IDLE_NONE, N: NET_NONE }]
09-19 12:42:21.111 13935 14097 I Finsky  : [106] qen.accept(68): SCH: Scheduling phonesky job Id: 10-118, CT: 1726742540803, Constraints: [{ L: 0, D: 604800000, C: CHARGING_NONE, I: IDLE_NONE, N: NET_NONE }, { L: 0, D: 0, C: CHARGING_NONE, I: IDLE_NONE, N: NET_NONE }]
09-19 12:42:21.111 13935 14097 I Finsky  : [106] qen.accept(68): SCH: Scheduling phonesky job Id: 10-123, CT: 1726742540803, Constraints: [{ L: 600000, D: 86400000, C: CHARGING_NONE, I: IDLE_NONE, N: NET_NONE }]
09-19 12:42:21.111 13935 14097 I Finsky  : [106] qen.accept(68): SCH: Scheduling phonesky job Id: 10-127, CT: 1726742540803, Constraints: [{ L: 0, D: 43200000, C: CHARGING_NONE, I: IDLE_NONE, N: NET_NONE }, { L: 0, D: 0, C: CHARGING_NONE, I: IDLE_NONE, N: NET_NONE }]
09-19 12:42:21.111 13935 14097 I Finsky  : [106] qen.accept(68): SCH: Scheduling phonesky job Id: 10-128, CT: 1726742540803, Constraints: [{ L: 0, D: 86400000, C: CHARGING_NONE, I: IDLE_NONE, N: NET_NONE }, { L: 0, D: 0, C: CHARGING_NONE, I: IDLE_NONE, N: NET_NONE }]
09-19 12:42:21.111 13935 14097 I Finsky  : [106] qen.accept(68): SCH: Scheduling phonesky job Id: 10-130, CT: 1726742540803, Constraints: [{ L: 0, D: 86400000, C: CHARGING_NONE, I: IDLE_NONE, N: NET_NONE }, { L: 0, D: 0, C: CHARGING_NONE, I: IDLE_NONE, N: NET_NONE }]
09-19 12:42:21.111 13935 14097 I Finsky  : [106] qen.accept(68): SCH: Scheduling phonesky job Id: 10-131, CT: 1726742540803, Constraints: [{ L: 0, D: 86400000, C: CHARGING_NONE, I: IDLE_NONE, N: NET_NONE }, { L: 0, D: 0, C: CHARGING_NONE, I: IDLE_NONE, N: NET_NONE }]
09-19 12:42:21.111 13935 14097 I Finsky  : [106] qen.accept(68): SCH: Scheduling phonesky job Id: 10-139, CT: 1726742540803, Constraints: [{ L: 0, D: 86400000, C: CHARGING_NONE, I: IDLE_NONE, N: NET_NONE }, { L: 0, D: 0, C: CHARGING_NONE, I: IDLE_NONE, N: NET_NONE }]
09-19 12:42:21.111 13935 14097 I Finsky  : [106] qen.accept(68): SCH: Scheduling phonesky job Id: 10-142, CT: 1726742540803, Constraints: [{ L: 0, D: 86400000, C: CHARGING_NONE, I: IDLE_NONE, N: NET_NONE }, { L: 0, D: 0, C: CHARGING_NONE, I: IDLE_NONE, N: NET_NONE }]
09-19 12:42:21.112 13935 14097 I Finsky  : [106] qen.accept(68): SCH: Scheduling phonesky job Id: 10-146, CT: 1726742540803, Constraints: [{ L: 0, D: 86400000, C: CHARGING_NONE, I: IDLE_NONE, N: NET_NONE }, { L: 0, D: 0, C: CHARGING_NONE, I: IDLE_NONE, N: NET_NONE }]
09-19 12:42:21.112 13935 14097 I Finsky  : [106] qen.accept(68): SCH: Scheduling phonesky job Id: 10-162, CT: 1726742540803, Constraints: [{ L: 0, D: 86400000, C: CHARGING_NONE, I: IDLE_NONE, N: NET_NONE }, { L: 0, D: 0, C: CHARGING_NONE, I: IDLE_NONE, N: NET_NONE }]
09-19 12:42:21.118 13935 14083 I Finsky  : [101] lvz.apply(388): SCH: Scheduling 0 system job(s)
09-19 12:42:21.145 12064 14355 D TrafficStats: tagSocket(129) with statsTag=0x1803, statsUid=10145
09-19 12:42:21.155 14088 14112 I Finsky:background: [92] qen.accept(68): SCH: Scheduling phonesky job Id: 10-159, CT: 1726742540807, Constraints: [{ L: 0, D: 604800000, C: CHARGING_NONE, I: IDLE_NONE, N: NET_NONE }, { L: 0, D: 0, C: CHARGING_NONE, I: IDLE_NONE, N: NET_NONE }]
09-19 12:42:21.156 14088 14112 I Finsky:background: [92] qen.accept(68): SCH: Scheduling phonesky job Id: 10-140, CT: 1726742540807, Constraints: [{ L: 0, D: 86400000, C: CHARGING_NONE, I: IDLE_NONE, N: NET_NONE }, { L: 0, D: 0, C: CHARGING_NONE, I: IDLE_NONE, N: NET_NONE }]
09-19 12:42:21.194 14088 14156 I Finsky:background: [97] lvz.apply(388): SCH: Scheduling 0 system job(s)
09-19 12:42:21.230 14359 14401 I Finsky:quick_launch: [101] qen.accept(68): SCH: Scheduling phonesky job Id: 10-141, CT: 1726742541036, Constraints: [{ L: 0, D: 86400000, C: CHARGING_NONE, I: IDLE_NONE, N: NET_NONE }, { L: 0, D: 0, C: CHARGING_NONE, I: IDLE_NONE, N: NET_NONE }]
09-19 12:42:21.253 14359 14400 I Finsky:quick_launch: [100] lvz.apply(388): SCH: Scheduling 1 system job(s)
09-19 12:42:21.253 14359 14400 D CompatChangeReporter: Compat change id reported: 311402873; UID 10140; state: ENABLED
09-19 12:42:21.253 14359 14400 D CompatChangeReporter: Compat change id reported: 323349338; UID 10140; state: ENABLED
09-19 12:42:21.253 14359 14400 I Finsky:quick_launch: [100] lvz.apply(553): SCH: Scheduling expedited system job 11004
09-19 12:42:21.259 14359 14359 I Finsky:quick_launch: [2] aebb.onStartJob(127): SCH: job service start with id 11004.
09-19 12:42:21.266 13935 13935 I Finsky  : [2] sux.b(6): Hygiene tasks scheduled
09-19 12:42:21.268 13935 13935 I Finsky  : [2] adzn.q(56): SCH: jobFinished: 1-1337. TimeElapsed: 10605ms.
09-19 12:42:21.272 14359 14386 I Finsky:quick_launch: [95] lvy.a(329): SCH: Satisfied jobs for 11004 are: 10-141
09-19 12:42:21.275 14359 14404 I Finsky:quick_launch: [104] abae.accept(177): SCH: Job 10-141 starting
09-19 12:42:21.276 14359 14359 I Finsky:quick_launch: [2] FlushWorkHygieneJob.a(6): [WM] Starting Hygiene job.
09-19 12:42:21.321 14359 14359 I Finsky:quick_launch: [2] andd.apply(970): [WM] Flush complete with 1 successes and 0 failures.
09-19 12:42:21.322 14359 14359 I Finsky:quick_launch: [2] adzn.q(56): SCH: jobFinished: 10-141. TimeElapsed: 47ms.
09-19 12:42:21.377 14359 14392 I Finsky:quick_launch: [96] adzi.a(15): SCH: no pending jobs to schedule.
09-19 12:42:21.382 14359 14404 I Finsky:quick_launch: [104] aebb.a(24): SCH: job service finished with id 11004.
09-19 12:42:21.387   587  1591 D CompatChangeReporter: Compat change id reported: 311208629; UID 10140; state: ENABLED
09-19 12:42:21.397 13935 14104 I Finsky  : [110] qen.accept(68): SCH: Scheduling phonesky job Id: 2-48879, CT: 1726742540782, Constraints: [{ L: 0, D: 86400000, C: CHARGING_REQUIRED, I: IDLE_REQUIRED, N: NET_UNMETERED }]
09-19 12:42:21.399 13935 14104 I Finsky  : [110] qen.accept(68): SCH: Scheduling phonesky job Id: 3-17, CT: 1726742531716, Constraints: [{ L: 0, D: 86400000, C: CHARGING_REQUIRED, I: IDLE_REQUIRED, N: NET_UNMETERED }]
09-19 12:42:21.399 13935 14104 I Finsky  : [110] qen.accept(68): SCH: Scheduling phonesky job Id: 3-18, CT: 1726742531716, Constraints: [{ L: 0, D: 86400000, C: CHARGING_REQUIRED, I: IDLE_REQUIRED, N: NET_UNMETERED }]
09-19 12:42:21.408 13935 14083 I Finsky  : [101] lvz.apply(388): SCH: Scheduling 1 system job(s)
09-19 12:42:21.409 13935 14083 I Finsky  : [101] adzk.b(244): SCH: Scheduling system job Id: 9623, L: 0, D: 86390308, C: true, I: true, N: 2
09-19 12:42:21.416 13935 14262 I Finsky  : [153] aebb.a(24): SCH: job service finished with id 9510.
09-19 12:42:21.417 13935 14097 I Finsky  : [106] qen.accept(68): SCH: Scheduling phonesky job Id: 1-1337, CT: 1726742541352, Constraints: [{ L: 28462801, D: 71662801, C: CHARGING_NONE, I: IDLE_NONE, N: NET_ANY }]
09-19 12:42:21.420   587   886 I ActivityManager: Killing 13664:com.google.android.settings.intelligence/u0a142 (adj 975): empty #17
09-19 12:42:21.422 14088 14088 I Finsky:background: [2] wzm.onTrimMemory(11): Memory trim requested to level 40
09-19 12:42:21.422 14359 14359 I Finsky:quick_launch: [2] wzm.onTrimMemory(11): Memory trim requested to level 40
09-19 12:42:21.426 13935 14104 I Finsky  : [110] lvz.apply(388): SCH: Scheduling 0 system job(s)
09-19 12:42:21.428 13935 13935 I Finsky  : [2] wzm.onTrimMemory(11): Memory trim requested to level 40
09-19 12:42:21.429 13935 13935 I Finsky  : [2] abcf.accept(118): Flushing in-memory image cache
09-19 12:42:21.437   376   376 I Zygote  : Process 13664 exited due to signal 9 (Killed)
09-19 12:42:21.438   587   616 D DisplayManagerService: Drop pending events for gone uid 10142
09-19 12:42:21.456   587   633 I libprocessgroup: Removed cgroup /sys/fs/cgroup/uid_10142/pid_13664
09-19 12:42:21.615 14291 14329 D EGL_emulation: app_time_stats: avg=8.87ms min=4.78ms max=20.69ms count=61
09-19 12:42:21.696 12064 12068 I id.gms.unstable: Background concurrent mark compact GC freed 1693KB AllocSpace bytes, 10(1716KB) LOS objects, 49% free, 6837KB/13MB, paused 418us,3.271ms total 312.399ms
09-19 12:42:21.697 12064 12070 W id.gms.unstable: ApkAssets: Deleting an ApkAssets object '<empty> and /data/app/~~F6FUD1ZnMGbTjJkj3UJt_w==/com.google.android.gms-v1onozUYKPoHoTyMDNpjTg==/split_CronetDynamite_installtime.apk' with 1 weak references
09-19 12:42:21.697 12064 12070 W id.gms.unstable: ApkAssets: Deleting an ApkAssets object '<empty> and /data/app/~~F6FUD1ZnMGbTjJkj3UJt_w==/com.google.android.gms-v1onozUYKPoHoTyMDNpjTg==/split_DynamiteModulesA_installtime.apk' with 1 weak references
09-19 12:42:21.697 12064 12070 W id.gms.unstable: ApkAssets: Deleting an ApkAssets object '<empty> and /data/app/~~F6FUD1ZnMGbTjJkj3UJt_w==/com.google.android.gms-v1onozUYKPoHoTyMDNpjTg==/split_DynamiteModulesC_installtime.apk' with 1 weak references
09-19 12:42:21.697 12064 12070 W id.gms.unstable: ApkAssets: Deleting an ApkAssets object '<empty> and /data/app/~~F6FUD1ZnMGbTjJkj3UJt_w==/com.google.android.gms-v1onozUYKPoHoTyMDNpjTg==/split_GoogleCertificates_installtime.apk' with 1 weak references
09-19 12:42:21.697 12064 12070 W id.gms.unstable: ApkAssets: Deleting an ApkAssets object '<empty> and /data/app/~~F6FUD1ZnMGbTjJkj3UJt_w==/com.google.android.gms-v1onozUYKPoHoTyMDNpjTg==/split_MapsDynamite_installtime.apk' with 1 weak references
09-19 12:42:21.697 12064 12070 W id.gms.unstable: ApkAssets: Deleting an ApkAssets object '<empty> and /data/app/~~F6FUD1ZnMGbTjJkj3UJt_w==/com.google.android.gms-v1onozUYKPoHoTyMDNpjTg==/split_MeasurementDynamite_installtime.apk' with 1 weak references
09-19 12:42:21.697 12064 12070 W id.gms.unstable: ApkAssets: Deleting an ApkAssets object '<empty> and /data/app/~~F6FUD1ZnMGbTjJkj3UJt_w==/com.google.android.gms-v1onozUYKPoHoTyMDNpjTg==/split_all_locale_splits.apk' with 1 weak references
