--------- beginning of main
09-17 20:46:18.962 17542 17542 I org.libsdl.app: Late-enabling -Xcheck:jni
09-17 20:46:18.964   418   418 I BpBinder: onLastStrongRef automatically unlinking death recipients: 
09-17 20:46:19.005 17542 17542 I org.libsdl.app: Using CollectorTypeCMC GC.
09-17 20:46:19.006 17542 17542 W org.libsdl.app: Unexpected CPU variant for x86: x86_64.
09-17 20:46:19.006 17542 17542 W org.libsdl.app: Known variants: atom, sandybridge, silvermont, goldmont, goldmont-plus, goldmont-without-sha-xsaves, tremont, kabylake, default
09-17 20:46:19.008   428   491 I adbd    : jdwp connection from 17542
09-17 20:46:19.012 17542 17542 D nativeloader: Load libframework-connectivity-tiramisu-jni.so using APEX ns com_android_tethering for caller /apex/com.android.tethering/javalib/framework-connectivity-t.jar: ok
09-17 20:46:19.086 14032 14032 I Finsky:background: [2] wzm.onTrimMemory(11): Memory trim requested to level 40
09-17 20:46:19.086 14032 14032 I Finsky:background: [2] wzm.onTrimMemory(11): Memory trim requested to level 40
09-17 20:46:19.089   841   841 D ControlsListingControllerImpl: ServiceConfig reloaded, count: 0
09-17 20:46:19.091   841   841 D ControlsListingControllerImpl: ServiceConfig reloaded, count: 0
09-17 20:46:19.098 13911 13911 I Finsky  : [2] wzm.onTrimMemory(11): Memory trim requested to level 40
09-17 20:46:19.098 13911 13911 I Finsky  : [2] abcf.accept(118): Flushing in-memory image cache
09-17 20:46:19.099 13911 13911 I Finsky  : [2] wzm.onTrimMemory(11): Memory trim requested to level 40
09-17 20:46:19.099 13911 13911 I Finsky  : [2] abcf.accept(118): Flushing in-memory image cache
09-17 20:46:19.099 13911 13911 I Finsky  : [2] zlz.i(1): zlz - Received: android.intent.action.PACKAGE_ADDED, [t2meFQM5nD0zNbTNV2LVWZjODYlQ_vaG7uH6usxTELc]
09-17 20:46:19.110 13911 13911 I Finsky  : [2] afju.f(9): Clearing split related stale data.
09-17 20:46:19.111 13911 17460 I Finsky  : [321] noi.ko(53): [ContentSync] finished, scheduled=false
09-17 20:46:19.112 14032 14032 I Finsky:background: [2] wzm.onTrimMemory(11): Memory trim requested to level 40
09-17 20:46:19.113 13911 17455 I Finsky  : [316] prv.accept(82): Wrote row to frosting DB: 392
09-17 20:46:19.123  1026 17434 I Fitness : (REDACTED) OnPackageChangedOperation got intent: %s
09-17 20:46:19.126 13911 13911 I Finsky  : [2] anbn.c(44): Do not start WearSupportService due to Wear service optimization
--------- beginning of system
09-17 20:46:19.127   841   851 V WindowManagerShell: onTransitionReady(transaction=2521145807335)
09-17 20:46:19.128   841   891 V WindowManagerShell: onTransitionReady (#114) android.os.BinderProxy@df1c0af: {id=114 t=OPEN f=0x0 trk=0 r=[0@Point(0, 0)] c=[{WCT{android.window.IWindowContainerToken$Stub$Proxy@c3cf4c0} m=OPEN f=NONE leash=Surface(name=Task=70)/@0x1ed6fd sb=Rect(0, 0 - 1080, 2400) eb=Rect(0, 0 - 1080, 2400) d=0 taskParent=-1},{WCT{android.window.IWindowContainerToken$Stub$Proxy@506e5f9} m=TO_BACK f=SHOW_WALLPAPER leash=Surface(name=Task=1)/@0x750cff2 sb=Rect(0, 0 - 1080, 2400) eb=Rect(0, 0 - 1080, 2400) d=0 taskParent=-1}]}
09-17 20:46:19.128   587   615 V WindowManager: Sent Transition (#114) createdAt=09-17 20:46:18.915 via request=TransitionRequestInfo { type = OPEN, triggerTask = TaskInfo{userId=0 taskId=70 displayId=0 isRunning=true baseIntent=Intent { act=android.intent.action.MAIN cat=[android.intent.category.LAUNCHER] flg=0x10200000 cmp=org.libsdl.app/.SDLActivity } baseActivity=ComponentInfo{org.libsdl.app/org.libsdl.app.SDLActivity} topActivity=ComponentInfo{org.libsdl.app/org.libsdl.app.SDLActivity} origActivity=null realActivity=ComponentInfo{org.libsdl.app/org.libsdl.app.SDLActivity} numActivities=1 lastActiveTime=11517518 supportsMultiWindow=true resizeMode=1 isResizeable=true minWidth=-1 minHeight=-1 defaultMinSize=220 token=WCT{RemoteToken{f67d15d Task{3840ec7 #70 type=standard A=10260:org.libsdl.app}}} topActivityType=1 pictureInPictureParams=null shouldDockBigOverlays=false launchIntoPipHostTaskId=-1 lastParentTaskIdBeforePip=-1 displayCutoutSafeInsets=null topActivityInfo=ActivityInfo{becaad2 org.libsdl.app.SDLActivity} launchCookies=[] positionInParent=Point(0, 0) parentTaskId=-1 isFocused=false isVisible=false isVisibleRequested=false isSleeping=false locusId=null displayAreaFeatureId=1 isTopActivityTransparent=false appCompatTaskInfo=AppCompatTaskInfo { topActivityInSizeCompat=false topActivityEligibleForLetterboxEducation= falseisLetterboxEducationEnabled= true isLetterboxDoubleTapEnabled= false topActivityEligibleForUserAspectRatioButton= false topActivityBoundsLetterboxed= false isFromLetterboxDoubleTap= false topActivityLetterboxVerticalPosition= -1 topActivityLetterboxHorizontalPosition= -1 topActivityLetterboxWidth=1080 topActivityLetterboxHeight=2400 isUserFullscreenOverrideEnabled=false isSystemFullscreenOverrideEnabled=false cameraCompatTaskInfo=CameraCompatTaskInfo { cameraCompatControlState=hidden freeformCameraCompatMode=inactive}}}, pipTask = null, remoteTransition = null, displayChange = null, flags = 0, debugId = 114 }
09-17 20:46:19.128   587   615 V WindowManager:     startWCT=WindowContainerTransaction { changes = {} hops = [] errorCallbackToken=null taskFragmentOrganizer=null }
09-17 20:46:19.128   587   615 V WindowManager:     info={id=114 t=OPEN f=0x0 trk=0 r=[0@Point(0, 0)] c=[
09-17 20:46:19.128   587   615 V WindowManager:         {WCT{RemoteToken{f67d15d Task{3840ec7 #70 type=standard A=10260:org.libsdl.app}}} m=OPEN f=NONE leash=Surface(name=Task=70)/@0x6c67eb5 sb=Rect(0, 0 - 1080, 2400) eb=Rect(0, 0 - 1080, 2400) d=0 taskParent=-1},
09-17 20:46:19.128   587   615 V WindowManager:         {WCT{RemoteToken{e4c4bef Task{685db1f #1 type=home}}} m=TO_BACK f=SHOW_WALLPAPER leash=Surface(name=Task=1)/@0x91f7f64 sb=Rect(0, 0 - 1080, 2400) eb=Rect(0, 0 - 1080, 2400) d=0 taskParent=-1}
09-17 20:46:19.128   587   615 V WindowManager:     ]}
09-17 20:46:19.130   841   891 V WindowManagerShell: Playing animation for (#114) android.os.BinderProxy@df1c0af@0
09-17 20:46:19.130   841   891 V WindowManagerShell:  try handler com.android.wm.shell.transition.DefaultMixedHandler@bfd0077
09-17 20:46:19.130   841   891 V WindowManagerShell:  try handler com.android.wm.shell.keyguard.KeyguardTransitionHandler@3e7a4e4
09-17 20:46:19.130   841   891 V WindowManagerShell:  try handler com.android.wm.shell.pip.PipTransition@a36dd4d
09-17 20:46:19.131   841   891 V WindowManagerShell:  try handler com.android.wm.shell.activityembedding.ActivityEmbeddingController@757e002
09-17 20:46:19.131   841   891 V WindowManagerShell:  try handler com.android.wm.shell.recents.RecentsTransitionHandler@a372d13
09-17 20:46:19.131   841   891 V ShellRecents: RecentsTransitionHandler.startAnimation: no controller found
09-17 20:46:19.131   841   891 V WindowManagerShell:  try handler com.android.wm.shell.splitscreen.StageCoordinator@8ec2b50
09-17 20:46:19.131   841   891 V WindowManagerShell:  try handler com.android.wm.shell.transition.RemoteTransitionHandler@1a10149
09-17 20:46:19.133   841   891 V WindowManagerShell: Transition doesn't have explicit remote, search filters for match for {id=114 t=OPEN f=0x0 trk=0 r=[0@Point(0, 0)] c=[{WCT{android.window.IWindowContainerToken$Stub$Proxy@c3cf4c0} m=OPEN f=NONE leash=Surface(name=Task=70)/@0x1ed6fd sb=Rect(0, 0 - 1080, 2400) eb=Rect(0, 0 - 1080, 2400) d=0 taskParent=-1},{WCT{android.window.IWindowContainerToken$Stub$Proxy@506e5f9} m=TO_BACK f=SHOW_WALLPAPER leash=Surface(name=Task=1)/@0x750cff2 sb=Rect(0, 0 - 1080, 2400) eb=Rect(0, 0 - 1080, 2400) d=0 taskParent=-1}]}
09-17 20:46:19.133   841   891 V WindowManagerShell:  Checking filter Pair{{types=[] flags=0x0] notFlags=0x0 checks=[{atype=undefined independent=true modes=[OPEN,TO_FRONT] flags=IN_TASK_WITH_EMBEDDED_ACTIVITY mustBeTask=false order=ANY topActivity=ComponentInfo{com.google.android.apps.nexuslauncher/com.google.android.apps.nexuslauncher.NexusLauncherActivity} launchCookie=null},{atype=undefined independent=true modes=[CLOSE,TO_BACK] flags=IN_TASK_WITH_EMBEDDED_ACTIVITY mustBeTask=false order=ANY topActivity=null launchCookie=null}]} RemoteTransition { remoteTransition = android.window.IRemoteTransition$Stub$Proxy@b8e6dc7, appThread = android.app.IApplicationThread$Stub$Proxy@18ff4, debugName = OverlaySwipeBack }}
09-17 20:46:19.133   841   891 V WindowManagerShell:  Checking filter Pair{{types=[] flags=0x0] notFlags=0x0 checks=[{atype=dream independent=true modes=[OPEN,TO_FRONT] flags=NONE mustBeTask=false order=ANY topActivity=null launchCookie=null},{atype=home independent=true modes=[CLOSE,TO_BACK] flags=NONE mustBeTask=false order=ANY topActivity=null launchCookie=null}]} RemoteTransition { remoteTransition = android.window.IRemoteTransition$Stub$Proxy@53ed31d, appThread = android.app.IApplicationThread$Stub$Proxy@580e992, debugName = LauncherToDream }}
09-17 20:46:19.134 13911 13911 I Finsky  : [2] tut.jG(11): DTU: Received onPackageAdded, replacing: false
09-17 20:46:19.134   841   891 V WindowManagerShell:  Checking filter Pair{{types=[] flags=0x0] notFlags=0x100 checks=[{atype=home independent=true modes=[OPEN,TO_FRONT] flags=NONE mustBeTask=false order=TOP topActivity=ComponentInfo{com.google.android.apps.nexuslauncher/com.google.android.apps.nexuslauncher.NexusLauncherActivity} launchCookie=null},{atype=standard independent=true modes=[CLOSE,TO_BACK] flags=NONE mustBeTask=false order=ANY topActivity=null launchCookie=null}]} RemoteTransition { remoteTransition = android.window.IRemoteTransition$Stub$Proxy@7fa1f63, appThread = android.app.IApplicationThread$Stub$Proxy@4a1b760, debugName = QuickstepLaunchHome }}
09-17 20:46:19.134   841   891 V WindowManagerShell:  Delegate animation for (#114) to null
09-17 20:46:19.134   841   891 V WindowManagerShell:  try handler com.android.wm.shell.transition.DefaultTransitionHandler@767fa4e
09-17 20:46:19.134   841   891 V WindowManagerShell: start default transition animation, info = {id=114 t=OPEN f=0x0 trk=0 r=[0@Point(0, 0)] c=[{WCT{android.window.IWindowContainerToken$Stub$Proxy@c3cf4c0} m=OPEN f=NONE leash=Surface(name=Task=70)/@0x1ed6fd sb=Rect(0, 0 - 1080, 2400) eb=Rect(0, 0 - 1080, 2400) d=0 taskParent=-1},{WCT{android.window.IWindowContainerToken$Stub$Proxy@506e5f9} m=TO_BACK f=SHOW_WALLPAPER leash=Surface(name=Task=1)/@0x750cff2 sb=Rect(0, 0 - 1080, 2400) eb=Rect(0, 0 - 1080, 2400) d=0 taskParent=-1}]}
09-17 20:46:19.134   841   891 V WindowManagerShell: loadAnimation: anim=android.view.animation.AnimationSet@597f93e animAttr=0x13 type=OPEN isEntrance=false
09-17 20:46:19.134   841   891 V WindowManagerShell: loadAnimation: anim=android.view.animation.AnimationSet@39a339f animAttr=0x12 type=OPEN isEntrance=true
09-17 20:46:19.141   841   891 V WindowManagerShell:  animated by com.android.wm.shell.transition.DefaultTransitionHandler@767fa4e
09-17 20:46:19.142 13911 17455 I Finsky  : [316] prv.accept(82): Wrote row to frosting DB: 393
09-17 20:46:19.143 13911 13911 I Finsky  : [2] zlz.i(1): zlz - Received: android.intent.action.PACKAGE_CHANGED, [t2meFQM5nD0zNbTNV2LVWZjODYlQ_vaG7uH6usxTELc]
09-17 20:46:19.153   587   878 W UserManagerService: Requested status bar icon for non-badged user 0
09-17 20:46:19.153 13911 17455 I Finsky  : [316] prv.accept(82): Wrote row to frosting DB: 394
09-17 20:46:19.157 13911 17455 I Finsky  : [316] prv.accept(82): Wrote row to frosting DB: 395
09-17 20:46:19.167 17542 17542 D CompatChangeReporter: Compat change id reported: 242716250; UID 10260; state: ENABLED
09-17 20:46:19.174  1371  1371 I GsaVoiceInteractionSrv: (REDACTED) O received %s
09-17 20:46:19.180   587   606 V SafetySourceDataValidat: Package: com.android.vending has expected signature
09-17 20:46:19.184 17542 17542 W ziparchive: Unable to open '/data/app/~~F4xvG5y7ALqT-_3W-p8Ncg==/org.libsdl.app-ITTRfSyPnbLkcP2CmsCp_w==/base.dm': No such file or directory
09-17 20:46:19.184 17542 17542 W ziparchive: Unable to open '/data/app/~~F4xvG5y7ALqT-_3W-p8Ncg==/org.libsdl.app-ITTRfSyPnbLkcP2CmsCp_w==/base.dm': No such file or directory
09-17 20:46:19.190 17542 17542 D nativeloader: Configuring clns-7 for other apk /data/app/~~F4xvG5y7ALqT-_3W-p8Ncg==/org.libsdl.app-ITTRfSyPnbLkcP2CmsCp_w==/base.apk. target_sdk_version=34, uses_libraries=, library_path=/data/app/~~F4xvG5y7ALqT-_3W-p8Ncg==/org.libsdl.app-ITTRfSyPnbLkcP2CmsCp_w==/lib/x86_64:/data/app/~~F4xvG5y7ALqT-_3W-p8Ncg==/org.libsdl.app-ITTRfSyPnbLkcP2CmsCp_w==/base.apk!/lib/x86_64, permitted_path=/data:/mnt/expand:/data/user/0/org.libsdl.app
09-17 20:46:19.192  1086  1601 D EGL_emulation: app_time_stats: avg=24.98ms min=6.40ms max=283.62ms count=37
09-17 20:46:19.195   587   606 V SafetySourceDataValidat: Package: com.android.vending has expected signature
09-17 20:46:19.197 13911 13911 I Finsky  : [2] wzm.onTrimMemory(11): Memory trim requested to level 40
09-17 20:46:19.197 13911 13911 I Finsky  : [2] abcf.accept(118): Flushing in-memory image cache
09-17 20:46:19.206  1026 17434 I Fitness : (REDACTED) FitCleanupIntentOperation received Intent %s
09-17 20:46:19.213 17542 17542 V GraphicsEnvironment: Currently set values for:
09-17 20:46:19.214 17542 17542 V GraphicsEnvironment:   angle_gl_driver_selection_pkgs=[]
09-17 20:46:19.214 17542 17542 V GraphicsEnvironment:   angle_gl_driver_selection_values=[]
09-17 20:46:19.214 17542 17542 V GraphicsEnvironment: Global.Settings values are invalid: number of packages: 0, number of values: 0
09-17 20:46:19.214 17542 17542 V GraphicsEnvironment: Neither updatable production driver nor prerelease driver is supported.
09-17 20:46:19.223  1086  1601 D EGL_emulation: app_time_stats: avg=3248.83ms min=0.75ms max=58218.95ms count=18
09-17 20:46:19.235   587  1580 W OptProp : Cannot read opt property android.window.PROPERTY_COMPAT_ENABLE_FAKE_FOCUS
09-17 20:46:19.239  1508 17488 I Auth    : (REDACTED) [SupervisedAccountIntentOperationV2] onHandleIntent: %s
09-17 20:46:19.241  1508 17488 I Blockstore: (REDACTED) [DataStoreImpl] Clearing Blockstore Data for package %s
09-17 20:46:19.243  1508 17488 I Blockstore: [DataStoreImpl] Keyless data not found or its IsLastInstallationData = false. [CONTEXT service_id=258 ]
09-17 20:46:19.252  1508 17471 I Dck     : (REDACTED) disableDckSupport: %s
09-17 20:46:19.252  1508 17471 I Dck     : (REDACTED) doesDeviceHaveSupportedWirelessCapabilities: wccSysProp:%d, wccMendel:%d, deviceWccOverride:%s
09-17 20:46:19.253  1508 17471 I Dck     : Dck module condition - hasWccSupport: false [CONTEXT service_id=289 ]
09-17 20:46:19.254  1508 17471 I Dck     : Dck module condition - downloadAllowed: false [CONTEXT service_id=289 ]
09-17 20:46:19.258   587   685 D IntervalStats: Unable to parse usage stats packages: [228, 229, 230, 232, 233, 236, 237, 238]
09-17 20:46:19.259  1508 17471 W Dck     : Dck module not eligible for asynchronous downloading [CONTEXT service_id=289 ]
09-17 20:46:19.260   587   685 D IntervalStats: Unable to parse event packages: [238]
09-17 20:46:19.267  1026 17432 I ProximityAuth: [RecentAppsMediator] Package added: (user=UserHandle{0}) org.libsdl.app
09-17 20:46:19.272  1026 17437 W GCM     : Unexpected forwarded intent: Intent { act=android.intent.action.PACKAGE_ADDED dat=package: flg=0x4000010 pkg=com.google.android.gms cmp=com.google.android.gms/.chimera.PersistentIntentOperationService (has extras) }
09-17 20:46:19.274  1026 17433 I FontLog : (REDACTED) Package %s has no metadata
09-17 20:46:19.279  1026 17436 W NetworkScheduler: Unexpected forwarded intent: Intent { act=android.intent.action.PACKAGE_ADDED dat=package: flg=0x4000010 pkg=com.google.android.gms cmp=com.google.android.gms/.chimera.PersistentIntentOperationService (has extras) }
09-17 20:46:19.288   587   698 I RoleService: Granting default roles...
09-17 20:46:19.292  1026 17436 I Fitness : (REDACTED) OnPackageChangedOperation got intent: %s
09-17 20:46:19.293 17542 17542 V SDL     : Device: emu64xa
09-17 20:46:19.293 17542 17542 V SDL     : Model: sdk_gphone64_x86_64
09-17 20:46:19.293 17542 17542 V SDL     : onCreate()
09-17 20:46:19.297 17542 17542 D nativeloader: Load /data/app/~~F4xvG5y7ALqT-_3W-p8Ncg==/org.libsdl.app-ITTRfSyPnbLkcP2CmsCp_w==/lib/x86_64/libSDL2.so using ns clns-7 from class loader (caller=/data/app/~~F4xvG5y7ALqT-_3W-p8Ncg==/org.libsdl.app-ITTRfSyPnbLkcP2CmsCp_w==/base.apk): ok
09-17 20:46:19.302   587  2236 W Role    : Default holder doesn't have required signing certificate: com.google.android.retaildemo:6547c73dee150c103980bfdffe55cc9a011d785dd694a5f99afd8205bcaf1f80
09-17 20:46:19.303 17542 17542 D nativeloader: Load /data/app/~~F4xvG5y7ALqT-_3W-p8Ncg==/org.libsdl.app-ITTRfSyPnbLkcP2CmsCp_w==/lib/x86_64/libSDL2_ttf.so using ns clns-7 from class loader (caller=/data/app/~~F4xvG5y7ALqT-_3W-p8Ncg==/org.libsdl.app-ITTRfSyPnbLkcP2CmsCp_w==/base.apk): ok
09-17 20:46:19.304 17542 17542 D nativeloader: Load /data/app/~~F4xvG5y7ALqT-_3W-p8Ncg==/org.libsdl.app-ITTRfSyPnbLkcP2CmsCp_w==/lib/x86_64/libmain.so using ns clns-7 from class loader (caller=/data/app/~~F4xvG5y7ALqT-_3W-p8Ncg==/org.libsdl.app-ITTRfSyPnbLkcP2CmsCp_w==/base.apk): ok
09-17 20:46:19.304 17542 17542 V SDL     : nativeInit() Begin
09-17 20:46:19.304 17542 17542 V SDL     : nativeInit() Asset Manager done
09-17 20:46:19.304 17542 17542 V SDL     : nativeSetupJNI()
09-17 20:46:19.305 17542 17542 V SDL     : AUDIO nativeSetupJNI()
09-17 20:46:19.305 17542 17542 V SDL     : CONTROLLER nativeSetupJNI()
09-17 20:46:19.312  1026 17436 I Fitness : (REDACTED) FitCleanupIntentOperation received Intent %s
09-17 20:46:19.329   587  2236 E RoleControllerServiceImpl: Default/fallback role holder package doesn't qualify for the role, package: com.google.android.gms.supervision, role: android.app.role.SYSTEM_SUPERVISION
09-17 20:46:19.338   587  2236 W Role    : Default holder doesn't have required signing certificate: com.google.android.apps.work.clouddpc:23962F4B43B9857638EA66F4D419518EAE282491ACDA4B94707BD59003C45E58
09-17 20:46:19.344  1352  1968 I AiAiTextClassifier: [VisualCortexAdapter]: provideRegistration: Registered Prominent Screen Entities for updates.
09-17 20:46:19.348  1352  1968 I AiAiTextClassifier: [VisualCortexAdapter]: provideRegistration: Registered Prominent Screen Entities for updates.
09-17 20:46:19.350  1352  1968 I AiAiTextClassifier: [VisualCortexAdapter]: provideRegistration: Registered Prominent Screen Entities for updates.
09-17 20:46:19.374  1508 16167 I Icing   : Indexing com.google.android.gms-apps from com.google.android.gms
09-17 20:46:19.380 17542 17542 V SDL     : onStart()
09-17 20:46:19.384   587  2236 E RoleControllerServiceImpl: Default/fallback role holder package doesn't qualify for the role, package: com.google.android.gms, role: android.app.role.WALLET
09-17 20:46:19.388   587  2236 E RoleControllerServiceImpl: Default/fallback role holder package doesn't qualify for the role, package: com.google.android.devicelockcontroller, role: android.app.role.SYSTEM_FINANCED_DEVICE_CONTROLLER
09-17 20:46:19.392 17542 17542 V SDL     : onResume()
09-17 20:46:19.393   587  4503 I ActivityManager: Background started FGS: Allowed [callingPackage: com.google.android.apps.wellbeing; callingUid: 10143; uidState: BTOP; uidBFSL: [BFSL]; intent: Intent { cmp=com.google.android.apps.wellbeing/com.google.apps.tiktok.concurrent.InternalForegroundService (has extras) }; code:BACKGROUND_ACTIVITY_PERMISSION; tempAllowListReason:<null>; targetSdkVersion:34; callerTargetSdkVersion:34; startForegroundCount:0; bindFromPackage:null: isBindService:false]
09-17 20:46:19.397   587   672 W ForegroundServiceTypeLoggerModule: Foreground service start for UID: 10143 does not have any types
09-17 20:46:19.403 17542 17542 W HWUI    : Unknown dataspace 0
09-17 20:46:19.405   587  1580 W ForegroundServiceTypeLoggerModule: FGS stop call for: 10143 has no types!
09-17 20:46:19.407   587  4241 W WindowManager: Failed looking up window session=Session{efa25a3 17542:u0a10260} callers=com.android.server.wm.WindowManagerService.windowForClientLocked:6311 com.android.server.wm.Session.updateRequestedVisibleTypes:755 android.view.IWindowSession$Stub.onTransact:1078 
09-17 20:46:19.430   587   888 D CoreBackPreview: Window{cdca61b u0 org.libsdl.app/org.libsdl.app.SDLActivity}: Setting back callback OnBackInvokedCallbackInfo{mCallback=android.window.IOnBackInvokedCallback$Stub$Proxy@7cb462d, mPriority=0, mIsAnimationCallback=false}
09-17 20:46:19.432   841   891 V WindowManagerShell: Transition animation finished (aborted=false), notifying core (#114) android.os.BinderProxy@df1c0af@0
09-17 20:46:19.434   587   615 V WindowManager: Finish Transition (#114): created at 09-17 20:46:18.915 collect-started=0.045ms request-sent=7.101ms started=32.932ms ready=197.153ms sent=205.677ms finished=518.167ms
09-17 20:46:19.436  1086  1086 D VRI[NexusLauncherActivity]: visibilityChanged oldVisibility=true newVisibility=false
09-17 20:46:19.437   841   891 V WindowManagerShell: Track 0 became idle
09-17 20:46:19.437   841   891 V WindowManagerShell: All active transition animations finished
09-17 20:46:19.442   587   672 W UserManagerService: Requested status bar icon for non-badged user 0
09-17 20:46:19.443   841   841 D TileServices: Couldn't find tile for ComponentInfo{com.google.android.apps.wellbeing/com.google.android.apps.wellbeing.focusmode.quicksettings.FocusModeTileService}(0)
09-17 20:46:19.444   587  4241 W UserManagerService: Requested status bar icon for non-badged user 0
09-17 20:46:19.447   418   608 W ServiceManagerCppClient: Permission failure: android.permission.ACCESS_SURFACE_FLINGER from uid=10260 pid=0
09-17 20:46:19.447   418   608 D PermissionCache: checking android.permission.ACCESS_SURFACE_FLINGER for uid=10260 => denied (125 us)
09-17 20:46:19.447   418   608 W ServiceManagerCppClient: Permission failure: android.permission.ROTATE_SURFACE_FLINGER from uid=10260 pid=0
09-17 20:46:19.447   418   608 D PermissionCache: checking android.permission.ROTATE_SURFACE_FLINGER for uid=10260 => denied (148 us)
09-17 20:46:19.447   418   537 W ServiceManagerCppClient: Permission failure: android.permission.INTERNAL_SYSTEM_WINDOW from uid=10260 pid=17542
09-17 20:46:19.447   418   537 D PermissionCache: checking android.permission.INTERNAL_SYSTEM_WINDOW for uid=10260 => denied (306 us)
09-17 20:46:19.447   418   608 W ServiceManagerCppClient: Permission failure: android.permission.INTERNAL_SYSTEM_WINDOW from uid=10260 pid=0
09-17 20:46:19.447   418   608 D PermissionCache: checking android.permission.INTERNAL_SYSTEM_WINDOW for uid=10260 => denied (471 us)
09-17 20:46:19.448  1086  1086 D NexusLauncherModelDelegate: notifySmartspaceEvent: SmartspaceTargetEvent{mSmartspaceTarget=null, mSmartspaceActionId='null', mEventType=7}
09-17 20:46:19.454 17542 17564 I EGL_emulation: Opening libGLESv1_CM_emulation.so
09-17 20:46:19.455 17542 17564 I EGL_emulation: Opening libGLESv2_emulation.so
09-17 20:46:19.464 17542 17542 V SDL     : surfaceCreated()
09-17 20:46:19.464 17542 17542 V SDL     : surfaceChanged()
09-17 20:46:19.464 17542 17542 V SDL     : Window size: 1080x2274
09-17 20:46:19.464 17542 17542 V SDL     : Device size: 1080x2400
09-17 20:46:19.465  1508 16167 I Icing   : Indexing done com.google.android.gms-apps
09-17 20:46:19.465  1508 16167 I Icing   : Indexing com.google.android.gms-apps from com.google.android.gms
09-17 20:46:19.465  1508 16167 I Icing   : Indexing done com.google.android.gms-apps
09-17 20:46:19.473 17542 17564 W HWUI    : Failed to choose config with EGL_SWAP_BEHAVIOR_PRESERVED, retrying without...
09-17 20:46:19.475 17542 17564 W HWUI    : Failed to initialize 101010-2 format, error = EGL_SUCCESS
09-17 20:46:19.476 17542 17582 V SDL     : Running main function SDL_main from library /data/app/~~F4xvG5y7ALqT-_3W-p8Ncg==/org.libsdl.app-ITTRfSyPnbLkcP2CmsCp_w==/lib/x86_64/libmain.so
09-17 20:46:19.477 17542 17582 V SDL     : nativeRunMain()
09-17 20:46:19.493 17542 17582 I Chess   : Width: 1080, Height: 2400, tile_size 135
09-17 20:46:19.493 17542 17582 I Chess   : Band height: 1320, Band width: 0
09-17 20:46:19.493 17542 17582 I Chess   : Top: 660, Bot: 660, Left: 0, Right: 0
09-17 20:46:19.547   164   164 I hwservicemanager: getTransport: Cannot find entry android.hardware.graphics.mapper@4.0::IMapper/default in either framework or device VINTF manifest.
09-17 20:46:19.551 17542 17564 I Gralloc4: mapper 4.x is not supported
09-17 20:46:19.604   587   587 I NotificationService: Cannot find enqueued record for key: 0|com.google.android.apps.wellbeing|174344743|null|10143
09-17 20:46:19.620   587   658 I AppsFilter: interaction: PackageSetting{462bd7c com.android.microdroid.empty_payload/10184} -> PackageSetting{eb3fce3 com.google.android.apps.docs/10149} BLOCKED
09-17 20:46:19.620   587   658 I AppsFilter: interaction: PackageSetting{31e9853 org.libsdl.app/10260} -> PackageSetting{eb3fce3 com.google.android.apps.docs/10149} BLOCKED
09-17 20:46:19.622   587   686 D CompatChangeReporter: Compat change id reported: 262645982; UID 10149; state: ENABLED
09-17 20:46:19.623   587   795 D ShortcutService: received package broadcast intent: Intent { act=android.intent.action.PACKAGE_CHANGED dat=package: flg=0x45000010 (has extras) }
09-17 20:46:19.623   587   795 D ShortcutService: changing package: com.google.android.apps.docs userId0
09-17 20:46:19.623   587   795 D ShortcutService: handlePackageChanged: com.google.android.apps.docs user=0
09-17 20:46:19.623   587   795 D ShortcutService: rescanPackageIfNeeded 0@com.google.android.apps.docs, forceRescan=true , isNewApp=false
09-17 20:46:19.623   587  4503 W ServiceManagerCppClient: Permission failure: android.permission.ACCESS_SURFACE_FLINGER from uid=10260 pid=0
09-17 20:46:19.626   587  4503 D PermissionCache: checking android.permission.ACCESS_SURFACE_FLINGER for uid=10260 => denied (2891 us)
09-17 20:46:19.626   587  4503 W ServiceManagerCppClient: Permission failure: android.permission.ROTATE_SURFACE_FLINGER from uid=10260 pid=0
09-17 20:46:19.626   587  4503 D PermissionCache: checking android.permission.ROTATE_SURFACE_FLINGER for uid=10260 => denied (82 us)
09-17 20:46:19.626   587  4503 W ServiceManagerCppClient: Permission failure: android.permission.INTERNAL_SYSTEM_WINDOW from uid=10260 pid=0
09-17 20:46:19.626   587  4503 D PermissionCache: checking android.permission.INTERNAL_SYSTEM_WINDOW for uid=10260 => denied (29 us)
09-17 20:46:19.629   841   841 D ControlsListingControllerImpl: ServiceConfig reloaded, count: 0
09-17 20:46:19.629   952   952 D CarrierSvcBindHelper: onPackageModified: com.google.android.apps.docs
09-17 20:46:19.632   587   795 E system_server: No package ID 7f found for resource ID 0x7f080323.
09-17 20:46:19.633   587   795 E system_server: No package ID 7f found for resource ID 0x7f13069a.
09-17 20:46:19.634   587   795 E system_server: No package ID 7f found for resource ID 0x7f13069a.
09-17 20:46:19.634   587   795 E system_server: No package ID 7f found for resource ID 0x7f08031f.
09-17 20:46:19.635   587   774 D AppWidgetServiceImpl: Trying to notify widget providers changed
09-17 20:46:19.635   587   795 E system_server: No package ID 7f found for resource ID 0x7f130698.
09-17 20:46:19.635   587   795 E system_server: No package ID 7f found for resource ID 0x7f130698.
09-17 20:46:19.635   587   795 E system_server: No package ID 7f found for resource ID 0x7f080321.
09-17 20:46:19.635   587   795 E system_server: No package ID 7f found for resource ID 0x7f130699.
09-17 20:46:19.635   587   795 E system_server: No package ID 7f found for resource ID 0x7f130699.
09-17 20:46:19.635   587   795 W ShortcutService: Invalid tag 'capability' found at depth 2
09-17 20:46:19.638   587   795 E ShortcutService: Ignoring excessive intent tag.
09-17 20:46:19.638   587   795 W ShortcutService: Invalid tag 'parameter' found at depth 4
09-17 20:46:19.638   587   795 W ShortcutService: Invalid tag 'capability' found at depth 2
09-17 20:46:19.638   587   795 W ShortcutService: Invalid tag 'slice' found at depth 3
09-17 20:46:19.638   587   795 W ShortcutService: Invalid tag 'url-template' found at depth 4
09-17 20:46:19.638   587   795 D ShortcutService: Package com.google.android.apps.docs has 3 manifest shortcut(s), and 1 share target(s)
09-17 20:46:19.638   587   795 D ShortcutService: Package com.google.android.apps.docs updated, version 213587435 -> 213587435
09-17 20:46:19.639   952   952 D CarrierSvcBindHelper: No carrier app for: 0
09-17 20:46:19.639   587   619 D LocalDisplayAdapter: Unable to set ALLM because the connected display does not support ALLM.
09-17 20:46:19.639   587   615 W ziparchive: Unable to open '/data/app/~~F4xvG5y7ALqT-_3W-p8Ncg==/org.libsdl.app-ITTRfSyPnbLkcP2CmsCp_w==/base.dm': No such file or directory
09-17 20:46:19.639   418   418 E HwcComposer: setContentType failed Status(-8, EX_SERVICE_SPECIFIC): '8: '
09-17 20:46:19.639   418   418 E HWComposer: setContentType: setContentType failed for display 4619827259835644672: Unsupported (8)
09-17 20:46:19.641 13973 16745 I PermissionControllerServiceImpl: Updating user sensitive for uid 10149
09-17 20:46:19.644   587   615 I ActivityTaskManager: Displayed org.libsdl.app/.SDLActivity for user 0: +721ms
09-17 20:46:19.648   952   952 E SmsApplication: com.google.android.apps.messaging lost android:read_cell_broadcasts:  (fixing)
09-17 20:46:19.648   587  1580 W AppOpService: Ignored setUidMode call for runtime permission app op: uid = 10141, code = READ_CELL_BROADCASTS, mode = allow, callingUid = 1001, oldMode = allow
09-17 20:46:19.653   952   952 E CellBroadcastUtils: getDefaultCellBroadcastReceiverPackageName: no package found
09-17 20:46:19.653   587   672 W AppOpService: Ignored setUidMode call for runtime permission app op: uid = 1001, code = READ_SMS, mode = allow, callingUid = 1001, oldMode = allow
09-17 20:46:19.654   587  4503 W AppOpService: Ignored setUidMode call for runtime permission app op: uid = 1001, code = RECEIVE_SMS, mode = allow, callingUid = 1001, oldMode = allow
09-17 20:46:19.654   587  4503 W AppOpService: Ignored setUidMode call for runtime permission app op: uid = 1001, code = RECEIVE_WAP_PUSH, mode = allow, callingUid = 1001, oldMode = allow
09-17 20:46:19.654   587  1580 W AppOpService: Ignored setUidMode call for runtime permission app op: uid = 1001, code = SEND_SMS, mode = allow, callingUid = 1001, oldMode = allow
09-17 20:46:19.654   587  1580 W AppOpService: Ignored setUidMode call for runtime permission app op: uid = 1001, code = READ_CELL_BROADCASTS, mode = allow, callingUid = 1001, oldMode = allow
09-17 20:46:19.661   952  1177 D ImsResolver: maybeAddedImsService, packageName: com.google.android.apps.docs
09-17 20:46:19.662   587   795 D ShortcutService: Package com.google.android.apps.docs: publishing manifest shortcuts
09-17 20:46:19.666 17542 17542 V SDL     : onWindowFocusChanged(): true
09-17 20:46:19.670  1086  1086 D BaseDepthController: setSurface:
09-17 20:46:19.670  1086  1086 D BaseDepthController: 	mWaitingOnSurfaceValidity: false
09-17 20:46:19.670  1086  1086 D BaseDepthController: 	mSurface: null
09-17 20:46:19.670  1086  1086 D BaseDepthController: mSurface is null and mCurrentBlur is: 0
09-17 20:46:19.671   587   713 I ImeTracker: org.libsdl.app:9e2f4bca: onRequestHide at ORIGIN_SERVER reason HIDE_UNSPECIFIED_WINDOW fromUser false
09-17 20:46:19.671  1086  1086 D StateManager: goToState - fromState: Normal, toState: Normal, partial trace:
09-17 20:46:19.671  1086  1086 D StateManager: 	at com.android.launcher3.statemanager.StateManager.moveToRestState(go/retraceme 2855a437b73635ce9cad76b9289087e631bbb67fc90008a0da13d343a00e5041:4)
09-17 20:46:19.671  1086  1086 D StateManager: 	at com.android.launcher3.statemanager.StateManager.moveToRestState(go/retraceme 2855a437b73635ce9cad76b9289087e631bbb67fc90008a0da13d343a00e5041:1)
09-17 20:46:19.671  1086  1086 D StateManager: 	at com.android.launcher3.statemanager.StatefulActivity.onStop(go/retraceme 2855a437b73635ce9cad76b9289087e631bbb67fc90008a0da13d343a00e5041:34)
09-17 20:46:19.671   587  1580 W ParceledListSlice: Element #25 is 19828 bytes.
09-17 20:46:19.671   587  1580 W ParceledListSlice: Element #26 is 19864 bytes.
09-17 20:46:19.672  1086  1086 D StatsLog: LAUNCHER_ONSTOP
09-17 20:46:19.673   587   713 I ImeTracker: org.libsdl.app:9e2f4bca: onCancelled at PHASE_SERVER_SHOULD_HIDE
09-17 20:46:19.673  1086  1086 D StatsLog: LAUNCHER_GOOGLE_SEARCH_RESTORE_LIST_SIZE_AFTER_ACTIVITY_RESTART
09-17 20:46:19.675  1086  1742 D OneSearchSuggestProvider: Shut down the binder channel
09-17 20:46:19.677  1250  1250 I GoogleInputMethodService: GoogleInputMethodService.onFinishInput():3157 
09-17 20:46:19.677   587  1462 W ParceledListSlice: Element #27 is 19708 bytes.
09-17 20:46:19.677   587  1462 W ParceledListSlice: Element #28 is 19616 bytes.
09-17 20:46:19.677   587  1462 W ParceledListSlice: Element #29 is 19728 bytes.
09-17 20:46:19.678  1250  1250 I GoogleInputMethodService: GoogleInputMethodService.updateDeviceLockedStatus():2248 repeatCheckTimes = 0, locked = false
09-17 20:46:19.678  1250  1250 I GoogleInputMethodService: GoogleInputMethodService.onStartInput():1986 onStartInput(EditorInfo{EditorInfo{packageName=org.libsdl.app, inputType=0, inputTypeString=NULL, enableLearning=false, autoCorrection=false, autoComplete=false, imeOptions=0, privateImeOptions=null, actionName=UNSPECIFIED, actionLabel=null, initialSelStart=-1, initialSelEnd=-1, initialCapsMode=0, label=null, fieldId=0, fieldName=null, extras=null, hintText=null, hintLocales=[]}}, false)
09-17 20:46:19.678  1086  2369 I IPCThreadState: oneway function results for code 2 on binder at 0x7eef30d530e0 will be dropped but finished with status UNKNOWN_TRANSACTION
09-17 20:46:19.683   587   630 W MagnificationConnectionManager: requestConnection duplicated request: connect=false, mConnectionState=DISCONNECTED
09-17 20:46:19.685  1352  1352 I AiAiEcho: AppFetcherImpl onPackageChanged com.google.android.apps.docs.
09-17 20:46:19.685  1250  1250 I GoogleInputMethodService: GoogleInputMethodService.updateDeviceLockedStatus():2248 repeatCheckTimes = 1, locked = false
09-17 20:46:19.685  1250  1250 I AndroidIME: InputBundleManager.loadActiveInputBundleId():450 loadActiveInputBundleId: und-Latn-x-password, password
09-17 20:46:19.687   587  4241 W PackageConfigPersister: App-specific configuration not found for packageName: org.libsdl.app and userId: 0
09-17 20:46:19.689  1086  1147 W PackageManager: Failure retrieving text 0x7f130786 in package com.android.systemui
09-17 20:46:19.689  1086  1147 W PackageManager: android.content.res.Resources$NotFoundException: String resource ID #0x7f130786
09-17 20:46:19.689  1086  1147 W PackageManager: 	at android.content.res.Resources.getText(Resources.java:466)
09-17 20:46:19.689  1086  1147 W PackageManager: 	at android.app.ApplicationPackageManager.getText(ApplicationPackageManager.java:2405)
09-17 20:46:19.689  1086  1147 W PackageManager: 	at android.appwidget.AppWidgetProviderInfo.loadDescription(AppWidgetProviderInfo.java:484)
09-17 20:46:19.689  1086  1147 W PackageManager: 	at com.android.launcher3.model.WidgetItem.<init>(go/retraceme 2855a437b73635ce9cad76b9289087e631bbb67fc90008a0da13d343a00e5041:4)
09-17 20:46:19.689  1086  1147 W PackageManager: 	at com.android.launcher3.model.WidgetsModel.update(go/retraceme 2855a437b73635ce9cad76b9289087e631bbb67fc90008a0da13d343a00e5041:72)
09-17 20:46:19.689  1086  1147 W PackageManager: 	at com.android.launcher3.o0.execute(go/retraceme 2855a437b73635ce9cad76b9289087e631bbb67fc90008a0da13d343a00e5041:16)
09-17 20:46:19.689  1086  1147 W PackageManager: 	at com.android.launcher3.LauncherModel.a(go/retraceme 2855a437b73635ce9cad76b9289087e631bbb67fc90008a0da13d343a00e5041:27)
09-17 20:46:19.689  1086  1147 W PackageManager: 	at com.android.launcher3.s0.run(go/retraceme 2855a437b73635ce9cad76b9289087e631bbb67fc90008a0da13d343a00e5041:12)
09-17 20:46:19.689  1086  1147 W PackageManager: 	at android.os.Handler.handleCallback(Handler.java:959)
09-17 20:46:19.689  1086  1147 W PackageManager: 	at android.os.Handler.dispatchMessage(Handler.java:100)
09-17 20:46:19.689  1086  1147 W PackageManager: 	at android.os.Looper.loopOnce(Looper.java:232)
09-17 20:46:19.689  1086  1147 W PackageManager: 	at android.os.Looper.loop(Looper.java:317)
09-17 20:46:19.689  1086  1147 W PackageManager: 	at android.os.HandlerThread.run(HandlerThread.java:85)
09-17 20:46:19.690  1352 17332 I AiAiEcho: AppIndexer Package:[com.google.android.apps.docs] UserProfile:[0] Enabled:[true].
09-17 20:46:19.690  1352 17332 I AiAiEcho: AppFetcherImplV2 updateApps package:[com.google.android.apps.docs], userId:[0], reason:[package is updated.].
09-17 20:46:19.720  1086  1147 D PackageUpdatedTask: Package updated: mOp=UPDATE packages=[com.google.android.apps.docs]
09-17 20:46:19.756  1086  1086 D StatsLog: LAUNCHER_ALLAPPS_COUNT
09-17 20:46:19.763   587   795 D ShortcutService: Saving package item com.google.android.apps.docs to /data/system_ce/0/shortcut_service/packages/com.google.android.apps.docs.xml
09-17 20:46:19.763   587   630 D ShortcutService: Getting shortcuts for launcher= com.google.android.asuser=0 pkg=com.google.android.apps.docs
09-17 20:46:19.769   587   630 D ShortcutService: Getting shortcuts for launcher= com.google.android.apps.nexuslauncheruser=0 pkg=com.google.android.apps.docs
09-17 20:46:19.770   587   630 D ShortcutService: Getting shortcuts for launcher= com.android.systemuiuser=0 pkg=com.google.android.apps.docs
09-17 20:46:19.892   587  4241 W OptProp : Cannot read opt property android.window.PROPERTY_COMPAT_IGNORE_REQUESTED_ORIENTATION
09-17 20:46:19.892   587  4241 W OptProp : Cannot read opt property android.window.PROPERTY_COMPAT_ALLOW_IGNORING_ORIENTATION_REQUEST_WHEN_LOOP_DETECTED
09-17 20:46:19.941 17542 17582 I SDL/APP : pixel format wanted SDL_PIXELFORMAT_RGBX8888 (2), got SDL_PIXELFORMAT_RGBX8888 (2)
09-17 20:46:19.962 17542 17548 I org.libsdl.app: Compiler allocated 5174KB to compile void android.view.ViewRootImpl.performTraversals()
09-17 20:46:20.032 17542 17582 I Chess   : Load asset: |rsc/texture/piece/black_king.bmp|
09-17 20:46:20.042 17542 17582 I Chess   : Load asset: |rsc/texture/piece/black_queen.bmp|
09-17 20:46:20.047   841   947 W WindowOnBackDispatcher: sendCancelIfRunning: isInProgress=false callback=android.view.ViewRootImpl$$ExternalSyntheticLambda11@185b8a8
09-17 20:46:20.047   587  4241 D CoreBackPreview: Window{d7a2554 u0 Splash Screen org.libsdl.app EXITING}: Setting back callback null
09-17 20:46:20.049   587  1462 W InputManager-JNI: Input channel object 'd7a2554 Splash Screen org.libsdl.app (client)' was disposed without first being removed with the input manager!
09-17 20:46:20.054 17542 17582 I Chess   : Load asset: |rsc/texture/piece/black_rook.bmp|
09-17 20:46:20.062 17542 17582 I Chess   : Load asset: |rsc/texture/piece/black_bishop.bmp|
09-17 20:46:20.071 17542 17582 I Chess   : Load asset: |rsc/texture/piece/black_knight.bmp|
09-17 20:46:20.079 17542 17582 I Chess   : Load asset: |rsc/texture/piece/black_pawn.bmp|
09-17 20:46:20.088 17542 17582 I Chess   : Load asset: |rsc/texture/piece/white_king.bmp|
09-17 20:46:20.096 17542 17582 I Chess   : Load asset: |rsc/texture/piece/white_queen.bmp|
09-17 20:46:20.105 17542 17582 I Chess   : Load asset: |rsc/texture/piece/white_rook.bmp|
09-17 20:46:20.112 17542 17582 I Chess   : Load asset: |rsc/texture/piece/white_bishop.bmp|
09-17 20:46:20.121 17542 17582 I Chess   : Load asset: |rsc/texture/piece/white_knight.bmp|
09-17 20:46:20.129 17542 17582 I Chess   : Load asset: |rsc/texture/piece/white_pawn.bmp|
09-17 20:46:20.158   841  1006 D EGL_emulation: app_time_stats: avg=20127.13ms min=20127.13ms max=20127.13ms count=1
09-17 20:46:20.164 17542 17582 I Chess   : Timer rect start: 743, height: 135, width: 270
09-17 20:46:20.164 17542 17582 I Chess   : Timer rect start: 67, height: 135, width: 270
09-17 20:46:20.189 17542 17582 I Chess   : Name rect start: 743, height: 67, width: 270
09-17 20:46:20.189 17542 17582 I Chess   : Name rect start: 67, height: 67, width: 270
09-17 20:46:20.240 17542 17582 I Chess   : [38;5;208mInternal storage path: /data/user/0/org.libsdl.app/files/C_chess_data.txt
09-17 20:46:20.240 17542 17582 I Chess   : [0m
09-17 20:46:20.240 17542 17582 E Chess   : [31mFailed to open file /data/user/0/org.libsdl.app/files/C_chess_data.txt: Couldn't open asset '/data/user/0/org.libsdl.app/files/C_chess_data.txt'
09-17 20:46:20.240 17542 17582 E Chess   : [0m
09-17 20:46:20.240 17542 17582 E Chess   : Getting file size
09-17 20:46:20.240 17542 17582 I Chess   : [38;5;208mInternal storage path: /data/user/0/org.libsdl.app/files/C_chess_data.txt
09-17 20:46:20.240 17542 17582 I Chess   : [0m
09-17 20:46:20.241 17542 17582 E Chess   : [31mFailed to open file /data/user/0/org.libsdl.app/files/C_chess_data.txt: Couldn't open asset '/data/user/0/org.libsdl.app/files/C_chess_data.txt'
09-17 20:46:20.241 17542 17582 E Chess   : [0m
09-17 20:46:20.241 17542 17582 E Chess   : Getting file size
09-17 20:46:20.241 17542 17582 I Chess   : [38;5;208mInternal storage path: /data/user/0/org.libsdl.app/files/C_chess_data.txt
09-17 20:46:20.241 17542 17582 I Chess   : [0m
09-17 20:46:20.241 17542 17582 E Chess   : [31mFailed to open file /data/user/0/org.libsdl.app/files/C_chess_data.txt: Couldn't open asset '/data/user/0/org.libsdl.app/files/C_chess_data.txt'
09-17 20:46:20.241 17542 17582 E Chess   : [0m
09-17 20:46:20.241 17542 17582 E Chess   : Getting file size
09-17 20:46:21.634 17461 17505 W DynamiteModule: Local module descriptor class for com.google.android.gms.providerinstaller.dynamite not found.
09-17 20:46:21.637  1026  2068 W ProviderHelper: Unknown dynamite feature providerinstaller.dynamite
09-17 20:46:21.638 17461 17505 W ProviderInstaller: Failed to load providerinstaller module: No acceptable module com.google.android.gms.providerinstaller.dynamite found. Local version is 0 and remote version is 0.
09-17 20:46:21.640 17461 17505 D ApplicationLoaders: Returning zygote-cached class loader: /system/framework/org.apache.http.legacy.jar
09-17 20:46:21.642 17461 17505 D nativeloader: Configuring clns-8 for other apk /system/framework/com.android.media.remotedisplay.jar. target_sdk_version=35, uses_libraries=ALL, library_path=/data/app/~~F6FUD1ZnMGbTjJkj3UJt_w==/com.google.android.gms-v1onozUYKPoHoTyMDNpjTg==/lib/x86_64:/data/app/~~F6FUD1ZnMGbTjJkj3UJt_w==/com.google.android.gms-v1onozUYKPoHoTyMDNpjTg==/base.apk!/lib/x86_64, permitted_path=/data:/mnt/expand:/data/user/0/com.google.android.gms
09-17 20:46:21.645 17461 17505 D nativeloader: Configuring clns-9 for other apk /system/framework/com.android.location.provider.jar. target_sdk_version=35, uses_libraries=ALL, library_path=/data/app/~~F6FUD1ZnMGbTjJkj3UJt_w==/com.google.android.gms-v1onozUYKPoHoTyMDNpjTg==/lib/x86_64:/data/app/~~F6FUD1ZnMGbTjJkj3UJt_w==/com.google.android.gms-v1onozUYKPoHoTyMDNpjTg==/base.apk!/lib/x86_64, permitted_path=/data:/mnt/expand:/data/user/0/com.google.android.gms
09-17 20:46:21.646 17461 17505 D ApplicationLoaders: Returning zygote-cached class loader: /system_ext/framework/androidx.window.extensions.jar
09-17 20:46:21.646 17461 17505 D ApplicationLoaders: Returning zygote-cached class loader: /system_ext/framework/androidx.window.sidecar.jar
09-17 20:46:21.660 17542 17582 D EGL_emulation: app_time_stats: avg=11.33ms min=5.26ms max=64.75ms count=57
09-17 20:46:21.669 17461 17505 D nativeloader: Configuring clns-10 for other apk /data/app/~~F6FUD1ZnMGbTjJkj3UJt_w==/com.google.android.gms-v1onozUYKPoHoTyMDNpjTg==/base.apk. target_sdk_version=35, uses_libraries=, library_path=/data/app/~~F6FUD1ZnMGbTjJkj3UJt_w==/com.google.android.gms-v1onozUYKPoHoTyMDNpjTg==/lib/x86_64:/data/app/~~F6FUD1ZnMGbTjJkj3UJt_w==/com.google.android.gms-v1onozUYKPoHoTyMDNpjTg==/base.apk!/lib/x86_64, permitted_path=/data:/mnt/expand:/data/user/0/com.google.android.gms
09-17 20:46:21.691 17461 17505 D nativeloader: Load /data/app/~~F6FUD1ZnMGbTjJkj3UJt_w==/com.google.android.gms-v1onozUYKPoHoTyMDNpjTg==/base.apk!/lib/x86_64/libconscrypt_gmscore_jni.so using ns clns-10 from class loader (caller=/data/app/~~F6FUD1ZnMGbTjJkj3UJt_w==/com.google.android.gms-v1onozUYKPoHoTyMDNpjTg==/base.apk!classes3.dex): ok
09-17 20:46:21.692 17461 17505 V NativeCrypto: Registering com/google/android/gms/org/conscrypt/NativeCrypto's 305 native methods...
09-17 20:46:21.730 17461 17588 I eehz.a  : Unable to retrieve flag snapshot for com.google.android.gms.providerinstaller#com.google.android.gms, using defaults.
09-17 20:46:21.741 17461 17505 I ProviderInstaller: Installed default security provider GmsCore_OpenSSL
09-17 20:46:21.926   587  1421 E TaskPersister: File error accessing recents directory (directory doesn't exist?).
09-17 20:46:22.431   828   828 I wpa_supplicant: wlan0: CTRL-EVENT-BEACON-LOSS 
09-17 20:46:22.675 17542 17582 D EGL_emulation: app_time_stats: avg=8.27ms min=5.16ms max=20.03ms count=61
09-17 20:46:22.772   587  1462 D ShortcutService: Getting shortcuts for launcher= com.google.android.asuser=0 pkg=com.google.android.apps.docs
09-17 20:46:22.772   587  4241 D ShortcutService: Getting shortcuts for launcher= com.google.android.asuser=0 pkg=com.google.android.apps.docs
09-17 20:46:22.780 17444 17447 I AidlLazyServiceRegistrar: Process has 0 (of 2 available) client(s) in use after notification android.system.virtualizationmaintenance has clients: 0
09-17 20:46:22.780 17444 17447 I AidlLazyServiceRegistrar: Trying to shut down the service. No clients in use for any service in process.
09-17 20:46:22.785 17444 17447 I AidlLazyServiceRegistrar: Unregistered all clients and exiting
09-17 20:46:23.104   587   748 D InetDiagMessage: Destroyed 0 sockets, proto=IPPROTO_TCP, family=AF_INET, states=14
09-17 20:46:23.104   587   748 D InetDiagMessage: Destroyed 0 sockets, proto=IPPROTO_TCP, family=AF_INET6, states=14
09-17 20:46:23.104   587   748 D InetDiagMessage: Destroyed live tcp sockets for uids={10146} in 1ms
09-17 20:46:23.104   587   748 D InetDiagMessage: Destroyed 0 sockets, proto=IPPROTO_TCP, family=AF_INET, states=14
09-17 20:46:23.105   587   748 D InetDiagMessage: Destroyed 0 sockets, proto=IPPROTO_TCP, family=AF_INET6, states=14
09-17 20:46:23.105   587   748 D InetDiagMessage: Destroyed live tcp sockets for uids={20146} in 0ms
09-17 20:46:23.677 17542 17582 D EGL_emulation: app_time_stats: avg=8.45ms min=6.05ms max=22.33ms count=60
09-17 20:46:24.692 17542 17582 D EGL_emulation: app_time_stats: avg=8.26ms min=5.14ms max=11.82ms count=61
09-17 20:46:25.710 17542 17582 D EGL_emulation: app_time_stats: avg=8.34ms min=5.23ms max=17.21ms count=61
09-17 20:46:26.725 17542 17582 D EGL_emulation: app_time_stats: avg=9.10ms min=5.35ms max=59.71ms count=59
09-17 20:46:27.728 17542 17582 D EGL_emulation: app_time_stats: avg=7.49ms min=5.34ms max=10.97ms count=60
09-17 20:46:28.338   587   825 W FileUtils: Failed to chmod(AtomicFile[/data/system_de/0/system/game-manager-service.xml]): android.system.ErrnoException: chmod failed: ENOENT (No such file or directory)
09-17 20:46:28.439   587   695 D ActivityManager: freezing 16013 com.google.android.documentsui
09-17 20:46:28.441   587   748 D InetDiagMessage: Destroyed 0 sockets, proto=IPPROTO_TCP, family=AF_INET, states=14
09-17 20:46:28.441   587   748 D InetDiagMessage: Destroyed 0 sockets, proto=IPPROTO_TCP, family=AF_INET6, states=14
09-17 20:46:28.442   587   748 D InetDiagMessage: Destroyed live tcp sockets for uids={10098} in 1ms
09-17 20:46:28.475   587   695 D ActivityManager: freezing 16075 android.process.media
09-17 20:46:28.476   587   748 D InetDiagMessage: Destroyed 0 sockets, proto=IPPROTO_TCP, family=AF_INET, states=14
09-17 20:46:28.476   587   748 D InetDiagMessage: Destroyed 0 sockets, proto=IPPROTO_TCP, family=AF_INET6, states=14
09-17 20:46:28.476   587   748 D InetDiagMessage: Destroyed live tcp sockets for uids={10097} in 1ms
09-17 20:46:28.631   587   695 D ActivityManager: freezing 14191 com.google.android.packageinstaller
09-17 20:46:28.632   587   748 D InetDiagMessage: Destroyed 0 sockets, proto=IPPROTO_TCP, family=AF_INET, states=14
09-17 20:46:28.632   587   748 D InetDiagMessage: Destroyed 0 sockets, proto=IPPROTO_TCP, family=AF_INET6, states=14
09-17 20:46:28.633   587   748 D InetDiagMessage: Destroyed live tcp sockets for uids={10100} in 1ms
09-17 20:46:28.728   587   695 D ActivityManager: freezing 17461 com.google.android.apps.docs
09-17 20:46:28.729   587   748 D InetDiagMessage: Destroyed 0 sockets, proto=IPPROTO_TCP, family=AF_INET, states=14
09-17 20:46:28.730   587   748 D InetDiagMessage: Destroyed 0 sockets, proto=IPPROTO_TCP, family=AF_INET6, states=14
09-17 20:46:28.730   587   748 D InetDiagMessage: Destroyed live tcp sockets for uids={10149} in 1ms
09-17 20:46:28.742 17542 17582 D EGL_emulation: app_time_stats: avg=9.39ms min=4.43ms max=52.95ms count=59
09-17 20:46:28.747   587   630 W IPCThreadState: Sending oneway calls to frozen process.
09-17 20:46:29.097   186 17411 I keystore2: system/security/keystore2/watchdog/src/lib.rs:319 - Watchdog thread idle -> terminating. Have a great day.
09-17 20:46:29.114   587   695 D ActivityManager: freezing 14032 com.android.vending:background
09-17 20:46:29.196   587   695 D ActivityManager: freezing 13911 com.android.vending
09-17 20:46:29.198   587   748 D InetDiagMessage: Destroyed 0 sockets, proto=IPPROTO_TCP, family=AF_INET, states=14
09-17 20:46:29.199   587   748 D InetDiagMessage: Destroyed 0 sockets, proto=IPPROTO_TCP, family=AF_INET6, states=14
09-17 20:46:29.199   587   748 D InetDiagMessage: Destroyed live tcp sockets for uids={10140} in 2ms
09-17 20:46:29.761 17542 17582 D EGL_emulation: app_time_stats: avg=8.28ms min=4.76ms max=17.50ms count=61
09-17 20:46:30.367   828   828 I wpa_supplicant: wlan0: CTRL-EVENT-BEACON-LOSS 
09-17 20:46:30.420   587   748 D InetDiagMessage: Destroyed 0 sockets, proto=IPPROTO_TCP, family=AF_INET, states=14
