09-19 12:42:21.735 12064 13963 W ziparchive: Unable to open '/data/user/0/com.google.android.gms/app_dg_cache/2C88ED0B235B07580130307E7616B43C57D4071A/the.dm': No such file or directory
09-19 12:42:21.740 12064 13963 D nativeloader: Configuring clns-13 for other apk . target_sdk_version=35, uses_libraries=ALL, library_path=, permitted_path=/data:/mnt/expand
09-19 12:42:21.741 12064 13963 D nativeloader: Load /data/user/0/com.google.android.gms/app_dg_cache/2C88ED0B235B07580130307E7616B43C57D4071A/the.apk!/libdF901D291B87E.so using isolated ns clns-13 (caller=/data/user/0/com.google.android.gms/app_dg_cache/2C88ED0B235B07580130307E7616B43C57D4071A/the.apk): ok
09-19 12:42:21.783 12064 13963 I EGL_emulation: Opening libGLESv1_CM_emulation.so
09-19 12:42:21.783 12064 13963 I EGL_emulation: Opening libGLESv2_emulation.so
09-19 12:42:21.890   587   886 D FileUtils: Rounded bytes from 2069688320 to 4000000000
09-19 12:42:22.159   587   886 D BiometricService: Sensor ID(4), oemStrength: 15, updatedStrength: 15, modality 8, state: 0, cookie: 0, sensorId 4, hasEnrollments: false cannot participate in Keystore operations
09-19 12:42:22.159   587   886 D BiometricService: Sensor ID(0), oemStrength: 15, updatedStrength: 15, modality 2, state: 0, cookie: 0, sensorId 0, hasEnrollments: false cannot participate in Keystore operations
09-19 12:42:22.192   828   828 I wpa_supplicant: wlan0: CTRL-EVENT-BEACON-LOSS 
09-19 12:42:22.229   587   886 I RemoteProvisionSysSvc: getRegistration(android.hardware.security.keymint.IRemotelyProvisionedComponent/default)
09-19 12:42:22.276   587   886 D ActivityManager: sync unfroze 13746 com.google.android.rkpdapp for 6
09-19 12:42:22.318   587   587 I RegistrationProxy: onServiceConnected: com.android.rkpdapp.service.RemoteProvisioningService
09-19 12:42:22.342 14291 14329 I Chess   : Click on [38;5;208m[C2][0m -> [38;5;200m|10|
09-19 12:42:22.342 14291 14329 I Chess   : [0m
09-19 12:42:22.427   587  1400 I RegistrationProxy: IGetRegistrationCallback.onSuccess
09-19 12:42:22.430   587   886 I RemoteProvisionSysSvc: Fetching key 10145 for client 33743498
09-19 12:42:22.430   587   886 I RegistrationProxy: getKeyAsync operation started with callback 217886971
09-19 12:42:22.431 13746 14411 I RkpdRegistrationBinder: Key requested for : android.hardware.security.keymint.IRemotelyProvisionedComponent/default, clientUid: 1017, keyId: 10145, callback: 53868641
09-19 12:42:22.452 13746 14411 I RkpdRegistrationBinder: Key successfully assigned to client
09-19 12:42:22.452   587   587 I RemoteProvisionSysSvc: Successfully fetched key for client 33743498
09-19 12:42:22.486 12064 13963 W SystemServiceRegistry: No service published for: persistent_data_block
09-19 12:42:22.532   190   190 D SoftKeymaster: system/keymaster/km_openssl/certificate_utils.cpp, Line 148: Using TAG_CERTIFICATE_NOT_BEFORE: 0
09-19 12:42:22.532   190   190 D SoftKeymaster: system/keymaster/km_openssl/certificate_utils.cpp, Line 154: Using TAG_CERTIFICATE_NOT_AFTER: 2461449600000
09-19 12:42:22.532   190   190 D SoftKeymaster: system/keymaster/km_openssl/certificate_utils.cpp, Line 159: Got certificate date params:  NotBefore = 0, NotAfter = 2461449600000
09-19 12:42:22.533   190   190 D SoftKeymaster: system/keymaster/km_openssl/certificate_utils.cpp, Line 273: Setting notBefore to 0
09-19 12:42:22.533   190   190 D SoftKeymaster: system/keymaster/km_openssl/certificate_utils.cpp, Line 282: Setting notAfter to 2461449600
09-19 12:42:22.617 14291 14329 D EGL_emulation: app_time_stats: avg=8.79ms min=5.14ms max=34.59ms count=56
09-19 12:42:22.619 12064 12096 I EGL_emulation: Opening libGLESv1_CM_emulation.so
09-19 12:42:22.619 12064 12096 I EGL_emulation: Opening libGLESv2_emulation.so
09-19 12:42:22.792   587   695 D ActivityManager: freezing 14165 com.google.android.apps.docs
09-19 12:42:22.793   587   748 D InetDiagMessage: Destroyed 0 sockets, proto=IPPROTO_TCP, family=AF_INET, states=14
09-19 12:42:22.794   587   748 D InetDiagMessage: Destroyed 0 sockets, proto=IPPROTO_TCP, family=AF_INET6, states=14
09-19 12:42:22.794   587   748 D InetDiagMessage: Destroyed live tcp sockets for uids={10149} in 1ms
09-19 12:42:22.796   587   630 W IPCThreadState: Sending oneway calls to frozen process.
09-19 12:42:22.808 14291 14329 I Chess   : Click on [38;5;208m[C2][0m -> [38;5;200m|10|
09-19 12:42:22.808 14291 14329 I Chess   : [0m
09-19 12:42:22.860  1508  3467 D TrafficStats: tagSocket(244) with statsTag=0x7901, statsUid=10145
09-19 12:42:22.890  1508  3467 D TrafficStats: tagSocket(186) with statsTag=0x7901, statsUid=10145
09-19 12:42:22.918   587   886 D FileUtils: Rounded bytes from 2069688320 to 4000000000
09-19 12:42:22.965   587   630 W IPCThreadState: Sending oneway calls to frozen process.
09-19 12:42:23.006 12064 12096 W SystemServiceRegistry: No service published for: persistent_data_block
09-19 12:42:23.292 14291 14329 I Chess   : Click on [38;5;208m[D2][0m -> [38;5;200m|11|
09-19 12:42:23.292 14291 14329 I Chess   : [0m
09-19 12:42:23.558 14291 14329 I Chess   : Click on [38;5;208m[D4][0m -> [38;5;200m|27|
09-19 12:42:23.558 14291 14329 I Chess   : [0m
09-19 12:42:23.605 14015 14034 I AidlLazyServiceRegistrar: Process has 0 (of 2 available) client(s) in use after notification android.system.virtualizationmaintenance has clients: 0
09-19 12:42:23.605 14015 14034 I AidlLazyServiceRegistrar: Trying to shut down the service. No clients in use for any service in process.
09-19 12:42:23.612 14015 14034 I AidlLazyServiceRegistrar: Unregistered all clients and exiting
09-19 12:42:23.618 14291 14329 D EGL_emulation: app_time_stats: avg=9.35ms min=4.91ms max=85.87ms count=56
09-19 12:42:23.620   587   630 W IPCThreadState: Sending oneway calls to frozen process.
09-19 12:42:23.975 14291 14329 I Chess   : Click on [38;5;208m[E2][0m -> [38;5;200m|12|
09-19 12:42:23.975 14291 14329 I Chess   : [0m
09-19 12:42:24.019   587   886 I ActivityManager: Killing 13722:com.google.android.apps.safetyhub/u0a139 (adj 965): empty #17
09-19 12:42:24.039   376   376 I Zygote  : Process 13722 exited due to signal 9 (Killed)
09-19 12:42:24.040   587   633 I libprocessgroup: Removed cgroup /sys/fs/cgroup/uid_10139/pid_13722
09-19 12:42:24.098   587   616 D DisplayManagerService: Drop pending events for gone uid 10139
09-19 12:42:24.243 14291 14329 I Chess   : Click on [38;5;208m[E4][0m -> [38;5;200m|28|
09-19 12:42:24.243 14291 14329 I Chess   : [0m
09-19 12:42:24.633 14291 14329 D EGL_emulation: app_time_stats: avg=8.36ms min=5.61ms max=19.83ms count=61
09-19 12:42:24.726 14291 14329 I Chess   : Click on [38;5;208m[E7][0m -> [38;5;200m|52|
09-19 12:42:24.726 14291 14329 I Chess   : [0m
09-19 12:42:24.915 14291 14329 I Chess   : Click on [38;5;208m[E5][0m -> [38;5;200m|36|
09-19 12:42:24.915 14291 14329 I Chess   : [0m
09-19 12:42:25.242 14291 14329 I Chess   : Click on [38;5;208m[D4][0m -> [38;5;200m|27|
09-19 12:42:25.242 14291 14329 I Chess   : [0m
09-19 12:42:25.475 14291 14329 I Chess   : Click on [38;5;208m[E5][0m -> [38;5;200m|36|
09-19 12:42:25.475 14291 14329 I Chess   : [0m
09-19 12:42:25.649 14291 14329 D EGL_emulation: app_time_stats: avg=9.27ms min=5.15ms max=42.23ms count=60
09-19 12:42:25.877 14291 14329 I Chess   : Click on [38;5;208m[E5][0m -> [38;5;200m|36|
09-19 12:42:25.877 14291 14329 I Chess   : [0m
09-19 12:42:26.025 14291 14329 I Chess   : Click on [38;5;208m[E6][0m -> [38;5;200m|44|
09-19 12:42:26.025 14291 14329 I Chess   : [0m
09-19 12:42:26.259 14291 14329 I Chess   : Click on [38;5;208m[E6][0m -> [38;5;200m|44|
09-19 12:42:26.259 14291 14329 I Chess   : [0m
09-19 12:42:26.428   587   748 D InetDiagMessage: Destroyed 0 sockets, proto=IPPROTO_TCP, family=AF_INET, states=14
09-19 12:42:26.429   587   748 D InetDiagMessage: Destroyed 0 sockets, proto=IPPROTO_TCP, family=AF_INET6, states=14
09-19 12:42:26.429   587   748 D InetDiagMessage: Destroyed live tcp sockets for uids={10195} in 1ms
09-19 12:42:26.429   587   748 D InetDiagMessage: Destroyed 0 sockets, proto=IPPROTO_TCP, family=AF_INET, states=14
09-19 12:42:26.429   587   748 D InetDiagMessage: Destroyed 0 sockets, proto=IPPROTO_TCP, family=AF_INET6, states=14
09-19 12:42:26.429   587   748 D InetDiagMessage: Destroyed live tcp sockets for uids={20195} in 0ms
09-19 12:42:26.459 14291 14329 I Chess   : Click on [38;5;208m[D7][0m -> [38;5;200m|51|
09-19 12:42:26.459 14291 14329 I Chess   : [0m
09-19 12:42:26.642 14291 14329 I Chess   : Click on [38;5;208m[D7][0m -> [38;5;200m|51|
09-19 12:42:26.642 14291 14329 I Chess   : [0m
09-19 12:42:26.652 14291 14329 D EGL_emulation: app_time_stats: avg=8.43ms min=5.46ms max=20.98ms count=60
09-19 12:42:26.858 14291 14329 I Chess   : Click on [38;5;208m[C8][0m -> [38;5;200m|58|
09-19 12:42:26.858 14291 14329 I Chess   : [0m
09-19 12:42:27.376 14291 14329 I Chess   : Click on [38;5;208m[F7][0m -> [38;5;200m|53|
09-19 12:42:27.376 14291 14329 I Chess   : [0m
09-19 12:42:27.376 14291 14329 I Chess   : Tile clicked: F7
09-19 12:42:27.432   587   748 D InetDiagMessage: Destroyed 0 sockets, proto=IPPROTO_TCP, family=AF_INET, states=14
09-19 12:42:27.432   587   748 D InetDiagMessage: Destroyed 0 sockets, proto=IPPROTO_TCP, family=AF_INET6, states=14
09-19 12:42:27.432   587   748 D InetDiagMessage: Destroyed live tcp sockets for uids={10191} in 1ms
09-19 12:42:27.432   587   748 D InetDiagMessage: Destroyed 0 sockets, proto=IPPROTO_TCP, family=AF_INET, states=14
09-19 12:42:27.433   587   748 D InetDiagMessage: Destroyed 0 sockets, proto=IPPROTO_TCP, family=AF_INET6, states=14
09-19 12:42:27.433   587   748 D InetDiagMessage: Destroyed live tcp sockets for uids={20191} in 1ms
09-19 12:42:27.451  3645  3645 I artd    : Dex parent of /data/app/~~F6FUD1ZnMGbTjJkj3UJt_w==/com.google.android.gms-v1onozUYKPoHoTyMDNpjTg==/base.apk is not writable: Permission denied
09-19 12:42:27.451  3645  3645 I artd    : GetBestInfo checking odex in dalvik-cache (/data/dalvik-cache/x86_64/data@app@~~F6FUD1ZnMGbTjJkj3UJt_w==@com.google.android.gms-v1onozUYKPoHoTyMDNpjTg==@base.apk@classes.dex)
09-19 12:42:27.451  3645  3645 I artd    : Loading /data/dalvik-cache/x86_64/data@app@~~F6FUD1ZnMGbTjJkj3UJt_w==@com.google.android.gms-v1onozUYKPoHoTyMDNpjTg==@base.apk@classes.dex with executable: 0
09-19 12:42:27.451  3645  3645 I artd    : OatFileAssistant test for existing oat file /data/dalvik-cache/x86_64/data@app@~~F6FUD1ZnMGbTjJkj3UJt_w==@com.google.android.gms-v1onozUYKPoHoTyMDNpjTg==@base.apk@classes.dex: File /data/dalvik-cache/x86_64/data@app@~~F6FUD1ZnMGbTjJkj3UJt_w==@com.google.android.gms-v1onozUYKPoHoTyMDNpjTg==@base.apk@classes.vdex does not exist.
09-19 12:42:27.451  3645  3645 I artd    : GetBestInfo checking odex next to the dex file (/data/app/~~F6FUD1ZnMGbTjJkj3UJt_w==/com.google.android.gms-v1onozUYKPoHoTyMDNpjTg==/oat/x86_64/base.odex)
09-19 12:42:27.451  3645  3645 I artd    : Loading /data/app/~~F6FUD1ZnMGbTjJkj3UJt_w==/com.google.android.gms-v1onozUYKPoHoTyMDNpjTg==/oat/x86_64/base.odex with executable: 0
09-19 12:42:27.455  3645  3645 I artd    : Successfully loaded /data/app/~~F6FUD1ZnMGbTjJkj3UJt_w==/com.google.android.gms-v1onozUYKPoHoTyMDNpjTg==/oat/x86_64/base.odex with executable: 0
09-19 12:42:27.455  3645  3645 I artd    : /data/app/~~F6FUD1ZnMGbTjJkj3UJt_w==/com.google.android.gms-v1onozUYKPoHoTyMDNpjTg==/oat/x86_64/base.odex is kOatUpToDate with filter speed-profile
09-19 12:42:27.457  3645  3645 I artd    : Dex parent of /data/app/~~F6FUD1ZnMGbTjJkj3UJt_w==/com.google.android.gms-v1onozUYKPoHoTyMDNpjTg==/split_CronetDynamite_installtime.apk is not writable: Permission denied
09-19 12:42:27.457  3645  3645 I artd    : GetBestInfo checking odex in dalvik-cache (/data/dalvik-cache/x86_64/data@app@~~F6FUD1ZnMGbTjJkj3UJt_w==@com.google.android.gms-v1onozUYKPoHoTyMDNpjTg==@split_CronetDynamite_installtime.apk@classes.dex)
09-19 12:42:27.457  3645  3645 I artd    : Loading /data/dalvik-cache/x86_64/data@app@~~F6FUD1ZnMGbTjJkj3UJt_w==@com.google.android.gms-v1onozUYKPoHoTyMDNpjTg==@split_CronetDynamite_installtime.apk@classes.dex with executable: 0
09-19 12:42:27.457  3645  3645 I artd    : OatFileAssistant test for existing oat file /data/dalvik-cache/x86_64/data@app@~~F6FUD1ZnMGbTjJkj3UJt_w==@com.google.android.gms-v1onozUYKPoHoTyMDNpjTg==@split_CronetDynamite_installtime.apk@classes.dex: File /data/dalvik-cache/x86_64/data@app@~~F6FUD1ZnMGbTjJkj3UJt_w==@com.google.android.gms-v1onozUYKPoHoTyMDNpjTg==@split_CronetDynamite_installtime.apk@classes.vdex does not exist.
09-19 12:42:27.457  3645  3645 I artd    : GetBestInfo checking odex next to the dex file (/data/app/~~F6FUD1ZnMGbTjJkj3UJt_w==/com.google.android.gms-v1onozUYKPoHoTyMDNpjTg==/oat/x86_64/split_CronetDynamite_installtime.odex)
09-19 12:42:27.457  3645  3645 I artd    : Loading /data/app/~~F6FUD1ZnMGbTjJkj3UJt_w==/com.google.android.gms-v1onozUYKPoHoTyMDNpjTg==/oat/x86_64/split_CronetDynamite_installtime.odex with executable: 0
09-19 12:42:27.458  3645  3645 I artd    : Successfully loaded /data/app/~~F6FUD1ZnMGbTjJkj3UJt_w==/com.google.android.gms-v1onozUYKPoHoTyMDNpjTg==/oat/x86_64/split_CronetDynamite_installtime.odex with executable: 0
09-19 12:42:27.458  3645  3645 I artd    : /data/app/~~F6FUD1ZnMGbTjJkj3UJt_w==/com.google.android.gms-v1onozUYKPoHoTyMDNpjTg==/oat/x86_64/split_CronetDynamite_installtime.odex is kOatUpToDate with filter speed
09-19 12:42:27.460  3645  3645 I artd    : Dex parent of /data/app/~~F6FUD1ZnMGbTjJkj3UJt_w==/com.google.android.gms-v1onozUYKPoHoTyMDNpjTg==/split_DynamiteModulesA_installtime.apk is not writable: Permission denied
09-19 12:42:27.460  3645  3645 I artd    : GetBestInfo checking odex in dalvik-cache (/data/dalvik-cache/x86_64/data@app@~~F6FUD1ZnMGbTjJkj3UJt_w==@com.google.android.gms-v1onozUYKPoHoTyMDNpjTg==@split_DynamiteModulesA_installtime.apk@classes.dex)
09-19 12:42:27.460  3645  3645 I artd    : Loading /data/dalvik-cache/x86_64/data@app@~~F6FUD1ZnMGbTjJkj3UJt_w==@com.google.android.gms-v1onozUYKPoHoTyMDNpjTg==@split_DynamiteModulesA_installtime.apk@classes.dex with executable: 0
09-19 12:42:27.460  3645  3645 I artd    : OatFileAssistant test for existing oat file /data/dalvik-cache/x86_64/data@app@~~F6FUD1ZnMGbTjJkj3UJt_w==@com.google.android.gms-v1onozUYKPoHoTyMDNpjTg==@split_DynamiteModulesA_installtime.apk@classes.dex: File /data/dalvik-cache/x86_64/data@app@~~F6FUD1ZnMGbTjJkj3UJt_w==@com.google.android.gms-v1onozUYKPoHoTyMDNpjTg==@split_DynamiteModulesA_installtime.apk@classes.vdex does not exist.
09-19 12:42:27.460  3645  3645 I artd    : GetBestInfo checking odex next to the dex file (/data/app/~~F6FUD1ZnMGbTjJkj3UJt_w==/com.google.android.gms-v1onozUYKPoHoTyMDNpjTg==/oat/x86_64/split_DynamiteModulesA_installtime.odex)
09-19 12:42:27.460  3645  3645 I artd    : Loading /data/app/~~F6FUD1ZnMGbTjJkj3UJt_w==/com.google.android.gms-v1onozUYKPoHoTyMDNpjTg==/oat/x86_64/split_DynamiteModulesA_installtime.odex with executable: 0
09-19 12:42:27.460  3645  3645 I artd    : Successfully loaded /data/app/~~F6FUD1ZnMGbTjJkj3UJt_w==/com.google.android.gms-v1onozUYKPoHoTyMDNpjTg==/oat/x86_64/split_DynamiteModulesA_installtime.odex with executable: 0
09-19 12:42:27.461  3645  3645 I artd    : /data/app/~~F6FUD1ZnMGbTjJkj3UJt_w==/com.google.android.gms-v1onozUYKPoHoTyMDNpjTg==/oat/x86_64/split_DynamiteModulesA_installtime.odex is kOatUpToDate with filter speed
09-19 12:42:27.462  3645  3645 I artd    : Dex parent of /data/app/~~F6FUD1ZnMGbTjJkj3UJt_w==/com.google.android.gms-v1onozUYKPoHoTyMDNpjTg==/split_DynamiteModulesC_installtime.apk is not writable: Permission denied
09-19 12:42:27.462  3645  3645 I artd    : GetBestInfo checking odex in dalvik-cache (/data/dalvik-cache/x86_64/data@app@~~F6FUD1ZnMGbTjJkj3UJt_w==@com.google.android.gms-v1onozUYKPoHoTyMDNpjTg==@split_DynamiteModulesC_installtime.apk@classes.dex)
09-19 12:42:27.462  3645  3645 I artd    : Loading /data/dalvik-cache/x86_64/data@app@~~F6FUD1ZnMGbTjJkj3UJt_w==@com.google.android.gms-v1onozUYKPoHoTyMDNpjTg==@split_DynamiteModulesC_installtime.apk@classes.dex with executable: 0
09-19 12:42:27.462  3645  3645 I artd    : OatFileAssistant test for existing oat file /data/dalvik-cache/x86_64/data@app@~~F6FUD1ZnMGbTjJkj3UJt_w==@com.google.android.gms-v1onozUYKPoHoTyMDNpjTg==@split_DynamiteModulesC_installtime.apk@classes.dex: File /data/dalvik-cache/x86_64/data@app@~~F6FUD1ZnMGbTjJkj3UJt_w==@com.google.android.gms-v1onozUYKPoHoTyMDNpjTg==@split_DynamiteModulesC_installtime.apk@classes.vdex does not exist.
09-19 12:42:27.462  3645  3645 I artd    : GetBestInfo checking odex next to the dex file (/data/app/~~F6FUD1ZnMGbTjJkj3UJt_w==/com.google.android.gms-v1onozUYKPoHoTyMDNpjTg==/oat/x86_64/split_DynamiteModulesC_installtime.odex)
09-19 12:42:27.462  3645  3645 I artd    : Loading /data/app/~~F6FUD1ZnMGbTjJkj3UJt_w==/com.google.android.gms-v1onozUYKPoHoTyMDNpjTg==/oat/x86_64/split_DynamiteModulesC_installtime.odex with executable: 0
09-19 12:42:27.463  3645  3645 I artd    : Successfully loaded /data/app/~~F6FUD1ZnMGbTjJkj3UJt_w==/com.google.android.gms-v1onozUYKPoHoTyMDNpjTg==/oat/x86_64/split_DynamiteModulesC_installtime.odex with executable: 0
09-19 12:42:27.463  3645  3645 I artd    : /data/app/~~F6FUD1ZnMGbTjJkj3UJt_w==/com.google.android.gms-v1onozUYKPoHoTyMDNpjTg==/oat/x86_64/split_DynamiteModulesC_installtime.odex is kOatUpToDate with filter speed
09-19 12:42:27.464  3645  3645 I artd    : Dex parent of /data/app/~~F6FUD1ZnMGbTjJkj3UJt_w==/com.google.android.gms-v1onozUYKPoHoTyMDNpjTg==/split_GoogleCertificates_installtime.apk is not writable: Permission denied
09-19 12:42:27.464  3645  3645 I artd    : GetBestInfo checking odex in dalvik-cache (/data/dalvik-cache/x86_64/data@app@~~F6FUD1ZnMGbTjJkj3UJt_w==@com.google.android.gms-v1onozUYKPoHoTyMDNpjTg==@split_GoogleCertificates_installtime.apk@classes.dex)
09-19 12:42:27.464  3645  3645 I artd    : Loading /data/dalvik-cache/x86_64/data@app@~~F6FUD1ZnMGbTjJkj3UJt_w==@com.google.android.gms-v1onozUYKPoHoTyMDNpjTg==@split_GoogleCertificates_installtime.apk@classes.dex with executable: 0
09-19 12:42:27.464  3645  3645 I artd    : OatFileAssistant test for existing oat file /data/dalvik-cache/x86_64/data@app@~~F6FUD1ZnMGbTjJkj3UJt_w==@com.google.android.gms-v1onozUYKPoHoTyMDNpjTg==@split_GoogleCertificates_installtime.apk@classes.dex: File /data/dalvik-cache/x86_64/data@app@~~F6FUD1ZnMGbTjJkj3UJt_w==@com.google.android.gms-v1onozUYKPoHoTyMDNpjTg==@split_GoogleCertificates_installtime.apk@classes.vdex does not exist.
09-19 12:42:27.464  3645  3645 I artd    : GetBestInfo checking odex next to the dex file (/data/app/~~F6FUD1ZnMGbTjJkj3UJt_w==/com.google.android.gms-v1onozUYKPoHoTyMDNpjTg==/oat/x86_64/split_GoogleCertificates_installtime.odex)
09-19 12:42:27.464  3645  3645 I artd    : Loading /data/app/~~F6FUD1ZnMGbTjJkj3UJt_w==/com.google.android.gms-v1onozUYKPoHoTyMDNpjTg==/oat/x86_64/split_GoogleCertificates_installtime.odex with executable: 0
09-19 12:42:27.465  3645  3645 I artd    : Successfully loaded /data/app/~~F6FUD1ZnMGbTjJkj3UJt_w==/com.google.android.gms-v1onozUYKPoHoTyMDNpjTg==/oat/x86_64/split_GoogleCertificates_installtime.odex with executable: 0
09-19 12:42:27.465  3645  3645 I artd    : /data/app/~~F6FUD1ZnMGbTjJkj3UJt_w==/com.google.android.gms-v1onozUYKPoHoTyMDNpjTg==/oat/x86_64/split_GoogleCertificates_installtime.odex is kOatUpToDate with filter speed
09-19 12:42:27.467  3645  3645 I artd    : Dex parent of /data/app/~~F6FUD1ZnMGbTjJkj3UJt_w==/com.google.android.gms-v1onozUYKPoHoTyMDNpjTg==/split_MapsDynamite_installtime.apk is not writable: Permission denied
09-19 12:42:27.467  3645  3645 I artd    : GetBestInfo checking odex in dalvik-cache (/data/dalvik-cache/x86_64/data@app@~~F6FUD1ZnMGbTjJkj3UJt_w==@com.google.android.gms-v1onozUYKPoHoTyMDNpjTg==@split_MapsDynamite_installtime.apk@classes.dex)
09-19 12:42:27.467  3645  3645 I artd    : Loading /data/dalvik-cache/x86_64/data@app@~~F6FUD1ZnMGbTjJkj3UJt_w==@com.google.android.gms-v1onozUYKPoHoTyMDNpjTg==@split_MapsDynamite_installtime.apk@classes.dex with executable: 0
09-19 12:42:27.467  3645  3645 I artd    : OatFileAssistant test for existing oat file /data/dalvik-cache/x86_64/data@app@~~F6FUD1ZnMGbTjJkj3UJt_w==@com.google.android.gms-v1onozUYKPoHoTyMDNpjTg==@split_MapsDynamite_installtime.apk@classes.dex: File /data/dalvik-cache/x86_64/data@app@~~F6FUD1ZnMGbTjJkj3UJt_w==@com.google.android.gms-v1onozUYKPoHoTyMDNpjTg==@split_MapsDynamite_installtime.apk@classes.vdex does not exist.
09-19 12:42:27.467  3645  3645 I artd    : GetBestInfo checking odex next to the dex file (/data/app/~~F6FUD1ZnMGbTjJkj3UJt_w==/com.google.android.gms-v1onozUYKPoHoTyMDNpjTg==/oat/x86_64/split_MapsDynamite_installtime.odex)
09-19 12:42:27.467  3645  3645 I artd    : Loading /data/app/~~F6FUD1ZnMGbTjJkj3UJt_w==/com.google.android.gms-v1onozUYKPoHoTyMDNpjTg==/oat/x86_64/split_MapsDynamite_installtime.odex with executable: 0
09-19 12:42:27.467  3645  3645 I artd    : Successfully loaded /data/app/~~F6FUD1ZnMGbTjJkj3UJt_w==/com.google.android.gms-v1onozUYKPoHoTyMDNpjTg==/oat/x86_64/split_MapsDynamite_installtime.odex with executable: 0
09-19 12:42:27.467  3645  3645 I artd    : /data/app/~~F6FUD1ZnMGbTjJkj3UJt_w==/com.google.android.gms-v1onozUYKPoHoTyMDNpjTg==/oat/x86_64/split_MapsDynamite_installtime.odex is kOatUpToDate with filter speed
09-19 12:42:27.469  3645  3645 I artd    : Dex parent of /data/app/~~F6FUD1ZnMGbTjJkj3UJt_w==/com.google.android.gms-v1onozUYKPoHoTyMDNpjTg==/split_MeasurementDynamite_installtime.apk is not writable: Permission denied
09-19 12:42:27.469  3645  3645 I artd    : GetBestInfo checking odex in dalvik-cache (/data/dalvik-cache/x86_64/data@app@~~F6FUD1ZnMGbTjJkj3UJt_w==@com.google.android.gms-v1onozUYKPoHoTyMDNpjTg==@split_MeasurementDynamite_installtime.apk@classes.dex)
09-19 12:42:27.469  3645  3645 I artd    : Loading /data/dalvik-cache/x86_64/data@app@~~F6FUD1ZnMGbTjJkj3UJt_w==@com.google.android.gms-v1onozUYKPoHoTyMDNpjTg==@split_MeasurementDynamite_installtime.apk@classes.dex with executable: 0
09-19 12:42:27.469  3645  3645 I artd    : OatFileAssistant test for existing oat file /data/dalvik-cache/x86_64/data@app@~~F6FUD1ZnMGbTjJkj3UJt_w==@com.google.android.gms-v1onozUYKPoHoTyMDNpjTg==@split_MeasurementDynamite_installtime.apk@classes.dex: File /data/dalvik-cache/x86_64/data@app@~~F6FUD1ZnMGbTjJkj3UJt_w==@com.google.android.gms-v1onozUYKPoHoTyMDNpjTg==@split_MeasurementDynamite_installtime.apk@classes.vdex does not exist.
09-19 12:42:27.469  3645  3645 I artd    : GetBestInfo checking odex next to the dex file (/data/app/~~F6FUD1ZnMGbTjJkj3UJt_w==/com.google.android.gms-v1onozUYKPoHoTyMDNpjTg==/oat/x86_64/split_MeasurementDynamite_installtime.odex)
09-19 12:42:27.469  3645  3645 I artd    : Loading /data/app/~~F6FUD1ZnMGbTjJkj3UJt_w==/com.google.android.gms-v1onozUYKPoHoTyMDNpjTg==/oat/x86_64/split_MeasurementDynamite_installtime.odex with executable: 0
09-19 12:42:27.469  3645  3645 I artd    : Successfully loaded /data/app/~~F6FUD1ZnMGbTjJkj3UJt_w==/com.google.android.gms-v1onozUYKPoHoTyMDNpjTg==/oat/x86_64/split_MeasurementDynamite_installtime.odex with executable: 0
09-19 12:42:27.470  3645  3645 I artd    : /data/app/~~F6FUD1ZnMGbTjJkj3UJt_w==/com.google.android.gms-v1onozUYKPoHoTyMDNpjTg==/oat/x86_64/split_MeasurementDynamite_installtime.odex is kOatUpToDate with filter speed
09-19 12:42:27.471  3645  3645 I artd    : Dex parent of /data/app/~~F6FUD1ZnMGbTjJkj3UJt_w==/com.google.android.gms-v1onozUYKPoHoTyMDNpjTg==/split_all_locale_splits.apk is not writable: Permission denied
09-19 12:42:27.471  3645  3645 I artd    : GetBestInfo checking odex in dalvik-cache (/data/dalvik-cache/x86_64/data@app@~~F6FUD1ZnMGbTjJkj3UJt_w==@com.google.android.gms-v1onozUYKPoHoTyMDNpjTg==@split_all_locale_splits.apk@classes.dex)
09-19 12:42:27.471  3645  3645 I artd    : Loading /data/dalvik-cache/x86_64/data@app@~~F6FUD1ZnMGbTjJkj3UJt_w==@com.google.android.gms-v1onozUYKPoHoTyMDNpjTg==@split_all_locale_splits.apk@classes.dex with executable: 0
09-19 12:42:27.471  3645  3645 I artd    : OatFileAssistant test for existing oat file /data/dalvik-cache/x86_64/data@app@~~F6FUD1ZnMGbTjJkj3UJt_w==@com.google.android.gms-v1onozUYKPoHoTyMDNpjTg==@split_all_locale_splits.apk@classes.dex: File /data/dalvik-cache/x86_64/data@app@~~F6FUD1ZnMGbTjJkj3UJt_w==@com.google.android.gms-v1onozUYKPoHoTyMDNpjTg==@split_all_locale_splits.apk@classes.vdex does not exist.
09-19 12:42:27.471  3645  3645 I artd    : GetBestInfo checking odex next to the dex file (/data/app/~~F6FUD1ZnMGbTjJkj3UJt_w==/com.google.android.gms-v1onozUYKPoHoTyMDNpjTg==/oat/x86_64/split_all_locale_splits.odex)
09-19 12:42:27.471  3645  3645 I artd    : Loading /data/app/~~F6FUD1ZnMGbTjJkj3UJt_w==/com.google.android.gms-v1onozUYKPoHoTyMDNpjTg==/oat/x86_64/split_all_locale_splits.odex with executable: 0
09-19 12:42:27.471  3645  3645 I artd    : Successfully loaded /data/app/~~F6FUD1ZnMGbTjJkj3UJt_w==/com.google.android.gms-v1onozUYKPoHoTyMDNpjTg==/oat/x86_64/split_all_locale_splits.odex with executable: 0
09-19 12:42:27.472  3645  3645 I artd    : /data/app/~~F6FUD1ZnMGbTjJkj3UJt_w==/com.google.android.gms-v1onozUYKPoHoTyMDNpjTg==/oat/x86_64/split_all_locale_splits.odex is kOatUpToDate with filter speed
09-19 12:42:27.474  3645  3785 I artd    : Dex parent of /data/user_de/0/com.google.android.gms/app_chimera/m/00000008/dl-Antifingerprinting.optional_242335100000.apk is not writable: Permission denied
09-19 12:42:27.474  3645  3785 I artd    : GetBestInfo checking odex in dalvik-cache (/data/dalvik-cache/x86_64/data@user_de@0@com.google.android.gms@app_chimera@m@00000008@dl-Antifingerprinting.optional_242335100000.apk@classes.dex)
09-19 12:42:27.474  3645  3785 I artd    : Loading /data/dalvik-cache/x86_64/data@user_de@0@com.google.android.gms@app_chimera@m@00000008@dl-Antifingerprinting.optional_242335100000.apk@classes.dex with executable: 0
09-19 12:42:27.474  3645  3785 I artd    : OatFileAssistant test for existing oat file /data/dalvik-cache/x86_64/data@user_de@0@com.google.android.gms@app_chimera@m@00000008@dl-Antifingerprinting.optional_242335100000.apk@classes.dex: File /data/dalvik-cache/x86_64/data@user_de@0@com.google.android.gms@app_chimera@m@00000008@dl-Antifingerprinting.optional_242335100000.apk@classes.vdex does not exist.
09-19 12:42:27.474  3645  3785 I artd    : GetBestInfo checking odex next to the dex file (/data/user_de/0/com.google.android.gms/app_chimera/m/00000008/oat/x86_64/dl-Antifingerprinting.optional_242335100000.odex)
09-19 12:42:27.474  3645  3785 I artd    : Loading /data/user_de/0/com.google.android.gms/app_chimera/m/00000008/oat/x86_64/dl-Antifingerprinting.optional_242335100000.odex with executable: 0
09-19 12:42:27.474  3645  3785 I artd    : OatFileAssistant test for existing oat file /data/user_de/0/com.google.android.gms/app_chimera/m/00000008/oat/x86_64/dl-Antifingerprinting.optional_242335100000.odex: File /data/user_de/0/com.google.android.gms/app_chimera/m/00000008/oat/x86_64/dl-Antifingerprinting.optional_242335100000.vdex does not exist.
09-19 12:42:27.474  3645  3785 I artd    : GetBestInfo checking vdex in dalvik-cache (/data/dalvik-cache/x86_64/data@user_de@0@com.google.android.gms@app_chimera@m@00000008@dl-Antifingerprinting.optional_242335100000.apk@classes.vdex)
09-19 12:42:27.474  3645  3785 I artd    : unable to open vdex file /data/dalvik-cache/x86_64/data@user_de@0@com.google.android.gms@app_chimera@m@00000008@dl-Antifingerprinting.optional_242335100000.apk@classes.vdex: File /data/dalvik-cache/x86_64/data@user_de@0@com.google.android.gms@app_chimera@m@00000008@dl-Antifingerprinting.optional_242335100000.apk@classes.vdex does not exist.
09-19 12:42:27.474  3645  3785 I artd    : OatFileAssistant test for existing oat file /data/dalvik-cache/x86_64/data@user_de@0@com.google.android.gms@app_chimera@m@00000008@dl-Antifingerprinting.optional_242335100000.apk@classes.vdex: File /data/dalvik-cache/x86_64/data@user_de@0@com.google.android.gms@app_chimera@m@00000008@dl-Antifingerprinting.optional_242335100000.apk@classes.vdex does not exist.
09-19 12:42:27.474  3645  3785 I artd    : GetBestInfo checking vdex next to the dex file (/data/user_de/0/com.google.android.gms/app_chimera/m/00000008/oat/x86_64/dl-Antifingerprinting.optional_242335100000.vdex)
09-19 12:42:27.474  3645  3785 I artd    : unable to open vdex file /data/user_de/0/com.google.android.gms/app_chimera/m/00000008/oat/x86_64/dl-Antifingerprinting.optional_242335100000.vdex: File /data/user_de/0/com.google.android.gms/app_chimera/m/00000008/oat/x86_64/dl-Antifingerprinting.optional_242335100000.vdex does not exist.
09-19 12:42:27.474  3645  3785 I artd    : OatFileAssistant test for existing oat file /data/user_de/0/com.google.android.gms/app_chimera/m/00000008/oat/x86_64/dl-Antifingerprinting.optional_242335100000.vdex: File /data/user_de/0/com.google.android.gms/app_chimera/m/00000008/oat/x86_64/dl-Antifingerprinting.optional_242335100000.vdex does not exist.
09-19 12:42:27.474  3645  3785 I artd    : GetBestInfo checking dm (/data/user_de/0/com.google.android.gms/app_chimera/m/00000008/dl-Antifingerprinting.optional_242335100000.dm)
09-19 12:42:27.474  3645  3785 W ziparchive: Unable to open '/data/user_de/0/com.google.android.gms/app_chimera/m/00000008/dl-Antifingerprinting.optional_242335100000.dm': No such file or directory
09-19 12:42:27.474  3645  3785 I artd    : OatFileAssistant test for existing oat file /data/user_de/0/com.google.android.gms/app_chimera/m/00000008/dl-Antifingerprinting.optional_242335100000.dm: I/O error
09-19 12:42:27.474  3645  3785 I artd    : GetBestInfo checking dm (/data/user_de/0/com.google.android.gms/app_chimera/m/00000008/dl-Antifingerprinting.optional_242335100000.dm)
09-19 12:42:27.474  3645  3785 W ziparchive: Unable to open '/data/user_de/0/com.google.android.gms/app_chimera/m/00000008/dl-Antifingerprinting.optional_242335100000.dm': No such file or directory
09-19 12:42:27.474  3645  3785 I artd    : OatFileAssistant test for existing oat file /data/user_de/0/com.google.android.gms/app_chimera/m/00000008/dl-Antifingerprinting.optional_242335100000.dm: I/O error
09-19 12:42:27.474  3645  3785 I artd    : GetBestInfo no usable artifacts
09-19 12:42:27.474  3645  3785 I artd    : Dex parent of /data/user_de/0/com.google.android.gms/app_chimera/m/00000002/DynamiteLoader.uncompressed.apk is not writable: No such file or directory
09-19 12:42:27.474  3645  3785 I artd    : GetBestInfo checking odex in dalvik-cache (/data/dalvik-cache/x86_64/data@user_de@0@com.google.android.gms@app_chimera@m@00000002@DynamiteLoader.uncompressed.apk@classes.dex)
09-19 12:42:27.474  3645  3785 I artd    : Loading /data/dalvik-cache/x86_64/data@user_de@0@com.google.android.gms@app_chimera@m@00000002@DynamiteLoader.uncompressed.apk@classes.dex with executable: 0
09-19 12:42:27.474  3645  3785 I artd    : OatFileAssistant test for existing oat file /data/dalvik-cache/x86_64/data@user_de@0@com.google.android.gms@app_chimera@m@00000002@DynamiteLoader.uncompressed.apk@classes.dex: File /data/dalvik-cache/x86_64/data@user_de@0@com.google.android.gms@app_chimera@m@00000002@DynamiteLoader.uncompressed.apk@classes.vdex does not exist.
09-19 12:42:27.474  3645  3785 I artd    : GetBestInfo checking odex next to the dex file (/data/user_de/0/com.google.android.gms/app_chimera/m/00000002/oat/x86_64/DynamiteLoader.uncompressed.odex)
09-19 12:42:27.474  3645  3785 I artd    : Loading /data/user_de/0/com.google.android.gms/app_chimera/m/00000002/oat/x86_64/DynamiteLoader.uncompressed.odex with executable: 0
09-19 12:42:27.474  3645  3785 I artd    : OatFileAssistant test for existing oat file /data/user_de/0/com.google.android.gms/app_chimera/m/00000002/oat/x86_64/DynamiteLoader.uncompressed.odex: File /data/user_de/0/com.google.android.gms/app_chimera/m/00000002/oat/x86_64/DynamiteLoader.uncompressed.vdex does not exist.
09-19 12:42:27.474  3645  3785 I artd    : GetBestInfo checking vdex in dalvik-cache (/data/dalvik-cache/x86_64/data@user_de@0@com.google.android.gms@app_chimera@m@00000002@DynamiteLoader.uncompressed.apk@classes.vdex)
09-19 12:42:27.474  3645  3785 I artd    : unable to open vdex file /data/dalvik-cache/x86_64/data@user_de@0@com.google.android.gms@app_chimera@m@00000002@DynamiteLoader.uncompressed.apk@classes.vdex: File /data/dalvik-cache/x86_64/data@user_de@0@com.google.android.gms@app_chimera@m@00000002@DynamiteLoader.uncompressed.apk@classes.vdex does not exist.
09-19 12:42:27.474  3645  3785 I artd    : OatFileAssistant test for existing oat file /data/dalvik-cache/x86_64/data@user_de@0@com.google.android.gms@app_chimera@m@00000002@DynamiteLoader.uncompressed.apk@classes.vdex: File /data/dalvik-cache/x86_64/data@user_de@0@com.google.android.gms@app_chimera@m@00000002@DynamiteLoader.uncompressed.apk@classes.vdex does not exist.
09-19 12:42:27.474  3645  3785 I artd    : GetBestInfo checking vdex next to the dex file (/data/user_de/0/com.google.android.gms/app_chimera/m/00000002/oat/x86_64/DynamiteLoader.uncompressed.vdex)
09-19 12:42:27.474  3645  3785 I artd    : unable to open vdex file /data/user_de/0/com.google.android.gms/app_chimera/m/00000002/oat/x86_64/DynamiteLoader.uncompressed.vdex: File /data/user_de/0/com.google.android.gms/app_chimera/m/00000002/oat/x86_64/DynamiteLoader.uncompressed.vdex does not exist.
09-19 12:42:27.474  3645  3785 I artd    : OatFileAssistant test for existing oat file /data/user_de/0/com.google.android.gms/app_chimera/m/00000002/oat/x86_64/DynamiteLoader.uncompressed.vdex: File /data/user_de/0/com.google.android.gms/app_chimera/m/00000002/oat/x86_64/DynamiteLoader.uncompressed.vdex does not exist.
09-19 12:42:27.474  3645  3785 I artd    : GetBestInfo checking dm (/data/user_de/0/com.google.android.gms/app_chimera/m/00000002/DynamiteLoader.uncompressed.dm)
09-19 12:42:27.474  3645  3785 W ziparchive: Unable to open '/data/user_de/0/com.google.android.gms/app_chimera/m/00000002/DynamiteLoader.uncompressed.dm': No such file or directory
09-19 12:42:27.474  3645  3785 I artd    : OatFileAssistant test for existing oat file /data/user_de/0/com.google.android.gms/app_chimera/m/00000002/DynamiteLoader.uncompressed.dm: I/O error
09-19 12:42:27.474  3645  3785 I artd    : GetBestInfo checking dm (/data/user_de/0/com.google.android.gms/app_chimera/m/00000002/DynamiteLoader.uncompressed.dm)
09-19 12:42:27.474  3645  3785 W ziparchive: Unable to open '/data/user_de/0/com.google.android.gms/app_chimera/m/00000002/DynamiteLoader.uncompressed.dm': No such file or directory
09-19 12:42:27.474  3645  3785 I artd    : OatFileAssistant test for existing oat file /data/user_de/0/com.google.android.gms/app_chimera/m/00000002/DynamiteLoader.uncompressed.dm: I/O error
09-19 12:42:27.474  3645  3785 I artd    : GetBestInfo no usable artifacts
09-19 12:42:27.475  3645  3785 I artd    : Dex parent of /data/user/0/com.google.android.gms/app_dg_cache/DCEBE3EAA4E63BFB7BC928E6324958EDFA937918/the.apk is not writable: Permission denied
09-19 12:42:27.475  3645  3785 I artd    : GetBestInfo checking odex in dalvik-cache (/data/dalvik-cache/x86_64/data@user@0@com.google.android.gms@app_dg_cache@DCEBE3EAA4E63BFB7BC928E6324958EDFA937918@the.apk@classes.dex)
09-19 12:42:27.475  3645  3785 I artd    : Loading /data/dalvik-cache/x86_64/data@user@0@com.google.android.gms@app_dg_cache@DCEBE3EAA4E63BFB7BC928E6324958EDFA937918@the.apk@classes.dex with executable: 0
09-19 12:42:27.475  3645  3785 I artd    : OatFileAssistant test for existing oat file /data/dalvik-cache/x86_64/data@user@0@com.google.android.gms@app_dg_cache@DCEBE3EAA4E63BFB7BC928E6324958EDFA937918@the.apk@classes.dex: File /data/dalvik-cache/x86_64/data@user@0@com.google.android.gms@app_dg_cache@DCEBE3EAA4E63BFB7BC928E6324958EDFA937918@the.apk@classes.vdex does not exist.
09-19 12:42:27.475  3645  3785 I artd    : GetBestInfo checking odex next to the dex file (/data/user/0/com.google.android.gms/app_dg_cache/DCEBE3EAA4E63BFB7BC928E6324958EDFA937918/oat/x86_64/the.odex)
09-19 12:42:27.475  3645  3785 I artd    : Loading /data/user/0/com.google.android.gms/app_dg_cache/DCEBE3EAA4E63BFB7BC928E6324958EDFA937918/oat/x86_64/the.odex with executable: 0
09-19 12:42:27.475  3645  3785 I artd    : OatFileAssistant test for existing oat file /data/user/0/com.google.android.gms/app_dg_cache/DCEBE3EAA4E63BFB7BC928E6324958EDFA937918/oat/x86_64/the.odex: Failed to open oat filename for reading: No such file or directory
09-19 12:42:27.475  3645  3785 I artd    : GetBestInfo checking vdex in dalvik-cache (/data/dalvik-cache/x86_64/data@user@0@com.google.android.gms@app_dg_cache@DCEBE3EAA4E63BFB7BC928E6324958EDFA937918@the.apk@classes.vdex)
09-19 12:42:27.475  3645  3785 I artd    : unable to open vdex file /data/dalvik-cache/x86_64/data@user@0@com.google.android.gms@app_dg_cache@DCEBE3EAA4E63BFB7BC928E6324958EDFA937918@the.apk@classes.vdex: File /data/dalvik-cache/x86_64/data@user@0@com.google.android.gms@app_dg_cache@DCEBE3EAA4E63BFB7BC928E6324958EDFA937918@the.apk@classes.vdex does not exist.
09-19 12:42:27.475  3645  3785 I artd    : OatFileAssistant test for existing oat file /data/dalvik-cache/x86_64/data@user@0@com.google.android.gms@app_dg_cache@DCEBE3EAA4E63BFB7BC928E6324958EDFA937918@the.apk@classes.vdex: File /data/dalvik-cache/x86_64/data@user@0@com.google.android.gms@app_dg_cache@DCEBE3EAA4E63BFB7BC928E6324958EDFA937918@the.apk@classes.vdex does not exist.
09-19 12:42:27.475  3645  3785 I artd    : GetBestInfo checking vdex next to the dex file (/data/user/0/com.google.android.gms/app_dg_cache/DCEBE3EAA4E63BFB7BC928E6324958EDFA937918/oat/x86_64/the.vdex)
09-19 12:42:27.476  3645  3785 I artd    : Successfully loaded /data/user/0/com.google.android.gms/app_dg_cache/DCEBE3EAA4E63BFB7BC928E6324958EDFA937918/oat/x86_64/the.vdex with executable: 0
09-19 12:42:27.476  3645  3785 I artd    : Image checksum test skipped for vdex file /data/user/0/com.google.android.gms/app_dg_cache/DCEBE3EAA4E63BFB7BC928E6324958EDFA937918/oat/x86_64/the.vdex
09-19 12:42:27.476  3645  3785 I artd    : /data/user/0/com.google.android.gms/app_dg_cache/DCEBE3EAA4E63BFB7BC928E6324958EDFA937918/oat/x86_64/the.vdex is kOatUpToDate with filter verify
09-19 12:42:27.477  3645  3645 I artd    : Dex parent of /data/user_de/0/com.google.android.gms/app_chimera/m/00000010/dl-Antifingerprinting.optional_243433100000.apk is not writable: Permission denied
09-19 12:42:27.477  3645  3645 I artd    : GetBestInfo checking odex in dalvik-cache (/data/dalvik-cache/x86_64/data@user_de@0@com.google.android.gms@app_chimera@m@00000010@dl-Antifingerprinting.optional_243433100000.apk@classes.dex)
09-19 12:42:27.477  3645  3645 I artd    : Loading /data/dalvik-cache/x86_64/data@user_de@0@com.google.android.gms@app_chimera@m@00000010@dl-Antifingerprinting.optional_243433100000.apk@classes.dex with executable: 0
09-19 12:42:27.477  3645  3645 I artd    : OatFileAssistant test for existing oat file /data/dalvik-cache/x86_64/data@user_de@0@com.google.android.gms@app_chimera@m@00000010@dl-Antifingerprinting.optional_243433100000.apk@classes.dex: File /data/dalvik-cache/x86_64/data@user_de@0@com.google.android.gms@app_chimera@m@00000010@dl-Antifingerprinting.optional_243433100000.apk@classes.vdex does not exist.
09-19 12:42:27.477  3645  3645 I artd    : GetBestInfo checking odex next to the dex file (/data/user_de/0/com.google.android.gms/app_chimera/m/00000010/oat/x86_64/dl-Antifingerprinting.optional_243433100000.odex)
09-19 12:42:27.477  3645  3645 I artd    : Loading /data/user_de/0/com.google.android.gms/app_chimera/m/00000010/oat/x86_64/dl-Antifingerprinting.optional_243433100000.odex with executable: 0
09-19 12:42:27.477  3645  3645 I artd    : OatFileAssistant test for existing oat file /data/user_de/0/com.google.android.gms/app_chimera/m/00000010/oat/x86_64/dl-Antifingerprinting.optional_243433100000.odex: File /data/user_de/0/com.google.android.gms/app_chimera/m/00000010/oat/x86_64/dl-Antifingerprinting.optional_243433100000.vdex does not exist.
09-19 12:42:27.477  3645  3645 I artd    : GetBestInfo checking vdex in dalvik-cache (/data/dalvik-cache/x86_64/data@user_de@0@com.google.android.gms@app_chimera@m@00000010@dl-Antifingerprinting.optional_243433100000.apk@classes.vdex)
09-19 12:42:27.477  3645  3645 I artd    : unable to open vdex file /data/dalvik-cache/x86_64/data@user_de@0@com.google.android.gms@app_chimera@m@00000010@dl-Antifingerprinting.optional_243433100000.apk@classes.vdex: File /data/dalvik-cache/x86_64/data@user_de@0@com.google.android.gms@app_chimera@m@00000010@dl-Antifingerprinting.optional_243433100000.apk@classes.vdex does not exist.
09-19 12:42:27.477  3645  3645 I artd    : OatFileAssistant test for existing oat file /data/dalvik-cache/x86_64/data@user_de@0@com.google.android.gms@app_chimera@m@00000010@dl-Antifingerprinting.optional_243433100000.apk@classes.vdex: File /data/dalvik-cache/x86_64/data@user_de@0@com.google.android.gms@app_chimera@m@00000010@dl-Antifingerprinting.optional_243433100000.apk@classes.vdex does not exist.
09-19 12:42:27.477  3645  3645 I artd    : GetBestInfo checking vdex next to the dex file (/data/user_de/0/com.google.android.gms/app_chimera/m/00000010/oat/x86_64/dl-Antifingerprinting.optional_243433100000.vdex)
09-19 12:42:27.477  3645  3645 I artd    : unable to open vdex file /data/user_de/0/com.google.android.gms/app_chimera/m/00000010/oat/x86_64/dl-Antifingerprinting.optional_243433100000.vdex: File /data/user_de/0/com.google.android.gms/app_chimera/m/00000010/oat/x86_64/dl-Antifingerprinting.optional_243433100000.vdex does not exist.
09-19 12:42:27.477  3645  3645 I artd    : OatFileAssistant test for existing oat file /data/user_de/0/com.google.android.gms/app_chimera/m/00000010/oat/x86_64/dl-Antifingerprinting.optional_243433100000.vdex: File /data/user_de/0/com.google.android.gms/app_chimera/m/00000010/oat/x86_64/dl-Antifingerprinting.optional_243433100000.vdex does not exist.
09-19 12:42:27.477  3645  3645 I artd    : GetBestInfo checking dm (/data/user_de/0/com.google.android.gms/app_chimera/m/00000010/dl-Antifingerprinting.optional_243433100000.dm)
09-19 12:42:27.478  3645  3645 W ziparchive: Unable to open '/data/user_de/0/com.google.android.gms/app_chimera/m/00000010/dl-Antifingerprinting.optional_243433100000.dm': No such file or directory
09-19 12:42:27.478  3645  3645 I artd    : OatFileAssistant test for existing oat file /data/user_de/0/com.google.android.gms/app_chimera/m/00000010/dl-Antifingerprinting.optional_243433100000.dm: I/O error
09-19 12:42:27.478  3645  3645 I artd    : GetBestInfo checking dm (/data/user_de/0/com.google.android.gms/app_chimera/m/00000010/dl-Antifingerprinting.optional_243433100000.dm)
09-19 12:42:27.478  3645  3645 W ziparchive: Unable to open '/data/user_de/0/com.google.android.gms/app_chimera/m/00000010/dl-Antifingerprinting.optional_243433100000.dm': No such file or directory
09-19 12:42:27.478  3645  3645 I artd    : OatFileAssistant test for existing oat file /data/user_de/0/com.google.android.gms/app_chimera/m/00000010/dl-Antifingerprinting.optional_243433100000.dm: I/O error
09-19 12:42:27.478  3645  3645 I artd    : GetBestInfo no usable artifacts
09-19 12:42:27.478  3645  3645 I artd    : Dex parent of /data/user_de/0/com.google.android.gms/app_chimera/m/00000005/GoogleCertificates.apk is not writable: No such file or directory
09-19 12:42:27.478  3645  3645 I artd    : GetBestInfo checking odex in dalvik-cache (/data/dalvik-cache/x86_64/data@user_de@0@com.google.android.gms@app_chimera@m@00000005@GoogleCertificates.apk@classes.dex)
09-19 12:42:27.478  3645  3645 I artd    : Loading /data/dalvik-cache/x86_64/data@user_de@0@com.google.android.gms@app_chimera@m@00000005@GoogleCertificates.apk@classes.dex with executable: 0
09-19 12:42:27.478  3645  3645 I artd    : OatFileAssistant test for existing oat file /data/dalvik-cache/x86_64/data@user_de@0@com.google.android.gms@app_chimera@m@00000005@GoogleCertificates.apk@classes.dex: File /data/dalvik-cache/x86_64/data@user_de@0@com.google.android.gms@app_chimera@m@00000005@GoogleCertificates.apk@classes.vdex does not exist.
09-19 12:42:27.478  3645  3645 I artd    : GetBestInfo checking odex next to the dex file (/data/user_de/0/com.google.android.gms/app_chimera/m/00000005/oat/x86_64/GoogleCertificates.odex)
09-19 12:42:27.478  3645  3645 I artd    : Loading /data/user_de/0/com.google.android.gms/app_chimera/m/00000005/oat/x86_64/GoogleCertificates.odex with executable: 0
09-19 12:42:27.478  3645  3645 I artd    : OatFileAssistant test for existing oat file /data/user_de/0/com.google.android.gms/app_chimera/m/00000005/oat/x86_64/GoogleCertificates.odex: File /data/user_de/0/com.google.android.gms/app_chimera/m/00000005/oat/x86_64/GoogleCertificates.vdex does not exist.
09-19 12:42:27.478  3645  3645 I artd    : GetBestInfo checking vdex in dalvik-cache (/data/dalvik-cache/x86_64/data@user_de@0@com.google.android.gms@app_chimera@m@00000005@GoogleCertificates.apk@classes.vdex)
09-19 12:42:27.478  3645  3645 I artd    : unable to open vdex file /data/dalvik-cache/x86_64/data@user_de@0@com.google.android.gms@app_chimera@m@00000005@GoogleCertificates.apk@classes.vdex: File /data/dalvik-cache/x86_64/data@user_de@0@com.google.android.gms@app_chimera@m@00000005@GoogleCertificates.apk@classes.vdex does not exist.
09-19 12:42:27.478  3645  3645 I artd    : OatFileAssistant test for existing oat file /data/dalvik-cache/x86_64/data@user_de@0@com.google.android.gms@app_chimera@m@00000005@GoogleCertificates.apk@classes.vdex: File /data/dalvik-cache/x86_64/data@user_de@0@com.google.android.gms@app_chimera@m@00000005@GoogleCertificates.apk@classes.vdex does not exist.
09-19 12:42:27.478  3645  3645 I artd    : GetBestInfo checking vdex next to the dex file (/data/user_de/0/com.google.android.gms/app_chimera/m/00000005/oat/x86_64/GoogleCertificates.vdex)
09-19 12:42:27.478  3645  3645 I artd    : unable to open vdex file /data/user_de/0/com.google.android.gms/app_chimera/m/00000005/oat/x86_64/GoogleCertificates.vdex: File /data/user_de/0/com.google.android.gms/app_chimera/m/00000005/oat/x86_64/GoogleCertificates.vdex does not exist.
09-19 12:42:27.478  3645  3645 I artd    : OatFileAssistant test for existing oat file /data/user_de/0/com.google.android.gms/app_chimera/m/00000005/oat/x86_64/GoogleCertificates.vdex: File /data/user_de/0/com.google.android.gms/app_chimera/m/00000005/oat/x86_64/GoogleCertificates.vdex does not exist.
09-19 12:42:27.478  3645  3645 I artd    : GetBestInfo checking dm (/data/user_de/0/com.google.android.gms/app_chimera/m/00000005/GoogleCertificates.dm)
09-19 12:42:27.478  3645  3645 W ziparchive: Unable to open '/data/user_de/0/com.google.android.gms/app_chimera/m/00000005/GoogleCertificates.dm': No such file or directory
09-19 12:42:27.478  3645  3645 I artd    : OatFileAssistant test for existing oat file /data/user_de/0/com.google.android.gms/app_chimera/m/00000005/GoogleCertificates.dm: I/O error
09-19 12:42:27.478  3645  3645 I artd    : GetBestInfo checking dm (/data/user_de/0/com.google.android.gms/app_chimera/m/00000005/GoogleCertificates.dm)
09-19 12:42:27.478  3645  3645 W ziparchive: Unable to open '/data/user_de/0/com.google.android.gms/app_chimera/m/00000005/GoogleCertificates.dm': No such file or directory
09-19 12:42:27.478  3645  3645 I artd    : OatFileAssistant test for existing oat file /data/user_de/0/com.google.android.gms/app_chimera/m/00000005/GoogleCertificates.dm: I/O error
09-19 12:42:27.478  3645  3645 I artd    : GetBestInfo no usable artifacts
09-19 12:42:27.479  3645  3645 I artd    : Dex parent of /data/user_de/0/com.google.android.gms/app_chimera/m/00000014/dl-PlayCloudSearch.optional_243433100000.apk is not writable: Permission denied
09-19 12:42:27.479  3645  3645 I artd    : GetBestInfo checking odex in dalvik-cache (/data/dalvik-cache/x86_64/data@user_de@0@com.google.android.gms@app_chimera@m@00000014@dl-PlayCloudSearch.optional_243433100000.apk@classes.dex)
09-19 12:42:27.480  3645  3645 I artd    : Loading /data/dalvik-cache/x86_64/data@user_de@0@com.google.android.gms@app_chimera@m@00000014@dl-PlayCloudSearch.optional_243433100000.apk@classes.dex with executable: 0
09-19 12:42:27.480  3645  3645 I artd    : OatFileAssistant test for existing oat file /data/dalvik-cache/x86_64/data@user_de@0@com.google.android.gms@app_chimera@m@00000014@dl-PlayCloudSearch.optional_243433100000.apk@classes.dex: File /data/dalvik-cache/x86_64/data@user_de@0@com.google.android.gms@app_chimera@m@00000014@dl-PlayCloudSearch.optional_243433100000.apk@classes.vdex does not exist.
09-19 12:42:27.480  3645  3645 I artd    : GetBestInfo checking odex next to the dex file (/data/user_de/0/com.google.android.gms/app_chimera/m/00000014/oat/x86_64/dl-PlayCloudSearch.optional_243433100000.odex)
09-19 12:42:27.480  3645  3645 I artd    : Loading /data/user_de/0/com.google.android.gms/app_chimera/m/00000014/oat/x86_64/dl-PlayCloudSearch.optional_243433100000.odex with executable: 0
09-19 12:42:27.480  3645  3645 I artd    : OatFileAssistant test for existing oat file /data/user_de/0/com.google.android.gms/app_chimera/m/00000014/oat/x86_64/dl-PlayCloudSearch.optional_243433100000.odex: File /data/user_de/0/com.google.android.gms/app_chimera/m/00000014/oat/x86_64/dl-PlayCloudSearch.optional_243433100000.vdex does not exist.
09-19 12:42:27.480  3645  3645 I artd    : GetBestInfo checking vdex in dalvik-cache (/data/dalvik-cache/x86_64/data@user_de@0@com.google.android.gms@app_chimera@m@00000014@dl-PlayCloudSearch.optional_243433100000.apk@classes.vdex)
09-19 12:42:27.480  3645  3645 I artd    : unable to open vdex file /data/dalvik-cache/x86_64/data@user_de@0@com.google.android.gms@app_chimera@m@00000014@dl-PlayCloudSearch.optional_243433100000.apk@classes.vdex: File /data/dalvik-cache/x86_64/data@user_de@0@com.google.android.gms@app_chimera@m@00000014@dl-PlayCloudSearch.optional_243433100000.apk@classes.vdex does not exist.
