--------- beginning of main
09-19 12:42:13.148 14291 14291 I org.libsdl.app: Using CollectorTypeCMC GC.
09-19 12:42:13.149 14291 14291 W org.libsdl.app: Unexpected CPU variant for x86: x86_64.
09-19 12:42:13.149 14291 14291 W org.libsdl.app: Known variants: atom, sandybridge, silvermont, goldmont, goldmont-plus, goldmont-without-sha-xsaves, tremont, kabylake, default
09-19 12:42:13.158 14291 14291 D nativeloader: Load libframework-connectivity-tiramisu-jni.so using APEX ns com_android_tethering for caller /apex/com.android.tethering/javalib/framework-connectivity-t.jar: ok
--------- beginning of system
09-19 12:42:13.182   587   795 D ShortcutService: Saving package item com.google.android.apps.docs to /data/system_ce/0/shortcut_service/packages/com.google.android.apps.docs.xml
09-19 12:42:13.235   587   616 W Looper  : Slow dispatch took 219ms android.ui h=android.os.Handler c=android.database.ContentObserver$$ExternalSyntheticLambda1@149b752 m=0
09-19 12:42:13.237   587   616 W Looper  : Slow delivery took 225ms android.ui h=com.android.server.am.ActivityManagerService$UiHandler c=com.android.server.am.UidObserverController$$ExternalSyntheticLambda0@1dbf83e m=0
09-19 12:42:13.237   587   616 W Looper  : Drained
09-19 12:42:13.237   587   616 D DisplayManagerService: Drop pending events for gone uid 10133
09-19 12:42:13.254 13935 14072 I Finsky  : [90] arvp.g(9): Sending Heterodyne sync request for package com.android.vending
09-19 12:42:13.266 14291 14291 D CompatChangeReporter: Compat change id reported: 242716250; UID 10249; state: ENABLED
09-19 12:42:13.276 14291 14291 W ziparchive: Unable to open '/data/app/~~H2zIvnhQYarQE6GDBfjJLQ==/org.libsdl.app-PTOZtz4DEUqumAxFQO4jEg==/base.dm': No such file or directory
09-19 12:42:13.276 14291 14291 W ziparchive: Unable to open '/data/app/~~H2zIvnhQYarQE6GDBfjJLQ==/org.libsdl.app-PTOZtz4DEUqumAxFQO4jEg==/base.dm': No such file or directory
09-19 12:42:13.279 14291 14291 D nativeloader: Configuring clns-7 for other apk /data/app/~~H2zIvnhQYarQE6GDBfjJLQ==/org.libsdl.app-PTOZtz4DEUqumAxFQO4jEg==/base.apk. target_sdk_version=34, uses_libraries=, library_path=/data/app/~~H2zIvnhQYarQE6GDBfjJLQ==/org.libsdl.app-PTOZtz4DEUqumAxFQO4jEg==/lib/x86_64:/data/app/~~H2zIvnhQYarQE6GDBfjJLQ==/org.libsdl.app-PTOZtz4DEUqumAxFQO4jEg==/base.apk!/lib/x86_64, permitted_path=/data:/mnt/expand:/data/user/0/org.libsdl.app
09-19 12:42:13.297   587  1581 D CoreBackPreview: Window{851a1a2 u0 Splash Screen org.libsdl.app}: Setting back callback OnBackInvokedCallbackInfo{mCallback=android.window.IOnBackInvokedCallback$Stub$Proxy@85c557f, mPriority=0, mIsAnimationCallback=false}
09-19 12:42:13.310 13935 14072 D TrafficStats: tagSocket(161) with statsTag=0xffffffff, statsUid=-1
09-19 12:42:13.348 14291 14291 V GraphicsEnvironment: Currently set values for:
09-19 12:42:13.348 14291 14291 V GraphicsEnvironment:   angle_gl_driver_selection_pkgs=[]
09-19 12:42:13.348 14291 14291 V GraphicsEnvironment:   angle_gl_driver_selection_values=[]
09-19 12:42:13.348 14291 14291 V GraphicsEnvironment: Global.Settings values are invalid: number of packages: 0, number of values: 0
09-19 12:42:13.348 13935 14072 I RequestAddCookies: Cookie store not available in HTTP context
09-19 12:42:13.348 14291 14291 V GraphicsEnvironment: Neither updatable production driver nor prerelease driver is supported.
09-19 12:42:13.387  1086  1601 D EGL_emulation: app_time_stats: avg=495.40ms min=5.43ms max=11044.82ms count=23
09-19 12:42:13.389   587  4270 W OptProp : Cannot read opt property android.window.PROPERTY_COMPAT_ENABLE_FAKE_FOCUS
09-19 12:42:13.394 13935 14072 I ResponseProcessCookies: Cookie store not available in HTTP context
09-19 12:42:13.405   587   685 D IntervalStats: Unable to parse usage stats packages: [228, 229, 230, 232, 233, 236, 237, 238]
09-19 12:42:13.405   587   685 D IntervalStats: Unable to parse event packages: [238]
09-19 12:42:13.425 14291 14291 V SDL     : Device: emu64xa
09-19 12:42:13.425 14291 14291 V SDL     : Model: sdk_gphone64_x86_64
09-19 12:42:13.425 14291 14291 V SDL     : onCreate()
09-19 12:42:13.445 13935 14072 I TrafficStats: untagSocket(161)
09-19 12:42:13.453 13935 14072 I Finsky  : [90] ttd.e(11): Received Heterodyne sync response. StatusCode=200
09-19 12:42:13.589  1026  1026 W SystemServiceRegistry: No service published for: persistent_data_block
09-19 12:42:13.594  1026  1037 I FontLog : (REDACTED) Fetch %s end status %s
09-19 12:42:13.616   587   630 D ShortcutService: Getting shortcuts for launcher= com.google.android.asuser=0 pkg=com.google.android.apps.docs
09-19 12:42:13.618  1352  2536 I AiAiEcho: Settings changed for uri: content://settings/secure/device_state_rotation_lock
09-19 12:42:13.618  1352  1474 I AiAiEcho: Predicting[0]:  [CONTEXT sampling_count=5 ]
09-19 12:42:13.618  1352  1474 I AiAiEcho: EchoTargets: 
09-19 12:42:13.618  1352  1474 I AiAiEcho: Filtered by AiAi flag check: 
09-19 12:42:13.618  1352  1474 I AiAiEcho: [CONTEXT ratelimit_period="10 SECONDS" ]
09-19 12:42:13.621  1352  1474 I AiAiEcho: Ranked targets strategy: SORT, count: 0, ranking metadata:  [CONTEXT ratelimit_period="10 SECONDS" ]
09-19 12:42:13.621  1352  1474 I AiAiEcho: #remoteViewsTwiddler: feature disabled.
09-19 12:42:13.621  1352  1474 I AiAiEcho: Predicting[0]:  [CONTEXT sampling_count=5 ]
09-19 12:42:13.621  1352  1474 I AiAiEcho: EchoTargets: 
09-19 12:42:13.621  1352  1474 I AiAiEcho: Filtered by AiAi flag check: 
09-19 12:42:13.621  1352  1474 I AiAiEcho: [CONTEXT ratelimit_period="10 SECONDS" ]
09-19 12:42:13.621  1352  1474 I AiAiEcho: Ranked targets strategy: SORT, count: 0, ranking metadata:  [CONTEXT ratelimit_period="10 SECONDS" ]
09-19 12:42:13.621  1352  1474 I AiAiEcho: #remoteViewsTwiddler: feature disabled.
09-19 12:42:13.621  1352  1474 I AiAiEcho: Predicting[0]:  [CONTEXT sampling_count=5 ]
09-19 12:42:13.621  1352  1474 I AiAiEcho: EchoTargets: 
09-19 12:42:13.621  1352  1474 I AiAiEcho: Filtered by AiAi flag check: 
09-19 12:42:13.621  1352  1474 I AiAiEcho: [CONTEXT ratelimit_period="10 SECONDS" ]
09-19 12:42:13.621  1352  1474 I AiAiEcho: Ranked targets strategy: SORT, count: 0, ranking metadata:  [CONTEXT ratelimit_period="10 SECONDS" ]
09-19 12:42:13.622  1352  1474 I AiAiEcho: #remoteViewsTwiddler: feature disabled.
09-19 12:42:13.622  1352  1474 I AiAiEcho: #postPredictionTargets: Sending updates to UISurface media_data_manager with targets# 0 (types=[])
09-19 12:42:13.623  1352  1474 I AiAiEcho: #postPredictionTargets: Sending updates to UISurface lockscreen with targets# 0 (types=[])
09-19 12:42:13.623  1352  1474 I AiAiEcho: #postPredictionTargets: Sending updates to UISurface home with targets# 0 (types=[])
09-19 12:42:13.625   841   841 W PageIndicator: Total number of pages invalid: 0. Assuming 1 page.
09-19 12:42:13.628   841   841 D SsMediaDataProvider: Forwarding Smartspace updates []
09-19 12:42:13.641   587   615 V WindowManager: Sent Transition (#80) createdAt=09-19 12:42:12.414 via request=TransitionRequestInfo { type = OPEN, triggerTask = TaskInfo{userId=0 taskId=57 displayId=0 isRunning=true baseIntent=Intent { act=android.intent.action.MAIN cat=[android.intent.category.LAUNCHER] flg=0x10200000 cmp=org.libsdl.app/.SDLActivity } baseActivity=ComponentInfo{org.libsdl.app/org.libsdl.app.SDLActivity} topActivity=ComponentInfo{org.libsdl.app/org.libsdl.app.SDLActivity} origActivity=null realActivity=ComponentInfo{org.libsdl.app/org.libsdl.app.SDLActivity} numActivities=1 lastActiveTime=7135516 supportsMultiWindow=true resizeMode=1 isResizeable=true minWidth=-1 minHeight=-1 defaultMinSize=220 token=WCT{RemoteToken{4e80605 Task{55fbc41 #57 type=standard A=10249:org.libsdl.app}}} topActivityType=1 pictureInPictureParams=null shouldDockBigOverlays=false launchIntoPipHostTaskId=-1 lastParentTaskIdBeforePip=-1 displayCutoutSafeInsets=null topActivityInfo=ActivityInfo{57e465a org.libsdl.app.SDLActivity} launchCookies=[] positionInParent=Point(0, 0) parentTaskId=-1 isFocused=false isVisible=false isVisibleRequested=false isSleeping=false locusId=null displayAreaFeatureId=1 isTopActivityTransparent=false appCompatTaskInfo=AppCompatTaskInfo { topActivityInSizeCompat=false topActivityEligibleForLetterboxEducation= falseisLetterboxEducationEnabled= true isLetterboxDoubleTapEnabled= false topActivityEligibleForUserAspectRatioButton= false topActivityBoundsLetterboxed= false isFromLetterboxDoubleTap= false topActivityLetterboxVerticalPosition= -1 topActivityLetterboxHorizontalPosition= -1 topActivityLetterboxWidth=1080 topActivityLetterboxHeight=2400 isUserFullscreenOverrideEnabled=false isSystemFullscreenOverrideEnabled=false cameraCompatTaskInfo=CameraCompatTaskInfo { cameraCompatControlState=hidden freeformCameraCompatMode=inactive}}}, pipTask = null, remoteTransition = null, displayChange = null, flags = 0, debugId = 80 }
09-19 12:42:13.641   587   615 V WindowManager:     startWCT=WindowContainerTransaction { changes = {} hops = [] errorCallbackToken=null taskFragmentOrganizer=null }
09-19 12:42:13.641   587   615 V WindowManager:     info={id=80 t=OPEN f=0x0 trk=0 r=[0@Point(0, 0)] c=[
09-19 12:42:13.641   587   615 V WindowManager:         {WCT{RemoteToken{4e80605 Task{55fbc41 #57 type=standard A=10249:org.libsdl.app}}} m=OPEN f=NONE leash=Surface(name=Task=57)/@0x67b9c6f sb=Rect(0, 0 - 1080, 2400) eb=Rect(0, 0 - 1080, 2400) d=0 taskParent=-1},
09-19 12:42:13.641   587   615 V WindowManager:         {WCT{RemoteToken{e4c4bef Task{685db1f #1 type=home}}} m=TO_BACK f=SHOW_WALLPAPER leash=Surface(name=Task=1)/@0x91f7f64 sb=Rect(0, 0 - 1080, 2400) eb=Rect(0, 0 - 1080, 2400) d=0 taskParent=-1}
09-19 12:42:13.641   587   615 V WindowManager:     ]}
09-19 12:42:13.646   841   991 V WindowManagerShell: onTransitionReady(transaction=2521145805979)
09-19 12:42:13.646   587  4270 W UserManagerService: Requested status bar icon for non-badged user 0
09-19 12:42:13.696   841   891 V WindowManagerShell: onTransitionReady (#80) android.os.BinderProxy@99aa301: {id=80 t=OPEN f=0x0 trk=0 r=[0@Point(0, 0)] c=[{WCT{android.window.IWindowContainerToken$Stub$Proxy@5f47b63} m=OPEN f=NONE leash=Surface(name=Task=57)/@0x1a7fbf4 sb=Rect(0, 0 - 1080, 2400) eb=Rect(0, 0 - 1080, 2400) d=0 taskParent=-1},{WCT{android.window.IWindowContainerToken$Stub$Proxy@842e360} m=TO_BACK f=SHOW_WALLPAPER leash=Surface(name=Task=1)/@0x602cf1d sb=Rect(0, 0 - 1080, 2400) eb=Rect(0, 0 - 1080, 2400) d=0 taskParent=-1}]}
09-19 12:42:13.697   841   891 V WindowManagerShell: Playing animation for (#80) android.os.BinderProxy@99aa301@0
09-19 12:42:13.697   841   891 V WindowManagerShell:  try handler com.android.wm.shell.transition.DefaultMixedHandler@bfd0077
09-19 12:42:13.697   841   891 V WindowManagerShell:  try handler com.android.wm.shell.keyguard.KeyguardTransitionHandler@3e7a4e4
09-19 12:42:13.697   841   891 V WindowManagerShell:  try handler com.android.wm.shell.pip.PipTransition@a36dd4d
09-19 12:42:13.697   841   891 V WindowManagerShell:  try handler com.android.wm.shell.activityembedding.ActivityEmbeddingController@757e002
09-19 12:42:13.697   841   891 V WindowManagerShell:  try handler com.android.wm.shell.recents.RecentsTransitionHandler@a372d13
09-19 12:42:13.698   841   891 V ShellRecents: RecentsTransitionHandler.startAnimation: no controller found
09-19 12:42:13.698   841   891 V WindowManagerShell:  try handler com.android.wm.shell.splitscreen.StageCoordinator@8ec2b50
09-19 12:42:13.698   841   891 V WindowManagerShell:  try handler com.android.wm.shell.transition.RemoteTransitionHandler@1a10149
09-19 12:42:13.698   841   891 V WindowManagerShell: Transition doesn't have explicit remote, search filters for match for {id=80 t=OPEN f=0x0 trk=0 r=[0@Point(0, 0)] c=[{WCT{android.window.IWindowContainerToken$Stub$Proxy@5f47b63} m=OPEN f=NONE leash=Surface(name=Task=57)/@0x1a7fbf4 sb=Rect(0, 0 - 1080, 2400) eb=Rect(0, 0 - 1080, 2400) d=0 taskParent=-1},{WCT{android.window.IWindowContainerToken$Stub$Proxy@842e360} m=TO_BACK f=SHOW_WALLPAPER leash=Surface(name=Task=1)/@0x602cf1d sb=Rect(0, 0 - 1080, 2400) eb=Rect(0, 0 - 1080, 2400) d=0 taskParent=-1}]}
09-19 12:42:13.698   841   891 V WindowManagerShell:  Checking filter Pair{{types=[] flags=0x0] notFlags=0x0 checks=[{atype=undefined independent=true modes=[OPEN,TO_FRONT] flags=IN_TASK_WITH_EMBEDDED_ACTIVITY mustBeTask=false order=ANY topActivity=ComponentInfo{com.google.android.apps.nexuslauncher/com.google.android.apps.nexuslauncher.NexusLauncherActivity} launchCookie=null},{atype=undefined independent=true modes=[CLOSE,TO_BACK] flags=IN_TASK_WITH_EMBEDDED_ACTIVITY mustBeTask=false order=ANY topActivity=null launchCookie=null}]} RemoteTransition { remoteTransition = android.window.IRemoteTransition$Stub$Proxy@b8e6dc7, appThread = android.app.IApplicationThread$Stub$Proxy@18ff4, debugName = OverlaySwipeBack }}
09-19 12:42:13.698   841   891 V WindowManagerShell:  Checking filter Pair{{types=[] flags=0x0] notFlags=0x0 checks=[{atype=dream independent=true modes=[OPEN,TO_FRONT] flags=NONE mustBeTask=false order=ANY topActivity=null launchCookie=null},{atype=home independent=true modes=[CLOSE,TO_BACK] flags=NONE mustBeTask=false order=ANY topActivity=null launchCookie=null}]} RemoteTransition { remoteTransition = android.window.IRemoteTransition$Stub$Proxy@53ed31d, appThread = android.app.IApplicationThread$Stub$Proxy@580e992, debugName = LauncherToDream }}
09-19 12:42:13.699   841   891 V WindowManagerShell:  Checking filter Pair{{types=[] flags=0x0] notFlags=0x100 checks=[{atype=home independent=true modes=[OPEN,TO_FRONT] flags=NONE mustBeTask=false order=TOP topActivity=ComponentInfo{com.google.android.apps.nexuslauncher/com.google.android.apps.nexuslauncher.NexusLauncherActivity} launchCookie=null},{atype=standard independent=true modes=[CLOSE,TO_BACK] flags=NONE mustBeTask=false order=ANY topActivity=null launchCookie=null}]} RemoteTransition { remoteTransition = android.window.IRemoteTransition$Stub$Proxy@7fa1f63, appThread = android.app.IApplicationThread$Stub$Proxy@4a1b760, debugName = QuickstepLaunchHome }}
09-19 12:42:13.699   841   891 V WindowManagerShell:  Delegate animation for (#80) to null
09-19 12:42:13.699   841   891 V WindowManagerShell:  try handler com.android.wm.shell.transition.DefaultTransitionHandler@767fa4e
09-19 12:42:13.699   841   891 V WindowManagerShell: start default transition animation, info = {id=80 t=OPEN f=0x0 trk=0 r=[0@Point(0, 0)] c=[{WCT{android.window.IWindowContainerToken$Stub$Proxy@5f47b63} m=OPEN f=NONE leash=Surface(name=Task=57)/@0x1a7fbf4 sb=Rect(0, 0 - 1080, 2400) eb=Rect(0, 0 - 1080, 2400) d=0 taskParent=-1},{WCT{android.window.IWindowContainerToken$Stub$Proxy@842e360} m=TO_BACK f=SHOW_WALLPAPER leash=Surface(name=Task=1)/@0x602cf1d sb=Rect(0, 0 - 1080, 2400) eb=Rect(0, 0 - 1080, 2400) d=0 taskParent=-1}]}
09-19 12:42:13.700   841   891 V WindowManagerShell: loadAnimation: anim=android.view.animation.AnimationSet@6d318de animAttr=0x13 type=OPEN isEntrance=false
09-19 12:42:13.712   428   491 I adbd    : jdwp connection from 14291
09-19 12:42:13.727   841   891 V WindowManagerShell: loadAnimation: anim=android.view.animation.AnimationSet@badbe78 animAttr=0x12 type=OPEN isEntrance=true
09-19 12:42:13.728   841   891 V WindowManagerShell:  animated by com.android.wm.shell.transition.DefaultTransitionHandler@767fa4e
09-19 12:42:13.753  1086  1601 D EGL_emulation: app_time_stats: avg=5727.92ms min=0.87ms max=108674.58ms count=19
09-19 12:42:13.830   587   630 D ShortcutService: Getting shortcuts for launcher= com.google.android.apps.nexuslauncheruser=0 pkg=com.google.android.apps.docs
09-19 12:42:13.830   587   630 D ShortcutService: Getting shortcuts for launcher= com.android.systemuiuser=0 pkg=com.google.android.apps.docs
09-19 12:42:13.992   587   658 I AppsFilter: interaction: PackageSetting{2e8c722 com.android.microdroid.empty_payload/10184} -> PackageSetting{6c78603 com.google.android.apps.docs/10149} BLOCKED
09-19 12:42:13.992   587   658 I AppsFilter: interaction: PackageSetting{647f634 org.libsdl.app/10249} -> PackageSetting{6c78603 com.google.android.apps.docs/10149} BLOCKED
09-19 12:42:13.995   587   630 W MagnificationConnectionManager: requestConnection duplicated request: connect=false, mConnectionState=DISCONNECTED
09-19 12:42:13.996   587   587 W IPCThreadState: Sending oneway calls to frozen process.
09-19 12:42:13.996  1352  1352 I AiAiEcho: AppFetcherImpl onPackageChanged com.google.android.apps.docs.
09-19 12:42:13.997   952   952 D CarrierSvcBindHelper: onPackageModified: com.google.android.apps.docs
09-19 12:42:13.997  1352 14009 I AiAiEcho: AppIndexer Package:[com.google.android.apps.docs] UserProfile:[0] Enabled:[true].
09-19 12:42:13.997  1352 14009 I AiAiEcho: AppFetcherImplV2 updateApps package:[com.google.android.apps.docs], userId:[0], reason:[package is updated.].
09-19 12:42:13.997   587   587 W IPCThreadState: Sending oneway calls to frozen process.
09-19 12:42:13.997   952   952 D CarrierSvcBindHelper: No carrier app for: 0
09-19 12:42:13.999   587   774 D AppWidgetServiceImpl: Trying to notify widget providers changed
09-19 12:42:14.001   587   795 D ShortcutService: received package broadcast intent: Intent { act=android.intent.action.PACKAGE_CHANGED dat=package: flg=0x45000010 (has extras) }
09-19 12:42:14.001   587   795 D ShortcutService: changing package: com.google.android.apps.docs userId0
09-19 12:42:14.001   587   795 D ShortcutService: handlePackageChanged: com.google.android.apps.docs user=0
09-19 12:42:14.001   587   795 D ShortcutService: rescanPackageIfNeeded 0@com.google.android.apps.docs, forceRescan=true , isNewApp=false
09-19 12:42:14.001   841   841 D ControlsListingControllerImpl: ServiceConfig reloaded, count: 0
09-19 12:42:14.001   587   795 E system_server: No package ID 7f found for resource ID 0x7f080323.
09-19 12:42:14.002   587   795 E system_server: No package ID 7f found for resource ID 0x7f13069a.
09-19 12:42:14.002   587   795 E system_server: No package ID 7f found for resource ID 0x7f13069a.
09-19 12:42:14.002   587   795 E system_server: No package ID 7f found for resource ID 0x7f08031f.
09-19 12:42:14.002   587   795 E system_server: No package ID 7f found for resource ID 0x7f130698.
09-19 12:42:14.002   587   795 E system_server: No package ID 7f found for resource ID 0x7f130698.
09-19 12:42:14.002   587   795 E system_server: No package ID 7f found for resource ID 0x7f080321.
09-19 12:42:14.002   587   795 E system_server: No package ID 7f found for resource ID 0x7f130699.
09-19 12:42:14.002   587   795 E system_server: No package ID 7f found for resource ID 0x7f130699.
09-19 12:42:14.002   587   795 W ShortcutService: Invalid tag 'capability' found at depth 2
09-19 12:42:14.002   587   795 E ShortcutService: Ignoring excessive intent tag.
09-19 12:42:14.002   587   795 W ShortcutService: Invalid tag 'parameter' found at depth 4
09-19 12:42:14.004   587   795 W ShortcutService: Invalid tag 'capability' found at depth 2
09-19 12:42:14.004   587   795 W ShortcutService: Invalid tag 'slice' found at depth 3
09-19 12:42:14.004   587   795 W ShortcutService: Invalid tag 'url-template' found at depth 4
09-19 12:42:14.005   587   795 D ShortcutService: Package com.google.android.apps.docs has 3 manifest shortcut(s), and 1 share target(s)
09-19 12:42:14.005   587   795 D ShortcutService: Package com.google.android.apps.docs updated, version 213587435 -> 213587435
09-19 12:42:14.005   587   795 D ShortcutService: Package com.google.android.apps.docs: publishing manifest shortcuts
09-19 12:42:14.008 13999 14010 I PermissionControllerServiceImpl: Updating user sensitive for uid 10149
09-19 12:42:14.014   952   952 E SmsApplication: com.google.android.apps.messaging lost android:read_cell_broadcasts:  (fixing)
09-19 12:42:14.014   587  4503 W AppOpService: Ignored setUidMode call for runtime permission app op: uid = 10141, code = READ_CELL_BROADCASTS, mode = allow, callingUid = 1001, oldMode = allow
09-19 12:42:14.019   952   952 E CellBroadcastUtils: getDefaultCellBroadcastReceiverPackageName: no package found
09-19 12:42:14.019   587  4270 W AppOpService: Ignored setUidMode call for runtime permission app op: uid = 1001, code = READ_SMS, mode = allow, callingUid = 1001, oldMode = allow
09-19 12:42:14.020   587  4270 W AppOpService: Ignored setUidMode call for runtime permission app op: uid = 1001, code = RECEIVE_SMS, mode = allow, callingUid = 1001, oldMode = allow
09-19 12:42:14.022   587  4270 W AppOpService: Ignored setUidMode call for runtime permission app op: uid = 1001, code = RECEIVE_WAP_PUSH, mode = allow, callingUid = 1001, oldMode = allow
09-19 12:42:14.023   587  4270 W AppOpService: Ignored setUidMode call for runtime permission app op: uid = 1001, code = SEND_SMS, mode = allow, callingUid = 1001, oldMode = allow
09-19 12:42:14.023   587  4270 W AppOpService: Ignored setUidMode call for runtime permission app op: uid = 1001, code = READ_CELL_BROADCASTS, mode = allow, callingUid = 1001, oldMode = allow
09-19 12:42:14.025  1026  1037 I FontLog : (REDACTED) Pulling font file for id = %d, cache size = %d
09-19 12:42:14.028   952  1177 D ImsResolver: maybeAddedImsService, packageName: com.google.android.apps.docs
09-19 12:42:14.106   587   795 D ShortcutService: Saving package item com.google.android.apps.docs to /data/system_ce/0/shortcut_service/packages/com.google.android.apps.docs.xml
09-19 12:42:14.175  1086  1086 D StatsLog: LAUNCHER_ALLAPPS_COUNT
09-19 12:42:14.179  1086  1086 D SsBaseTemplateCard: No text view can be set up
09-19 12:42:14.179  1086  1086 D SsBaseTemplateCard: Passed-in item info is null
09-19 12:42:14.179  1086  1086 D SsBaseTemplateCard: Passed-in item info is null
09-19 12:42:14.179  1086  1086 D SsBaseTemplateCard: Passed-in item info is null
09-19 12:42:14.179  1086  1086 I SsBaseTemplateCard: Secondary card pane is null
09-19 12:42:14.252   828   828 I wpa_supplicant: wlan0: CTRL-EVENT-BEACON-LOSS 
09-19 12:42:14.465   841   891 V WindowManagerShell: Transition animation finished (aborted=false), notifying core (#80) android.os.BinderProxy@99aa301@0
09-19 12:42:14.467   587   615 V WindowManager: Finish Transition (#80): created at 09-19 12:42:12.414 collect-started=0.083ms request-sent=330.802ms started=363.355ms ready=986.331ms sent=1225.772ms finished=2052.479ms
09-19 12:42:14.468  1086  1086 D VRI[NexusLauncherActivity]: visibilityChanged oldVisibility=true newVisibility=false
09-19 12:42:14.469   841   891 V WindowManagerShell: Track 0 became idle
09-19 12:42:14.469   841   891 V WindowManagerShell: All active transition animations finished
09-19 12:42:14.470   587  4503 W UserManagerService: Requested status bar icon for non-badged user 0
09-19 12:42:14.471   587  4503 W UserManagerService: Requested status bar icon for non-badged user 0
09-19 12:42:14.472  1086  1086 D NexusLauncherModelDelegate: notifySmartspaceEvent: SmartspaceTargetEvent{mSmartspaceTarget=null, mSmartspaceActionId='null', mEventType=7}
09-19 12:42:14.498 14291 14291 D nativeloader: Load /data/app/~~H2zIvnhQYarQE6GDBfjJLQ==/org.libsdl.app-PTOZtz4DEUqumAxFQO4jEg==/lib/x86_64/libSDL2.so using ns clns-7 from class loader (caller=/data/app/~~H2zIvnhQYarQE6GDBfjJLQ==/org.libsdl.app-PTOZtz4DEUqumAxFQO4jEg==/base.apk): ok
09-19 12:42:14.514   587  1591 W ParceledListSlice: Element #25 is 19828 bytes.
09-19 12:42:14.514   587  1591 W ParceledListSlice: Element #26 is 19864 bytes.
09-19 12:42:14.515   587  1591 W ParceledListSlice: Element #27 is 19708 bytes.
09-19 12:42:14.515   587  1591 W ParceledListSlice: Element #28 is 19616 bytes.
09-19 12:42:14.515   587  1591 W ParceledListSlice: Element #29 is 19728 bytes.
09-19 12:42:14.535  1026  1038 I FontLog : (REDACTED) Pulling font file for id = %d, cache size = %d
09-19 12:42:14.543   587   630 D ShortcutService: Getting shortcuts for launcher= com.google.android.asuser=0 pkg=com.google.android.apps.docs
09-19 12:42:14.732 14291 14291 D nativeloader: Load /data/app/~~H2zIvnhQYarQE6GDBfjJLQ==/org.libsdl.app-PTOZtz4DEUqumAxFQO4jEg==/lib/x86_64/libSDL2_ttf.so using ns clns-7 from class loader (caller=/data/app/~~H2zIvnhQYarQE6GDBfjJLQ==/org.libsdl.app-PTOZtz4DEUqumAxFQO4jEg==/base.apk): ok
09-19 12:42:14.734 14291 14291 D nativeloader: Load /data/app/~~H2zIvnhQYarQE6GDBfjJLQ==/org.libsdl.app-PTOZtz4DEUqumAxFQO4jEg==/lib/x86_64/libmain.so using ns clns-7 from class loader (caller=/data/app/~~H2zIvnhQYarQE6GDBfjJLQ==/org.libsdl.app-PTOZtz4DEUqumAxFQO4jEg==/base.apk): ok
09-19 12:42:14.735 14291 14291 V SDL     : nativeInit() Begin
09-19 12:42:14.736 14291 14291 V SDL     : nativeInit() Asset Manager done
09-19 12:42:14.737 14291 14291 V SDL     : nativeSetupJNI()
09-19 12:42:14.739 14291 14291 V SDL     : AUDIO nativeSetupJNI()
09-19 12:42:14.739 14291 14291 V SDL     : CONTROLLER nativeSetupJNI()
09-19 12:42:14.756  1086  1147 W PackageManager: Failure retrieving text 0x7f130786 in package com.android.systemui
09-19 12:42:14.756  1086  1147 W PackageManager: android.content.res.Resources$NotFoundException: String resource ID #0x7f130786
09-19 12:42:14.756  1086  1147 W PackageManager: 	at android.content.res.Resources.getText(Resources.java:466)
09-19 12:42:14.756  1086  1147 W PackageManager: 	at android.app.ApplicationPackageManager.getText(ApplicationPackageManager.java:2405)
09-19 12:42:14.756  1086  1147 W PackageManager: 	at android.appwidget.AppWidgetProviderInfo.loadDescription(AppWidgetProviderInfo.java:484)
09-19 12:42:14.756  1086  1147 W PackageManager: 	at com.android.launcher3.model.WidgetItem.<init>(go/retraceme 2855a437b73635ce9cad76b9289087e631bbb67fc90008a0da13d343a00e5041:4)
09-19 12:42:14.756  1086  1147 W PackageManager: 	at com.android.launcher3.model.WidgetsModel.update(go/retraceme 2855a437b73635ce9cad76b9289087e631bbb67fc90008a0da13d343a00e5041:72)
09-19 12:42:14.756  1086  1147 W PackageManager: 	at com.android.launcher3.o0.execute(go/retraceme 2855a437b73635ce9cad76b9289087e631bbb67fc90008a0da13d343a00e5041:16)
09-19 12:42:14.756  1086  1147 W PackageManager: 	at com.android.launcher3.LauncherModel.a(go/retraceme 2855a437b73635ce9cad76b9289087e631bbb67fc90008a0da13d343a00e5041:27)
09-19 12:42:14.756  1086  1147 W PackageManager: 	at com.android.launcher3.s0.run(go/retraceme 2855a437b73635ce9cad76b9289087e631bbb67fc90008a0da13d343a00e5041:12)
09-19 12:42:14.756  1086  1147 W PackageManager: 	at android.os.Handler.handleCallback(Handler.java:959)
09-19 12:42:14.756  1086  1147 W PackageManager: 	at android.os.Handler.dispatchMessage(Handler.java:100)
09-19 12:42:14.756  1086  1147 W PackageManager: 	at android.os.Looper.loopOnce(Looper.java:232)
09-19 12:42:14.756  1086  1147 W PackageManager: 	at android.os.Looper.loop(Looper.java:317)
09-19 12:42:14.756  1086  1147 W PackageManager: 	at android.os.HandlerThread.run(HandlerThread.java:85)
09-19 12:42:14.803  1508  1508 D BoundBrokerSvc: onBind: Intent { act=com.google.android.gms.potokens.service.START dat=chimera-action:/... cmp=com.google.android.gms/.chimera.GmsApiService }
09-19 12:42:14.803  1508  1508 D BoundBrokerSvc: Loading bound service for intent: Intent { act=com.google.android.gms.potokens.service.START dat=chimera-action:/... cmp=com.google.android.gms/.chimera.GmsApiService }
09-19 12:42:14.819   587   630 D ShortcutService: Getting shortcuts for launcher= com.google.android.apps.nexuslauncheruser=0 pkg=com.google.android.apps.docs
09-19 12:42:14.819   587   630 D ShortcutService: Getting shortcuts for launcher= com.android.systemuiuser=0 pkg=com.google.android.apps.docs
09-19 12:42:15.019 14165 14270 W DynamiteModule: Local module descriptor class for com.google.android.gms.providerinstaller.dynamite not found.
09-19 12:42:15.058  1026  1038 W ProviderHelper: Unknown dynamite feature providerinstaller.dynamite
09-19 12:42:15.062 14165 14270 W ProviderInstaller: Failed to load providerinstaller module: No acceptable module com.google.android.gms.providerinstaller.dynamite found. Local version is 0 and remote version is 0.
09-19 12:42:15.063 14165 14270 D ApplicationLoaders: Returning zygote-cached class loader: /system/framework/org.apache.http.legacy.jar
09-19 12:42:15.099 13935 14104 I Finsky  : [110] pin.a(871): System was updated or GL extensions were already cached.
09-19 12:42:15.174 13935 14079 I Finsky  : [97] knu.run(808): Initializing the instant apps module.
09-19 12:42:15.190 14165 14270 D nativeloader: Configuring clns-8 for other apk /system/framework/com.android.media.remotedisplay.jar. target_sdk_version=35, uses_libraries=ALL, library_path=/data/app/~~F6FUD1ZnMGbTjJkj3UJt_w==/com.google.android.gms-v1onozUYKPoHoTyMDNpjTg==/lib/x86_64:/data/app/~~F6FUD1ZnMGbTjJkj3UJt_w==/com.google.android.gms-v1onozUYKPoHoTyMDNpjTg==/base.apk!/lib/x86_64, permitted_path=/data:/mnt/expand:/data/user/0/com.google.android.gms
09-19 12:42:15.193 13935 14073 I Finsky  : [91] zxa.h(12): Triggered update for experiment package com.google.android.finsky.stable.
09-19 12:42:15.211 14165 14270 D nativeloader: Configuring clns-9 for other apk /system/framework/com.android.location.provider.jar. target_sdk_version=35, uses_libraries=ALL, library_path=/data/app/~~F6FUD1ZnMGbTjJkj3UJt_w==/com.google.android.gms-v1onozUYKPoHoTyMDNpjTg==/lib/x86_64:/data/app/~~F6FUD1ZnMGbTjJkj3UJt_w==/com.google.android.gms-v1onozUYKPoHoTyMDNpjTg==/base.apk!/lib/x86_64, permitted_path=/data:/mnt/expand:/data/user/0/com.google.android.gms
09-19 12:42:15.211 14165 14270 D ApplicationLoaders: Returning zygote-cached class loader: /system_ext/framework/androidx.window.extensions.jar
09-19 12:42:15.211 14165 14270 D ApplicationLoaders: Returning zygote-cached class loader: /system_ext/framework/androidx.window.sidecar.jar
09-19 12:42:15.589  4504  4541 I Bugle   : BroadcastReceiverAsyncWorkTracker: Acknowledging broadcast of buoi@a83ab0
09-19 12:42:15.597 14291 14291 V SDL     : onStart()
09-19 12:42:15.599 14291 14291 V SDL     : onResume()
09-19 12:42:15.605 14291 14291 W HWUI    : Unknown dataspace 0
09-19 12:42:15.662 13935 14104 I Finsky  : [110] knu.run(369): Component class com.google.android.finsky.wearsupport.WearSupportService disabled via PackageManager.
09-19 12:42:15.662 13935 14104 I Finsky  : [110] knu.run(369): Component class com.google.android.finsky.wearsupport.WearChangeListenerService disabled via PackageManager.
09-19 12:42:15.724 13935 14154 I Finsky  : [130] prv.accept(82): Wrote row to frosting DB: 389
09-19 12:42:15.729 13935 14083 W Finsky  : [101] aboe.a(81): PreloadClasses: Unable to load [kotlinx.coroutines.internal.OpDescriptor, androidx.compose.runtime.ActualAndroid_androidKt$DefaultMonotonicFrameClock$2, androidx.compose.runtime.SnapshotThreadLocal, androidx.compose.ui.node.DepthSortedSet$DepthComparator$1, androidx.compose.runtime.snapshots.GlobalSnapshot$takeNestedMutableSnapshot$1, androidx.compose.ui.platform.AndroidCompositionLocals_androidKt$LocalLifecycleOwner$1, androidx.compose.ui.ComposedModifierKt$materialize$1, androidx.compose.ui.ComposedModifierKt$materialize$result$1, androidx.compose.animation.core.ComplexDoubleKt, androidx.compose.animation.core.ComplexDouble, androidx.compose.foundation.gestures.ScrollDraggableState, androidx.compose.foundation.gestures.DraggableKt$draggable$5, androidx.compose.ui.text.intl.AndroidLocale, androidx.compose.foundation.gestures.DraggableKt$awaitDownAndSlop$1, com.google.android.finsky.composenav.impl.NavHostUiKt$buildGraph$1$destinationBuilder$1, com.google.android.finsky.composenav.impl.MyModule_ProvideNavGraphBuilderFactory, com.google.android.finsky.composenav.impl.MyModule$provideNavGraphBuilder$1, com.google.android.finsky.composenav.compose.NoTransitionNavHostKt$NoTransitionNavHost$lambda$11$lambda$6$lambda$5$$inlined$map$1, com.google.android.finsky.composenav.compose.NoTransitionNavGraphBuilderExtKt$noTransitionComposable$content$1, com.google.android.finsky.composenav.compose.NavHostKt$NavHost$11$visibleEntries$2$1, com.google.android.finsky.composenav.impl.NavHostUiKt$buildGraph$1$destinationBuilder$1]
09-19 12:42:15.733   587  1591 W WindowManager: Failed looking up window session=Session{a506573 14291:u0a10249} callers=com.android.server.wm.WindowManagerService.windowForClientLocked:6311 com.android.server.wm.Session.updateRequestedVisibleTypes:755 android.view.IWindowSession$Stub.onTransact:1078 
09-19 12:42:15.832   587  1421 E TaskPersister: File error accessing recents directory (directory doesn't exist?).
09-19 12:42:15.877   587  4270 D CoreBackPreview: Window{4f2a73a u0 org.libsdl.app/org.libsdl.app.SDLActivity}: Setting back callback OnBackInvokedCallbackInfo{mCallback=android.window.IOnBackInvokedCallback$Stub$Proxy@3febfc7, mPriority=0, mIsAnimationCallback=false}
09-19 12:42:15.884   418   608 W ServiceManagerCppClient: Permission failure: android.permission.ACCESS_SURFACE_FLINGER from uid=10249 pid=0
09-19 12:42:15.884   418   608 D PermissionCache: checking android.permission.ACCESS_SURFACE_FLINGER for uid=10249 => denied (289 us)
09-19 12:42:15.885   418   608 W ServiceManagerCppClient: Permission failure: android.permission.ROTATE_SURFACE_FLINGER from uid=10249 pid=0
09-19 12:42:15.885   418   608 D PermissionCache: checking android.permission.ROTATE_SURFACE_FLINGER for uid=10249 => denied (133 us)
09-19 12:42:15.885   418   608 W ServiceManagerCppClient: Permission failure: android.permission.INTERNAL_SYSTEM_WINDOW from uid=10249 pid=0
09-19 12:42:15.885   418   608 D PermissionCache: checking android.permission.INTERNAL_SYSTEM_WINDOW for uid=10249 => denied (87 us)
09-19 12:42:15.885   418   537 W ServiceManagerCppClient: Permission failure: android.permission.ROTATE_SURFACE_FLINGER from uid=10249 pid=14291
09-19 12:42:15.885   418   537 D PermissionCache: checking android.permission.ROTATE_SURFACE_FLINGER for uid=10249 => denied (185 us)
09-19 12:42:15.887 14291 14316 I EGL_emulation: Opening libGLESv1_CM_emulation.so
09-19 12:42:15.888 14291 14316 I EGL_emulation: Opening libGLESv2_emulation.so
09-19 12:42:15.890 14291 14291 V SDL     : surfaceCreated()
09-19 12:42:15.890 14291 14291 V SDL     : surfaceChanged()
09-19 12:42:15.890 14291 14291 V SDL     : Window size: 1080x2274
09-19 12:42:15.890 14291 14291 V SDL     : Device size: 1080x2400
09-19 12:42:15.936 14165 14270 D nativeloader: Configuring clns-10 for other apk /data/app/~~F6FUD1ZnMGbTjJkj3UJt_w==/com.google.android.gms-v1onozUYKPoHoTyMDNpjTg==/base.apk. target_sdk_version=35, uses_libraries=, library_path=/data/app/~~F6FUD1ZnMGbTjJkj3UJt_w==/com.google.android.gms-v1onozUYKPoHoTyMDNpjTg==/lib/x86_64:/data/app/~~F6FUD1ZnMGbTjJkj3UJt_w==/com.google.android.gms-v1onozUYKPoHoTyMDNpjTg==/base.apk!/lib/x86_64, permitted_path=/data:/mnt/expand:/data/user/0/com.google.android.gms
09-19 12:42:15.940 14291 14299 I org.libsdl.app: Compiler allocated 5174KB to compile void android.view.ViewRootImpl.performTraversals()
09-19 12:42:15.989 14291 14316 W HWUI    : Failed to choose config with EGL_SWAP_BEHAVIOR_PRESERVED, retrying without...
09-19 12:42:15.989 14291 14316 W HWUI    : Failed to initialize 101010-2 format, error = EGL_SUCCESS
09-19 12:42:16.074 13935 13935 W JobService: onNetworkChanged() not implemented in com.google.android.finsky.scheduler.process.mainimpl.PhoneskyJobServiceMain. Must override in a subclass.
09-19 12:42:16.077   587   748 W IPCThreadState: Sending oneway calls to frozen process.
09-19 12:42:16.077   587   748 W IPCThreadState: Sending oneway calls to frozen process.
09-19 12:42:16.077   587   748 W IPCThreadState: Sending oneway calls to frozen process.
09-19 12:42:16.077   587   748 W IPCThreadState: Sending oneway calls to frozen process.
09-19 12:42:16.077   587   748 W IPCThreadState: Sending oneway calls to frozen process.
09-19 12:42:16.078  1412  2043 I BugleRcsEngine: Connected state: [1], networkType: [WIFI] [CONTEXT thread_id=56 ]
09-19 12:42:16.078  1412  2221 I BugleRcsEngine: handleMessage processing message:[NOTIFY_UPTIME_IGNORE_STATE_CHANGED] with [non-null]:RcsEngineImpl reference [CONTEXT log_prefix="RcsEngineImpl[DUAL_REG]:[a2772750-f276]>Handler" thread_id=62 ]
09-19 12:42:16.079  1026  1985 I ChimeraSrvcProxy: NullBinder for android.net.action.RECOMMEND_NETWORKS triggering remote TransactionTooLargeException due to Service without Chimera impl
09-19 12:42:16.079  1026  1985 W .gms.persistent: Large reply transaction of 1056768 bytes, interface descriptor , code 1
09-19 12:42:16.079   587   748 W IPCThreadState: Sending oneway calls to frozen process.
09-19 12:42:16.079   587   748 W IPCThreadState: Sending oneway calls to frozen process.
09-19 12:42:16.084  1412  2221 I BugleRcsEngine: No RCS Configuration was found in Bugle for simID: redacted-pii:sim_id[chars:20,last3:897] [CONTEXT log_prefix="ProvisioningEngineDataRetriever" thread_id=62 ]
09-19 12:42:16.093 14291 14329 V SDL     : Running main function SDL_main from library /data/app/~~H2zIvnhQYarQE6GDBfjJLQ==/org.libsdl.app-PTOZtz4DEUqumAxFQO4jEg==/lib/x86_64/libmain.so
09-19 12:42:16.093 14291 14329 V SDL     : nativeRunMain()
09-19 12:42:16.107 14291 14329 I Chess   : Width: 1080, Height: 2400, tile_size 135
09-19 12:42:16.107 14291 14329 I Chess   : Band height: 1320, Band width: 0
09-19 12:42:16.107 14291 14329 I Chess   : Top: 660, Bot: 660, Left: 0, Right: 0
09-19 12:42:16.443   164   164 I hwservicemanager: getTransport: Cannot find entry android.hardware.graphics.mapper@4.0::IMapper/default in either framework or device VINTF manifest.
09-19 12:42:16.443 14291 14316 I Gralloc4: mapper 4.x is not supported
09-19 12:42:16.521 14165 14270 D nativeloader: Load /data/app/~~F6FUD1ZnMGbTjJkj3UJt_w==/com.google.android.gms-v1onozUYKPoHoTyMDNpjTg==/base.apk!/lib/x86_64/libconscrypt_gmscore_jni.so using ns clns-10 from class loader (caller=/data/app/~~F6FUD1ZnMGbTjJkj3UJt_w==/com.google.android.gms-v1onozUYKPoHoTyMDNpjTg==/base.apk!classes3.dex): ok
09-19 12:42:16.528   587   695 D ActivityManager: freezing 14088 com.android.vending:background
09-19 12:42:16.536 14165 14270 V NativeCrypto: Registering com/google/android/gms/org/conscrypt/NativeCrypto's 305 native methods...
09-19 12:42:16.541   587   886 W OptProp : Cannot read opt property android.window.PROPERTY_COMPAT_IGNORE_REQUESTED_ORIENTATION
09-19 12:42:16.541   587   886 W OptProp : Cannot read opt property android.window.PROPERTY_COMPAT_ALLOW_IGNORING_ORIENTATION_REQUEST_WHEN_LOOP_DETECTED
09-19 12:42:16.552 14291 14329 I SDL/APP : pixel format wanted SDL_PIXELFORMAT_RGBX8888 (2), got SDL_PIXELFORMAT_RGBX8888 (2)
09-19 12:42:16.583  1086  1147 D PackageUpdatedTask: Package updated: mOp=UPDATE packages=[com.google.android.apps.docs]
09-19 12:42:16.583  1086  1086 D SsBaseTemplateCard: No text view can be set up
09-19 12:42:16.583  1086  1086 D SsBaseTemplateCard: Passed-in item info is null
09-19 12:42:16.583  1086  1086 D SsBaseTemplateCard: Passed-in item info is null
09-19 12:42:16.583  1086  1086 D SsBaseTemplateCard: Passed-in item info is null
09-19 12:42:16.583  1086  1086 I SsBaseTemplateCard: Secondary card pane is null
09-19 12:42:16.610 14291 14329 I Chess   : Load asset: |rsc/texture/piece/black_king.bmp|
09-19 12:42:16.620 14291 14329 I Chess   : Load asset: |rsc/texture/piece/black_queen.bmp|
09-19 12:42:16.624  1086  1086 D StatsLog: LAUNCHER_ALLAPPS_COUNT
09-19 12:42:16.631   587   886 W ParceledListSlice: Element #25 is 19828 bytes.
09-19 12:42:16.631   587   886 W ParceledListSlice: Element #26 is 19864 bytes.
09-19 12:42:16.632   587   886 W ParceledListSlice: Element #27 is 19708 bytes.
09-19 12:42:16.632   587   886 W ParceledListSlice: Element #28 is 19616 bytes.
09-19 12:42:16.632   587   886 W ParceledListSlice: Element #29 is 19728 bytes.
09-19 12:42:16.634  1086  1147 W PackageManager: Failure retrieving text 0x7f130786 in package com.android.systemui
09-19 12:42:16.634  1086  1147 W PackageManager: android.content.res.Resources$NotFoundException: String resource ID #0x7f130786
09-19 12:42:16.634  1086  1147 W PackageManager: 	at android.content.res.Resources.getText(Resources.java:466)
09-19 12:42:16.634  1086  1147 W PackageManager: 	at android.app.ApplicationPackageManager.getText(ApplicationPackageManager.java:2405)
09-19 12:42:16.634  1086  1147 W PackageManager: 	at android.appwidget.AppWidgetProviderInfo.loadDescription(AppWidgetProviderInfo.java:484)
09-19 12:42:16.634  1086  1147 W PackageManager: 	at com.android.launcher3.model.WidgetItem.<init>(go/retraceme 2855a437b73635ce9cad76b9289087e631bbb67fc90008a0da13d343a00e5041:4)
09-19 12:42:16.634  1086  1147 W PackageManager: 	at com.android.launcher3.model.WidgetsModel.update(go/retraceme 2855a437b73635ce9cad76b9289087e631bbb67fc90008a0da13d343a00e5041:72)
09-19 12:42:16.634  1086  1147 W PackageManager: 	at com.android.launcher3.o0.execute(go/retraceme 2855a437b73635ce9cad76b9289087e631bbb67fc90008a0da13d343a00e5041:16)
09-19 12:42:16.634  1086  1147 W PackageManager: 	at com.android.launcher3.LauncherModel.a(go/retraceme 2855a437b73635ce9cad76b9289087e631bbb67fc90008a0da13d343a00e5041:27)
09-19 12:42:16.634  1086  1147 W PackageManager: 	at com.android.launcher3.s0.run(go/retraceme 2855a437b73635ce9cad76b9289087e631bbb67fc90008a0da13d343a00e5041:12)
09-19 12:42:16.634  1086  1147 W PackageManager: 	at android.os.Handler.handleCallback(Handler.java:959)
09-19 12:42:16.634  1086  1147 W PackageManager: 	at android.os.Handler.dispatchMessage(Handler.java:100)
09-19 12:42:16.634  1086  1147 W PackageManager: 	at android.os.Looper.loopOnce(Looper.java:232)
09-19 12:42:16.634  1086  1147 W PackageManager: 	at android.os.Looper.loop(Looper.java:317)
09-19 12:42:16.634  1086  1147 W PackageManager: 	at android.os.HandlerThread.run(HandlerThread.java:85)
09-19 12:42:16.638 14291 14329 I Chess   : Load asset: |rsc/texture/piece/black_rook.bmp|
09-19 12:42:16.641   587  1591 W ServiceManagerCppClient: Permission failure: android.permission.ACCESS_SURFACE_FLINGER from uid=10249 pid=0
09-19 12:42:16.641   587  1591 D PermissionCache: checking android.permission.ACCESS_SURFACE_FLINGER for uid=10249 => denied (96 us)
09-19 12:42:16.641   587  1591 W ServiceManagerCppClient: Permission failure: android.permission.ROTATE_SURFACE_FLINGER from uid=10249 pid=0
09-19 12:42:16.641   587  1591 D PermissionCache: checking android.permission.ROTATE_SURFACE_FLINGER for uid=10249 => denied (58 us)
09-19 12:42:16.641   587  1591 W ServiceManagerCppClient: Permission failure: android.permission.INTERNAL_SYSTEM_WINDOW from uid=10249 pid=0
09-19 12:42:16.641   587  1591 D PermissionCache: checking android.permission.INTERNAL_SYSTEM_WINDOW for uid=10249 => denied (20 us)
09-19 12:42:16.642 14291 14291 I Choreographer: Skipped 45 frames!  The application may be doing too much work on its main thread.
09-19 12:42:16.660 14291 14329 I Chess   : Load asset: |rsc/texture/piece/black_bishop.bmp|
09-19 12:42:16.664 14291 14304 I HWUI    : Davey! duration=937ms; Flags=1, FrameTimelineVsyncId=181240, IntendedVsync=7138461158172, Vsync=7138644491498, InputEventId=0, HandleInputStart=7138645887670, AnimationStart=7138645906676, PerformTraversalsStart=7138645913559, DrawStart=7139305772557, FrameDeadline=7138477824838, FrameInterval=7138645447785, FrameStartTime=16666666, SyncQueued=7139307056585, SyncStart=7139320199326, IssueDrawCommandsStart=7139321725458, SwapBuffers=7139388609518, FrameCompleted=7139411640786, DequeueBufferDuration=7999825, QueueBufferDuration=343715, GpuCompleted=7139411333529, SwapBuffersCompleted=7139411640786, DisplayPresentTime=72904454231359566, CommandSubmissionCompleted=7139388609518, 
09-19 12:42:16.666   587   615 W ziparchive: Unable to open '/data/app/~~H2zIvnhQYarQE6GDBfjJLQ==/org.libsdl.app-PTOZtz4DEUqumAxFQO4jEg==/base.dm': No such file or directory
09-19 12:42:16.667   587   615 I ActivityTaskManager: Displayed org.libsdl.app/.SDLActivity for user 0: +4s405ms
09-19 12:42:16.675 14291 14329 I Chess   : Load asset: |rsc/texture/piece/black_knight.bmp|
09-19 12:42:16.680   587   695 D ActivityManager: freezing 14114 com.google.android.documentsui
09-19 12:42:16.684   587   748 D InetDiagMessage: Destroyed 0 sockets, proto=IPPROTO_TCP, family=AF_INET, states=14
09-19 12:42:16.684   587   748 D InetDiagMessage: Destroyed 0 sockets, proto=IPPROTO_TCP, family=AF_INET6, states=14
09-19 12:42:16.684   587   748 D InetDiagMessage: Destroyed live tcp sockets for uids={10098} in 0ms
09-19 12:42:16.686 14291 14329 I Chess   : Load asset: |rsc/texture/piece/black_pawn.bmp|
09-19 12:42:16.695 14291 14329 I Chess   : Load asset: |rsc/texture/piece/white_king.bmp|
09-19 12:42:16.697   587   619 D LocalDisplayAdapter: Unable to set ALLM because the connected display does not support ALLM.
09-19 12:42:16.709 14291 14329 I Chess   : Load asset: |rsc/texture/piece/white_queen.bmp|
09-19 12:42:16.721 14291 14329 I Chess   : Load asset: |rsc/texture/piece/white_rook.bmp|
09-19 12:42:16.732 14291 14329 I Chess   : Load asset: |rsc/texture/piece/white_bishop.bmp|
09-19 12:42:16.744 14291 14329 I Chess   : Load asset: |rsc/texture/piece/white_knight.bmp|
09-19 12:42:16.754 14291 14329 I Chess   : Load asset: |rsc/texture/piece/white_pawn.bmp|
09-19 12:42:16.791 14291 14329 I Chess   : Timer rect start: 743, height: 135, width: 270
09-19 12:42:16.791 14291 14329 I Chess   : Timer rect start: 67, height: 135, width: 270
09-19 12:42:16.816 14291 14329 I Chess   : Name rect start: 743, height: 67, width: 270
09-19 12:42:16.816 14291 14329 I Chess   : Name rect start: 67, height: 67, width: 270
09-19 12:42:16.861 14165 14171 W droid.apps.docs: Suspending all threads took: 130.919ms
09-19 12:42:16.865 14291 14329 I Chess   : [38;5;208mInternal storage path: /data/user/0/org.libsdl.app/files/C_chess_data.txt
09-19 12:42:16.865 14291 14329 I Chess   : [0m
09-19 12:42:16.865 14291 14329 E Chess   : [31mFailed to open file /data/user/0/org.libsdl.app/files/C_chess_data.txt: Couldn't open asset '/data/user/0/org.libsdl.app/files/C_chess_data.txt'
09-19 12:42:16.865 14291 14329 E Chess   : [0m
09-19 12:42:16.865 14291 14329 E Chess   : Getting file size
09-19 12:42:16.865 14291 14329 I Chess   : [38;5;208mInternal storage path: /data/user/0/org.libsdl.app/files/C_chess_data.txt
09-19 12:42:16.865 14291 14329 I Chess   : [0m
09-19 12:42:16.865 14291 14329 E Chess   : [31mFailed to open file /data/user/0/org.libsdl.app/files/C_chess_data.txt: Couldn't open asset '/data/user/0/org.libsdl.app/files/C_chess_data.txt'
09-19 12:42:16.865 14291 14329 E Chess   : [0m
09-19 12:42:16.865 14291 14329 E Chess   : Getting file size
09-19 12:42:16.865 14291 14329 I Chess   : [38;5;208mInternal storage path: /data/user/0/org.libsdl.app/files/C_chess_data.txt
09-19 12:42:16.865 14291 14329 I Chess   : [0m
09-19 12:42:16.865 14291 14329 E Chess   : [31mFailed to open file /data/user/0/org.libsdl.app/files/C_chess_data.txt: Couldn't open asset '/data/user/0/org.libsdl.app/files/C_chess_data.txt'
09-19 12:42:16.865 14291 14329 E Chess   : [0m
09-19 12:42:16.865 14291 14329 E Chess   : Getting file size
09-19 12:42:17.282   418   418 E HwcComposer: setContentType failed Status(-8, EX_SERVICE_SPECIFIC): '8: '
09-19 12:42:17.282   418   418 E HWComposer: setContentType: setContentType failed for display 4619827259835644672: Unsupported (8)
09-19 12:42:17.283   587   619 I Choreographer: Skipped 37 frames!  The application may be doing too much work on its main thread.
09-19 12:42:17.399   587  4503 D ShortcutService: Getting shortcuts for launcher= com.google.android.asuser=0 pkg=com.google.android.apps.docs
09-19 12:42:17.401   587  4270 D ShortcutService: Getting shortcuts for launcher= com.google.android.asuser=0 pkg=com.google.android.apps.docs
09-19 12:42:17.462  3645  3649 I artd    : Dex parent of /data/app/~~F6FUD1ZnMGbTjJkj3UJt_w==/com.google.android.gms-v1onozUYKPoHoTyMDNpjTg==/base.apk is not writable: Permission denied
09-19 12:42:17.462  3645  3649 I artd    : GetBestInfo checking odex in dalvik-cache (/data/dalvik-cache/x86_64/data@app@~~F6FUD1ZnMGbTjJkj3UJt_w==@com.google.android.gms-v1onozUYKPoHoTyMDNpjTg==@base.apk@classes.dex)
09-19 12:42:17.462  3645  3649 I artd    : Loading /data/dalvik-cache/x86_64/data@app@~~F6FUD1ZnMGbTjJkj3UJt_w==@com.google.android.gms-v1onozUYKPoHoTyMDNpjTg==@base.apk@classes.dex with executable: 0
09-19 12:42:17.462  3645  3649 I artd    : OatFileAssistant test for existing oat file /data/dalvik-cache/x86_64/data@app@~~F6FUD1ZnMGbTjJkj3UJt_w==@com.google.android.gms-v1onozUYKPoHoTyMDNpjTg==@base.apk@classes.dex: File /data/dalvik-cache/x86_64/data@app@~~F6FUD1ZnMGbTjJkj3UJt_w==@com.google.android.gms-v1onozUYKPoHoTyMDNpjTg==@base.apk@classes.vdex does not exist.
09-19 12:42:17.462  3645  3649 I artd    : GetBestInfo checking odex next to the dex file (/data/app/~~F6FUD1ZnMGbTjJkj3UJt_w==/com.google.android.gms-v1onozUYKPoHoTyMDNpjTg==/oat/x86_64/base.odex)
09-19 12:42:17.462  3645  3649 I artd    : Loading /data/app/~~F6FUD1ZnMGbTjJkj3UJt_w==/com.google.android.gms-v1onozUYKPoHoTyMDNpjTg==/oat/x86_64/base.odex with executable: 0
09-19 12:42:17.463  3645  3649 I artd    : Successfully loaded /data/app/~~F6FUD1ZnMGbTjJkj3UJt_w==/com.google.android.gms-v1onozUYKPoHoTyMDNpjTg==/oat/x86_64/base.odex with executable: 0
09-19 12:42:17.464  3645  3649 I artd    : /data/app/~~F6FUD1ZnMGbTjJkj3UJt_w==/com.google.android.gms-v1onozUYKPoHoTyMDNpjTg==/oat/x86_64/base.odex is kOatUpToDate with filter speed-profile
09-19 12:42:17.465  3645  3649 I artd    : Dex parent of /data/app/~~F6FUD1ZnMGbTjJkj3UJt_w==/com.google.android.gms-v1onozUYKPoHoTyMDNpjTg==/split_CronetDynamite_installtime.apk is not writable: Permission denied
09-19 12:42:17.465  3645  3649 I artd    : GetBestInfo checking odex in dalvik-cache (/data/dalvik-cache/x86_64/data@app@~~F6FUD1ZnMGbTjJkj3UJt_w==@com.google.android.gms-v1onozUYKPoHoTyMDNpjTg==@split_CronetDynamite_installtime.apk@classes.dex)
