09-19 12:42:27.497  3645  3645 I artd    : /data/user/0/com.google.android.gms/app_dg_cache/6ECAAAF8C81639B3CC486B1F49379564D924D1C8/oat/x86_64/the.vdex is kOatUpToDate with filter verify
09-19 12:42:27.497  3645  3645 I artd    : Dex parent of /data/user_de/0/com.google.android.gms/app_chimera/m/0000000f/DynamiteLoader.uncompressed.apk is not writable: Permission denied
09-19 12:42:27.497  3645  3645 I artd    : GetBestInfo checking odex in dalvik-cache (/data/dalvik-cache/x86_64/data@user_de@0@com.google.android.gms@app_chimera@m@0000000f@DynamiteLoader.uncompressed.apk@classes.dex)
09-19 12:42:27.497  3645  3645 I artd    : Loading /data/dalvik-cache/x86_64/data@user_de@0@com.google.android.gms@app_chimera@m@0000000f@DynamiteLoader.uncompressed.apk@classes.dex with executable: 0
09-19 12:42:27.497  3645  3645 I artd    : OatFileAssistant test for existing oat file /data/dalvik-cache/x86_64/data@user_de@0@com.google.android.gms@app_chimera@m@0000000f@DynamiteLoader.uncompressed.apk@classes.dex: File /data/dalvik-cache/x86_64/data@user_de@0@com.google.android.gms@app_chimera@m@0000000f@DynamiteLoader.uncompressed.apk@classes.vdex does not exist.
09-19 12:42:27.497  3645  3645 I artd    : GetBestInfo checking odex next to the dex file (/data/user_de/0/com.google.android.gms/app_chimera/m/0000000f/oat/x86_64/DynamiteLoader.uncompressed.odex)
09-19 12:42:27.497  3645  3645 I artd    : Loading /data/user_de/0/com.google.android.gms/app_chimera/m/0000000f/oat/x86_64/DynamiteLoader.uncompressed.odex with executable: 0
09-19 12:42:27.497  3645  3645 I artd    : OatFileAssistant test for existing oat file /data/user_de/0/com.google.android.gms/app_chimera/m/0000000f/oat/x86_64/DynamiteLoader.uncompressed.odex: File /data/user_de/0/com.google.android.gms/app_chimera/m/0000000f/oat/x86_64/DynamiteLoader.uncompressed.vdex does not exist.
09-19 12:42:27.497  3645  3645 I artd    : GetBestInfo checking vdex in dalvik-cache (/data/dalvik-cache/x86_64/data@user_de@0@com.google.android.gms@app_chimera@m@0000000f@DynamiteLoader.uncompressed.apk@classes.vdex)
09-19 12:42:27.497  3645  3645 I artd    : unable to open vdex file /data/dalvik-cache/x86_64/data@user_de@0@com.google.android.gms@app_chimera@m@0000000f@DynamiteLoader.uncompressed.apk@classes.vdex: File /data/dalvik-cache/x86_64/data@user_de@0@com.google.android.gms@app_chimera@m@0000000f@DynamiteLoader.uncompressed.apk@classes.vdex does not exist.
09-19 12:42:27.497  3645  3645 I artd    : OatFileAssistant test for existing oat file /data/dalvik-cache/x86_64/data@user_de@0@com.google.android.gms@app_chimera@m@0000000f@DynamiteLoader.uncompressed.apk@classes.vdex: File /data/dalvik-cache/x86_64/data@user_de@0@com.google.android.gms@app_chimera@m@0000000f@DynamiteLoader.uncompressed.apk@classes.vdex does not exist.
09-19 12:42:27.497  3645  3645 I artd    : GetBestInfo checking vdex next to the dex file (/data/user_de/0/com.google.android.gms/app_chimera/m/0000000f/oat/x86_64/DynamiteLoader.uncompressed.vdex)
09-19 12:42:27.497  3645  3645 I artd    : unable to open vdex file /data/user_de/0/com.google.android.gms/app_chimera/m/0000000f/oat/x86_64/DynamiteLoader.uncompressed.vdex: File /data/user_de/0/com.google.android.gms/app_chimera/m/0000000f/oat/x86_64/DynamiteLoader.uncompressed.vdex does not exist.
09-19 12:42:27.497  3645  3645 I artd    : OatFileAssistant test for existing oat file /data/user_de/0/com.google.android.gms/app_chimera/m/0000000f/oat/x86_64/DynamiteLoader.uncompressed.vdex: File /data/user_de/0/com.google.android.gms/app_chimera/m/0000000f/oat/x86_64/DynamiteLoader.uncompressed.vdex does not exist.
09-19 12:42:27.497  3645  3645 I artd    : GetBestInfo checking dm (/data/user_de/0/com.google.android.gms/app_chimera/m/0000000f/DynamiteLoader.uncompressed.dm)
09-19 12:42:27.497  3645  3645 W ziparchive: Unable to open '/data/user_de/0/com.google.android.gms/app_chimera/m/0000000f/DynamiteLoader.uncompressed.dm': No such file or directory
09-19 12:42:27.497  3645  3645 I artd    : OatFileAssistant test for existing oat file /data/user_de/0/com.google.android.gms/app_chimera/m/0000000f/DynamiteLoader.uncompressed.dm: I/O error
09-19 12:42:27.497  3645  3645 I artd    : GetBestInfo checking dm (/data/user_de/0/com.google.android.gms/app_chimera/m/0000000f/DynamiteLoader.uncompressed.dm)
09-19 12:42:27.497  3645  3645 W ziparchive: Unable to open '/data/user_de/0/com.google.android.gms/app_chimera/m/0000000f/DynamiteLoader.uncompressed.dm': No such file or directory
09-19 12:42:27.497  3645  3645 I artd    : OatFileAssistant test for existing oat file /data/user_de/0/com.google.android.gms/app_chimera/m/0000000f/DynamiteLoader.uncompressed.dm: I/O error
09-19 12:42:27.497  3645  3645 I artd    : GetBestInfo no usable artifacts
09-19 12:42:27.498  3645  3785 I artd    : Dex parent of /data/user_de/0/com.google.android.gms/app_chimera/m/00000007/MeasurementDynamite.apk is not writable: No such file or directory
09-19 12:42:27.498  3645  3785 I artd    : GetBestInfo checking odex in dalvik-cache (/data/dalvik-cache/x86_64/data@user_de@0@com.google.android.gms@app_chimera@m@00000007@MeasurementDynamite.apk@classes.dex)
09-19 12:42:27.498  3645  3785 I artd    : Loading /data/dalvik-cache/x86_64/data@user_de@0@com.google.android.gms@app_chimera@m@00000007@MeasurementDynamite.apk@classes.dex with executable: 0
09-19 12:42:27.498  3645  3785 I artd    : OatFileAssistant test for existing oat file /data/dalvik-cache/x86_64/data@user_de@0@com.google.android.gms@app_chimera@m@00000007@MeasurementDynamite.apk@classes.dex: File /data/dalvik-cache/x86_64/data@user_de@0@com.google.android.gms@app_chimera@m@00000007@MeasurementDynamite.apk@classes.vdex does not exist.
09-19 12:42:27.498  3645  3785 I artd    : GetBestInfo checking odex next to the dex file (/data/user_de/0/com.google.android.gms/app_chimera/m/00000007/oat/x86_64/MeasurementDynamite.odex)
09-19 12:42:27.498  3645  3785 I artd    : Loading /data/user_de/0/com.google.android.gms/app_chimera/m/00000007/oat/x86_64/MeasurementDynamite.odex with executable: 0
09-19 12:42:27.498  3645  3785 I artd    : OatFileAssistant test for existing oat file /data/user_de/0/com.google.android.gms/app_chimera/m/00000007/oat/x86_64/MeasurementDynamite.odex: File /data/user_de/0/com.google.android.gms/app_chimera/m/00000007/oat/x86_64/MeasurementDynamite.vdex does not exist.
09-19 12:42:27.498  3645  3785 I artd    : GetBestInfo checking vdex in dalvik-cache (/data/dalvik-cache/x86_64/data@user_de@0@com.google.android.gms@app_chimera@m@00000007@MeasurementDynamite.apk@classes.vdex)
09-19 12:42:27.498  3645  3785 I artd    : unable to open vdex file /data/dalvik-cache/x86_64/data@user_de@0@com.google.android.gms@app_chimera@m@00000007@MeasurementDynamite.apk@classes.vdex: File /data/dalvik-cache/x86_64/data@user_de@0@com.google.android.gms@app_chimera@m@00000007@MeasurementDynamite.apk@classes.vdex does not exist.
09-19 12:42:27.498  3645  3785 I artd    : OatFileAssistant test for existing oat file /data/dalvik-cache/x86_64/data@user_de@0@com.google.android.gms@app_chimera@m@00000007@MeasurementDynamite.apk@classes.vdex: File /data/dalvik-cache/x86_64/data@user_de@0@com.google.android.gms@app_chimera@m@00000007@MeasurementDynamite.apk@classes.vdex does not exist.
09-19 12:42:27.498  3645  3785 I artd    : GetBestInfo checking vdex next to the dex file (/data/user_de/0/com.google.android.gms/app_chimera/m/00000007/oat/x86_64/MeasurementDynamite.vdex)
09-19 12:42:27.498  3645  3785 I artd    : unable to open vdex file /data/user_de/0/com.google.android.gms/app_chimera/m/00000007/oat/x86_64/MeasurementDynamite.vdex: File /data/user_de/0/com.google.android.gms/app_chimera/m/00000007/oat/x86_64/MeasurementDynamite.vdex does not exist.
09-19 12:42:27.498  3645  3785 I artd    : OatFileAssistant test for existing oat file /data/user_de/0/com.google.android.gms/app_chimera/m/00000007/oat/x86_64/MeasurementDynamite.vdex: File /data/user_de/0/com.google.android.gms/app_chimera/m/00000007/oat/x86_64/MeasurementDynamite.vdex does not exist.
09-19 12:42:27.498  3645  3785 I artd    : GetBestInfo checking dm (/data/user_de/0/com.google.android.gms/app_chimera/m/00000007/MeasurementDynamite.dm)
09-19 12:42:27.498  3645  3785 W ziparchive: Unable to open '/data/user_de/0/com.google.android.gms/app_chimera/m/00000007/MeasurementDynamite.dm': No such file or directory
09-19 12:42:27.498  3645  3785 I artd    : OatFileAssistant test for existing oat file /data/user_de/0/com.google.android.gms/app_chimera/m/00000007/MeasurementDynamite.dm: I/O error
09-19 12:42:27.498  3645  3785 I artd    : GetBestInfo checking dm (/data/user_de/0/com.google.android.gms/app_chimera/m/00000007/MeasurementDynamite.dm)
09-19 12:42:27.498  3645  3785 W ziparchive: Unable to open '/data/user_de/0/com.google.android.gms/app_chimera/m/00000007/MeasurementDynamite.dm': No such file or directory
09-19 12:42:27.498  3645  3785 I artd    : OatFileAssistant test for existing oat file /data/user_de/0/com.google.android.gms/app_chimera/m/00000007/MeasurementDynamite.dm: I/O error
09-19 12:42:27.498  3645  3785 I artd    : GetBestInfo no usable artifacts
09-19 12:42:27.665 14291 14329 D EGL_emulation: app_time_stats: avg=10.84ms min=5.94ms max=56.07ms count=57
09-19 12:42:27.776 14291 14329 I Chess   : Click on [38;5;208m[C8][0m -> [38;5;200m|58|
09-19 12:42:27.776 14291 14329 I Chess   : [0m
09-19 12:42:27.875 14291 14329 I Chess   : Click on [38;5;208m[C7][0m -> [38;5;200m|50|
09-19 12:42:27.875 14291 14329 I Chess   : [0m
09-19 12:42:28.026 14291 14329 I Chess   : Click on [38;5;208m[C7][0m -> [38;5;200m|50|
09-19 12:42:28.026 14291 14329 I Chess   : [0m
09-19 12:42:28.127 14291 14329 I Chess   : Click on [38;5;208m[B7][0m -> [38;5;200m|49|
09-19 12:42:28.127 14291 14329 I Chess   : [0m
09-19 12:42:28.292 14291 14329 I Chess   : Click on [38;5;208m[B7][0m -> [38;5;200m|49|
09-19 12:42:28.292 14291 14329 I Chess   : [0m
09-19 12:42:28.426 14291 14329 I Chess   : Click on [38;5;208m[B8][0m -> [38;5;200m|57|
09-19 12:42:28.426 14291 14329 I Chess   : [0m
09-19 12:42:28.625 14291 14329 I Chess   : Click on [38;5;208m[B8][0m -> [38;5;200m|57|
09-19 12:42:28.625 14291 14329 I Chess   : [0m
09-19 12:42:28.667 14291 14329 D EGL_emulation: app_time_stats: avg=9.17ms min=5.47ms max=18.67ms count=60
09-19 12:42:28.825 14291 14329 I Chess   : Click on [38;5;208m[A8][0m -> [38;5;200m|56|
09-19 12:42:28.825 14291 14329 I Chess   : [0m
09-19 12:42:29.010 14291 14329 I Chess   : Click on [38;5;208m[A8][0m -> [38;5;200m|56|
09-19 12:42:29.010 14291 14329 I Chess   : [0m
09-19 12:42:29.044   587  1400 D CoreBackPreview: startBackNavigation currentTask=Task{55fbc41 #57 type=standard A=10249:org.libsdl.app}, topRunningActivity=ActivityRecord{a1b7509 u0 org.libsdl.app/.SDLActivity t57}, callbackInfo=OnBackInvokedCallbackInfo{mCallback=android.window.IOnBackInvokedCallback$Stub$Proxy@3febfc7, mPriority=0, mIsAnimationCallback=false}, currentFocus=Window{4f2a73a u0 org.libsdl.app/org.libsdl.app.SDLActivity}
09-19 12:42:29.044   841   891 D ShellBackPreview: Received backNavigationInfo:BackNavigationInfo{mType=TYPE_CALLBACK (4), mOnBackNavigationDone=android.os.RemoteCallback@d05e490, mOnBackInvokedCallback=android.window.IOnBackInvokedCallback$Stub$Proxy@e866189, mPrepareRemoteAnimation=false, mAnimationCallback=false, mCustomizeAnimationInfo=null}
09-19 12:42:29.088   841   891 D ShellBackPreview: Finishing gesture with event action: 3
09-19 12:42:29.088   841   891 D ShellBackPreview: onGestureFinished() mTriggerBack == false
09-19 12:42:29.088   841   891 D ShellBackPreview: Trigger back without dispatching to animator.
09-19 12:42:29.088   841   891 D ShellBackPreview: Skipping dispatching onBackCancelled. Start was never dispatched.
09-19 12:42:29.088   841   891 D ShellBackPreview: BackAnimationController: finishBackNavigation()
09-19 12:42:29.088   587  1400 D CoreBackPreview: onBackNavigationDone backType=4, triggerBack=false
09-19 12:42:29.225 14291 14329 I Chess   : Click on [38;5;208m[A7][0m -> [38;5;200m|48|
09-19 12:42:29.225 14291 14329 I Chess   : [0m
09-19 12:42:29.443 14291 14329 I Chess   : Click on [38;5;208m[A7][0m -> [38;5;200m|48|
09-19 12:42:29.443 14291 14329 I Chess   : [0m
09-19 12:42:29.444   587  1400 D CoreBackPreview: startBackNavigation currentTask=Task{55fbc41 #57 type=standard A=10249:org.libsdl.app}, topRunningActivity=ActivityRecord{a1b7509 u0 org.libsdl.app/.SDLActivity t57}, callbackInfo=OnBackInvokedCallbackInfo{mCallback=android.window.IOnBackInvokedCallback$Stub$Proxy@3febfc7, mPriority=0, mIsAnimationCallback=false}, currentFocus=Window{4f2a73a u0 org.libsdl.app/org.libsdl.app.SDLActivity}
09-19 12:42:29.444   841   891 D ShellBackPreview: Received backNavigationInfo:BackNavigationInfo{mType=TYPE_CALLBACK (4), mOnBackNavigationDone=android.os.RemoteCallback@9e5758e, mOnBackInvokedCallback=android.window.IOnBackInvokedCallback$Stub$Proxy@a5881af, mPrepareRemoteAnimation=false, mAnimationCallback=false, mCustomizeAnimationInfo=null}
09-19 12:42:29.476 14291 14329 I Chess   : Click on [38;5;208m[A7][0m -> [38;5;200m|48|
09-19 12:42:29.476 14291 14329 I Chess   : [0m
09-19 12:42:29.477   587  1400 I InputDispatcher: Channel [Gesture Monitor] edge-swipe (server) is stealing input gesture for device 12 from [4f2a73a org.libsdl.app/org.libsdl.app.SDLActivity, [Gesture Monitor] swipe-up]
09-19 12:42:29.683 14291 14329 D EGL_emulation: app_time_stats: avg=10.41ms min=5.43ms max=80.30ms count=56
09-19 12:42:29.862   841   891 D ShellBackPreview: Finishing gesture with event action: 1
09-19 12:42:29.862   841   891 D ShellBackPreview: onGestureFinished() mTriggerBack == true
09-19 12:42:29.862   841   891 D ShellBackPreview: Trigger back without dispatching to animator.
09-19 12:42:29.862   841   891 D ShellBackPreview: BackAnimationController: finishBackNavigation()
09-19 12:42:29.862   587  1581 D CoreBackPreview: onBackNavigationDone backType=4, triggerBack=true
09-19 12:42:29.877  1250  1250 I StylusModule: StylusModule.onUpdateToolType():770 Update tool type = 0
09-19 12:42:30.124   828   828 I wpa_supplicant: wlan0: CTRL-EVENT-BEACON-LOSS 
09-19 12:42:30.402 13935 14073 I Finsky  : [91] kzd.a(249): Successfully collected the device disk space info.
09-19 12:42:30.574  1508  1508 D BoundBrokerSvc: onUnbind: Intent { act=com.google.android.gms.potokens.service.START dat=chimera-action:/... cmp=com.google.android.gms/.chimera.GmsApiService }
09-19 12:42:30.702 14291 14329 D EGL_emulation: app_time_stats: avg=11.30ms min=5.12ms max=116.44ms count=55
09-19 12:42:30.770   587   695 D ActivityManager: freezing 13936 com.android.keychain
09-19 12:42:31.275 14291 14329 I Chess   : Button 0 clicked close menu
09-19 12:42:31.423   587   695 D ActivityManager: freezing 13935 com.android.vending
09-19 12:42:31.424   587   695 D ActivityManager: freezing 14359 com.android.vending:quick_launch
09-19 12:42:31.425   587   695 D ActivityManager: freezing 14088 com.android.vending:background
09-19 12:42:31.436   587   748 W IPCThreadState: Sending oneway calls to frozen process.
09-19 12:42:31.437   587   748 W IPCThreadState: Sending oneway calls to frozen process.
09-19 12:42:31.437   587   748 W IPCThreadState: Sending oneway calls to frozen process.
09-19 12:42:31.437   587   748 W IPCThreadState: Sending oneway calls to frozen process.
09-19 12:42:31.437   587   748 W IPCThreadState: Sending oneway calls to frozen process.
09-19 12:42:31.437   587   748 W IPCThreadState: Sending oneway calls to frozen process.
09-19 12:42:31.437   587   748 W IPCThreadState: Sending oneway calls to frozen process.
09-19 12:42:31.438  1412  2043 I BugleRcsEngine: Connected state: [1], networkType: [WIFI] [CONTEXT thread_id=56 ]
09-19 12:42:31.438  1412  2221 I BugleRcsEngine: handleMessage processing message:[NOTIFY_UPTIME_IGNORE_STATE_CHANGED] with [non-null]:RcsEngineImpl reference [CONTEXT log_prefix="RcsEngineImpl[DUAL_REG]:[a2772750-f276]>Handler" thread_id=62 ]
09-19 12:42:31.445  1026  1985 I ChimeraSrvcProxy: NullBinder for android.net.action.RECOMMEND_NETWORKS triggering remote TransactionTooLargeException due to Service without Chimera impl
09-19 12:42:31.445  1026  1985 W .gms.persistent: Large reply transaction of 1056768 bytes, interface descriptor , code 1
09-19 12:42:31.448  1412  2221 I BugleRcsEngine: No RCS Configuration was found in Bugle for simID: redacted-pii:sim_id[chars:20,last3:897] [CONTEXT log_prefix="ProvisioningEngineDataRetriever" thread_id=62 ]
09-19 12:42:31.469   587   748 W IPCThreadState: Sending oneway calls to frozen process.
09-19 12:42:31.469   587   748 W IPCThreadState: Sending oneway calls to frozen process.
09-19 12:42:31.469   587   748 W IPCThreadState: Sending oneway calls to frozen process.
09-19 12:42:31.469   587   748 W IPCThreadState: Sending oneway calls to frozen process.
09-19 12:42:31.469   587   748 W IPCThreadState: Sending oneway calls to frozen process.
09-19 12:42:31.564   587   748 D InetDiagMessage: Destroyed 0 sockets, proto=IPPROTO_TCP, family=AF_INET, states=14
09-19 12:42:31.566   587   748 D InetDiagMessage: Destroyed 6 sockets, proto=IPPROTO_TCP, family=AF_INET6, states=14
09-19 12:42:31.567   587   748 D InetDiagMessage: Destroyed live tcp sockets for uids={10140} in 4ms
09-19 12:42:31.717 14291 14329 D EGL_emulation: app_time_stats: avg=8.96ms min=5.33ms max=15.12ms count=61
09-19 12:42:31.775 14291 14329 I Chess   : Click on [38;5;208m[A7][0m -> [38;5;200m|48|
09-19 12:42:31.775 14291 14329 I Chess   : [0m
09-19 12:42:32.342 14291 14329 I Chess   : Click on [38;5;208m[B6][0m -> [38;5;200m|41|
09-19 12:42:32.342 14291 14329 I Chess   : [0m
09-19 12:42:32.444   587   695 D ActivityManager: freezing 13746 com.google.android.rkpdapp
09-19 12:42:32.445   587   748 D InetDiagMessage: Destroyed 0 sockets, proto=IPPROTO_TCP, family=AF_INET, states=14
09-19 12:42:32.446   587   748 D InetDiagMessage: Destroyed 0 sockets, proto=IPPROTO_TCP, family=AF_INET6, states=14
09-19 12:42:32.446   587   748 D InetDiagMessage: Destroyed live tcp sockets for uids={10191} in 1ms
09-19 12:42:32.592 14291 14329 I Chess   : Click on [38;5;208m[B6][0m -> [38;5;200m|41|
09-19 12:42:32.592 14291 14329 I Chess   : [0m
09-19 12:42:32.721 14291 14329 D EGL_emulation: app_time_stats: avg=9.71ms min=5.34ms max=21.08ms count=60
09-19 12:42:32.775 14291 14329 I Chess   : Click on [38;5;208m[B5][0m -> [38;5;200m|33|
09-19 12:42:32.775 14291 14329 I Chess   : [0m
09-19 12:42:32.943 14291 14329 I Chess   : Click on [38;5;208m[B5][0m -> [38;5;200m|33|
09-19 12:42:32.943 14291 14329 I Chess   : [0m
09-19 12:42:33.125 14291 14329 I Chess   : Click on [38;5;208m[A5][0m -> [38;5;200m|32|
09-19 12:42:33.125 14291 14329 I Chess   : [0m
09-19 12:42:33.308   587  1400 D CoreBackPreview: startBackNavigation currentTask=Task{55fbc41 #57 type=standard A=10249:org.libsdl.app}, topRunningActivity=ActivityRecord{a1b7509 u0 org.libsdl.app/.SDLActivity t57}, callbackInfo=OnBackInvokedCallbackInfo{mCallback=android.window.IOnBackInvokedCallback$Stub$Proxy@3febfc7, mPriority=0, mIsAnimationCallback=false}, currentFocus=Window{4f2a73a u0 org.libsdl.app/org.libsdl.app.SDLActivity}
09-19 12:42:33.308   841   891 D ShellBackPreview: Received backNavigationInfo:BackNavigationInfo{mType=TYPE_CALLBACK (4), mOnBackNavigationDone=android.os.RemoteCallback@5abb8c1, mOnBackInvokedCallback=android.window.IOnBackInvokedCallback$Stub$Proxy@2aea866, mPrepareRemoteAnimation=false, mAnimationCallback=false, mCustomizeAnimationInfo=null}
09-19 12:42:33.326 14291 14329 I Chess   : Click on [38;5;208m[A5][0m -> [38;5;200m|32|
09-19 12:42:33.326 14291 14329 I Chess   : [0m
09-19 12:42:33.384   841   891 D ShellBackPreview: Finishing gesture with event action: 3
09-19 12:42:33.385   841   891 D ShellBackPreview: onGestureFinished() mTriggerBack == false
09-19 12:42:33.385   841   891 D ShellBackPreview: Trigger back without dispatching to animator.
09-19 12:42:33.385   841   891 D ShellBackPreview: Skipping dispatching onBackCancelled. Start was never dispatched.
09-19 12:42:33.385   841   891 D ShellBackPreview: BackAnimationController: finishBackNavigation()
09-19 12:42:33.385   587  1400 D CoreBackPreview: onBackNavigationDone backType=4, triggerBack=false
09-19 12:42:33.513   186 14408 I keystore2: system/security/keystore2/watchdog/src/lib.rs:319 - Watchdog thread idle -> terminating. Have a great day.
09-19 12:42:33.558 14291 14329 I Chess   : Click on [38;5;208m[A4][0m -> [38;5;200m|24|
09-19 12:42:33.558 14291 14329 I Chess   : [0m
09-19 12:42:33.731 14291 14329 I Chess   : Click on [38;5;208m[A4][0m -> [38;5;200m|24|
09-19 12:42:33.731 14291 14329 I Chess   : [0m
09-19 12:42:33.757 14291 14329 D EGL_emulation: app_time_stats: avg=9.79ms min=5.01ms max=26.69ms count=60
09-19 12:42:33.926 14291 14329 I Chess   : Click on [38;5;208m[B4][0m -> [38;5;200m|25|
09-19 12:42:33.926 14291 14329 I Chess   : [0m
09-19 12:42:34.020   587   695 D ActivityManager: freezing 13999 com.google.android.permissioncontroller
09-19 12:42:34.021   587   748 D InetDiagMessage: Destroyed 0 sockets, proto=IPPROTO_TCP, family=AF_INET, states=14
09-19 12:42:34.021   587   748 D InetDiagMessage: Destroyed 0 sockets, proto=IPPROTO_TCP, family=AF_INET6, states=14
09-19 12:42:34.021   587   748 D InetDiagMessage: Destroyed live tcp sockets for uids={10201} in 1ms
09-19 12:42:34.092 14291 14329 I Chess   : Click on [38;5;208m[B4][0m -> [38;5;200m|25|
09-19 12:42:34.092 14291 14329 I Chess   : [0m
09-19 12:42:34.258 14291 14329 I Chess   : Click on [38;5;208m[B5][0m -> [38;5;200m|33|
09-19 12:42:34.258 14291 14329 I Chess   : [0m
09-19 12:42:34.440   587   748 W IPCThreadState: Sending oneway calls to frozen process.
09-19 12:42:34.440   587   748 W IPCThreadState: Sending oneway calls to frozen process.
09-19 12:42:34.440   587   748 W IPCThreadState: Sending oneway calls to frozen process.
09-19 12:42:34.440   587   748 W IPCThreadState: Sending oneway calls to frozen process.
09-19 12:42:34.440   587   748 W IPCThreadState: Sending oneway calls to frozen process.
09-19 12:42:34.440   587   748 W IPCThreadState: Sending oneway calls to frozen process.
09-19 12:42:34.440   587   748 W IPCThreadState: Sending oneway calls to frozen process.
09-19 12:42:34.440   587   748 W IPCThreadState: Sending oneway calls to frozen process.
09-19 12:42:34.440   587   748 W IPCThreadState: Sending oneway calls to frozen process.
09-19 12:42:34.440   587   748 W IPCThreadState: Sending oneway calls to frozen process.
09-19 12:42:34.440   587   748 W IPCThreadState: Sending oneway calls to frozen process.
09-19 12:42:34.441   587   748 W IPCThreadState: Sending oneway calls to frozen process.
09-19 12:42:34.443  1026  1985 I ChimeraSrvcProxy: NullBinder for android.net.action.RECOMMEND_NETWORKS triggering remote TransactionTooLargeException due to Service without Chimera impl
09-19 12:42:34.443  1026  1985 W .gms.persistent: Large reply transaction of 1056768 bytes, interface descriptor , code 1
09-19 12:42:34.444  1412  2221 I BugleRcsEngine: handleMessage processing message:[NOTIFY_UPTIME_IGNORE_STATE_CHANGED] with [non-null]:RcsEngineImpl reference [CONTEXT log_prefix="RcsEngineImpl[DUAL_REG]:[a2772750-f276]>Handler" thread_id=62 ]
09-19 12:42:34.444  1412  2043 I BugleRcsEngine: Connected state: [1], networkType: [WIFI] [CONTEXT thread_id=56 ]
09-19 12:42:34.445 14291 14329 I Chess   : Click on [38;5;208m[B5][0m -> [38;5;200m|33|
09-19 12:42:34.445 14291 14329 I Chess   : [0m
09-19 12:42:34.447  1412  2221 I BugleRcsEngine: No RCS Configuration was found in Bugle for simID: redacted-pii:sim_id[chars:20,last3:897] [CONTEXT log_prefix="ProvisioningEngineDataRetriever" thread_id=62 ]
09-19 12:42:34.725 14291 14329 I Chess   : Click on [38;5;208m[B4][0m -> [38;5;200m|25|
09-19 12:42:34.725 14291 14329 I Chess   : [0m
09-19 12:42:34.765 14291 14329 D EGL_emulation: app_time_stats: avg=9.78ms min=5.61ms max=16.69ms count=61
09-19 12:42:35.580   587   748 D InetDiagMessage: Destroyed 0 sockets, proto=IPPROTO_TCP, family=AF_INET, states=14
09-19 12:42:35.581   587   748 D InetDiagMessage: Destroyed 0 sockets, proto=IPPROTO_TCP, family=AF_INET6, states=14
09-19 12:42:35.581   587   748 D InetDiagMessage: Destroyed live tcp sockets for uids={10195} in 1ms
09-19 12:42:35.581   587   748 D InetDiagMessage: Destroyed 0 sockets, proto=IPPROTO_TCP, family=AF_INET, states=14
09-19 12:42:35.581   587   748 D InetDiagMessage: Destroyed 0 sockets, proto=IPPROTO_TCP, family=AF_INET6, states=14
09-19 12:42:35.581   587   748 D InetDiagMessage: Destroyed live tcp sockets for uids={20195} in 0ms
09-19 12:42:35.765 14291 14329 D EGL_emulation: app_time_stats: avg=7.80ms min=5.18ms max=14.83ms count=60
09-19 12:42:35.844  1250  1250 I StylusModule: StylusModule.onUpdateToolType():770 Update tool type = 0
09-19 12:42:35.846 14291 14291 V hidapi  : initialize(true, false)
09-19 12:42:35.851   587  1581 D CompatChangeReporter: Compat change id reported: 161145287; UID 10249; state: ENABLED
09-19 12:42:35.853 14291 14291 E hidapi  : hid_init threw an exception: org.libsdl.app: One of RECEIVER_EXPORTED or RECEIVER_NOT_EXPORTED should be specified when a receiver isn't being registered exclusively for system broadcasts
09-19 12:42:36.769 14291 14329 D EGL_emulation: app_time_stats: avg=9.06ms min=6.25ms max=14.77ms count=60
09-19 12:42:37.376 14291 14329 I ImeTracker: org.libsdl.app:a5309561: onRequestShow at ORIGIN_CLIENT reason SHOW_TOGGLE_SOFT_INPUT fromUser false
09-19 12:42:37.376 14291 14329 D InputMethodManager: showSoftInput() view=org.libsdl.app.SDLSurface{4957180 VFE...... .F...... 0,0-1080,2274 aid=1073741824} flags=2 reason=SHOW_TOGGLE_SOFT_INPUT
09-19 12:42:37.377 14291 14329 I Chess   : Edit ip
09-19 12:42:37.380  1250  1250 I StylusModule: StylusModule.onUpdateToolType():770 Update tool type = 2
09-19 12:42:37.469  3645  3645 I artd    : Dex parent of /data/app/~~F6FUD1ZnMGbTjJkj3UJt_w==/com.google.android.gms-v1onozUYKPoHoTyMDNpjTg==/base.apk is not writable: Permission denied
09-19 12:42:37.469  3645  3645 I artd    : GetBestInfo checking odex in dalvik-cache (/data/dalvik-cache/x86_64/data@app@~~F6FUD1ZnMGbTjJkj3UJt_w==@com.google.android.gms-v1onozUYKPoHoTyMDNpjTg==@base.apk@classes.dex)
09-19 12:42:37.469  3645  3645 I artd    : Loading /data/dalvik-cache/x86_64/data@app@~~F6FUD1ZnMGbTjJkj3UJt_w==@com.google.android.gms-v1onozUYKPoHoTyMDNpjTg==@base.apk@classes.dex with executable: 0
09-19 12:42:37.469  3645  3645 I artd    : OatFileAssistant test for existing oat file /data/dalvik-cache/x86_64/data@app@~~F6FUD1ZnMGbTjJkj3UJt_w==@com.google.android.gms-v1onozUYKPoHoTyMDNpjTg==@base.apk@classes.dex: File /data/dalvik-cache/x86_64/data@app@~~F6FUD1ZnMGbTjJkj3UJt_w==@com.google.android.gms-v1onozUYKPoHoTyMDNpjTg==@base.apk@classes.vdex does not exist.
09-19 12:42:37.469  3645  3645 I artd    : GetBestInfo checking odex next to the dex file (/data/app/~~F6FUD1ZnMGbTjJkj3UJt_w==/com.google.android.gms-v1onozUYKPoHoTyMDNpjTg==/oat/x86_64/base.odex)
09-19 12:42:37.469  3645  3645 I artd    : Loading /data/app/~~F6FUD1ZnMGbTjJkj3UJt_w==/com.google.android.gms-v1onozUYKPoHoTyMDNpjTg==/oat/x86_64/base.odex with executable: 0
09-19 12:42:37.470  3645  3645 I artd    : Successfully loaded /data/app/~~F6FUD1ZnMGbTjJkj3UJt_w==/com.google.android.gms-v1onozUYKPoHoTyMDNpjTg==/oat/x86_64/base.odex with executable: 0
09-19 12:42:37.471  3645  3645 I artd    : /data/app/~~F6FUD1ZnMGbTjJkj3UJt_w==/com.google.android.gms-v1onozUYKPoHoTyMDNpjTg==/oat/x86_64/base.odex is kOatUpToDate with filter speed-profile
09-19 12:42:37.472  3645  3645 I artd    : Dex parent of /data/app/~~F6FUD1ZnMGbTjJkj3UJt_w==/com.google.android.gms-v1onozUYKPoHoTyMDNpjTg==/split_CronetDynamite_installtime.apk is not writable: Permission denied
09-19 12:42:37.472  3645  3645 I artd    : GetBestInfo checking odex in dalvik-cache (/data/dalvik-cache/x86_64/data@app@~~F6FUD1ZnMGbTjJkj3UJt_w==@com.google.android.gms-v1onozUYKPoHoTyMDNpjTg==@split_CronetDynamite_installtime.apk@classes.dex)
09-19 12:42:37.472  3645  3645 I artd    : Loading /data/dalvik-cache/x86_64/data@app@~~F6FUD1ZnMGbTjJkj3UJt_w==@com.google.android.gms-v1onozUYKPoHoTyMDNpjTg==@split_CronetDynamite_installtime.apk@classes.dex with executable: 0
09-19 12:42:37.472  3645  3645 I artd    : OatFileAssistant test for existing oat file /data/dalvik-cache/x86_64/data@app@~~F6FUD1ZnMGbTjJkj3UJt_w==@com.google.android.gms-v1onozUYKPoHoTyMDNpjTg==@split_CronetDynamite_installtime.apk@classes.dex: File /data/dalvik-cache/x86_64/data@app@~~F6FUD1ZnMGbTjJkj3UJt_w==@com.google.android.gms-v1onozUYKPoHoTyMDNpjTg==@split_CronetDynamite_installtime.apk@classes.vdex does not exist.
09-19 12:42:37.472  3645  3645 I artd    : GetBestInfo checking odex next to the dex file (/data/app/~~F6FUD1ZnMGbTjJkj3UJt_w==/com.google.android.gms-v1onozUYKPoHoTyMDNpjTg==/oat/x86_64/split_CronetDynamite_installtime.odex)
09-19 12:42:37.472  3645  3645 I artd    : Loading /data/app/~~F6FUD1ZnMGbTjJkj3UJt_w==/com.google.android.gms-v1onozUYKPoHoTyMDNpjTg==/oat/x86_64/split_CronetDynamite_installtime.odex with executable: 0
09-19 12:42:37.473  3645  3645 I artd    : Successfully loaded /data/app/~~F6FUD1ZnMGbTjJkj3UJt_w==/com.google.android.gms-v1onozUYKPoHoTyMDNpjTg==/oat/x86_64/split_CronetDynamite_installtime.odex with executable: 0
09-19 12:42:37.473  3645  3645 I artd    : /data/app/~~F6FUD1ZnMGbTjJkj3UJt_w==/com.google.android.gms-v1onozUYKPoHoTyMDNpjTg==/oat/x86_64/split_CronetDynamite_installtime.odex is kOatUpToDate with filter speed
09-19 12:42:37.475  3645  3645 I artd    : Dex parent of /data/app/~~F6FUD1ZnMGbTjJkj3UJt_w==/com.google.android.gms-v1onozUYKPoHoTyMDNpjTg==/split_DynamiteModulesA_installtime.apk is not writable: Permission denied
09-19 12:42:37.475  3645  3645 I artd    : GetBestInfo checking odex in dalvik-cache (/data/dalvik-cache/x86_64/data@app@~~F6FUD1ZnMGbTjJkj3UJt_w==@com.google.android.gms-v1onozUYKPoHoTyMDNpjTg==@split_DynamiteModulesA_installtime.apk@classes.dex)
09-19 12:42:37.475  3645  3645 I artd    : Loading /data/dalvik-cache/x86_64/data@app@~~F6FUD1ZnMGbTjJkj3UJt_w==@com.google.android.gms-v1onozUYKPoHoTyMDNpjTg==@split_DynamiteModulesA_installtime.apk@classes.dex with executable: 0
09-19 12:42:37.475  3645  3645 I artd    : OatFileAssistant test for existing oat file /data/dalvik-cache/x86_64/data@app@~~F6FUD1ZnMGbTjJkj3UJt_w==@com.google.android.gms-v1onozUYKPoHoTyMDNpjTg==@split_DynamiteModulesA_installtime.apk@classes.dex: File /data/dalvik-cache/x86_64/data@app@~~F6FUD1ZnMGbTjJkj3UJt_w==@com.google.android.gms-v1onozUYKPoHoTyMDNpjTg==@split_DynamiteModulesA_installtime.apk@classes.vdex does not exist.
09-19 12:42:37.475  3645  3645 I artd    : GetBestInfo checking odex next to the dex file (/data/app/~~F6FUD1ZnMGbTjJkj3UJt_w==/com.google.android.gms-v1onozUYKPoHoTyMDNpjTg==/oat/x86_64/split_DynamiteModulesA_installtime.odex)
09-19 12:42:37.475  3645  3645 I artd    : Loading /data/app/~~F6FUD1ZnMGbTjJkj3UJt_w==/com.google.android.gms-v1onozUYKPoHoTyMDNpjTg==/oat/x86_64/split_DynamiteModulesA_installtime.odex with executable: 0
09-19 12:42:37.475  3645  3645 I artd    : Successfully loaded /data/app/~~F6FUD1ZnMGbTjJkj3UJt_w==/com.google.android.gms-v1onozUYKPoHoTyMDNpjTg==/oat/x86_64/split_DynamiteModulesA_installtime.odex with executable: 0
09-19 12:42:37.476  3645  3645 I artd    : /data/app/~~F6FUD1ZnMGbTjJkj3UJt_w==/com.google.android.gms-v1onozUYKPoHoTyMDNpjTg==/oat/x86_64/split_DynamiteModulesA_installtime.odex is kOatUpToDate with filter speed
09-19 12:42:37.477  3645  3645 I artd    : Dex parent of /data/app/~~F6FUD1ZnMGbTjJkj3UJt_w==/com.google.android.gms-v1onozUYKPoHoTyMDNpjTg==/split_DynamiteModulesC_installtime.apk is not writable: Permission denied
09-19 12:42:37.477  3645  3645 I artd    : GetBestInfo checking odex in dalvik-cache (/data/dalvik-cache/x86_64/data@app@~~F6FUD1ZnMGbTjJkj3UJt_w==@com.google.android.gms-v1onozUYKPoHoTyMDNpjTg==@split_DynamiteModulesC_installtime.apk@classes.dex)
09-19 12:42:37.477  3645  3645 I artd    : Loading /data/dalvik-cache/x86_64/data@app@~~F6FUD1ZnMGbTjJkj3UJt_w==@com.google.android.gms-v1onozUYKPoHoTyMDNpjTg==@split_DynamiteModulesC_installtime.apk@classes.dex with executable: 0
09-19 12:42:37.477  3645  3645 I artd    : OatFileAssistant test for existing oat file /data/dalvik-cache/x86_64/data@app@~~F6FUD1ZnMGbTjJkj3UJt_w==@com.google.android.gms-v1onozUYKPoHoTyMDNpjTg==@split_DynamiteModulesC_installtime.apk@classes.dex: File /data/dalvik-cache/x86_64/data@app@~~F6FUD1ZnMGbTjJkj3UJt_w==@com.google.android.gms-v1onozUYKPoHoTyMDNpjTg==@split_DynamiteModulesC_installtime.apk@classes.vdex does not exist.
09-19 12:42:37.477  3645  3645 I artd    : GetBestInfo checking odex next to the dex file (/data/app/~~F6FUD1ZnMGbTjJkj3UJt_w==/com.google.android.gms-v1onozUYKPoHoTyMDNpjTg==/oat/x86_64/split_DynamiteModulesC_installtime.odex)
09-19 12:42:37.477  3645  3645 I artd    : Loading /data/app/~~F6FUD1ZnMGbTjJkj3UJt_w==/com.google.android.gms-v1onozUYKPoHoTyMDNpjTg==/oat/x86_64/split_DynamiteModulesC_installtime.odex with executable: 0
09-19 12:42:37.477  3645  3645 I artd    : Successfully loaded /data/app/~~F6FUD1ZnMGbTjJkj3UJt_w==/com.google.android.gms-v1onozUYKPoHoTyMDNpjTg==/oat/x86_64/split_DynamiteModulesC_installtime.odex with executable: 0
09-19 12:42:37.478  3645  3645 I artd    : /data/app/~~F6FUD1ZnMGbTjJkj3UJt_w==/com.google.android.gms-v1onozUYKPoHoTyMDNpjTg==/oat/x86_64/split_DynamiteModulesC_installtime.odex is kOatUpToDate with filter speed
09-19 12:42:37.479  3645  3645 I artd    : Dex parent of /data/app/~~F6FUD1ZnMGbTjJkj3UJt_w==/com.google.android.gms-v1onozUYKPoHoTyMDNpjTg==/split_GoogleCertificates_installtime.apk is not writable: Permission denied
09-19 12:42:37.479  3645  3645 I artd    : GetBestInfo checking odex in dalvik-cache (/data/dalvik-cache/x86_64/data@app@~~F6FUD1ZnMGbTjJkj3UJt_w==@com.google.android.gms-v1onozUYKPoHoTyMDNpjTg==@split_GoogleCertificates_installtime.apk@classes.dex)
09-19 12:42:37.479  3645  3645 I artd    : Loading /data/dalvik-cache/x86_64/data@app@~~F6FUD1ZnMGbTjJkj3UJt_w==@com.google.android.gms-v1onozUYKPoHoTyMDNpjTg==@split_GoogleCertificates_installtime.apk@classes.dex with executable: 0
09-19 12:42:37.479  3645  3645 I artd    : OatFileAssistant test for existing oat file /data/dalvik-cache/x86_64/data@app@~~F6FUD1ZnMGbTjJkj3UJt_w==@com.google.android.gms-v1onozUYKPoHoTyMDNpjTg==@split_GoogleCertificates_installtime.apk@classes.dex: File /data/dalvik-cache/x86_64/data@app@~~F6FUD1ZnMGbTjJkj3UJt_w==@com.google.android.gms-v1onozUYKPoHoTyMDNpjTg==@split_GoogleCertificates_installtime.apk@classes.vdex does not exist.
09-19 12:42:37.479  3645  3645 I artd    : GetBestInfo checking odex next to the dex file (/data/app/~~F6FUD1ZnMGbTjJkj3UJt_w==/com.google.android.gms-v1onozUYKPoHoTyMDNpjTg==/oat/x86_64/split_GoogleCertificates_installtime.odex)
09-19 12:42:37.479  3645  3645 I artd    : Loading /data/app/~~F6FUD1ZnMGbTjJkj3UJt_w==/com.google.android.gms-v1onozUYKPoHoTyMDNpjTg==/oat/x86_64/split_GoogleCertificates_installtime.odex with executable: 0
09-19 12:42:37.480  3645  3645 I artd    : Successfully loaded /data/app/~~F6FUD1ZnMGbTjJkj3UJt_w==/com.google.android.gms-v1onozUYKPoHoTyMDNpjTg==/oat/x86_64/split_GoogleCertificates_installtime.odex with executable: 0
09-19 12:42:37.480  3645  3645 I artd    : /data/app/~~F6FUD1ZnMGbTjJkj3UJt_w==/com.google.android.gms-v1onozUYKPoHoTyMDNpjTg==/oat/x86_64/split_GoogleCertificates_installtime.odex is kOatUpToDate with filter speed
09-19 12:42:37.481  1250  1250 I AbstractOpenableExtension: AbstractOpenableExtension.maybeDestroyExistingKeyboardGroupManager():538 Destroy existing keyboard group manager in eid
09-19 12:42:37.482  3645  3645 I artd    : Dex parent of /data/app/~~F6FUD1ZnMGbTjJkj3UJt_w==/com.google.android.gms-v1onozUYKPoHoTyMDNpjTg==/split_MapsDynamite_installtime.apk is not writable: Permission denied
09-19 12:42:37.482  3645  3645 I artd    : GetBestInfo checking odex in dalvik-cache (/data/dalvik-cache/x86_64/data@app@~~F6FUD1ZnMGbTjJkj3UJt_w==@com.google.android.gms-v1onozUYKPoHoTyMDNpjTg==@split_MapsDynamite_installtime.apk@classes.dex)
09-19 12:42:37.482  3645  3645 I artd    : Loading /data/dalvik-cache/x86_64/data@app@~~F6FUD1ZnMGbTjJkj3UJt_w==@com.google.android.gms-v1onozUYKPoHoTyMDNpjTg==@split_MapsDynamite_installtime.apk@classes.dex with executable: 0
09-19 12:42:37.482  3645  3645 I artd    : OatFileAssistant test for existing oat file /data/dalvik-cache/x86_64/data@app@~~F6FUD1ZnMGbTjJkj3UJt_w==@com.google.android.gms-v1onozUYKPoHoTyMDNpjTg==@split_MapsDynamite_installtime.apk@classes.dex: File /data/dalvik-cache/x86_64/data@app@~~F6FUD1ZnMGbTjJkj3UJt_w==@com.google.android.gms-v1onozUYKPoHoTyMDNpjTg==@split_MapsDynamite_installtime.apk@classes.vdex does not exist.
09-19 12:42:37.482  3645  3645 I artd    : GetBestInfo checking odex next to the dex file (/data/app/~~F6FUD1ZnMGbTjJkj3UJt_w==/com.google.android.gms-v1onozUYKPoHoTyMDNpjTg==/oat/x86_64/split_MapsDynamite_installtime.odex)
09-19 12:42:37.482  3645  3645 I artd    : Loading /data/app/~~F6FUD1ZnMGbTjJkj3UJt_w==/com.google.android.gms-v1onozUYKPoHoTyMDNpjTg==/oat/x86_64/split_MapsDynamite_installtime.odex with executable: 0
09-19 12:42:37.482  3645  3645 I artd    : Successfully loaded /data/app/~~F6FUD1ZnMGbTjJkj3UJt_w==/com.google.android.gms-v1onozUYKPoHoTyMDNpjTg==/oat/x86_64/split_MapsDynamite_installtime.odex with executable: 0
09-19 12:42:37.483  3645  3645 I artd    : /data/app/~~F6FUD1ZnMGbTjJkj3UJt_w==/com.google.android.gms-v1onozUYKPoHoTyMDNpjTg==/oat/x86_64/split_MapsDynamite_installtime.odex is kOatUpToDate with filter speed
09-19 12:42:37.484  3645  3645 I artd    : Dex parent of /data/app/~~F6FUD1ZnMGbTjJkj3UJt_w==/com.google.android.gms-v1onozUYKPoHoTyMDNpjTg==/split_MeasurementDynamite_installtime.apk is not writable: Permission denied
09-19 12:42:37.485  3645  3645 I artd    : GetBestInfo checking odex in dalvik-cache (/data/dalvik-cache/x86_64/data@app@~~F6FUD1ZnMGbTjJkj3UJt_w==@com.google.android.gms-v1onozUYKPoHoTyMDNpjTg==@split_MeasurementDynamite_installtime.apk@classes.dex)
09-19 12:42:37.485  3645  3645 I artd    : Loading /data/dalvik-cache/x86_64/data@app@~~F6FUD1ZnMGbTjJkj3UJt_w==@com.google.android.gms-v1onozUYKPoHoTyMDNpjTg==@split_MeasurementDynamite_installtime.apk@classes.dex with executable: 0
09-19 12:42:37.485  3645  3645 I artd    : OatFileAssistant test for existing oat file /data/dalvik-cache/x86_64/data@app@~~F6FUD1ZnMGbTjJkj3UJt_w==@com.google.android.gms-v1onozUYKPoHoTyMDNpjTg==@split_MeasurementDynamite_installtime.apk@classes.dex: File /data/dalvik-cache/x86_64/data@app@~~F6FUD1ZnMGbTjJkj3UJt_w==@com.google.android.gms-v1onozUYKPoHoTyMDNpjTg==@split_MeasurementDynamite_installtime.apk@classes.vdex does not exist.
09-19 12:42:37.485  3645  3645 I artd    : GetBestInfo checking odex next to the dex file (/data/app/~~F6FUD1ZnMGbTjJkj3UJt_w==/com.google.android.gms-v1onozUYKPoHoTyMDNpjTg==/oat/x86_64/split_MeasurementDynamite_installtime.odex)
09-19 12:42:37.485  3645  3645 I artd    : Loading /data/app/~~F6FUD1ZnMGbTjJkj3UJt_w==/com.google.android.gms-v1onozUYKPoHoTyMDNpjTg==/oat/x86_64/split_MeasurementDynamite_installtime.odex with executable: 0
09-19 12:42:37.486  3645  3645 I artd    : Successfully loaded /data/app/~~F6FUD1ZnMGbTjJkj3UJt_w==/com.google.android.gms-v1onozUYKPoHoTyMDNpjTg==/oat/x86_64/split_MeasurementDynamite_installtime.odex with executable: 0
09-19 12:42:37.486  3645  3645 I artd    : /data/app/~~F6FUD1ZnMGbTjJkj3UJt_w==/com.google.android.gms-v1onozUYKPoHoTyMDNpjTg==/oat/x86_64/split_MeasurementDynamite_installtime.odex is kOatUpToDate with filter speed
09-19 12:42:37.487  3645  3645 I artd    : Dex parent of /data/app/~~F6FUD1ZnMGbTjJkj3UJt_w==/com.google.android.gms-v1onozUYKPoHoTyMDNpjTg==/split_all_locale_splits.apk is not writable: Permission denied
09-19 12:42:37.487  3645  3645 I artd    : GetBestInfo checking odex in dalvik-cache (/data/dalvik-cache/x86_64/data@app@~~F6FUD1ZnMGbTjJkj3UJt_w==@com.google.android.gms-v1onozUYKPoHoTyMDNpjTg==@split_all_locale_splits.apk@classes.dex)
09-19 12:42:37.487  3645  3645 I artd    : Loading /data/dalvik-cache/x86_64/data@app@~~F6FUD1ZnMGbTjJkj3UJt_w==@com.google.android.gms-v1onozUYKPoHoTyMDNpjTg==@split_all_locale_splits.apk@classes.dex with executable: 0
09-19 12:42:37.487  3645  3645 I artd    : OatFileAssistant test for existing oat file /data/dalvik-cache/x86_64/data@app@~~F6FUD1ZnMGbTjJkj3UJt_w==@com.google.android.gms-v1onozUYKPoHoTyMDNpjTg==@split_all_locale_splits.apk@classes.dex: File /data/dalvik-cache/x86_64/data@app@~~F6FUD1ZnMGbTjJkj3UJt_w==@com.google.android.gms-v1onozUYKPoHoTyMDNpjTg==@split_all_locale_splits.apk@classes.vdex does not exist.
09-19 12:42:37.487  3645  3645 I artd    : GetBestInfo checking odex next to the dex file (/data/app/~~F6FUD1ZnMGbTjJkj3UJt_w==/com.google.android.gms-v1onozUYKPoHoTyMDNpjTg==/oat/x86_64/split_all_locale_splits.odex)
09-19 12:42:37.487  3645  3645 I artd    : Loading /data/app/~~F6FUD1ZnMGbTjJkj3UJt_w==/com.google.android.gms-v1onozUYKPoHoTyMDNpjTg==/oat/x86_64/split_all_locale_splits.odex with executable: 0
09-19 12:42:37.487  3645  3645 I artd    : Successfully loaded /data/app/~~F6FUD1ZnMGbTjJkj3UJt_w==/com.google.android.gms-v1onozUYKPoHoTyMDNpjTg==/oat/x86_64/split_all_locale_splits.odex with executable: 0
09-19 12:42:37.487  3645  3645 I artd    : /data/app/~~F6FUD1ZnMGbTjJkj3UJt_w==/com.google.android.gms-v1onozUYKPoHoTyMDNpjTg==/oat/x86_64/split_all_locale_splits.odex is kOatUpToDate with filter speed
09-19 12:42:37.489  3645  3785 I artd    : Dex parent of /data/user_de/0/com.google.android.gms/app_chimera/m/00000008/dl-Antifingerprinting.optional_242335100000.apk is not writable: Permission denied
09-19 12:42:37.489  3645  3785 I artd    : GetBestInfo checking odex in dalvik-cache (/data/dalvik-cache/x86_64/data@user_de@0@com.google.android.gms@app_chimera@m@00000008@dl-Antifingerprinting.optional_242335100000.apk@classes.dex)
09-19 12:42:37.489  3645  3785 I artd    : Loading /data/dalvik-cache/x86_64/data@user_de@0@com.google.android.gms@app_chimera@m@00000008@dl-Antifingerprinting.optional_242335100000.apk@classes.dex with executable: 0
09-19 12:42:37.490  3645  3785 I artd    : OatFileAssistant test for existing oat file /data/dalvik-cache/x86_64/data@user_de@0@com.google.android.gms@app_chimera@m@00000008@dl-Antifingerprinting.optional_242335100000.apk@classes.dex: File /data/dalvik-cache/x86_64/data@user_de@0@com.google.android.gms@app_chimera@m@00000008@dl-Antifingerprinting.optional_242335100000.apk@classes.vdex does not exist.
09-19 12:42:37.490  3645  3785 I artd    : GetBestInfo checking odex next to the dex file (/data/user_de/0/com.google.android.gms/app_chimera/m/00000008/oat/x86_64/dl-Antifingerprinting.optional_242335100000.odex)
09-19 12:42:37.490  3645  3785 I artd    : Loading /data/user_de/0/com.google.android.gms/app_chimera/m/00000008/oat/x86_64/dl-Antifingerprinting.optional_242335100000.odex with executable: 0
09-19 12:42:37.490  3645  3785 I artd    : OatFileAssistant test for existing oat file /data/user_de/0/com.google.android.gms/app_chimera/m/00000008/oat/x86_64/dl-Antifingerprinting.optional_242335100000.odex: File /data/user_de/0/com.google.android.gms/app_chimera/m/00000008/oat/x86_64/dl-Antifingerprinting.optional_242335100000.vdex does not exist.
09-19 12:42:37.490  3645  3785 I artd    : GetBestInfo checking vdex in dalvik-cache (/data/dalvik-cache/x86_64/data@user_de@0@com.google.android.gms@app_chimera@m@00000008@dl-Antifingerprinting.optional_242335100000.apk@classes.vdex)
09-19 12:42:37.490  3645  3785 I artd    : unable to open vdex file /data/dalvik-cache/x86_64/data@user_de@0@com.google.android.gms@app_chimera@m@00000008@dl-Antifingerprinting.optional_242335100000.apk@classes.vdex: File /data/dalvik-cache/x86_64/data@user_de@0@com.google.android.gms@app_chimera@m@00000008@dl-Antifingerprinting.optional_242335100000.apk@classes.vdex does not exist.
09-19 12:42:37.490  3645  3785 I artd    : OatFileAssistant test for existing oat file /data/dalvik-cache/x86_64/data@user_de@0@com.google.android.gms@app_chimera@m@00000008@dl-Antifingerprinting.optional_242335100000.apk@classes.vdex: File /data/dalvik-cache/x86_64/data@user_de@0@com.google.android.gms@app_chimera@m@00000008@dl-Antifingerprinting.optional_242335100000.apk@classes.vdex does not exist.
09-19 12:42:37.490  3645  3785 I artd    : GetBestInfo checking vdex next to the dex file (/data/user_de/0/com.google.android.gms/app_chimera/m/00000008/oat/x86_64/dl-Antifingerprinting.optional_242335100000.vdex)
09-19 12:42:37.490  3645  3785 I artd    : unable to open vdex file /data/user_de/0/com.google.android.gms/app_chimera/m/00000008/oat/x86_64/dl-Antifingerprinting.optional_242335100000.vdex: File /data/user_de/0/com.google.android.gms/app_chimera/m/00000008/oat/x86_64/dl-Antifingerprinting.optional_242335100000.vdex does not exist.
09-19 12:42:37.490  3645  3785 I artd    : OatFileAssistant test for existing oat file /data/user_de/0/com.google.android.gms/app_chimera/m/00000008/oat/x86_64/dl-Antifingerprinting.optional_242335100000.vdex: File /data/user_de/0/com.google.android.gms/app_chimera/m/00000008/oat/x86_64/dl-Antifingerprinting.optional_242335100000.vdex does not exist.
09-19 12:42:37.490  3645  3785 I artd    : GetBestInfo checking dm (/data/user_de/0/com.google.android.gms/app_chimera/m/00000008/dl-Antifingerprinting.optional_242335100000.dm)
09-19 12:42:37.490  3645  3785 W ziparchive: Unable to open '/data/user_de/0/com.google.android.gms/app_chimera/m/00000008/dl-Antifingerprinting.optional_242335100000.dm': No such file or directory
09-19 12:42:37.490  3645  3785 I artd    : OatFileAssistant test for existing oat file /data/user_de/0/com.google.android.gms/app_chimera/m/00000008/dl-Antifingerprinting.optional_242335100000.dm: I/O error
09-19 12:42:37.490  3645  3785 I artd    : GetBestInfo checking dm (/data/user_de/0/com.google.android.gms/app_chimera/m/00000008/dl-Antifingerprinting.optional_242335100000.dm)
09-19 12:42:37.490  3645  3785 W ziparchive: Unable to open '/data/user_de/0/com.google.android.gms/app_chimera/m/00000008/dl-Antifingerprinting.optional_242335100000.dm': No such file or directory
09-19 12:42:37.490  3645  3785 I artd    : OatFileAssistant test for existing oat file /data/user_de/0/com.google.android.gms/app_chimera/m/00000008/dl-Antifingerprinting.optional_242335100000.dm: I/O error
09-19 12:42:37.490  3645  3785 I artd    : GetBestInfo no usable artifacts
09-19 12:42:37.490  3645  3785 I artd    : Dex parent of /data/user_de/0/com.google.android.gms/app_chimera/m/00000002/DynamiteLoader.uncompressed.apk is not writable: No such file or directory
09-19 12:42:37.490  3645  3785 I artd    : GetBestInfo checking odex in dalvik-cache (/data/dalvik-cache/x86_64/data@user_de@0@com.google.android.gms@app_chimera@m@00000002@DynamiteLoader.uncompressed.apk@classes.dex)
09-19 12:42:37.490  3645  3785 I artd    : Loading /data/dalvik-cache/x86_64/data@user_de@0@com.google.android.gms@app_chimera@m@00000002@DynamiteLoader.uncompressed.apk@classes.dex with executable: 0
09-19 12:42:37.490  3645  3785 I artd    : OatFileAssistant test for existing oat file /data/dalvik-cache/x86_64/data@user_de@0@com.google.android.gms@app_chimera@m@00000002@DynamiteLoader.uncompressed.apk@classes.dex: File /data/dalvik-cache/x86_64/data@user_de@0@com.google.android.gms@app_chimera@m@00000002@DynamiteLoader.uncompressed.apk@classes.vdex does not exist.
09-19 12:42:37.490  3645  3785 I artd    : GetBestInfo checking odex next to the dex file (/data/user_de/0/com.google.android.gms/app_chimera/m/00000002/oat/x86_64/DynamiteLoader.uncompressed.odex)
09-19 12:42:37.490  3645  3785 I artd    : Loading /data/user_de/0/com.google.android.gms/app_chimera/m/00000002/oat/x86_64/DynamiteLoader.uncompressed.odex with executable: 0
09-19 12:42:37.490  3645  3785 I artd    : OatFileAssistant test for existing oat file /data/user_de/0/com.google.android.gms/app_chimera/m/00000002/oat/x86_64/DynamiteLoader.uncompressed.odex: File /data/user_de/0/com.google.android.gms/app_chimera/m/00000002/oat/x86_64/DynamiteLoader.uncompressed.vdex does not exist.
09-19 12:42:37.490  3645  3785 I artd    : GetBestInfo checking vdex in dalvik-cache (/data/dalvik-cache/x86_64/data@user_de@0@com.google.android.gms@app_chimera@m@00000002@DynamiteLoader.uncompressed.apk@classes.vdex)
09-19 12:42:37.490  3645  3785 I artd    : unable to open vdex file /data/dalvik-cache/x86_64/data@user_de@0@com.google.android.gms@app_chimera@m@00000002@DynamiteLoader.uncompressed.apk@classes.vdex: File /data/dalvik-cache/x86_64/data@user_de@0@com.google.android.gms@app_chimera@m@00000002@DynamiteLoader.uncompressed.apk@classes.vdex does not exist.
09-19 12:42:37.490  3645  3785 I artd    : OatFileAssistant test for existing oat file /data/dalvik-cache/x86_64/data@user_de@0@com.google.android.gms@app_chimera@m@00000002@DynamiteLoader.uncompressed.apk@classes.vdex: File /data/dalvik-cache/x86_64/data@user_de@0@com.google.android.gms@app_chimera@m@00000002@DynamiteLoader.uncompressed.apk@classes.vdex does not exist.
09-19 12:42:37.490  3645  3785 I artd    : GetBestInfo checking vdex next to the dex file (/data/user_de/0/com.google.android.gms/app_chimera/m/00000002/oat/x86_64/DynamiteLoader.uncompressed.vdex)
09-19 12:42:37.490  3645  3785 I artd    : unable to open vdex file /data/user_de/0/com.google.android.gms/app_chimera/m/00000002/oat/x86_64/DynamiteLoader.uncompressed.vdex: File /data/user_de/0/com.google.android.gms/app_chimera/m/00000002/oat/x86_64/DynamiteLoader.uncompressed.vdex does not exist.
