09-17 13:34:18.724  3645  3785 I artd    : GetBestInfo checking odex in dalvik-cache (/data/dalvik-cache/x86_64/data@user_de@0@com.google.android.gms@app_chimera@m@00000009@dl-TfliteDynamiteDynamite.integ_242327804100800.apk@classes.dex)
09-17 13:34:18.724  3645  3785 I artd    : Loading /data/dalvik-cache/x86_64/data@user_de@0@com.google.android.gms@app_chimera@m@00000009@dl-TfliteDynamiteDynamite.integ_242327804100800.apk@classes.dex with executable: 0
09-17 13:34:18.724  3645  3785 I artd    : OatFileAssistant test for existing oat file /data/dalvik-cache/x86_64/data@user_de@0@com.google.android.gms@app_chimera@m@00000009@dl-TfliteDynamiteDynamite.integ_242327804100800.apk@classes.dex: File /data/dalvik-cache/x86_64/data@user_de@0@com.google.android.gms@app_chimera@m@00000009@dl-TfliteDynamiteDynamite.integ_242327804100800.apk@classes.vdex does not exist.
09-17 13:34:18.724  3645  3785 I artd    : GetBestInfo checking odex next to the dex file (/data/user_de/0/com.google.android.gms/app_chimera/m/00000009/oat/x86_64/dl-TfliteDynamiteDynamite.integ_242327804100800.odex)
09-17 13:34:18.724  3645  3785 I artd    : Loading /data/user_de/0/com.google.android.gms/app_chimera/m/00000009/oat/x86_64/dl-TfliteDynamiteDynamite.integ_242327804100800.odex with executable: 0
09-17 13:34:18.724  3645  3785 I artd    : OatFileAssistant test for existing oat file /data/user_de/0/com.google.android.gms/app_chimera/m/00000009/oat/x86_64/dl-TfliteDynamiteDynamite.integ_242327804100800.odex: File /data/user_de/0/com.google.android.gms/app_chimera/m/00000009/oat/x86_64/dl-TfliteDynamiteDynamite.integ_242327804100800.vdex does not exist.
09-17 13:34:18.724  3645  3785 I artd    : GetBestInfo checking vdex in dalvik-cache (/data/dalvik-cache/x86_64/data@user_de@0@com.google.android.gms@app_chimera@m@00000009@dl-TfliteDynamiteDynamite.integ_242327804100800.apk@classes.vdex)
09-17 13:34:18.724  3645  3785 I artd    : unable to open vdex file /data/dalvik-cache/x86_64/data@user_de@0@com.google.android.gms@app_chimera@m@00000009@dl-TfliteDynamiteDynamite.integ_242327804100800.apk@classes.vdex: File /data/dalvik-cache/x86_64/data@user_de@0@com.google.android.gms@app_chimera@m@00000009@dl-TfliteDynamiteDynamite.integ_242327804100800.apk@classes.vdex does not exist.
09-17 13:34:18.724  3645  3785 I artd    : OatFileAssistant test for existing oat file /data/dalvik-cache/x86_64/data@user_de@0@com.google.android.gms@app_chimera@m@00000009@dl-TfliteDynamiteDynamite.integ_242327804100800.apk@classes.vdex: File /data/dalvik-cache/x86_64/data@user_de@0@com.google.android.gms@app_chimera@m@00000009@dl-TfliteDynamiteDynamite.integ_242327804100800.apk@classes.vdex does not exist.
09-17 13:34:18.724  3645  3785 I artd    : GetBestInfo checking vdex next to the dex file (/data/user_de/0/com.google.android.gms/app_chimera/m/00000009/oat/x86_64/dl-TfliteDynamiteDynamite.integ_242327804100800.vdex)
09-17 13:34:18.724  3645  3785 I artd    : unable to open vdex file /data/user_de/0/com.google.android.gms/app_chimera/m/00000009/oat/x86_64/dl-TfliteDynamiteDynamite.integ_242327804100800.vdex: File /data/user_de/0/com.google.android.gms/app_chimera/m/00000009/oat/x86_64/dl-TfliteDynamiteDynamite.integ_242327804100800.vdex does not exist.
09-17 13:34:18.724  3645  3785 I artd    : OatFileAssistant test for existing oat file /data/user_de/0/com.google.android.gms/app_chimera/m/00000009/oat/x86_64/dl-TfliteDynamiteDynamite.integ_242327804100800.vdex: File /data/user_de/0/com.google.android.gms/app_chimera/m/00000009/oat/x86_64/dl-TfliteDynamiteDynamite.integ_242327804100800.vdex does not exist.
09-17 13:34:18.724  3645  3785 I artd    : GetBestInfo checking dm (/data/user_de/0/com.google.android.gms/app_chimera/m/00000009/dl-TfliteDynamiteDynamite.integ_242327804100800.dm)
09-17 13:34:18.724  3645  3785 W ziparchive: Unable to open '/data/user_de/0/com.google.android.gms/app_chimera/m/00000009/dl-TfliteDynamiteDynamite.integ_242327804100800.dm': No such file or directory
09-17 13:34:18.724  3645  3785 I artd    : OatFileAssistant test for existing oat file /data/user_de/0/com.google.android.gms/app_chimera/m/00000009/dl-TfliteDynamiteDynamite.integ_242327804100800.dm: I/O error
09-17 13:34:18.724  3645  3785 I artd    : GetBestInfo checking dm (/data/user_de/0/com.google.android.gms/app_chimera/m/00000009/dl-TfliteDynamiteDynamite.integ_242327804100800.dm)
09-17 13:34:18.724  3645  3785 W ziparchive: Unable to open '/data/user_de/0/com.google.android.gms/app_chimera/m/00000009/dl-TfliteDynamiteDynamite.integ_242327804100800.dm': No such file or directory
09-17 13:34:18.724  3645  3785 I artd    : OatFileAssistant test for existing oat file /data/user_de/0/com.google.android.gms/app_chimera/m/00000009/dl-TfliteDynamiteDynamite.integ_242327804100800.dm: I/O error
09-17 13:34:18.724  3645  3785 I artd    : GetBestInfo no usable artifacts
09-17 13:34:18.725  3645  3785 I artd    : Dex parent of /data/user/0/com.google.android.gms/app_dg_cache/A842FC0111C2F2829E8839ECFF2BEF0BC86EA0AF/the.apk is not writable: Permission denied
09-17 13:34:18.725  3645  3785 I artd    : GetBestInfo checking odex in dalvik-cache (/data/dalvik-cache/x86_64/data@user@0@com.google.android.gms@app_dg_cache@A842FC0111C2F2829E8839ECFF2BEF0BC86EA0AF@the.apk@classes.dex)
09-17 13:34:18.725  3645  3785 I artd    : Loading /data/dalvik-cache/x86_64/data@user@0@com.google.android.gms@app_dg_cache@A842FC0111C2F2829E8839ECFF2BEF0BC86EA0AF@the.apk@classes.dex with executable: 0
09-17 13:34:18.725  3645  3785 I artd    : OatFileAssistant test for existing oat file /data/dalvik-cache/x86_64/data@user@0@com.google.android.gms@app_dg_cache@A842FC0111C2F2829E8839ECFF2BEF0BC86EA0AF@the.apk@classes.dex: File /data/dalvik-cache/x86_64/data@user@0@com.google.android.gms@app_dg_cache@A842FC0111C2F2829E8839ECFF2BEF0BC86EA0AF@the.apk@classes.vdex does not exist.
09-17 13:34:18.725  3645  3785 I artd    : GetBestInfo checking odex next to the dex file (/data/user/0/com.google.android.gms/app_dg_cache/A842FC0111C2F2829E8839ECFF2BEF0BC86EA0AF/oat/x86_64/the.odex)
09-17 13:34:18.725  3645  3785 I artd    : Loading /data/user/0/com.google.android.gms/app_dg_cache/A842FC0111C2F2829E8839ECFF2BEF0BC86EA0AF/oat/x86_64/the.odex with executable: 0
09-17 13:34:18.725  3645  3785 I artd    : OatFileAssistant test for existing oat file /data/user/0/com.google.android.gms/app_dg_cache/A842FC0111C2F2829E8839ECFF2BEF0BC86EA0AF/oat/x86_64/the.odex: Failed to open oat filename for reading: No such file or directory
09-17 13:34:18.725  3645  3785 I artd    : GetBestInfo checking vdex in dalvik-cache (/data/dalvik-cache/x86_64/data@user@0@com.google.android.gms@app_dg_cache@A842FC0111C2F2829E8839ECFF2BEF0BC86EA0AF@the.apk@classes.vdex)
09-17 13:34:18.725  3645  3785 I artd    : unable to open vdex file /data/dalvik-cache/x86_64/data@user@0@com.google.android.gms@app_dg_cache@A842FC0111C2F2829E8839ECFF2BEF0BC86EA0AF@the.apk@classes.vdex: File /data/dalvik-cache/x86_64/data@user@0@com.google.android.gms@app_dg_cache@A842FC0111C2F2829E8839ECFF2BEF0BC86EA0AF@the.apk@classes.vdex does not exist.
09-17 13:34:18.725  3645  3785 I artd    : OatFileAssistant test for existing oat file /data/dalvik-cache/x86_64/data@user@0@com.google.android.gms@app_dg_cache@A842FC0111C2F2829E8839ECFF2BEF0BC86EA0AF@the.apk@classes.vdex: File /data/dalvik-cache/x86_64/data@user@0@com.google.android.gms@app_dg_cache@A842FC0111C2F2829E8839ECFF2BEF0BC86EA0AF@the.apk@classes.vdex does not exist.
09-17 13:34:18.725  3645  3785 I artd    : GetBestInfo checking vdex next to the dex file (/data/user/0/com.google.android.gms/app_dg_cache/A842FC0111C2F2829E8839ECFF2BEF0BC86EA0AF/oat/x86_64/the.vdex)
09-17 13:34:18.726  3645  3785 I artd    : Successfully loaded /data/user/0/com.google.android.gms/app_dg_cache/A842FC0111C2F2829E8839ECFF2BEF0BC86EA0AF/oat/x86_64/the.vdex with executable: 0
09-17 13:34:18.726  3645  3785 I artd    : Image checksum test skipped for vdex file /data/user/0/com.google.android.gms/app_dg_cache/A842FC0111C2F2829E8839ECFF2BEF0BC86EA0AF/oat/x86_64/the.vdex
09-17 13:34:18.726  3645  3785 I artd    : /data/user/0/com.google.android.gms/app_dg_cache/A842FC0111C2F2829E8839ECFF2BEF0BC86EA0AF/oat/x86_64/the.vdex is kOatUpToDate with filter verify
09-17 13:34:18.727  3645  3785 I artd    : Dex parent of /data/user_de/0/com.google.android.gms/app_chimera/m/00000012/dl-MlkitBarcodeUi.optional_243433100800.apk is not writable: Permission denied
09-17 13:34:18.727  3645  3785 I artd    : GetBestInfo checking odex in dalvik-cache (/data/dalvik-cache/x86_64/data@user_de@0@com.google.android.gms@app_chimera@m@00000012@dl-MlkitBarcodeUi.optional_243433100800.apk@classes.dex)
09-17 13:34:18.727  3645  3785 I artd    : Loading /data/dalvik-cache/x86_64/data@user_de@0@com.google.android.gms@app_chimera@m@00000012@dl-MlkitBarcodeUi.optional_243433100800.apk@classes.dex with executable: 0
09-17 13:34:18.727  3645  3785 I artd    : OatFileAssistant test for existing oat file /data/dalvik-cache/x86_64/data@user_de@0@com.google.android.gms@app_chimera@m@00000012@dl-MlkitBarcodeUi.optional_243433100800.apk@classes.dex: File /data/dalvik-cache/x86_64/data@user_de@0@com.google.android.gms@app_chimera@m@00000012@dl-MlkitBarcodeUi.optional_243433100800.apk@classes.vdex does not exist.
09-17 13:34:18.727  3645  3785 I artd    : GetBestInfo checking odex next to the dex file (/data/user_de/0/com.google.android.gms/app_chimera/m/00000012/oat/x86_64/dl-MlkitBarcodeUi.optional_243433100800.odex)
09-17 13:34:18.727  3645  3785 I artd    : Loading /data/user_de/0/com.google.android.gms/app_chimera/m/00000012/oat/x86_64/dl-MlkitBarcodeUi.optional_243433100800.odex with executable: 0
09-17 13:34:18.727  3645  3785 I artd    : OatFileAssistant test for existing oat file /data/user_de/0/com.google.android.gms/app_chimera/m/00000012/oat/x86_64/dl-MlkitBarcodeUi.optional_243433100800.odex: File /data/user_de/0/com.google.android.gms/app_chimera/m/00000012/oat/x86_64/dl-MlkitBarcodeUi.optional_243433100800.vdex does not exist.
09-17 13:34:18.727  3645  3785 I artd    : GetBestInfo checking vdex in dalvik-cache (/data/dalvik-cache/x86_64/data@user_de@0@com.google.android.gms@app_chimera@m@00000012@dl-MlkitBarcodeUi.optional_243433100800.apk@classes.vdex)
09-17 13:34:18.727  3645  3785 I artd    : unable to open vdex file /data/dalvik-cache/x86_64/data@user_de@0@com.google.android.gms@app_chimera@m@00000012@dl-MlkitBarcodeUi.optional_243433100800.apk@classes.vdex: File /data/dalvik-cache/x86_64/data@user_de@0@com.google.android.gms@app_chimera@m@00000012@dl-MlkitBarcodeUi.optional_243433100800.apk@classes.vdex does not exist.
09-17 13:34:18.727  3645  3785 I artd    : OatFileAssistant test for existing oat file /data/dalvik-cache/x86_64/data@user_de@0@com.google.android.gms@app_chimera@m@00000012@dl-MlkitBarcodeUi.optional_243433100800.apk@classes.vdex: File /data/dalvik-cache/x86_64/data@user_de@0@com.google.android.gms@app_chimera@m@00000012@dl-MlkitBarcodeUi.optional_243433100800.apk@classes.vdex does not exist.
09-17 13:34:18.727  3645  3785 I artd    : GetBestInfo checking vdex next to the dex file (/data/user_de/0/com.google.android.gms/app_chimera/m/00000012/oat/x86_64/dl-MlkitBarcodeUi.optional_243433100800.vdex)
09-17 13:34:18.727  3645  3785 I artd    : unable to open vdex file /data/user_de/0/com.google.android.gms/app_chimera/m/00000012/oat/x86_64/dl-MlkitBarcodeUi.optional_243433100800.vdex: File /data/user_de/0/com.google.android.gms/app_chimera/m/00000012/oat/x86_64/dl-MlkitBarcodeUi.optional_243433100800.vdex does not exist.
09-17 13:34:18.727  3645  3785 I artd    : OatFileAssistant test for existing oat file /data/user_de/0/com.google.android.gms/app_chimera/m/00000012/oat/x86_64/dl-MlkitBarcodeUi.optional_243433100800.vdex: File /data/user_de/0/com.google.android.gms/app_chimera/m/00000012/oat/x86_64/dl-MlkitBarcodeUi.optional_243433100800.vdex does not exist.
09-17 13:34:18.727  3645  3785 I artd    : GetBestInfo checking dm (/data/user_de/0/com.google.android.gms/app_chimera/m/00000012/dl-MlkitBarcodeUi.optional_243433100800.dm)
09-17 13:34:18.727  3645  3785 W ziparchive: Unable to open '/data/user_de/0/com.google.android.gms/app_chimera/m/00000012/dl-MlkitBarcodeUi.optional_243433100800.dm': No such file or directory
09-17 13:34:18.727  3645  3785 I artd    : OatFileAssistant test for existing oat file /data/user_de/0/com.google.android.gms/app_chimera/m/00000012/dl-MlkitBarcodeUi.optional_243433100800.dm: I/O error
09-17 13:34:18.727  3645  3785 I artd    : GetBestInfo checking dm (/data/user_de/0/com.google.android.gms/app_chimera/m/00000012/dl-MlkitBarcodeUi.optional_243433100800.dm)
09-17 13:34:18.727  3645  3785 W ziparchive: Unable to open '/data/user_de/0/com.google.android.gms/app_chimera/m/00000012/dl-MlkitBarcodeUi.optional_243433100800.dm': No such file or directory
09-17 13:34:18.727  3645  3785 I artd    : OatFileAssistant test for existing oat file /data/user_de/0/com.google.android.gms/app_chimera/m/00000012/dl-MlkitBarcodeUi.optional_243433100800.dm: I/O error
09-17 13:34:18.727  3645  3785 I artd    : GetBestInfo no usable artifacts
09-17 13:34:18.729  3645  3785 I artd    : Dex parent of /data/user_de/0/com.google.android.gms/app_chimera/m/0000000a/dl-MlkitBarcodeUi.optional_242335100800.apk is not writable: Permission denied
09-17 13:34:18.729  3645  3785 I artd    : GetBestInfo checking odex in dalvik-cache (/data/dalvik-cache/x86_64/data@user_de@0@com.google.android.gms@app_chimera@m@0000000a@dl-MlkitBarcodeUi.optional_242335100800.apk@classes.dex)
09-17 13:34:18.729  3645  3785 I artd    : Loading /data/dalvik-cache/x86_64/data@user_de@0@com.google.android.gms@app_chimera@m@0000000a@dl-MlkitBarcodeUi.optional_242335100800.apk@classes.dex with executable: 0
09-17 13:34:18.729  3645  3785 I artd    : OatFileAssistant test for existing oat file /data/dalvik-cache/x86_64/data@user_de@0@com.google.android.gms@app_chimera@m@0000000a@dl-MlkitBarcodeUi.optional_242335100800.apk@classes.dex: File /data/dalvik-cache/x86_64/data@user_de@0@com.google.android.gms@app_chimera@m@0000000a@dl-MlkitBarcodeUi.optional_242335100800.apk@classes.vdex does not exist.
09-17 13:34:18.729  3645  3785 I artd    : GetBestInfo checking odex next to the dex file (/data/user_de/0/com.google.android.gms/app_chimera/m/0000000a/oat/x86_64/dl-MlkitBarcodeUi.optional_242335100800.odex)
09-17 13:34:18.730  3645  3785 I artd    : Loading /data/user_de/0/com.google.android.gms/app_chimera/m/0000000a/oat/x86_64/dl-MlkitBarcodeUi.optional_242335100800.odex with executable: 0
09-17 13:34:18.730  3645  3785 I artd    : OatFileAssistant test for existing oat file /data/user_de/0/com.google.android.gms/app_chimera/m/0000000a/oat/x86_64/dl-MlkitBarcodeUi.optional_242335100800.odex: File /data/user_de/0/com.google.android.gms/app_chimera/m/0000000a/oat/x86_64/dl-MlkitBarcodeUi.optional_242335100800.vdex does not exist.
09-17 13:34:18.730  3645  3785 I artd    : GetBestInfo checking vdex in dalvik-cache (/data/dalvik-cache/x86_64/data@user_de@0@com.google.android.gms@app_chimera@m@0000000a@dl-MlkitBarcodeUi.optional_242335100800.apk@classes.vdex)
09-17 13:34:18.730  3645  3785 I artd    : unable to open vdex file /data/dalvik-cache/x86_64/data@user_de@0@com.google.android.gms@app_chimera@m@0000000a@dl-MlkitBarcodeUi.optional_242335100800.apk@classes.vdex: File /data/dalvik-cache/x86_64/data@user_de@0@com.google.android.gms@app_chimera@m@0000000a@dl-MlkitBarcodeUi.optional_242335100800.apk@classes.vdex does not exist.
09-17 13:34:18.730  3645  3785 I artd    : OatFileAssistant test for existing oat file /data/dalvik-cache/x86_64/data@user_de@0@com.google.android.gms@app_chimera@m@0000000a@dl-MlkitBarcodeUi.optional_242335100800.apk@classes.vdex: File /data/dalvik-cache/x86_64/data@user_de@0@com.google.android.gms@app_chimera@m@0000000a@dl-MlkitBarcodeUi.optional_242335100800.apk@classes.vdex does not exist.
09-17 13:34:18.730  3645  3785 I artd    : GetBestInfo checking vdex next to the dex file (/data/user_de/0/com.google.android.gms/app_chimera/m/0000000a/oat/x86_64/dl-MlkitBarcodeUi.optional_242335100800.vdex)
09-17 13:34:18.730  3645  3785 I artd    : unable to open vdex file /data/user_de/0/com.google.android.gms/app_chimera/m/0000000a/oat/x86_64/dl-MlkitBarcodeUi.optional_242335100800.vdex: File /data/user_de/0/com.google.android.gms/app_chimera/m/0000000a/oat/x86_64/dl-MlkitBarcodeUi.optional_242335100800.vdex does not exist.
09-17 13:34:18.730  3645  3785 I artd    : OatFileAssistant test for existing oat file /data/user_de/0/com.google.android.gms/app_chimera/m/0000000a/oat/x86_64/dl-MlkitBarcodeUi.optional_242335100800.vdex: File /data/user_de/0/com.google.android.gms/app_chimera/m/0000000a/oat/x86_64/dl-MlkitBarcodeUi.optional_242335100800.vdex does not exist.
09-17 13:34:18.730  3645  3785 I artd    : GetBestInfo checking dm (/data/user_de/0/com.google.android.gms/app_chimera/m/0000000a/dl-MlkitBarcodeUi.optional_242335100800.dm)
09-17 13:34:18.730  3645  3785 W ziparchive: Unable to open '/data/user_de/0/com.google.android.gms/app_chimera/m/0000000a/dl-MlkitBarcodeUi.optional_242335100800.dm': No such file or directory
09-17 13:34:18.730  3645  3785 I artd    : OatFileAssistant test for existing oat file /data/user_de/0/com.google.android.gms/app_chimera/m/0000000a/dl-MlkitBarcodeUi.optional_242335100800.dm: I/O error
09-17 13:34:18.730  3645  3785 I artd    : GetBestInfo checking dm (/data/user_de/0/com.google.android.gms/app_chimera/m/0000000a/dl-MlkitBarcodeUi.optional_242335100800.dm)
09-17 13:34:18.730  3645  3785 W ziparchive: Unable to open '/data/user_de/0/com.google.android.gms/app_chimera/m/0000000a/dl-MlkitBarcodeUi.optional_242335100800.dm': No such file or directory
09-17 13:34:18.730  3645  3785 I artd    : OatFileAssistant test for existing oat file /data/user_de/0/com.google.android.gms/app_chimera/m/0000000a/dl-MlkitBarcodeUi.optional_242335100800.dm: I/O error
09-17 13:34:18.730  3645  3785 I artd    : GetBestInfo no usable artifacts
09-17 13:34:18.731  3645  3785 I artd    : Dex parent of /data/user/0/com.google.android.gms/app_dg_cache/6ECAAAF8C81639B3CC486B1F49379564D924D1C8/the.apk is not writable: Permission denied
09-17 13:34:18.731  3645  3785 I artd    : GetBestInfo checking odex in dalvik-cache (/data/dalvik-cache/x86_64/data@user@0@com.google.android.gms@app_dg_cache@6ECAAAF8C81639B3CC486B1F49379564D924D1C8@the.apk@classes.dex)
09-17 13:34:18.731  3645  3785 I artd    : Loading /data/dalvik-cache/x86_64/data@user@0@com.google.android.gms@app_dg_cache@6ECAAAF8C81639B3CC486B1F49379564D924D1C8@the.apk@classes.dex with executable: 0
09-17 13:34:18.731  3645  3785 I artd    : OatFileAssistant test for existing oat file /data/dalvik-cache/x86_64/data@user@0@com.google.android.gms@app_dg_cache@6ECAAAF8C81639B3CC486B1F49379564D924D1C8@the.apk@classes.dex: File /data/dalvik-cache/x86_64/data@user@0@com.google.android.gms@app_dg_cache@6ECAAAF8C81639B3CC486B1F49379564D924D1C8@the.apk@classes.vdex does not exist.
09-17 13:34:18.731  3645  3785 I artd    : GetBestInfo checking odex next to the dex file (/data/user/0/com.google.android.gms/app_dg_cache/6ECAAAF8C81639B3CC486B1F49379564D924D1C8/oat/x86_64/the.odex)
09-17 13:34:18.731  3645  3785 I artd    : Loading /data/user/0/com.google.android.gms/app_dg_cache/6ECAAAF8C81639B3CC486B1F49379564D924D1C8/oat/x86_64/the.odex with executable: 0
09-17 13:34:18.731  3645  3785 I artd    : OatFileAssistant test for existing oat file /data/user/0/com.google.android.gms/app_dg_cache/6ECAAAF8C81639B3CC486B1F49379564D924D1C8/oat/x86_64/the.odex: Failed to open oat filename for reading: No such file or directory
09-17 13:34:18.731  3645  3785 I artd    : GetBestInfo checking vdex in dalvik-cache (/data/dalvik-cache/x86_64/data@user@0@com.google.android.gms@app_dg_cache@6ECAAAF8C81639B3CC486B1F49379564D924D1C8@the.apk@classes.vdex)
09-17 13:34:18.731  3645  3785 I artd    : unable to open vdex file /data/dalvik-cache/x86_64/data@user@0@com.google.android.gms@app_dg_cache@6ECAAAF8C81639B3CC486B1F49379564D924D1C8@the.apk@classes.vdex: File /data/dalvik-cache/x86_64/data@user@0@com.google.android.gms@app_dg_cache@6ECAAAF8C81639B3CC486B1F49379564D924D1C8@the.apk@classes.vdex does not exist.
09-17 13:34:18.731  3645  3785 I artd    : OatFileAssistant test for existing oat file /data/dalvik-cache/x86_64/data@user@0@com.google.android.gms@app_dg_cache@6ECAAAF8C81639B3CC486B1F49379564D924D1C8@the.apk@classes.vdex: File /data/dalvik-cache/x86_64/data@user@0@com.google.android.gms@app_dg_cache@6ECAAAF8C81639B3CC486B1F49379564D924D1C8@the.apk@classes.vdex does not exist.
09-17 13:34:18.731  3645  3785 I artd    : GetBestInfo checking vdex next to the dex file (/data/user/0/com.google.android.gms/app_dg_cache/6ECAAAF8C81639B3CC486B1F49379564D924D1C8/oat/x86_64/the.vdex)
09-17 13:34:18.732  3645  3785 I artd    : Successfully loaded /data/user/0/com.google.android.gms/app_dg_cache/6ECAAAF8C81639B3CC486B1F49379564D924D1C8/oat/x86_64/the.vdex with executable: 0
09-17 13:34:18.732  3645  3785 I artd    : Image checksum test skipped for vdex file /data/user/0/com.google.android.gms/app_dg_cache/6ECAAAF8C81639B3CC486B1F49379564D924D1C8/oat/x86_64/the.vdex
09-17 13:34:18.732  3645  3785 I artd    : /data/user/0/com.google.android.gms/app_dg_cache/6ECAAAF8C81639B3CC486B1F49379564D924D1C8/oat/x86_64/the.vdex is kOatUpToDate with filter verify
09-17 13:34:18.732  3645  3649 I artd    : Dex parent of /data/user_de/0/com.google.android.gms/app_chimera/m/0000000f/DynamiteLoader.uncompressed.apk is not writable: Permission denied
09-17 13:34:18.732  3645  3649 I artd    : GetBestInfo checking odex in dalvik-cache (/data/dalvik-cache/x86_64/data@user_de@0@com.google.android.gms@app_chimera@m@0000000f@DynamiteLoader.uncompressed.apk@classes.dex)
09-17 13:34:18.732  3645  3649 I artd    : Loading /data/dalvik-cache/x86_64/data@user_de@0@com.google.android.gms@app_chimera@m@0000000f@DynamiteLoader.uncompressed.apk@classes.dex with executable: 0
09-17 13:34:18.732  3645  3649 I artd    : OatFileAssistant test for existing oat file /data/dalvik-cache/x86_64/data@user_de@0@com.google.android.gms@app_chimera@m@0000000f@DynamiteLoader.uncompressed.apk@classes.dex: File /data/dalvik-cache/x86_64/data@user_de@0@com.google.android.gms@app_chimera@m@0000000f@DynamiteLoader.uncompressed.apk@classes.vdex does not exist.
09-17 13:34:18.732  3645  3649 I artd    : GetBestInfo checking odex next to the dex file (/data/user_de/0/com.google.android.gms/app_chimera/m/0000000f/oat/x86_64/DynamiteLoader.uncompressed.odex)
09-17 13:34:18.732  3645  3649 I artd    : Loading /data/user_de/0/com.google.android.gms/app_chimera/m/0000000f/oat/x86_64/DynamiteLoader.uncompressed.odex with executable: 0
09-17 13:34:18.732  3645  3649 I artd    : OatFileAssistant test for existing oat file /data/user_de/0/com.google.android.gms/app_chimera/m/0000000f/oat/x86_64/DynamiteLoader.uncompressed.odex: File /data/user_de/0/com.google.android.gms/app_chimera/m/0000000f/oat/x86_64/DynamiteLoader.uncompressed.vdex does not exist.
09-17 13:34:18.732  3645  3649 I artd    : GetBestInfo checking vdex in dalvik-cache (/data/dalvik-cache/x86_64/data@user_de@0@com.google.android.gms@app_chimera@m@0000000f@DynamiteLoader.uncompressed.apk@classes.vdex)
09-17 13:34:18.732  3645  3649 I artd    : unable to open vdex file /data/dalvik-cache/x86_64/data@user_de@0@com.google.android.gms@app_chimera@m@0000000f@DynamiteLoader.uncompressed.apk@classes.vdex: File /data/dalvik-cache/x86_64/data@user_de@0@com.google.android.gms@app_chimera@m@0000000f@DynamiteLoader.uncompressed.apk@classes.vdex does not exist.
09-17 13:34:18.732  3645  3649 I artd    : OatFileAssistant test for existing oat file /data/dalvik-cache/x86_64/data@user_de@0@com.google.android.gms@app_chimera@m@0000000f@DynamiteLoader.uncompressed.apk@classes.vdex: File /data/dalvik-cache/x86_64/data@user_de@0@com.google.android.gms@app_chimera@m@0000000f@DynamiteLoader.uncompressed.apk@classes.vdex does not exist.
09-17 13:34:18.732  3645  3649 I artd    : GetBestInfo checking vdex next to the dex file (/data/user_de/0/com.google.android.gms/app_chimera/m/0000000f/oat/x86_64/DynamiteLoader.uncompressed.vdex)
09-17 13:34:18.732  3645  3649 I artd    : unable to open vdex file /data/user_de/0/com.google.android.gms/app_chimera/m/0000000f/oat/x86_64/DynamiteLoader.uncompressed.vdex: File /data/user_de/0/com.google.android.gms/app_chimera/m/0000000f/oat/x86_64/DynamiteLoader.uncompressed.vdex does not exist.
09-17 13:34:18.732  3645  3649 I artd    : OatFileAssistant test for existing oat file /data/user_de/0/com.google.android.gms/app_chimera/m/0000000f/oat/x86_64/DynamiteLoader.uncompressed.vdex: File /data/user_de/0/com.google.android.gms/app_chimera/m/0000000f/oat/x86_64/DynamiteLoader.uncompressed.vdex does not exist.
09-17 13:34:18.732  3645  3649 I artd    : GetBestInfo checking dm (/data/user_de/0/com.google.android.gms/app_chimera/m/0000000f/DynamiteLoader.uncompressed.dm)
09-17 13:34:18.732  3645  3649 W ziparchive: Unable to open '/data/user_de/0/com.google.android.gms/app_chimera/m/0000000f/DynamiteLoader.uncompressed.dm': No such file or directory
09-17 13:34:18.732  3645  3649 I artd    : OatFileAssistant test for existing oat file /data/user_de/0/com.google.android.gms/app_chimera/m/0000000f/DynamiteLoader.uncompressed.dm: I/O error
09-17 13:34:18.732  3645  3649 I artd    : GetBestInfo checking dm (/data/user_de/0/com.google.android.gms/app_chimera/m/0000000f/DynamiteLoader.uncompressed.dm)
09-17 13:34:18.732  3645  3649 W ziparchive: Unable to open '/data/user_de/0/com.google.android.gms/app_chimera/m/0000000f/DynamiteLoader.uncompressed.dm': No such file or directory
09-17 13:34:18.732  3645  3649 I artd    : OatFileAssistant test for existing oat file /data/user_de/0/com.google.android.gms/app_chimera/m/0000000f/DynamiteLoader.uncompressed.dm: I/O error
09-17 13:34:18.732  3645  3649 I artd    : GetBestInfo no usable artifacts
09-17 13:34:18.733  3645  3649 I artd    : Dex parent of /data/user_de/0/com.google.android.gms/app_chimera/m/00000007/MeasurementDynamite.apk is not writable: No such file or directory
09-17 13:34:18.733  3645  3649 I artd    : GetBestInfo checking odex in dalvik-cache (/data/dalvik-cache/x86_64/data@user_de@0@com.google.android.gms@app_chimera@m@00000007@MeasurementDynamite.apk@classes.dex)
09-17 13:34:18.733  3645  3649 I artd    : Loading /data/dalvik-cache/x86_64/data@user_de@0@com.google.android.gms@app_chimera@m@00000007@MeasurementDynamite.apk@classes.dex with executable: 0
09-17 13:34:18.733  3645  3649 I artd    : OatFileAssistant test for existing oat file /data/dalvik-cache/x86_64/data@user_de@0@com.google.android.gms@app_chimera@m@00000007@MeasurementDynamite.apk@classes.dex: File /data/dalvik-cache/x86_64/data@user_de@0@com.google.android.gms@app_chimera@m@00000007@MeasurementDynamite.apk@classes.vdex does not exist.
09-17 13:34:18.733  3645  3649 I artd    : GetBestInfo checking odex next to the dex file (/data/user_de/0/com.google.android.gms/app_chimera/m/00000007/oat/x86_64/MeasurementDynamite.odex)
09-17 13:34:18.733  3645  3649 I artd    : Loading /data/user_de/0/com.google.android.gms/app_chimera/m/00000007/oat/x86_64/MeasurementDynamite.odex with executable: 0
09-17 13:34:18.733  3645  3649 I artd    : OatFileAssistant test for existing oat file /data/user_de/0/com.google.android.gms/app_chimera/m/00000007/oat/x86_64/MeasurementDynamite.odex: File /data/user_de/0/com.google.android.gms/app_chimera/m/00000007/oat/x86_64/MeasurementDynamite.vdex does not exist.
09-17 13:34:18.733  3645  3649 I artd    : GetBestInfo checking vdex in dalvik-cache (/data/dalvik-cache/x86_64/data@user_de@0@com.google.android.gms@app_chimera@m@00000007@MeasurementDynamite.apk@classes.vdex)
09-17 13:34:18.733  3645  3649 I artd    : unable to open vdex file /data/dalvik-cache/x86_64/data@user_de@0@com.google.android.gms@app_chimera@m@00000007@MeasurementDynamite.apk@classes.vdex: File /data/dalvik-cache/x86_64/data@user_de@0@com.google.android.gms@app_chimera@m@00000007@MeasurementDynamite.apk@classes.vdex does not exist.
09-17 13:34:18.733  3645  3649 I artd    : OatFileAssistant test for existing oat file /data/dalvik-cache/x86_64/data@user_de@0@com.google.android.gms@app_chimera@m@00000007@MeasurementDynamite.apk@classes.vdex: File /data/dalvik-cache/x86_64/data@user_de@0@com.google.android.gms@app_chimera@m@00000007@MeasurementDynamite.apk@classes.vdex does not exist.
09-17 13:34:18.733  3645  3649 I artd    : GetBestInfo checking vdex next to the dex file (/data/user_de/0/com.google.android.gms/app_chimera/m/00000007/oat/x86_64/MeasurementDynamite.vdex)
09-17 13:34:18.733  3645  3649 I artd    : unable to open vdex file /data/user_de/0/com.google.android.gms/app_chimera/m/00000007/oat/x86_64/MeasurementDynamite.vdex: File /data/user_de/0/com.google.android.gms/app_chimera/m/00000007/oat/x86_64/MeasurementDynamite.vdex does not exist.
09-17 13:34:18.733  3645  3649 I artd    : OatFileAssistant test for existing oat file /data/user_de/0/com.google.android.gms/app_chimera/m/00000007/oat/x86_64/MeasurementDynamite.vdex: File /data/user_de/0/com.google.android.gms/app_chimera/m/00000007/oat/x86_64/MeasurementDynamite.vdex does not exist.
09-17 13:34:18.733  3645  3649 I artd    : GetBestInfo checking dm (/data/user_de/0/com.google.android.gms/app_chimera/m/00000007/MeasurementDynamite.dm)
09-17 13:34:18.733  3645  3649 W ziparchive: Unable to open '/data/user_de/0/com.google.android.gms/app_chimera/m/00000007/MeasurementDynamite.dm': No such file or directory
09-17 13:34:18.734  3645  3649 I artd    : OatFileAssistant test for existing oat file /data/user_de/0/com.google.android.gms/app_chimera/m/00000007/MeasurementDynamite.dm: I/O error
09-17 13:34:18.734  3645  3649 I artd    : GetBestInfo checking dm (/data/user_de/0/com.google.android.gms/app_chimera/m/00000007/MeasurementDynamite.dm)
09-17 13:34:18.734  3645  3649 W ziparchive: Unable to open '/data/user_de/0/com.google.android.gms/app_chimera/m/00000007/MeasurementDynamite.dm': No such file or directory
09-17 13:34:18.734  3645  3649 I artd    : OatFileAssistant test for existing oat file /data/user_de/0/com.google.android.gms/app_chimera/m/00000007/MeasurementDynamite.dm: I/O error
09-17 13:34:18.734  3645  3649 I artd    : GetBestInfo no usable artifacts
09-17 13:34:18.786   587   600 I system_server: Background concurrent mark compact GC freed 26MB AllocSpace bytes, 21(684KB) LOS objects, 44% free, 29MB/53MB, paused 678us,1.659ms total 119.478ms
09-17 13:34:18.789   587   603 W system_server: ApkAssets: Deleting an ApkAssets object '<empty> and /product/app/LatinIMEGooglePrebuilt/LatinIMEGooglePrebuilt.apk' with 1 weak references
09-17 13:34:18.789   587   603 W system_server: ApkAssets: Deleting an ApkAssets object '<empty> and /product/priv-app/Velvet/Velvet.apk' with 1 weak references
09-17 13:34:18.790   587   603 W system_server: ApkAssets: Deleting an ApkAssets object '<empty> and /product/app/GoogleTTS/GoogleTTS.apk' with 1 weak references
09-17 13:34:18.790   587   603 W System  : A resource failed to call release. 
09-17 13:34:18.790   587   603 W system_server: ApkAssets: Deleting an ApkAssets object '<empty> and /data/app/~~F6FUD1ZnMGbTjJkj3UJt_w==/com.google.android.gms-v1onozUYKPoHoTyMDNpjTg==/base.apk' with 1 weak references
09-17 13:34:18.791   587   603 W system_server: ApkAssets: Deleting an ApkAssets object '<empty> and /data/app/~~F6FUD1ZnMGbTjJkj3UJt_w==/com.google.android.gms-v1onozUYKPoHoTyMDNpjTg==/split_CronetDynamite_installtime.apk' with 1 weak references
09-17 13:34:18.791   587   603 W system_server: ApkAssets: Deleting an ApkAssets object '<empty> and /data/app/~~F6FUD1ZnMGbTjJkj3UJt_w==/com.google.android.gms-v1onozUYKPoHoTyMDNpjTg==/split_DynamiteModulesA_installtime.apk' with 1 weak references
09-17 13:34:18.791   587   603 W system_server: ApkAssets: Deleting an ApkAssets object '<empty> and /data/app/~~F6FUD1ZnMGbTjJkj3UJt_w==/com.google.android.gms-v1onozUYKPoHoTyMDNpjTg==/split_DynamiteModulesC_installtime.apk' with 1 weak references
09-17 13:34:18.791   587   603 W system_server: ApkAssets: Deleting an ApkAssets object '<empty> and /data/app/~~F6FUD1ZnMGbTjJkj3UJt_w==/com.google.android.gms-v1onozUYKPoHoTyMDNpjTg==/split_GoogleCertificates_installtime.apk' with 1 weak references
09-17 13:34:18.791   587   603 W system_server: ApkAssets: Deleting an ApkAssets object '<empty> and /data/app/~~F6FUD1ZnMGbTjJkj3UJt_w==/com.google.android.gms-v1onozUYKPoHoTyMDNpjTg==/split_MapsDynamite_installtime.apk' with 1 weak references
09-17 13:34:18.791   587   603 W system_server: ApkAssets: Deleting an ApkAssets object '<empty> and /data/app/~~F6FUD1ZnMGbTjJkj3UJt_w==/com.google.android.gms-v1onozUYKPoHoTyMDNpjTg==/split_MeasurementDynamite_installtime.apk' with 1 weak references
09-17 13:34:18.791   587   603 W system_server: ApkAssets: Deleting an ApkAssets object '<empty> and /data/app/~~F6FUD1ZnMGbTjJkj3UJt_w==/com.google.android.gms-v1onozUYKPoHoTyMDNpjTg==/split_all_locale_splits.apk' with 1 weak references
09-17 13:34:18.791   587   603 W system_server: ApkAssets: Deleting an ApkAssets object '<empty> and /data/app/~~F6FUD1ZnMGbTjJkj3UJt_w==/com.google.android.gms-v1onozUYKPoHoTyMDNpjTg==/split_config.en.apk' with 1 weak references
09-17 13:34:18.791   587   603 W system_server: ApkAssets: Deleting an ApkAssets object '<empty> and /data/app/~~F6FUD1ZnMGbTjJkj3UJt_w==/com.google.android.gms-v1onozUYKPoHoTyMDNpjTg==/split_config.xxhdpi.apk' with 1 weak references
09-17 13:34:18.791   587   603 W System  : A resource failed to call release. 
09-17 13:34:18.791   587   603 W System  : A resource failed to call HardwareBuffer.close. 
09-17 13:34:18.791   587   603 W System  : A resource failed to call release. 
09-17 13:34:19.474 18599 18619 I Chess   : [33mProcess: MSG_TYPE_COLOR ID: 0
09-17 13:34:19.474 18599 18619 I Chess   : [0m
09-17 13:34:19.487 18599 18619 D EGL_emulation: app_time_stats: avg=1013.00ms min=1013.00ms max=1013.00ms count=1
09-17 13:34:19.487 18599 18619 I Chess   : Button 2 clicked close menu
09-17 13:34:20.492 18599 18619 D EGL_emulation: app_time_stats: avg=38.52ms min=10.33ms max=53.74ms count=26
09-17 13:34:20.931 18599 18619 I Chess   : Click on [38;5;208m[G4][0m -> [38;5;200m|30|
09-17 13:34:20.931 18599 18619 I Chess   : [0m
09-17 13:34:21.398 18599 18619 I Chess   : Click on [38;5;208m[D2][0m -> [38;5;200m|11|
09-17 13:34:21.398 18599 18619 I Chess   : [0m
09-17 13:34:21.516 18599 18619 D EGL_emulation: app_time_stats: avg=40.94ms min=35.94ms max=53.15ms count=25
09-17 13:34:21.575 18599 18619 I Chess   : Click on [38;5;208m[D4][0m -> [38;5;200m|27|
09-17 13:34:21.575 18599 18619 I Chess   : [0m
09-17 13:34:21.584 18599 18619 I Chess   : [35mBuild: MSG_TYPE_MOVE ID: 1
09-17 13:34:21.584 18599 18619 I Chess   : [0m
09-17 13:34:21.584 18599 18619 I Chess   : [36mSend msg |MSG_TYPE_MOVE| ID: [1] -> [0m
09-17 13:34:21.586 18599 18619 I Chess   : [36mACK rcv ID: [1]
09-17 13:34:21.586 18599 18619 I Chess   : [0m
09-17 13:34:22.226  1508  1508 D BoundBrokerSvc: onUnbind: Intent { act=com.google.firebase.dynamiclinks.service.START pkg=com.google.android.gms }
09-17 13:34:22.227   587   878 I ActivityManager: Killing 18013:com.android.vending:instant_app_installer/u0a140 (adj 965): empty #17
09-17 13:34:22.238   376   376 I Zygote  : Process 18013 exited due to signal 9 (Killed)
09-17 13:34:22.253   587   633 I libprocessgroup: Removed cgroup /sys/fs/cgroup/uid_10140/pid_18013
09-17 13:34:22.265   828   828 I wpa_supplicant: wlan0: CTRL-EVENT-BEACON-LOSS 
09-17 13:34:22.482  1508  1515 W gle.android.gms: ApkAssets: Deleting an ApkAssets object '<empty> and /data/app/~~WEAZ8ewl_UIvCZkiGQKAjA==/org.libsdl.app-4TJZ67-b7n_avn1mno14vQ==/base.apk' with 1 weak references
09-17 13:34:22.531 18599 18619 D EGL_emulation: app_time_stats: avg=37.24ms min=8.38ms max=47.01ms count=27
09-17 13:34:22.669 18599 18619 I Chess   : [32mReceive msg |MSG_TYPE_MOVE| ID: [2]
09-17 13:34:22.669 18599 18619 I Chess   : [0m
09-17 13:34:22.669 18599 18619 I Chess   : [33mProcess: MSG_TYPE_MOVE ID: 2
09-17 13:34:22.669 18599 18619 I Chess   : [0m
09-17 13:34:23.057   587   605 D WifiNl80211Manager: Scan result ready event
09-17 13:34:23.057   587   605 D WifiNative: Scan result ready event
09-17 13:34:23.067   587   741 I HalDevMgr: bestIfaceCreationProposal is null, requestIface=STA, existingIface=[name=wlan0 type=STA]
09-17 13:34:23.350 18599 18619 I Chess   : Click on [38;5;208m[G4][0m -> [38;5;200m|30|
09-17 13:34:23.350 18599 18619 I Chess   : [0m
09-17 13:34:23.541 18599 18619 D EGL_emulation: app_time_stats: avg=40.41ms min=31.80ms max=48.61ms count=25
09-17 13:34:23.988   841   841 I vol.VolumeDialogImpl: mDialog.dismiss() reason: volume_controller from: com.android.systemui.volume.VolumeDialogImpl$7.onDismissRequested:3
09-17 13:34:23.989   587   616 W ActivityTaskManager: callingPackage for (uid=-1, pid=0) has no WPC
09-17 13:34:23.990   587   616 W OptProp : Cannot read opt property android.window.PROPERTY_COMPAT_ALLOW_USER_ASPECT_RATIO_OVERRIDE
09-17 13:34:23.990   587   616 W OptProp : Cannot read opt property android.window.PROPERTY_COMPAT_ALLOW_USER_ASPECT_RATIO_FULLSCREEN_OVERRIDE
09-17 13:34:23.990   587   616 W OptProp : Cannot read opt property android.window.PROPERTY_COMPAT_ALLOW_ORIENTATION_OVERRIDE
09-17 13:34:23.991   587   616 W OptProp : Cannot read opt property android.window.PROPERTY_COMPAT_ALLOW_RESIZEABLE_ACTIVITY_OVERRIDES
09-17 13:34:23.991   587   616 W OptProp : Cannot read opt property android.window.PROPERTY_COMPAT_ALLOW_MIN_ASPECT_RATIO_OVERRIDE
09-17 13:34:23.992   587   616 V GrammaticalInflectionUtils: AttributionSource: android.content.AttributionSource@ed91ea14 does not have READ_SYSTEM_GRAMMATICAL_GENDER permission.
09-17 13:34:23.998   841   891 V WindowManagerShell: Transition requested (#152): android.os.BinderProxy@361e558 TransitionRequestInfo { type = OPEN, triggerTask = TaskInfo{userId=0 taskId=26 displayId=0 isRunning=true baseIntent=Intent { act=android.intent.action.MAIN cat=[android.intent.category.HOME] flg=0x10000100 cmp=com.google.android.apps.nexuslauncher/.NexusLauncherActivity } baseActivity=ComponentInfo{com.google.android.apps.nexuslauncher/com.google.android.apps.nexuslauncher.NexusLauncherActivity} topActivity=ComponentInfo{com.google.android.apps.nexuslauncher/com.google.android.apps.nexuslauncher.NexusLauncherActivity} origActivity=null realActivity=ComponentInfo{com.google.android.apps.nexuslauncher/com.google.android.apps.nexuslauncher.NexusLauncherActivity} numActivities=1 lastActiveTime=11066563 supportsMultiWindow=true resizeMode=2 isResizeable=true minWidth=-1 minHeight=-1 defaultMinSize=220 token=WCT{android.window.IWindowContainerToken$Stub$Proxy@e9fa6b1} topActivityType=2 pictureInPictureParams=null shouldDockBigOverlays=false launchIntoPipHostTaskId=-1 lastParentTaskIdBeforePip=-1 displayCutoutSafeInsets=null topActivityInfo=ActivityInfo{caa1796 com.google.android.apps.nexuslauncher.NexusLauncherActivity} launchCookies=[] positionInParent=Point(0, 0) parentTaskId=-1 isFocused=true isVisible=false isVisibleRequested=true isSleeping=false locusId=LocusId[17_chars] displayAreaFeatureId=1 isTopActivityTransparent=false appCompatTaskInfo=AppCompatTaskInfo { topActivityInSizeCompat=false topActivityEligibleForLetterboxEducation= falseisLetterboxEducationEnabled= true isLetterboxDoubleTapEnabled= false topActivityEligibleForUserAspectRatioButton= false topActivityBoundsLetterboxed= false isFromLetterboxDoubleTap= false topActivityLetterboxVerticalPosition= -1 topActivityLetterboxHorizontalPosition= -1 topActivityLetterboxWidth=1080 topActivityLetterboxHeight=2400 isUserFullscreenOverrideEnabled=false isSystemFullscreenOverrideEnabled=false cameraCompatTaskInfo=CameraCompatTaskInfo { cameraCompatControlState=hidden freeformCameraCompatMode=inactive}}}, pipTask = null, remoteTransition = null, displayChange = null, flags = 0, debugId = 152 }
09-17 13:34:24.000   587   616 I ActivityTaskManager: START u0 {act=android.intent.action.MAIN cat=[android.intent.category.HOME] flg=0x10000100 cmp=com.google.android.apps.nexuslauncher/.NexusLauncherActivity (has extras)} with LAUNCH_SINGLE_TASK from uid 0 (BAL_ALLOW_ALLOWLISTED_UID) result code=2
09-17 13:34:24.002 18599 18599 V SDL     : onPause()
09-17 13:34:24.002 18599 18599 I Chess   : Call chessOnPause()
09-17 13:34:24.002 18599 18599 I Chess   : [31mDestroy chess game[0m
09-17 13:34:24.003   841   891 D WindowManagerShell: onActivityRestartAttempt: ComponentInfo{com.google.android.apps.nexuslauncher/com.google.android.apps.nexuslauncher.NexusLauncherActivity}
09-17 13:34:24.004  1086  1086 D OverviewCommandHelper: clearing pending commands - size: 0
09-17 13:34:24.005   841   891 D WindowManagerShell: setLauncherKeepClearAreaHeight: visible=true, height=527
09-17 13:34:24.005   587   618 I ActivityManager: Killing 18261:com.google.android.partnersetup/u0a136 (adj 985): empty #17
09-17 13:34:24.005   587   618 I ActivityManager: Killing 18093:android.process.acore/u0a91 (adj 985): empty #18
09-17 13:34:24.006 18599 18599 I Chess   : [38;5;208mInternal storage path: /data/user/0/org.libsdl.app/files/C_chess_data.txt
09-17 13:34:24.006 18599 18599 I Chess   : [0m
09-17 13:34:24.006 18599 18599 I Chess   : [38;5;208mInternal storage path: /data/user/0/org.libsdl.app/files/C_chess_data.txt
09-17 13:34:24.006 18599 18599 I Chess   : [0m
09-17 13:34:24.006 18599 18599 I Chess   : Registering data: Nickname:Default
09-17 13:34:24.007 18599 18599 I Chess   : [38;5;208mInternal storage path: /data/user/0/org.libsdl.app/files/C_chess_data.txt
09-17 13:34:24.007 18599 18599 I Chess   : [0m
09-17 13:34:24.007 18599 18599 I Chess   : Registering data: 
09-17 13:34:24.007 18599 18599 I Chess   : Server:86.209.1.28
09-17 13:34:24.007 18599 18599 I Chess   : [38;5;208mInternal storage path: /data/user/0/org.libsdl.app/files/C_chess_data.txt
09-17 13:34:24.007 18599 18599 I Chess   : [0m
09-17 13:34:24.007 18599 18599 I Chess   : Registering data: 
09-17 13:34:24.007 18599 18599 I Chess   : NetworkPause:1
09-17 13:34:24.007 18599 18599 E EGL_emulation: eglMakeCurrent: error: EGL_BAD_ACCESS: context 0x7ef0b0cecfb0 current to another thread!
09-17 13:34:24.007 18599 18599 E EGL_emulation: tid 18599: eglMakeCurrent(1978): error 0x3002 (EGL_BAD_ACCESS)
09-17 13:34:24.007 18599 18599 E libEGL  : eglMakeCurrentImpl:1058 error 3002 (EGL_BAD_ACCESS)
09-17 13:34:24.007 18599 18599 E libEGL  : call to OpenGL ES API with no current context (logged once per thread)
09-17 13:34:24.007 18599 18599 E EGL_emulation: eglMakeCurrent: error: EGL_BAD_ACCESS: context 0x7ef0b0cecfb0 current to another thread!
09-17 13:34:24.007 18599 18599 E EGL_emulation: tid 18599: eglMakeCurrent(1978): error 0x3002 (EGL_BAD_ACCESS)
09-17 13:34:24.007 18599 18599 E libEGL  : eglMakeCurrentImpl:1058 error 3002 (EGL_BAD_ACCESS)
09-17 13:34:24.007 18599 18599 E EGL_emulation: eglMakeCurrent: error: EGL_BAD_ACCESS: context 0x7ef0b0cecfb0 current to another thread!
09-17 13:34:24.007 18599 18599 E EGL_emulation: tid 18599: eglMakeCurrent(1978): error 0x3002 (EGL_BAD_ACCESS)
09-17 13:34:24.007 18599 18599 E libEGL  : eglMakeCurrentImpl:1058 error 3002 (EGL_BAD_ACCESS)
09-17 13:34:24.007 18599 18599 E EGL_emulation: eglMakeCurrent: error: EGL_BAD_ACCESS: context 0x7ef0b0cecfb0 current to another thread!
09-17 13:34:24.007 18599 18599 E EGL_emulation: tid 18599: eglMakeCurrent(1978): error 0x3002 (EGL_BAD_ACCESS)
09-17 13:34:24.007 18599 18599 E libEGL  : eglMakeCurrentImpl:1058 error 3002 (EGL_BAD_ACCESS)
09-17 13:34:24.008 18599 18599 E EGL_emulation: eglMakeCurrent: error: EGL_BAD_ACCESS: context 0x7ef0b0cecfb0 current to another thread!
09-17 13:34:24.008 18599 18599 E EGL_emulation: tid 18599: eglMakeCurrent(1978): error 0x3002 (EGL_BAD_ACCESS)
09-17 13:34:24.008 18599 18599 E libEGL  : eglMakeCurrentImpl:1058 error 3002 (EGL_BAD_ACCESS)
09-17 13:34:24.008 18599 18599 E EGL_emulation: eglMakeCurrent: error: EGL_BAD_ACCESS: context 0x7ef0b0cecfb0 current to another thread!
09-17 13:34:24.008 18599 18599 E EGL_emulation: tid 18599: eglMakeCurrent(1978): error 0x3002 (EGL_BAD_ACCESS)
09-17 13:34:24.008 18599 18599 E libEGL  : eglMakeCurrentImpl:1058 error 3002 (EGL_BAD_ACCESS)
09-17 13:34:24.008 18599 18599 E EGL_emulation: eglMakeCurrent: error: EGL_BAD_ACCESS: context 0x7ef0b0cecfb0 current to another thread!
09-17 13:34:24.008 18599 18599 E EGL_emulation: tid 18599: eglMakeCurrent(1978): error 0x3002 (EGL_BAD_ACCESS)
09-17 13:34:24.008 18599 18599 E libEGL  : eglMakeCurrentImpl:1058 error 3002 (EGL_BAD_ACCESS)
09-17 13:34:24.008 18599 18599 E EGL_emulation: eglMakeCurrent: error: EGL_BAD_ACCESS: context 0x7ef0b0cecfb0 current to another thread!
09-17 13:34:24.008 18599 18599 E EGL_emulation: tid 18599: eglMakeCurrent(1978): error 0x3002 (EGL_BAD_ACCESS)
09-17 13:34:24.008 18599 18599 E libEGL  : eglMakeCurrentImpl:1058 error 3002 (EGL_BAD_ACCESS)
09-17 13:34:24.008 18599 18599 E EGL_emulation: eglMakeCurrent: error: EGL_BAD_ACCESS: context 0x7ef0b0cecfb0 current to another thread!
09-17 13:34:24.008 18599 18599 E EGL_emulation: tid 18599: eglMakeCurrent(1978): error 0x3002 (EGL_BAD_ACCESS)
09-17 13:34:24.008 18599 18599 E libEGL  : eglMakeCurrentImpl:1058 error 3002 (EGL_BAD_ACCESS)
09-17 13:34:24.008 18599 18599 E EGL_emulation: eglMakeCurrent: error: EGL_BAD_ACCESS: context 0x7ef0b0cecfb0 current to another thread!
09-17 13:34:24.008 18599 18599 E EGL_emulation: tid 18599: eglMakeCurrent(1978): error 0x3002 (EGL_BAD_ACCESS)
09-17 13:34:24.008 18599 18599 E libEGL  : eglMakeCurrentImpl:1058 error 3002 (EGL_BAD_ACCESS)
09-17 13:34:24.008 18599 18599 E EGL_emulation: eglMakeCurrent: error: EGL_BAD_ACCESS: context 0x7ef0b0cecfb0 current to another thread!
09-17 13:34:24.008 18599 18599 E EGL_emulation: tid 18599: eglMakeCurrent(1978): error 0x3002 (EGL_BAD_ACCESS)
09-17 13:34:24.008 18599 18599 E libEGL  : eglMakeCurrentImpl:1058 error 3002 (EGL_BAD_ACCESS)
09-17 13:34:24.008 18599 18599 E EGL_emulation: eglMakeCurrent: error: EGL_BAD_ACCESS: context 0x7ef0b0cecfb0 current to another thread!
09-17 13:34:24.008 18599 18599 E EGL_emulation: tid 18599: eglMakeCurrent(1978): error 0x3002 (EGL_BAD_ACCESS)
09-17 13:34:24.008 18599 18599 E libEGL  : eglMakeCurrentImpl:1058 error 3002 (EGL_BAD_ACCESS)
09-17 13:34:24.009 18599 18599 E EGL_emulation: eglMakeCurrent: error: EGL_BAD_ACCESS: context 0x7ef0b0cecfb0 current to another thread!
09-17 13:34:24.009 18599 18599 E EGL_emulation: tid 18599: eglMakeCurrent(1978): error 0x3002 (EGL_BAD_ACCESS)
09-17 13:34:24.009 18599 18599 E libEGL  : eglMakeCurrentImpl:1058 error 3002 (EGL_BAD_ACCESS)
09-17 13:34:24.009 18599 18599 E Surface : freeAllBuffers: 1 buffers were freed while being dequeued!
09-17 13:34:24.010 18599 18599 I Chess   : [38;5;208mSend disconnect to server[0m
09-17 13:34:24.010  1086  1086 D StatsLog: LAUNCHER_ONRESUME
09-17 13:34:24.010  1086  1086 D NexusLauncherModelDelegate: notifySmartspaceEvent: SmartspaceTargetEvent{mSmartspaceTarget=null, mSmartspaceActionId='null', mEventType=6}
09-17 13:34:24.016 18599 18619 F libc    : Fatal signal 11 (SIGSEGV), code 128 (SI_KERNEL), fault addr 0x0 in tid 18619 (SDLThread), pid 18599 (SDLActivity)
09-17 13:34:24.016 18599 18623 F libc    : FORTIFY: pthread_mutex_lock called on a destroyed mutex (0x7ef184202ab8)
09-17 13:34:24.018  1086  1086 D BaseDepthController: setSurface:
09-17 13:34:24.018  1086  1086 D BaseDepthController: 	mWaitingOnSurfaceValidity: false
09-17 13:34:24.018  1086  1086 D BaseDepthController: 	mSurface: Surface(name=com.google.android.apps.nexuslauncher/com.google.android.apps.nexuslauncher.NexusLauncherActivity)/@0x856f82d
09-17 13:34:24.026   376   376 I Zygote  : Process 18261 exited due to signal 9 (Killed)
09-17 13:34:24.051   587   616 D DisplayManagerService: Drop pending events for gone uid 10136
09-17 13:34:24.065  1086  1147 D QuickstepModelDelegate: notifyAppTargetEvent action=1 launchLocation=workspace/0/[-1,-1]/[1,1]
09-17 13:34:24.067  1352  1474 I AiAiEcho: Predicting[0]:  [CONTEXT sampling_count=5 ]
09-17 13:34:24.067  1352  1474 I AiAiEcho: EchoTargets: 
09-17 13:34:24.067  1352  1474 I AiAiEcho: Filtered by AiAi flag check: 
09-17 13:34:24.067  1352  1474 I AiAiEcho: [CONTEXT ratelimit_period="10 SECONDS" ]
09-17 13:34:24.067  1352  1474 I AiAiEcho: Ranked targets strategy: SORT, count: 0, ranking metadata:  [CONTEXT ratelimit_period="10 SECONDS" ]
09-17 13:34:24.067  1352  1474 I AiAiEcho: #remoteViewsTwiddler: feature disabled.
09-17 13:34:24.067  1352  1474 I AiAiEcho: #postPredictionTargets: Sending updates to UISurface home with targets# 0 (types=[])
09-17 13:34:24.069   587   633 I libprocessgroup: Removed cgroup /sys/fs/cgroup/uid_10136/pid_18261
09-17 13:34:24.069 18633 18633 E crash_dump64: failed to get the guest state header for thread 18599: Bad address
09-17 13:34:24.070 18633 18633 E crash_dump64: failed to get the guest state header for thread 18600: Bad address
09-17 13:34:24.070 18633 18633 E crash_dump64: failed to get the guest state header for thread 18601: Bad address
09-17 13:34:24.070   587  1411 W AppSearchIcing: icing-search-engine.cc:321: Error: 5, Message: Document (com.google.android.googlequicksearchbox$OneSearchZeroStateGoogleSuggestions/default, zp) not found.
09-17 13:34:24.071   587   633 I libprocessgroup: Removed cgroup /sys/fs/cgroup/uid_10091/pid_18093
09-17 13:34:24.071  1086  1742 D OneSearchSuggestProvider: AppSearch 0-state cache not available, fallback to AGA
09-17 13:34:24.071  1086  1742 D OneSearchSuggestProvider: java.util.concurrent.CompletionException: java.util.NoSuchElementException: No value present
09-17 13:34:24.071  1086  1742 D OneSearchSuggestProvider: 	at java.util.concurrent.CompletableFuture.encodeThrowable(CompletableFuture.java:308)
