--------- beginning of main
09-17 13:33:54.821  1086  1086 D SsBaseTemplateCard: Passed-in item info is null
09-17 13:33:54.824  1086  1086 D SsBaseTemplateCard: Passed-in item info is null
09-17 13:33:54.824  1086  1086 D SsBaseTemplateCard: Passed-in item info is null
09-17 13:33:54.824  1086  1086 I SsBaseTemplateCard: Secondary card pane is null
09-17 13:33:54.833  1086  1601 D EGL_emulation: app_time_stats: avg=34.44ms min=2.33ms max=733.59ms count=42
09-17 13:33:54.842 18529 18529 D CompatChangeReporter: Compat change id reported: 242716250; UID 10257; state: ENABLED
09-17 13:33:54.869 18529 18529 W ziparchive: Unable to open '/data/app/~~WEAZ8ewl_UIvCZkiGQKAjA==/org.libsdl.app-4TJZ67-b7n_avn1mno14vQ==/base.dm': No such file or directory
09-17 13:33:54.869 18529 18529 W ziparchive: Unable to open '/data/app/~~WEAZ8ewl_UIvCZkiGQKAjA==/org.libsdl.app-4TJZ67-b7n_avn1mno14vQ==/base.dm': No such file or directory
09-17 13:33:54.872 18529 18529 D nativeloader: Configuring clns-7 for other apk /data/app/~~WEAZ8ewl_UIvCZkiGQKAjA==/org.libsdl.app-4TJZ67-b7n_avn1mno14vQ==/base.apk. target_sdk_version=34, uses_libraries=, library_path=/data/app/~~WEAZ8ewl_UIvCZkiGQKAjA==/org.libsdl.app-4TJZ67-b7n_avn1mno14vQ==/lib/x86_64:/data/app/~~WEAZ8ewl_UIvCZkiGQKAjA==/org.libsdl.app-4TJZ67-b7n_avn1mno14vQ==/base.apk!/lib/x86_64, permitted_path=/data:/mnt/expand:/data/user/0/org.libsdl.app
09-17 13:33:54.872  1086  1601 D EGL_emulation: app_time_stats: avg=55715.20ms min=10.55ms max=1113923.62ms count=20
09-17 13:33:54.888 18529 18529 V GraphicsEnvironment: Currently set values for:
09-17 13:33:54.888 18529 18529 V GraphicsEnvironment:   angle_gl_driver_selection_pkgs=[]
09-17 13:33:54.888 18529 18529 V GraphicsEnvironment:   angle_gl_driver_selection_values=[]
09-17 13:33:54.888 18529 18529 V GraphicsEnvironment: Global.Settings values are invalid: number of packages: 0, number of values: 0
09-17 13:33:54.888 18529 18529 V GraphicsEnvironment: Neither updatable production driver nor prerelease driver is supported.
--------- beginning of system
09-17 13:33:54.895   587  3264 W OptProp : Cannot read opt property android.window.PROPERTY_COMPAT_ENABLE_FAKE_FOCUS
09-17 13:33:54.907   587   685 D IntervalStats: Unable to parse usage stats packages: [228, 229, 230, 232, 233, 236, 237, 238]
09-17 13:33:54.907   587   685 D IntervalStats: Unable to parse event packages: [238]
09-17 13:33:54.952   841   846 I ndroid.systemui: Background concurrent mark compact GC freed 15MB AllocSpace bytes, 115(2364KB) LOS objects, 49% free, 18MB/36MB, paused 663us,4.083ms total 274.789ms
09-17 13:33:54.952   841   846 W ndroid.systemui: Reducing the number of considered missed Gc histogram windows from 113 to 100
09-17 13:33:54.953 18529 18529 V SDL     : Device: emu64xa
09-17 13:33:54.953 18529 18529 V SDL     : Model: sdk_gphone64_x86_64
09-17 13:33:54.953 18529 18529 V SDL     : onCreate()
09-17 13:33:54.957   841   848 W System  : A resource failed to call release. 
09-17 13:33:54.957   841   848 W System  : A resource failed to call release. 
09-17 13:33:54.957   841   848 W System  : A resource failed to call release. 
09-17 13:33:54.957   841   848 W System  : A resource failed to call release. 
09-17 13:33:54.957   841   848 W System  : A resource failed to call release. 
09-17 13:33:54.958   841   848 W System  : A resource failed to call release. 
09-17 13:33:54.958   841   848 W System  : A resource failed to call release. 
09-17 13:33:54.958   841   848 W System  : A resource failed to call HardwareBuffer.close. 
09-17 13:33:54.958   841   848 W System  : A resource failed to call release. 
09-17 13:33:54.958   841   848 W System  : A resource failed to call release. 
09-17 13:33:54.958   841   848 W System  : A resource failed to call release. 
09-17 13:33:54.958   841   848 W System  : A resource failed to call release. 
09-17 13:33:54.959   841   848 W System  : A resource failed to call release. 
09-17 13:33:54.959   841   848 W System  : A resource failed to call release. 
09-17 13:33:54.959   841   848 W System  : A resource failed to call release. 
09-17 13:33:54.959   841   848 W System  : A resource failed to call release. 
09-17 13:33:54.960 18529 18529 D nativeloader: Load /data/app/~~WEAZ8ewl_UIvCZkiGQKAjA==/org.libsdl.app-4TJZ67-b7n_avn1mno14vQ==/lib/x86_64/libSDL2.so using ns clns-7 from class loader (caller=/data/app/~~WEAZ8ewl_UIvCZkiGQKAjA==/org.libsdl.app-4TJZ67-b7n_avn1mno14vQ==/base.apk): ok
09-17 13:33:54.966 18529 18529 D nativeloader: Load /data/app/~~WEAZ8ewl_UIvCZkiGQKAjA==/org.libsdl.app-4TJZ67-b7n_avn1mno14vQ==/lib/x86_64/libSDL2_ttf.so using ns clns-7 from class loader (caller=/data/app/~~WEAZ8ewl_UIvCZkiGQKAjA==/org.libsdl.app-4TJZ67-b7n_avn1mno14vQ==/base.apk): ok
09-17 13:33:54.968 18529 18529 D nativeloader: Load /data/app/~~WEAZ8ewl_UIvCZkiGQKAjA==/org.libsdl.app-4TJZ67-b7n_avn1mno14vQ==/lib/x86_64/libmain.so using ns clns-7 from class loader (caller=/data/app/~~WEAZ8ewl_UIvCZkiGQKAjA==/org.libsdl.app-4TJZ67-b7n_avn1mno14vQ==/base.apk): ok
09-17 13:33:54.969 18529 18529 V SDL     : nativeInit() Begin
09-17 13:33:54.969 18529 18529 V SDL     : nativeInit() Asset Manager done
09-17 13:33:54.969 18529 18529 V SDL     : nativeSetupJNI()
09-17 13:33:54.970 18529 18529 V SDL     : AUDIO nativeSetupJNI()
09-17 13:33:54.971 18529 18529 V SDL     : CONTROLLER nativeSetupJNI()
09-17 13:33:55.055 18529 18529 V SDL     : onStart()
09-17 13:33:55.060 18529 18529 V SDL     : onResume()
09-17 13:33:55.066 18529 18529 W HWUI    : Unknown dataspace 0
09-17 13:33:55.071   587  3264 W WindowManager: Failed looking up window session=Session{d8b3c0 18529:u0a10257} callers=com.android.server.wm.WindowManagerService.windowForClientLocked:6311 com.android.server.wm.Session.updateRequestedVisibleTypes:755 android.view.IWindowSession$Stub.onTransact:1078 
09-17 13:33:55.083   587  1400 D CoreBackPreview: Window{c754bec u0 org.libsdl.app/org.libsdl.app.SDLActivity}: Setting back callback OnBackInvokedCallbackInfo{mCallback=android.window.IOnBackInvokedCallback$Stub$Proxy@2fc324a, mPriority=0, mIsAnimationCallback=false}
09-17 13:33:55.091   418   537 W ServiceManagerCppClient: Permission failure: android.permission.ACCESS_SURFACE_FLINGER from uid=10257 pid=0
09-17 13:33:55.091   418   537 D PermissionCache: checking android.permission.ACCESS_SURFACE_FLINGER for uid=10257 => denied (124 us)
09-17 13:33:55.091   418   537 W ServiceManagerCppClient: Permission failure: android.permission.ROTATE_SURFACE_FLINGER from uid=10257 pid=0
09-17 13:33:55.091   418   537 D PermissionCache: checking android.permission.ROTATE_SURFACE_FLINGER for uid=10257 => denied (95 us)
09-17 13:33:55.091   418   537 W ServiceManagerCppClient: Permission failure: android.permission.INTERNAL_SYSTEM_WINDOW from uid=10257 pid=0
09-17 13:33:55.091   418   537 D PermissionCache: checking android.permission.INTERNAL_SYSTEM_WINDOW for uid=10257 => denied (54 us)
09-17 13:33:55.095 18529 18545 I EGL_emulation: Opening libGLESv1_CM_emulation.so
09-17 13:33:55.096 18529 18545 I EGL_emulation: Opening libGLESv2_emulation.so
09-17 13:33:55.104 18529 18545 W HWUI    : Failed to choose config with EGL_SWAP_BEHAVIOR_PRESERVED, retrying without...
09-17 13:33:55.105 18529 18529 V SDL     : surfaceCreated()
09-17 13:33:55.105 18529 18529 V SDL     : surfaceChanged()
09-17 13:33:55.106 18529 18545 W HWUI    : Failed to initialize 101010-2 format, error = EGL_SUCCESS
09-17 13:33:55.106 18529 18529 V SDL     : Window size: 1080x2274
09-17 13:33:55.106 18529 18529 V SDL     : Device size: 1080x2400
09-17 13:33:55.113 18529 18553 V SDL     : Running main function SDL_main from library /data/app/~~WEAZ8ewl_UIvCZkiGQKAjA==/org.libsdl.app-4TJZ67-b7n_avn1mno14vQ==/lib/x86_64/libmain.so
09-17 13:33:55.113 18529 18553 V SDL     : nativeRunMain()
09-17 13:33:55.135 18529 18553 I Chess   : Width: 1080, Height: 2400, tile_size 135
09-17 13:33:55.135 18529 18553 I Chess   : Band height: 1320, Band width: 0
09-17 13:33:55.136 18529 18553 I Chess   : Top: 660, Bot: 660, Left: 0, Right: 0
09-17 13:33:55.178   841   891 V WindowManagerShell: Transition animation finished (aborted=false), notifying core (#149) android.os.BinderProxy@750cff2@0
09-17 13:33:55.189   841   891 V WindowManagerShell: Track 0 became idle
09-17 13:33:55.189   841   891 V WindowManagerShell: All active transition animations finished
09-17 13:33:55.201   587   615 V WindowManager: Finish Transition (#149): created at 09-17 13:33:54.617 collect-started=0.044ms request-sent=39.287ms started=54.745ms ready=186.916ms sent=188.222ms finished=563.209ms
09-17 13:33:55.224   587  3264 W UserManagerService: Requested status bar icon for non-badged user 0
09-17 13:33:55.225  1086  1086 D VRI[NexusLauncherActivity]: visibilityChanged oldVisibility=true newVisibility=false
09-17 13:33:55.227  1086  1086 D NexusLauncherModelDelegate: notifySmartspaceEvent: SmartspaceTargetEvent{mSmartspaceTarget=null, mSmartspaceActionId='null', mEventType=7}
09-17 13:33:55.236   587  1596 W UserManagerService: Requested status bar icon for non-badged user 0
09-17 13:33:55.255   164   164 I hwservicemanager: getTransport: Cannot find entry android.hardware.graphics.mapper@4.0::IMapper/default in either framework or device VINTF manifest.
09-17 13:33:55.255 18529 18545 I Gralloc4: mapper 4.x is not supported
09-17 13:33:55.333   587  3264 W ServiceManagerCppClient: Permission failure: android.permission.ACCESS_SURFACE_FLINGER from uid=10257 pid=0
09-17 13:33:55.333   587  3264 D PermissionCache: checking android.permission.ACCESS_SURFACE_FLINGER for uid=10257 => denied (149 us)
09-17 13:33:55.333   587  3264 W ServiceManagerCppClient: Permission failure: android.permission.ROTATE_SURFACE_FLINGER from uid=10257 pid=0
09-17 13:33:55.333   587  3264 D PermissionCache: checking android.permission.ROTATE_SURFACE_FLINGER for uid=10257 => denied (33 us)
09-17 13:33:55.333   587  3264 W ServiceManagerCppClient: Permission failure: android.permission.INTERNAL_SYSTEM_WINDOW from uid=10257 pid=0
09-17 13:33:55.333   587  3264 D PermissionCache: checking android.permission.INTERNAL_SYSTEM_WINDOW for uid=10257 => denied (21 us)
09-17 13:33:55.337   587   615 W ziparchive: Unable to open '/data/app/~~WEAZ8ewl_UIvCZkiGQKAjA==/org.libsdl.app-4TJZ67-b7n_avn1mno14vQ==/base.dm': No such file or directory
09-17 13:33:55.338   587   615 I ActivityTaskManager: Displayed org.libsdl.app/.SDLActivity for user 0: +739ms
09-17 13:33:55.343   587   619 D LocalDisplayAdapter: Unable to set ALLM because the connected display does not support ALLM.
09-17 13:33:55.343   418   418 E HwcComposer: setContentType failed Status(-8, EX_SERVICE_SPECIFIC): '8: '
09-17 13:33:55.344   418   418 E HWComposer: setContentType: setContentType failed for display 4619827259835644672: Unsupported (8)
09-17 13:33:55.356  1086  1086 D BaseDepthController: setSurface:
09-17 13:33:55.356  1086  1086 D BaseDepthController: 	mWaitingOnSurfaceValidity: false
09-17 13:33:55.356  1086  1086 D BaseDepthController: 	mSurface: null
09-17 13:33:55.357  1086  1086 D BaseDepthController: mSurface is null and mCurrentBlur is: 0
09-17 13:33:55.366  1086  1086 D StateManager: goToState - fromState: Normal, toState: Normal, partial trace:
09-17 13:33:55.366  1086  1086 D StateManager: 	at com.android.launcher3.statemanager.StateManager.moveToRestState(go/retraceme 2855a437b73635ce9cad76b9289087e631bbb67fc90008a0da13d343a00e5041:4)
09-17 13:33:55.366  1086  1086 D StateManager: 	at com.android.launcher3.statemanager.StateManager.moveToRestState(go/retraceme 2855a437b73635ce9cad76b9289087e631bbb67fc90008a0da13d343a00e5041:1)
09-17 13:33:55.366  1086  1086 D StateManager: 	at com.android.launcher3.statemanager.StatefulActivity.onStop(go/retraceme 2855a437b73635ce9cad76b9289087e631bbb67fc90008a0da13d343a00e5041:34)
09-17 13:33:55.367  1086  1086 D StatsLog: LAUNCHER_ONSTOP
09-17 13:33:55.369 18529 18529 V SDL     : onWindowFocusChanged(): true
09-17 13:33:55.372  1086  1742 D OneSearchSuggestProvider: Shut down the binder channel
09-17 13:33:55.373  1086  1086 D StatsLog: LAUNCHER_GOOGLE_SEARCH_RESTORE_LIST_SIZE_AFTER_ACTIVITY_RESTART
09-17 13:33:55.375   587   713 I ImeTracker: org.libsdl.app:46296cca: onRequestHide at ORIGIN_SERVER reason HIDE_UNSPECIFIED_WINDOW fromUser false
09-17 13:33:55.375   587   713 I ImeTracker: org.libsdl.app:46296cca: onCancelled at PHASE_SERVER_SHOULD_HIDE
09-17 13:33:55.389  1250  1250 I GoogleInputMethodService: GoogleInputMethodService.onFinishInput():3157 
09-17 13:33:55.394  1250  1250 I GoogleInputMethodService: GoogleInputMethodService.updateDeviceLockedStatus():2248 repeatCheckTimes = 0, locked = false
09-17 13:33:55.395  1250  1250 I GoogleInputMethodService: GoogleInputMethodService.onStartInput():1986 onStartInput(EditorInfo{EditorInfo{packageName=org.libsdl.app, inputType=0, inputTypeString=NULL, enableLearning=false, autoCorrection=false, autoComplete=false, imeOptions=0, privateImeOptions=null, actionName=UNSPECIFIED, actionLabel=null, initialSelStart=-1, initialSelEnd=-1, initialCapsMode=0, label=null, fieldId=0, fieldName=null, extras=null, hintText=null, hintLocales=[]}}, false)
09-17 13:33:55.397  1250  1250 I GoogleInputMethodService: GoogleInputMethodService.updateDeviceLockedStatus():2248 repeatCheckTimes = 1, locked = false
09-17 13:33:55.399  1250  1250 I AndroidIME: InputBundleManager.loadActiveInputBundleId():450 loadActiveInputBundleId: und-Latn-x-password, password
09-17 13:33:55.402   587  1596 W PackageConfigPersister: App-specific configuration not found for packageName: org.libsdl.app and userId: 0
09-17 13:33:55.574   587  1596 W OptProp : Cannot read opt property android.window.PROPERTY_COMPAT_IGNORE_REQUESTED_ORIENTATION
09-17 13:33:55.574   587  1596 W OptProp : Cannot read opt property android.window.PROPERTY_COMPAT_ALLOW_IGNORING_ORIENTATION_REQUEST_WHEN_LOOP_DETECTED
09-17 13:33:55.621 18529 18553 I SDL/APP : pixel format wanted SDL_PIXELFORMAT_RGBX8888 (2), got SDL_PIXELFORMAT_RGBX8888 (2)
09-17 13:33:55.691 18529 18533 I org.libsdl.app: Compiler allocated 5174KB to compile void android.view.ViewRootImpl.performTraversals()
09-17 13:33:55.721 18529 18553 I Chess   : Load asset: |rsc/texture/piece/black_king.bmp|
09-17 13:33:55.734   841   947 W WindowOnBackDispatcher: sendCancelIfRunning: isInProgress=false callback=android.view.ViewRootImpl$$ExternalSyntheticLambda11@f532dee
09-17 13:33:55.734   587  1596 D CoreBackPreview: Window{4cc79cf u0 Splash Screen org.libsdl.app EXITING}: Setting back callback null
09-17 13:33:55.735 18529 18553 I Chess   : Load asset: |rsc/texture/piece/black_queen.bmp|
09-17 13:33:55.736   587  1596 W InputManager-JNI: Input channel object '4cc79cf Splash Screen org.libsdl.app (client)' was disposed without first being removed with the input manager!
09-17 13:33:55.747 18529 18553 I Chess   : Load asset: |rsc/texture/piece/black_rook.bmp|
09-17 13:33:55.756 18529 18553 I Chess   : Load asset: |rsc/texture/piece/black_bishop.bmp|
09-17 13:33:55.765 18529 18553 I Chess   : Load asset: |rsc/texture/piece/black_knight.bmp|
09-17 13:33:55.775 18529 18553 I Chess   : Load asset: |rsc/texture/piece/black_pawn.bmp|
09-17 13:33:55.784 18529 18553 I Chess   : Load asset: |rsc/texture/piece/white_king.bmp|
09-17 13:33:55.793 18529 18553 I Chess   : Load asset: |rsc/texture/piece/white_queen.bmp|
09-17 13:33:55.803 18529 18553 I Chess   : Load asset: |rsc/texture/piece/white_rook.bmp|
09-17 13:33:55.812 18529 18553 I Chess   : Load asset: |rsc/texture/piece/white_bishop.bmp|
09-17 13:33:55.821 18529 18553 I Chess   : Load asset: |rsc/texture/piece/white_knight.bmp|
09-17 13:33:55.832 18529 18553 I Chess   : Load asset: |rsc/texture/piece/white_pawn.bmp|
09-17 13:33:55.867 18529 18553 I Chess   : Timer rect start: 743, height: 135, width: 270
09-17 13:33:55.867 18529 18553 I Chess   : Timer rect start: 67, height: 135, width: 270
09-17 13:33:55.893 18529 18553 I Chess   : Name rect start: 743, height: 67, width: 270
09-17 13:33:55.893 18529 18553 I Chess   : Name rect start: 67, height: 67, width: 270
09-17 13:33:55.947 18529 18553 I Chess   : [38;5;208mInternal storage path: /data/user/0/org.libsdl.app/files/C_chess_data.txt
09-17 13:33:55.947 18529 18553 I Chess   : [0m
09-17 13:33:55.948 18529 18553 E Chess   : [31mFailed to open file /data/user/0/org.libsdl.app/files/C_chess_data.txt: Couldn't open asset '/data/user/0/org.libsdl.app/files/C_chess_data.txt'
09-17 13:33:55.948 18529 18553 E Chess   : [0m
09-17 13:33:55.948 18529 18553 E Chess   : Getting file size
09-17 13:33:55.948 18529 18553 I Chess   : [38;5;208mInternal storage path: /data/user/0/org.libsdl.app/files/C_chess_data.txt
09-17 13:33:55.948 18529 18553 I Chess   : [0m
09-17 13:33:55.948 18529 18553 E Chess   : [31mFailed to open file /data/user/0/org.libsdl.app/files/C_chess_data.txt: Couldn't open asset '/data/user/0/org.libsdl.app/files/C_chess_data.txt'
09-17 13:33:55.948 18529 18553 E Chess   : [0m
09-17 13:33:55.948 18529 18553 E Chess   : Getting file size
09-17 13:33:55.948 18529 18553 I Chess   : [38;5;208mInternal storage path: /data/user/0/org.libsdl.app/files/C_chess_data.txt
09-17 13:33:55.948 18529 18553 I Chess   : [0m
09-17 13:33:55.948 18529 18553 E Chess   : [31mFailed to open file /data/user/0/org.libsdl.app/files/C_chess_data.txt: Couldn't open asset '/data/user/0/org.libsdl.app/files/C_chess_data.txt'
09-17 13:33:55.948 18529 18553 E Chess   : [0m
09-17 13:33:55.948 18529 18553 E Chess   : Getting file size
09-17 13:33:57.353 18529 18553 D EGL_emulation: app_time_stats: avg=9.63ms min=5.25ms max=44.06ms count=60
09-17 13:33:57.659   587  1421 E TaskPersister: File error accessing recents directory (directory doesn't exist?).
09-17 13:33:57.904   587   748 D InetDiagMessage: Destroyed 0 sockets, proto=IPPROTO_TCP, family=AF_INET, states=14
09-17 13:33:57.905   587   748 D InetDiagMessage: Destroyed 0 sockets, proto=IPPROTO_TCP, family=AF_INET6, states=14
09-17 13:33:57.905   587   748 D InetDiagMessage: Destroyed live tcp sockets for uids={10146} in 3ms
09-17 13:33:57.906   587   748 D InetDiagMessage: Destroyed 0 sockets, proto=IPPROTO_TCP, family=AF_INET, states=14
09-17 13:33:57.907   587   748 D InetDiagMessage: Destroyed 0 sockets, proto=IPPROTO_TCP, family=AF_INET6, states=14
09-17 13:33:57.907   587   748 D InetDiagMessage: Destroyed live tcp sockets for uids={20146} in 1ms
09-17 13:33:58.354 18529 18553 D EGL_emulation: app_time_stats: avg=8.06ms min=5.16ms max=18.46ms count=60
09-17 13:33:58.450 13839 13847 I IPCThreadState: oneway function results for code 2 on binder at 0x7eef30d33580 will be dropped but finished with status UNKNOWN_TRANSACTION
09-17 13:33:58.465   828   828 I wpa_supplicant: wlan0: CTRL-EVENT-BEACON-LOSS 
09-17 13:33:58.687  3645  3785 I artd    : Dex parent of /data/app/~~F6FUD1ZnMGbTjJkj3UJt_w==/com.google.android.gms-v1onozUYKPoHoTyMDNpjTg==/base.apk is not writable: Permission denied
09-17 13:33:58.687  3645  3785 I artd    : GetBestInfo checking odex in dalvik-cache (/data/dalvik-cache/x86_64/data@app@~~F6FUD1ZnMGbTjJkj3UJt_w==@com.google.android.gms-v1onozUYKPoHoTyMDNpjTg==@base.apk@classes.dex)
09-17 13:33:58.687  3645  3785 I artd    : Loading /data/dalvik-cache/x86_64/data@app@~~F6FUD1ZnMGbTjJkj3UJt_w==@com.google.android.gms-v1onozUYKPoHoTyMDNpjTg==@base.apk@classes.dex with executable: 0
09-17 13:33:58.687  3645  3785 I artd    : OatFileAssistant test for existing oat file /data/dalvik-cache/x86_64/data@app@~~F6FUD1ZnMGbTjJkj3UJt_w==@com.google.android.gms-v1onozUYKPoHoTyMDNpjTg==@base.apk@classes.dex: File /data/dalvik-cache/x86_64/data@app@~~F6FUD1ZnMGbTjJkj3UJt_w==@com.google.android.gms-v1onozUYKPoHoTyMDNpjTg==@base.apk@classes.vdex does not exist.
09-17 13:33:58.687  3645  3785 I artd    : GetBestInfo checking odex next to the dex file (/data/app/~~F6FUD1ZnMGbTjJkj3UJt_w==/com.google.android.gms-v1onozUYKPoHoTyMDNpjTg==/oat/x86_64/base.odex)
09-17 13:33:58.687  3645  3785 I artd    : Loading /data/app/~~F6FUD1ZnMGbTjJkj3UJt_w==/com.google.android.gms-v1onozUYKPoHoTyMDNpjTg==/oat/x86_64/base.odex with executable: 0
09-17 13:33:58.716  3645  3785 I artd    : Successfully loaded /data/app/~~F6FUD1ZnMGbTjJkj3UJt_w==/com.google.android.gms-v1onozUYKPoHoTyMDNpjTg==/oat/x86_64/base.odex with executable: 0
09-17 13:33:58.716  3645  3785 I artd    : /data/app/~~F6FUD1ZnMGbTjJkj3UJt_w==/com.google.android.gms-v1onozUYKPoHoTyMDNpjTg==/oat/x86_64/base.odex is kOatUpToDate with filter speed-profile
09-17 13:33:58.717  3645  3785 I artd    : Dex parent of /data/app/~~F6FUD1ZnMGbTjJkj3UJt_w==/com.google.android.gms-v1onozUYKPoHoTyMDNpjTg==/split_CronetDynamite_installtime.apk is not writable: Permission denied
09-17 13:33:58.718  3645  3785 I artd    : GetBestInfo checking odex in dalvik-cache (/data/dalvik-cache/x86_64/data@app@~~F6FUD1ZnMGbTjJkj3UJt_w==@com.google.android.gms-v1onozUYKPoHoTyMDNpjTg==@split_CronetDynamite_installtime.apk@classes.dex)
09-17 13:33:58.718  3645  3785 I artd    : Loading /data/dalvik-cache/x86_64/data@app@~~F6FUD1ZnMGbTjJkj3UJt_w==@com.google.android.gms-v1onozUYKPoHoTyMDNpjTg==@split_CronetDynamite_installtime.apk@classes.dex with executable: 0
09-17 13:33:58.718  3645  3785 I artd    : OatFileAssistant test for existing oat file /data/dalvik-cache/x86_64/data@app@~~F6FUD1ZnMGbTjJkj3UJt_w==@com.google.android.gms-v1onozUYKPoHoTyMDNpjTg==@split_CronetDynamite_installtime.apk@classes.dex: File /data/dalvik-cache/x86_64/data@app@~~F6FUD1ZnMGbTjJkj3UJt_w==@com.google.android.gms-v1onozUYKPoHoTyMDNpjTg==@split_CronetDynamite_installtime.apk@classes.vdex does not exist.
09-17 13:33:58.718  3645  3785 I artd    : GetBestInfo checking odex next to the dex file (/data/app/~~F6FUD1ZnMGbTjJkj3UJt_w==/com.google.android.gms-v1onozUYKPoHoTyMDNpjTg==/oat/x86_64/split_CronetDynamite_installtime.odex)
09-17 13:33:58.718  3645  3785 I artd    : Loading /data/app/~~F6FUD1ZnMGbTjJkj3UJt_w==/com.google.android.gms-v1onozUYKPoHoTyMDNpjTg==/oat/x86_64/split_CronetDynamite_installtime.odex with executable: 0
09-17 13:33:58.721  3645  3785 I artd    : Successfully loaded /data/app/~~F6FUD1ZnMGbTjJkj3UJt_w==/com.google.android.gms-v1onozUYKPoHoTyMDNpjTg==/oat/x86_64/split_CronetDynamite_installtime.odex with executable: 0
09-17 13:33:58.721  3645  3785 I artd    : /data/app/~~F6FUD1ZnMGbTjJkj3UJt_w==/com.google.android.gms-v1onozUYKPoHoTyMDNpjTg==/oat/x86_64/split_CronetDynamite_installtime.odex is kOatUpToDate with filter speed
09-17 13:33:58.723  3645  3785 I artd    : Dex parent of /data/app/~~F6FUD1ZnMGbTjJkj3UJt_w==/com.google.android.gms-v1onozUYKPoHoTyMDNpjTg==/split_DynamiteModulesA_installtime.apk is not writable: Permission denied
09-17 13:33:58.724  3645  3785 I artd    : GetBestInfo checking odex in dalvik-cache (/data/dalvik-cache/x86_64/data@app@~~F6FUD1ZnMGbTjJkj3UJt_w==@com.google.android.gms-v1onozUYKPoHoTyMDNpjTg==@split_DynamiteModulesA_installtime.apk@classes.dex)
09-17 13:33:58.724  3645  3785 I artd    : Loading /data/dalvik-cache/x86_64/data@app@~~F6FUD1ZnMGbTjJkj3UJt_w==@com.google.android.gms-v1onozUYKPoHoTyMDNpjTg==@split_DynamiteModulesA_installtime.apk@classes.dex with executable: 0
09-17 13:33:58.724  3645  3785 I artd    : OatFileAssistant test for existing oat file /data/dalvik-cache/x86_64/data@app@~~F6FUD1ZnMGbTjJkj3UJt_w==@com.google.android.gms-v1onozUYKPoHoTyMDNpjTg==@split_DynamiteModulesA_installtime.apk@classes.dex: File /data/dalvik-cache/x86_64/data@app@~~F6FUD1ZnMGbTjJkj3UJt_w==@com.google.android.gms-v1onozUYKPoHoTyMDNpjTg==@split_DynamiteModulesA_installtime.apk@classes.vdex does not exist.
09-17 13:33:58.724  3645  3785 I artd    : GetBestInfo checking odex next to the dex file (/data/app/~~F6FUD1ZnMGbTjJkj3UJt_w==/com.google.android.gms-v1onozUYKPoHoTyMDNpjTg==/oat/x86_64/split_DynamiteModulesA_installtime.odex)
09-17 13:33:58.724  3645  3785 I artd    : Loading /data/app/~~F6FUD1ZnMGbTjJkj3UJt_w==/com.google.android.gms-v1onozUYKPoHoTyMDNpjTg==/oat/x86_64/split_DynamiteModulesA_installtime.odex with executable: 0
09-17 13:33:58.730   587   748 D InetDiagMessage: Destroyed 0 sockets, proto=IPPROTO_TCP, family=AF_INET, states=14
09-17 13:33:58.730   587   748 D InetDiagMessage: Destroyed 0 sockets, proto=IPPROTO_TCP, family=AF_INET6, states=14
09-17 13:33:58.730   587   748 D InetDiagMessage: Destroyed live tcp sockets for uids={10149} in 1ms
09-17 13:33:58.730   587   748 D InetDiagMessage: Destroyed 0 sockets, proto=IPPROTO_TCP, family=AF_INET, states=14
09-17 13:33:58.731   587   748 D InetDiagMessage: Destroyed 0 sockets, proto=IPPROTO_TCP, family=AF_INET6, states=14
09-17 13:33:58.731   587   748 D InetDiagMessage: Destroyed live tcp sockets for uids={20149} in 1ms
09-17 13:33:58.733  3645  3785 I artd    : Successfully loaded /data/app/~~F6FUD1ZnMGbTjJkj3UJt_w==/com.google.android.gms-v1onozUYKPoHoTyMDNpjTg==/oat/x86_64/split_DynamiteModulesA_installtime.odex with executable: 0
09-17 13:33:58.734  3645  3785 I artd    : /data/app/~~F6FUD1ZnMGbTjJkj3UJt_w==/com.google.android.gms-v1onozUYKPoHoTyMDNpjTg==/oat/x86_64/split_DynamiteModulesA_installtime.odex is kOatUpToDate with filter speed
09-17 13:33:58.735  3645  3785 I artd    : Dex parent of /data/app/~~F6FUD1ZnMGbTjJkj3UJt_w==/com.google.android.gms-v1onozUYKPoHoTyMDNpjTg==/split_DynamiteModulesC_installtime.apk is not writable: Permission denied
09-17 13:33:58.735  3645  3785 I artd    : GetBestInfo checking odex in dalvik-cache (/data/dalvik-cache/x86_64/data@app@~~F6FUD1ZnMGbTjJkj3UJt_w==@com.google.android.gms-v1onozUYKPoHoTyMDNpjTg==@split_DynamiteModulesC_installtime.apk@classes.dex)
09-17 13:33:58.735  3645  3785 I artd    : Loading /data/dalvik-cache/x86_64/data@app@~~F6FUD1ZnMGbTjJkj3UJt_w==@com.google.android.gms-v1onozUYKPoHoTyMDNpjTg==@split_DynamiteModulesC_installtime.apk@classes.dex with executable: 0
09-17 13:33:58.735  3645  3785 I artd    : OatFileAssistant test for existing oat file /data/dalvik-cache/x86_64/data@app@~~F6FUD1ZnMGbTjJkj3UJt_w==@com.google.android.gms-v1onozUYKPoHoTyMDNpjTg==@split_DynamiteModulesC_installtime.apk@classes.dex: File /data/dalvik-cache/x86_64/data@app@~~F6FUD1ZnMGbTjJkj3UJt_w==@com.google.android.gms-v1onozUYKPoHoTyMDNpjTg==@split_DynamiteModulesC_installtime.apk@classes.vdex does not exist.
09-17 13:33:58.735  3645  3785 I artd    : GetBestInfo checking odex next to the dex file (/data/app/~~F6FUD1ZnMGbTjJkj3UJt_w==/com.google.android.gms-v1onozUYKPoHoTyMDNpjTg==/oat/x86_64/split_DynamiteModulesC_installtime.odex)
09-17 13:33:58.735  3645  3785 I artd    : Loading /data/app/~~F6FUD1ZnMGbTjJkj3UJt_w==/com.google.android.gms-v1onozUYKPoHoTyMDNpjTg==/oat/x86_64/split_DynamiteModulesC_installtime.odex with executable: 0
09-17 13:33:58.741  3645  3785 I artd    : Successfully loaded /data/app/~~F6FUD1ZnMGbTjJkj3UJt_w==/com.google.android.gms-v1onozUYKPoHoTyMDNpjTg==/oat/x86_64/split_DynamiteModulesC_installtime.odex with executable: 0
09-17 13:33:58.742  3645  3785 I artd    : /data/app/~~F6FUD1ZnMGbTjJkj3UJt_w==/com.google.android.gms-v1onozUYKPoHoTyMDNpjTg==/oat/x86_64/split_DynamiteModulesC_installtime.odex is kOatUpToDate with filter speed
09-17 13:33:58.743  3645  3785 I artd    : Dex parent of /data/app/~~F6FUD1ZnMGbTjJkj3UJt_w==/com.google.android.gms-v1onozUYKPoHoTyMDNpjTg==/split_GoogleCertificates_installtime.apk is not writable: Permission denied
09-17 13:33:58.743  3645  3785 I artd    : GetBestInfo checking odex in dalvik-cache (/data/dalvik-cache/x86_64/data@app@~~F6FUD1ZnMGbTjJkj3UJt_w==@com.google.android.gms-v1onozUYKPoHoTyMDNpjTg==@split_GoogleCertificates_installtime.apk@classes.dex)
09-17 13:33:58.743  3645  3785 I artd    : Loading /data/dalvik-cache/x86_64/data@app@~~F6FUD1ZnMGbTjJkj3UJt_w==@com.google.android.gms-v1onozUYKPoHoTyMDNpjTg==@split_GoogleCertificates_installtime.apk@classes.dex with executable: 0
09-17 13:33:58.743  3645  3785 I artd    : OatFileAssistant test for existing oat file /data/dalvik-cache/x86_64/data@app@~~F6FUD1ZnMGbTjJkj3UJt_w==@com.google.android.gms-v1onozUYKPoHoTyMDNpjTg==@split_GoogleCertificates_installtime.apk@classes.dex: File /data/dalvik-cache/x86_64/data@app@~~F6FUD1ZnMGbTjJkj3UJt_w==@com.google.android.gms-v1onozUYKPoHoTyMDNpjTg==@split_GoogleCertificates_installtime.apk@classes.vdex does not exist.
09-17 13:33:58.743  3645  3785 I artd    : GetBestInfo checking odex next to the dex file (/data/app/~~F6FUD1ZnMGbTjJkj3UJt_w==/com.google.android.gms-v1onozUYKPoHoTyMDNpjTg==/oat/x86_64/split_GoogleCertificates_installtime.odex)
09-17 13:33:58.743  3645  3785 I artd    : Loading /data/app/~~F6FUD1ZnMGbTjJkj3UJt_w==/com.google.android.gms-v1onozUYKPoHoTyMDNpjTg==/oat/x86_64/split_GoogleCertificates_installtime.odex with executable: 0
09-17 13:33:58.746  3645  3785 I artd    : Successfully loaded /data/app/~~F6FUD1ZnMGbTjJkj3UJt_w==/com.google.android.gms-v1onozUYKPoHoTyMDNpjTg==/oat/x86_64/split_GoogleCertificates_installtime.odex with executable: 0
09-17 13:33:58.747  3645  3785 I artd    : /data/app/~~F6FUD1ZnMGbTjJkj3UJt_w==/com.google.android.gms-v1onozUYKPoHoTyMDNpjTg==/oat/x86_64/split_GoogleCertificates_installtime.odex is kOatUpToDate with filter speed
09-17 13:33:58.748  3645  3785 I artd    : Dex parent of /data/app/~~F6FUD1ZnMGbTjJkj3UJt_w==/com.google.android.gms-v1onozUYKPoHoTyMDNpjTg==/split_MapsDynamite_installtime.apk is not writable: Permission denied
09-17 13:33:58.748  3645  3785 I artd    : GetBestInfo checking odex in dalvik-cache (/data/dalvik-cache/x86_64/data@app@~~F6FUD1ZnMGbTjJkj3UJt_w==@com.google.android.gms-v1onozUYKPoHoTyMDNpjTg==@split_MapsDynamite_installtime.apk@classes.dex)
09-17 13:33:58.748  3645  3785 I artd    : Loading /data/dalvik-cache/x86_64/data@app@~~F6FUD1ZnMGbTjJkj3UJt_w==@com.google.android.gms-v1onozUYKPoHoTyMDNpjTg==@split_MapsDynamite_installtime.apk@classes.dex with executable: 0
09-17 13:33:58.748  3645  3785 I artd    : OatFileAssistant test for existing oat file /data/dalvik-cache/x86_64/data@app@~~F6FUD1ZnMGbTjJkj3UJt_w==@com.google.android.gms-v1onozUYKPoHoTyMDNpjTg==@split_MapsDynamite_installtime.apk@classes.dex: File /data/dalvik-cache/x86_64/data@app@~~F6FUD1ZnMGbTjJkj3UJt_w==@com.google.android.gms-v1onozUYKPoHoTyMDNpjTg==@split_MapsDynamite_installtime.apk@classes.vdex does not exist.
09-17 13:33:58.748  3645  3785 I artd    : GetBestInfo checking odex next to the dex file (/data/app/~~F6FUD1ZnMGbTjJkj3UJt_w==/com.google.android.gms-v1onozUYKPoHoTyMDNpjTg==/oat/x86_64/split_MapsDynamite_installtime.odex)
09-17 13:33:58.748  3645  3785 I artd    : Loading /data/app/~~F6FUD1ZnMGbTjJkj3UJt_w==/com.google.android.gms-v1onozUYKPoHoTyMDNpjTg==/oat/x86_64/split_MapsDynamite_installtime.odex with executable: 0
09-17 13:33:58.757  3645  3785 I artd    : Successfully loaded /data/app/~~F6FUD1ZnMGbTjJkj3UJt_w==/com.google.android.gms-v1onozUYKPoHoTyMDNpjTg==/oat/x86_64/split_MapsDynamite_installtime.odex with executable: 0
09-17 13:33:58.757  3645  3785 I artd    : /data/app/~~F6FUD1ZnMGbTjJkj3UJt_w==/com.google.android.gms-v1onozUYKPoHoTyMDNpjTg==/oat/x86_64/split_MapsDynamite_installtime.odex is kOatUpToDate with filter speed
09-17 13:33:58.758  3645  3785 I artd    : Dex parent of /data/app/~~F6FUD1ZnMGbTjJkj3UJt_w==/com.google.android.gms-v1onozUYKPoHoTyMDNpjTg==/split_MeasurementDynamite_installtime.apk is not writable: Permission denied
09-17 13:33:58.758  3645  3785 I artd    : GetBestInfo checking odex in dalvik-cache (/data/dalvik-cache/x86_64/data@app@~~F6FUD1ZnMGbTjJkj3UJt_w==@com.google.android.gms-v1onozUYKPoHoTyMDNpjTg==@split_MeasurementDynamite_installtime.apk@classes.dex)
09-17 13:33:58.758  3645  3785 I artd    : Loading /data/dalvik-cache/x86_64/data@app@~~F6FUD1ZnMGbTjJkj3UJt_w==@com.google.android.gms-v1onozUYKPoHoTyMDNpjTg==@split_MeasurementDynamite_installtime.apk@classes.dex with executable: 0
09-17 13:33:58.758  3645  3785 I artd    : OatFileAssistant test for existing oat file /data/dalvik-cache/x86_64/data@app@~~F6FUD1ZnMGbTjJkj3UJt_w==@com.google.android.gms-v1onozUYKPoHoTyMDNpjTg==@split_MeasurementDynamite_installtime.apk@classes.dex: File /data/dalvik-cache/x86_64/data@app@~~F6FUD1ZnMGbTjJkj3UJt_w==@com.google.android.gms-v1onozUYKPoHoTyMDNpjTg==@split_MeasurementDynamite_installtime.apk@classes.vdex does not exist.
09-17 13:33:58.758  3645  3785 I artd    : GetBestInfo checking odex next to the dex file (/data/app/~~F6FUD1ZnMGbTjJkj3UJt_w==/com.google.android.gms-v1onozUYKPoHoTyMDNpjTg==/oat/x86_64/split_MeasurementDynamite_installtime.odex)
09-17 13:33:58.758  3645  3785 I artd    : Loading /data/app/~~F6FUD1ZnMGbTjJkj3UJt_w==/com.google.android.gms-v1onozUYKPoHoTyMDNpjTg==/oat/x86_64/split_MeasurementDynamite_installtime.odex with executable: 0
09-17 13:33:58.770  3645  3785 I artd    : Successfully loaded /data/app/~~F6FUD1ZnMGbTjJkj3UJt_w==/com.google.android.gms-v1onozUYKPoHoTyMDNpjTg==/oat/x86_64/split_MeasurementDynamite_installtime.odex with executable: 0
09-17 13:33:58.770  3645  3785 I artd    : /data/app/~~F6FUD1ZnMGbTjJkj3UJt_w==/com.google.android.gms-v1onozUYKPoHoTyMDNpjTg==/oat/x86_64/split_MeasurementDynamite_installtime.odex is kOatUpToDate with filter speed
09-17 13:33:58.771  3645  3785 I artd    : Dex parent of /data/app/~~F6FUD1ZnMGbTjJkj3UJt_w==/com.google.android.gms-v1onozUYKPoHoTyMDNpjTg==/split_all_locale_splits.apk is not writable: Permission denied
09-17 13:33:58.771  3645  3785 I artd    : GetBestInfo checking odex in dalvik-cache (/data/dalvik-cache/x86_64/data@app@~~F6FUD1ZnMGbTjJkj3UJt_w==@com.google.android.gms-v1onozUYKPoHoTyMDNpjTg==@split_all_locale_splits.apk@classes.dex)
09-17 13:33:58.771  3645  3785 I artd    : Loading /data/dalvik-cache/x86_64/data@app@~~F6FUD1ZnMGbTjJkj3UJt_w==@com.google.android.gms-v1onozUYKPoHoTyMDNpjTg==@split_all_locale_splits.apk@classes.dex with executable: 0
09-17 13:33:58.771  3645  3785 I artd    : OatFileAssistant test for existing oat file /data/dalvik-cache/x86_64/data@app@~~F6FUD1ZnMGbTjJkj3UJt_w==@com.google.android.gms-v1onozUYKPoHoTyMDNpjTg==@split_all_locale_splits.apk@classes.dex: File /data/dalvik-cache/x86_64/data@app@~~F6FUD1ZnMGbTjJkj3UJt_w==@com.google.android.gms-v1onozUYKPoHoTyMDNpjTg==@split_all_locale_splits.apk@classes.vdex does not exist.
09-17 13:33:58.771  3645  3785 I artd    : GetBestInfo checking odex next to the dex file (/data/app/~~F6FUD1ZnMGbTjJkj3UJt_w==/com.google.android.gms-v1onozUYKPoHoTyMDNpjTg==/oat/x86_64/split_all_locale_splits.odex)
09-17 13:33:58.771  3645  3785 I artd    : Loading /data/app/~~F6FUD1ZnMGbTjJkj3UJt_w==/com.google.android.gms-v1onozUYKPoHoTyMDNpjTg==/oat/x86_64/split_all_locale_splits.odex with executable: 0
09-17 13:33:58.775  3645  3785 I artd    : Successfully loaded /data/app/~~F6FUD1ZnMGbTjJkj3UJt_w==/com.google.android.gms-v1onozUYKPoHoTyMDNpjTg==/oat/x86_64/split_all_locale_splits.odex with executable: 0
09-17 13:33:58.775  3645  3785 I artd    : /data/app/~~F6FUD1ZnMGbTjJkj3UJt_w==/com.google.android.gms-v1onozUYKPoHoTyMDNpjTg==/oat/x86_64/split_all_locale_splits.odex is kOatUpToDate with filter speed
09-17 13:33:58.782  3645  3785 I artd    : Dex parent of /data/user_de/0/com.google.android.gms/app_chimera/m/00000008/dl-Antifingerprinting.optional_242335100000.apk is not writable: Permission denied
09-17 13:33:58.782  3645  3785 I artd    : GetBestInfo checking odex in dalvik-cache (/data/dalvik-cache/x86_64/data@user_de@0@com.google.android.gms@app_chimera@m@00000008@dl-Antifingerprinting.optional_242335100000.apk@classes.dex)
09-17 13:33:58.782  3645  3785 I artd    : Loading /data/dalvik-cache/x86_64/data@user_de@0@com.google.android.gms@app_chimera@m@00000008@dl-Antifingerprinting.optional_242335100000.apk@classes.dex with executable: 0
09-17 13:33:58.782  3645  3785 I artd    : OatFileAssistant test for existing oat file /data/dalvik-cache/x86_64/data@user_de@0@com.google.android.gms@app_chimera@m@00000008@dl-Antifingerprinting.optional_242335100000.apk@classes.dex: File /data/dalvik-cache/x86_64/data@user_de@0@com.google.android.gms@app_chimera@m@00000008@dl-Antifingerprinting.optional_242335100000.apk@classes.vdex does not exist.
09-17 13:33:58.782  3645  3785 I artd    : GetBestInfo checking odex next to the dex file (/data/user_de/0/com.google.android.gms/app_chimera/m/00000008/oat/x86_64/dl-Antifingerprinting.optional_242335100000.odex)
09-17 13:33:58.782  3645  3785 I artd    : Loading /data/user_de/0/com.google.android.gms/app_chimera/m/00000008/oat/x86_64/dl-Antifingerprinting.optional_242335100000.odex with executable: 0
09-17 13:33:58.783  3645  3785 I artd    : OatFileAssistant test for existing oat file /data/user_de/0/com.google.android.gms/app_chimera/m/00000008/oat/x86_64/dl-Antifingerprinting.optional_242335100000.odex: File /data/user_de/0/com.google.android.gms/app_chimera/m/00000008/oat/x86_64/dl-Antifingerprinting.optional_242335100000.vdex does not exist.
09-17 13:33:58.783  3645  3785 I artd    : GetBestInfo checking vdex in dalvik-cache (/data/dalvik-cache/x86_64/data@user_de@0@com.google.android.gms@app_chimera@m@00000008@dl-Antifingerprinting.optional_242335100000.apk@classes.vdex)
09-17 13:33:58.783  3645  3785 I artd    : unable to open vdex file /data/dalvik-cache/x86_64/data@user_de@0@com.google.android.gms@app_chimera@m@00000008@dl-Antifingerprinting.optional_242335100000.apk@classes.vdex: File /data/dalvik-cache/x86_64/data@user_de@0@com.google.android.gms@app_chimera@m@00000008@dl-Antifingerprinting.optional_242335100000.apk@classes.vdex does not exist.
09-17 13:33:58.783  3645  3785 I artd    : OatFileAssistant test for existing oat file /data/dalvik-cache/x86_64/data@user_de@0@com.google.android.gms@app_chimera@m@00000008@dl-Antifingerprinting.optional_242335100000.apk@classes.vdex: File /data/dalvik-cache/x86_64/data@user_de@0@com.google.android.gms@app_chimera@m@00000008@dl-Antifingerprinting.optional_242335100000.apk@classes.vdex does not exist.
09-17 13:33:58.783  3645  3785 I artd    : GetBestInfo checking vdex next to the dex file (/data/user_de/0/com.google.android.gms/app_chimera/m/00000008/oat/x86_64/dl-Antifingerprinting.optional_242335100000.vdex)
09-17 13:33:58.783  3645  3785 I artd    : unable to open vdex file /data/user_de/0/com.google.android.gms/app_chimera/m/00000008/oat/x86_64/dl-Antifingerprinting.optional_242335100000.vdex: File /data/user_de/0/com.google.android.gms/app_chimera/m/00000008/oat/x86_64/dl-Antifingerprinting.optional_242335100000.vdex does not exist.
09-17 13:33:58.783  3645  3785 I artd    : OatFileAssistant test for existing oat file /data/user_de/0/com.google.android.gms/app_chimera/m/00000008/oat/x86_64/dl-Antifingerprinting.optional_242335100000.vdex: File /data/user_de/0/com.google.android.gms/app_chimera/m/00000008/oat/x86_64/dl-Antifingerprinting.optional_242335100000.vdex does not exist.
09-17 13:33:58.783  3645  3785 I artd    : GetBestInfo checking dm (/data/user_de/0/com.google.android.gms/app_chimera/m/00000008/dl-Antifingerprinting.optional_242335100000.dm)
09-17 13:33:58.783  3645  3785 W ziparchive: Unable to open '/data/user_de/0/com.google.android.gms/app_chimera/m/00000008/dl-Antifingerprinting.optional_242335100000.dm': No such file or directory
09-17 13:33:58.783  3645  3785 I artd    : OatFileAssistant test for existing oat file /data/user_de/0/com.google.android.gms/app_chimera/m/00000008/dl-Antifingerprinting.optional_242335100000.dm: I/O error
09-17 13:33:58.783  3645  3785 I artd    : GetBestInfo checking dm (/data/user_de/0/com.google.android.gms/app_chimera/m/00000008/dl-Antifingerprinting.optional_242335100000.dm)
09-17 13:33:58.783  3645  3785 W ziparchive: Unable to open '/data/user_de/0/com.google.android.gms/app_chimera/m/00000008/dl-Antifingerprinting.optional_242335100000.dm': No such file or directory
09-17 13:33:58.783  3645  3785 I artd    : OatFileAssistant test for existing oat file /data/user_de/0/com.google.android.gms/app_chimera/m/00000008/dl-Antifingerprinting.optional_242335100000.dm: I/O error
09-17 13:33:58.783  3645  3785 I artd    : GetBestInfo no usable artifacts
09-17 13:33:58.785  3645  3785 I artd    : Dex parent of /data/user_de/0/com.google.android.gms/app_chimera/m/00000002/DynamiteLoader.uncompressed.apk is not writable: No such file or directory
09-17 13:33:58.785  3645  3785 I artd    : GetBestInfo checking odex in dalvik-cache (/data/dalvik-cache/x86_64/data@user_de@0@com.google.android.gms@app_chimera@m@00000002@DynamiteLoader.uncompressed.apk@classes.dex)
09-17 13:33:58.785  3645  3785 I artd    : Loading /data/dalvik-cache/x86_64/data@user_de@0@com.google.android.gms@app_chimera@m@00000002@DynamiteLoader.uncompressed.apk@classes.dex with executable: 0
09-17 13:33:58.785  3645  3785 I artd    : OatFileAssistant test for existing oat file /data/dalvik-cache/x86_64/data@user_de@0@com.google.android.gms@app_chimera@m@00000002@DynamiteLoader.uncompressed.apk@classes.dex: File /data/dalvik-cache/x86_64/data@user_de@0@com.google.android.gms@app_chimera@m@00000002@DynamiteLoader.uncompressed.apk@classes.vdex does not exist.
09-17 13:33:58.785  3645  3785 I artd    : GetBestInfo checking odex next to the dex file (/data/user_de/0/com.google.android.gms/app_chimera/m/00000002/oat/x86_64/DynamiteLoader.uncompressed.odex)
09-17 13:33:58.785  3645  3785 I artd    : Loading /data/user_de/0/com.google.android.gms/app_chimera/m/00000002/oat/x86_64/DynamiteLoader.uncompressed.odex with executable: 0
09-17 13:33:58.785  3645  3785 I artd    : OatFileAssistant test for existing oat file /data/user_de/0/com.google.android.gms/app_chimera/m/00000002/oat/x86_64/DynamiteLoader.uncompressed.odex: File /data/user_de/0/com.google.android.gms/app_chimera/m/00000002/oat/x86_64/DynamiteLoader.uncompressed.vdex does not exist.
09-17 13:33:58.785  3645  3785 I artd    : GetBestInfo checking vdex in dalvik-cache (/data/dalvik-cache/x86_64/data@user_de@0@com.google.android.gms@app_chimera@m@00000002@DynamiteLoader.uncompressed.apk@classes.vdex)
09-17 13:33:58.785  3645  3785 I artd    : unable to open vdex file /data/dalvik-cache/x86_64/data@user_de@0@com.google.android.gms@app_chimera@m@00000002@DynamiteLoader.uncompressed.apk@classes.vdex: File /data/dalvik-cache/x86_64/data@user_de@0@com.google.android.gms@app_chimera@m@00000002@DynamiteLoader.uncompressed.apk@classes.vdex does not exist.
09-17 13:33:58.785  3645  3785 I artd    : OatFileAssistant test for existing oat file /data/dalvik-cache/x86_64/data@user_de@0@com.google.android.gms@app_chimera@m@00000002@DynamiteLoader.uncompressed.apk@classes.vdex: File /data/dalvik-cache/x86_64/data@user_de@0@com.google.android.gms@app_chimera@m@00000002@DynamiteLoader.uncompressed.apk@classes.vdex does not exist.
09-17 13:33:58.785  3645  3785 I artd    : GetBestInfo checking vdex next to the dex file (/data/user_de/0/com.google.android.gms/app_chimera/m/00000002/oat/x86_64/DynamiteLoader.uncompressed.vdex)
09-17 13:33:58.785  3645  3785 I artd    : unable to open vdex file /data/user_de/0/com.google.android.gms/app_chimera/m/00000002/oat/x86_64/DynamiteLoader.uncompressed.vdex: File /data/user_de/0/com.google.android.gms/app_chimera/m/00000002/oat/x86_64/DynamiteLoader.uncompressed.vdex does not exist.
09-17 13:33:58.785  3645  3785 I artd    : OatFileAssistant test for existing oat file /data/user_de/0/com.google.android.gms/app_chimera/m/00000002/oat/x86_64/DynamiteLoader.uncompressed.vdex: File /data/user_de/0/com.google.android.gms/app_chimera/m/00000002/oat/x86_64/DynamiteLoader.uncompressed.vdex does not exist.
09-17 13:33:58.785  3645  3785 I artd    : GetBestInfo checking dm (/data/user_de/0/com.google.android.gms/app_chimera/m/00000002/DynamiteLoader.uncompressed.dm)
09-17 13:33:58.785  3645  3785 W ziparchive: Unable to open '/data/user_de/0/com.google.android.gms/app_chimera/m/00000002/DynamiteLoader.uncompressed.dm': No such file or directory
09-17 13:33:58.785  3645  3785 I artd    : OatFileAssistant test for existing oat file /data/user_de/0/com.google.android.gms/app_chimera/m/00000002/DynamiteLoader.uncompressed.dm: I/O error
09-17 13:33:58.785  3645  3785 I artd    : GetBestInfo checking dm (/data/user_de/0/com.google.android.gms/app_chimera/m/00000002/DynamiteLoader.uncompressed.dm)
09-17 13:33:58.785  3645  3785 W ziparchive: Unable to open '/data/user_de/0/com.google.android.gms/app_chimera/m/00000002/DynamiteLoader.uncompressed.dm': No such file or directory
09-17 13:33:58.785  3645  3785 I artd    : OatFileAssistant test for existing oat file /data/user_de/0/com.google.android.gms/app_chimera/m/00000002/DynamiteLoader.uncompressed.dm: I/O error
09-17 13:33:58.785  3645  3785 I artd    : GetBestInfo no usable artifacts
09-17 13:33:58.787  3645  3785 I artd    : Dex parent of /data/user/0/com.google.android.gms/app_dg_cache/DCEBE3EAA4E63BFB7BC928E6324958EDFA937918/the.apk is not writable: Permission denied
09-17 13:33:58.787  3645  3785 I artd    : GetBestInfo checking odex in dalvik-cache (/data/dalvik-cache/x86_64/data@user@0@com.google.android.gms@app_dg_cache@DCEBE3EAA4E63BFB7BC928E6324958EDFA937918@the.apk@classes.dex)
09-17 13:33:58.787  3645  3785 I artd    : Loading /data/dalvik-cache/x86_64/data@user@0@com.google.android.gms@app_dg_cache@DCEBE3EAA4E63BFB7BC928E6324958EDFA937918@the.apk@classes.dex with executable: 0
09-17 13:33:58.787  3645  3785 I artd    : OatFileAssistant test for existing oat file /data/dalvik-cache/x86_64/data@user@0@com.google.android.gms@app_dg_cache@DCEBE3EAA4E63BFB7BC928E6324958EDFA937918@the.apk@classes.dex: File /data/dalvik-cache/x86_64/data@user@0@com.google.android.gms@app_dg_cache@DCEBE3EAA4E63BFB7BC928E6324958EDFA937918@the.apk@classes.vdex does not exist.
09-17 13:33:58.787  3645  3785 I artd    : GetBestInfo checking odex next to the dex file (/data/user/0/com.google.android.gms/app_dg_cache/DCEBE3EAA4E63BFB7BC928E6324958EDFA937918/oat/x86_64/the.odex)
09-17 13:33:58.787  3645  3785 I artd    : Loading /data/user/0/com.google.android.gms/app_dg_cache/DCEBE3EAA4E63BFB7BC928E6324958EDFA937918/oat/x86_64/the.odex with executable: 0
09-17 13:33:58.788  3645  3785 I artd    : OatFileAssistant test for existing oat file /data/user/0/com.google.android.gms/app_dg_cache/DCEBE3EAA4E63BFB7BC928E6324958EDFA937918/oat/x86_64/the.odex: Failed to open oat filename for reading: No such file or directory
09-17 13:33:58.788  3645  3785 I artd    : GetBestInfo checking vdex in dalvik-cache (/data/dalvik-cache/x86_64/data@user@0@com.google.android.gms@app_dg_cache@DCEBE3EAA4E63BFB7BC928E6324958EDFA937918@the.apk@classes.vdex)
09-17 13:33:58.788  3645  3785 I artd    : unable to open vdex file /data/dalvik-cache/x86_64/data@user@0@com.google.android.gms@app_dg_cache@DCEBE3EAA4E63BFB7BC928E6324958EDFA937918@the.apk@classes.vdex: File /data/dalvik-cache/x86_64/data@user@0@com.google.android.gms@app_dg_cache@DCEBE3EAA4E63BFB7BC928E6324958EDFA937918@the.apk@classes.vdex does not exist.
09-17 13:33:58.788  3645  3785 I artd    : OatFileAssistant test for existing oat file /data/dalvik-cache/x86_64/data@user@0@com.google.android.gms@app_dg_cache@DCEBE3EAA4E63BFB7BC928E6324958EDFA937918@the.apk@classes.vdex: File /data/dalvik-cache/x86_64/data@user@0@com.google.android.gms@app_dg_cache@DCEBE3EAA4E63BFB7BC928E6324958EDFA937918@the.apk@classes.vdex does not exist.
09-17 13:33:58.788  3645  3785 I artd    : GetBestInfo checking vdex next to the dex file (/data/user/0/com.google.android.gms/app_dg_cache/DCEBE3EAA4E63BFB7BC928E6324958EDFA937918/oat/x86_64/the.vdex)
09-17 13:33:58.789  3645  3785 I artd    : Successfully loaded /data/user/0/com.google.android.gms/app_dg_cache/DCEBE3EAA4E63BFB7BC928E6324958EDFA937918/oat/x86_64/the.vdex with executable: 0
09-17 13:33:58.789  3645  3785 I artd    : Image checksum test skipped for vdex file /data/user/0/com.google.android.gms/app_dg_cache/DCEBE3EAA4E63BFB7BC928E6324958EDFA937918/oat/x86_64/the.vdex
09-17 13:33:58.789  3645  3785 I artd    : /data/user/0/com.google.android.gms/app_dg_cache/DCEBE3EAA4E63BFB7BC928E6324958EDFA937918/oat/x86_64/the.vdex is kOatUpToDate with filter verify
09-17 13:33:58.790  3645  3785 I artd    : Dex parent of /data/user_de/0/com.google.android.gms/app_chimera/m/00000010/dl-Antifingerprinting.optional_243433100000.apk is not writable: Permission denied
09-17 13:33:58.790  3645  3785 I artd    : GetBestInfo checking odex in dalvik-cache (/data/dalvik-cache/x86_64/data@user_de@0@com.google.android.gms@app_chimera@m@00000010@dl-Antifingerprinting.optional_243433100000.apk@classes.dex)
09-17 13:33:58.791  3645  3785 I artd    : Loading /data/dalvik-cache/x86_64/data@user_de@0@com.google.android.gms@app_chimera@m@00000010@dl-Antifingerprinting.optional_243433100000.apk@classes.dex with executable: 0
09-17 13:33:58.791  3645  3785 I artd    : OatFileAssistant test for existing oat file /data/dalvik-cache/x86_64/data@user_de@0@com.google.android.gms@app_chimera@m@00000010@dl-Antifingerprinting.optional_243433100000.apk@classes.dex: File /data/dalvik-cache/x86_64/data@user_de@0@com.google.android.gms@app_chimera@m@00000010@dl-Antifingerprinting.optional_243433100000.apk@classes.vdex does not exist.
09-17 13:33:58.791  3645  3785 I artd    : GetBestInfo checking odex next to the dex file (/data/user_de/0/com.google.android.gms/app_chimera/m/00000010/oat/x86_64/dl-Antifingerprinting.optional_243433100000.odex)
09-17 13:33:58.791  3645  3785 I artd    : Loading /data/user_de/0/com.google.android.gms/app_chimera/m/00000010/oat/x86_64/dl-Antifingerprinting.optional_243433100000.odex with executable: 0
09-17 13:33:58.791  3645  3785 I artd    : OatFileAssistant test for existing oat file /data/user_de/0/com.google.android.gms/app_chimera/m/00000010/oat/x86_64/dl-Antifingerprinting.optional_243433100000.odex: File /data/user_de/0/com.google.android.gms/app_chimera/m/00000010/oat/x86_64/dl-Antifingerprinting.optional_243433100000.vdex does not exist.
